#
# There is insufficient memory for the Java Runtime Environment to continue.
# Native memory allocation (malloc) failed to allocate 1805776 bytes. Error detail: Chunk::new
# Possible reasons:
#   The system is out of physical RAM or swap space
#   This process is running with CompressedOops enabled, and the Java Heap may be blocking the growth of the native heap
# Possible solutions:
#   Reduce memory load on the system
#   Increase physical memory or swap space
#   Check if swap backing store is full
#   Decrease Java heap size (-Xmx/-Xms)
#   Decrease number of Java threads
#   Decrease Java thread stack sizes (-Xss)
#   Set larger code cache with -XX:ReservedCodeCacheSize=
#   JVM is running with Unscaled Compressed Oops mode in which the Java heap is
#     placed in the first 4GB address space. The Java Heap base address is the
#     maximum limit for the native heap growth. Please use -XX:HeapBaseMinAddress
#     to set the Java Heap base and to place the Java Heap above 4GB virtual address.
# This output file may be truncated or incomplete.
#
#  Out of Memory Error (arena.cpp:168), pid=19240, tid=23112
#
# JRE version: OpenJDK Runtime Environment Temurin-21.0.10+7 (21.0.10+7) (build 21.0.10+7-LTS)
# Java VM: OpenJDK 64-Bit Server VM Temurin-21.0.10+7 (21.0.10+7-LTS, mixed mode, sharing, tiered, compressed oops, compressed class ptrs, parallel gc, windows-amd64)
# No core dump will be written. Minidumps are not enabled by default on client versions of Windows
#

---------------  S U M M A R Y ------------

Command Line: --add-modules=ALL-SYSTEM --add-opens=java.base/java.util=ALL-UNNAMED --add-opens=java.base/java.lang=ALL-UNNAMED --add-opens=java.base/sun.nio.fs=ALL-UNNAMED -Declipse.application=org.eclipse.jdt.ls.core.id1 -Dosgi.bundles.defaultStartLevel=4 -Declipse.product=org.eclipse.jdt.ls.core.product -Djava.import.generatesMetadataFilesAtProjectRoot=false -DDetectVMInstallationsJob.disabled=true -Dfile.encoding=utf8 -XX:+UseParallelGC -XX:GCTimeRatio=4 -XX:AdaptiveSizePolicyWeight=90 -Dsun.zip.disableMemoryMapping=true -Xmx2G -Xms100m -Xlog:disable -javaagent:c:\Users\ACER\.vscode\extensions\redhat.java-1.54.0-win32-x64\lombok\lombok-1.18.39-4050.jar -XX:+HeapDumpOnOutOfMemoryError -XX:HeapDumpPath=c:\Users\ACER\AppData\Roaming\Code\User\workspaceStorage\64e83e8dcee0c24a6ba3334dafce804d\redhat.java -Daether.dependencyCollector.impl=bf c:\Users\ACER\.vscode\extensions\redhat.java-1.54.0-win32-x64\server\plugins\org.eclipse.equinox.launcher_1.7.100.v20251111-0406.jar -configuration c:\Users\ACER\AppData\Roaming\Code\User\globalStorage\redhat.java\1.54.0\config_win -data c:\Users\ACER\AppData\Roaming\Code\User\workspaceStorage\64e83e8dcee0c24a6ba3334dafce804d\redhat.java\jdt_ws --pipe=\\.\pipe\lsp-34db5a9f72455b4048a244a104ab4b02-sock

Host: 11th Gen Intel(R) Core(TM) i5-11400H @ 2.70GHz, 12 cores, 15G,  Windows 11 , 64 bit Build 26100 (10.0.26100.8328)
Time: Thu May  7 16:25:10 2026 SE Asia Standard Time elapsed time: 21.640753 seconds (0d 0h 0m 21s)

---------------  T H R E A D  ---------------

Current thread (0x0000025f5c95f6d0):  JavaThread "C2 CompilerThread2" daemon [_thread_in_native, id=23112, stack(0x000000db7fd00000,0x000000db7fe00000) (1024K)]


Current CompileTask:
C2:21640 14689   !   4       org.apache.maven.model.building.DefaultModelBuilder::importDependencyManagement (1104 bytes)

Stack: [0x000000db7fd00000,0x000000db7fe00000]
Native frames: (J=compiled Java code, j=interpreted, Vv=VM code, C=native code)
V  [jvm.dll+0x6d7a39]
V  [jvm.dll+0x8b4b26]
V  [jvm.dll+0x8b70de]
V  [jvm.dll+0x8b77c3]
V  [jvm.dll+0x284346]
V  [jvm.dll+0xc66ed]
V  [jvm.dll+0xc6c31]
V  [jvm.dll+0x3bec01]
V  [jvm.dll+0x38b162]
V  [jvm.dll+0x38a5aa]
V  [jvm.dll+0x24c560]
V  [jvm.dll+0x24bb40]
V  [jvm.dll+0x1cb34e]
V  [jvm.dll+0x25b85d]
V  [jvm.dll+0x259dea]
V  [jvm.dll+0x3f857e]
V  [jvm.dll+0x85f59d]
V  [jvm.dll+0x6d626d]
C  [ucrtbase.dll+0x37b0]
C  [KERNEL32.DLL+0x2e957]
C  [ntdll.dll+0x427c]


---------------  P R O C E S S  ---------------

Threads class SMR info:
_java_thread_list=0x0000025f54841240, length=79, elements={
0x0000025f71f6d000, 0x0000025f71f1e610, 0x0000025f72010ef0, 0x0000025f72014fa0,
0x0000025f72017a10, 0x0000025f7201b9e0, 0x0000025f72021330, 0x0000025f72023630,
0x0000025f72029690, 0x0000025f7ae70ba0, 0x0000025f7afaedf0, 0x0000025f547aa2a0,
0x0000025f54b48a50, 0x0000025f54b75a20, 0x0000025f547d9520, 0x0000025f54c20fd0,
0x0000025f54ff8dd0, 0x0000025f54e8ca70, 0x0000025f553527c0, 0x0000025f55353b70,
0x0000025f553534e0, 0x0000025f55351410, 0x0000025f555b27d0, 0x0000025f555b2e60,
0x0000025f555b34f0, 0x0000025f555b4210, 0x0000025f555b48a0, 0x0000025f555b1420,
0x0000025f555b4f30, 0x0000025f555b1ab0, 0x0000025f555b5c50, 0x0000025f555b6970,
0x0000025f555b7d20, 0x0000025f555b7000, 0x0000025f555b7690, 0x0000025f555b83b0,
0x0000025f555b8a40, 0x0000025f555b55c0, 0x0000025f555b62e0, 0x0000025f55021b70,
0x0000025f55024960, 0x0000025f55022890, 0x0000025f550235b0, 0x0000025f55022f20,
0x0000025f550242d0, 0x0000025f55025680, 0x0000025f55024ff0, 0x0000025f55022200,
0x0000025f55028470, 0x0000025f55025d10, 0x0000025f550263a0, 0x0000025f55028b00,
0x0000025f55026a30, 0x0000025f550270c0, 0x0000025f55027750, 0x0000025f55027de0,
0x0000025f58dbfc90, 0x0000025f58dbd530, 0x0000025f58dbdbc0, 0x0000025f58dbf600,
0x0000025f58dbe250, 0x0000025f58dbc810, 0x0000025f58dbcea0, 0x0000025f58dc09b0,
0x0000025f58dc16d0, 0x0000025f58dbef70, 0x0000025f58dc1040, 0x0000025f58dbe8e0,
0x0000025f58dc3110, 0x0000025f58dc23f0, 0x0000025f58dc2a80, 0x0000025f57b95ad0,
0x0000025f5c95f6d0, 0x0000025f5706b670, 0x0000025f5706d740, 0x0000025f5706bd00,
0x0000025f5706a2c0, 0x0000025f57070530, 0x0000025f5706eaf0
}

Java Threads: ( => current thread )
  0x0000025f71f6d000 JavaThread "main"                              [_thread_blocked, id=9252, stack(0x000000db7a200000,0x000000db7a300000) (1024K)]
  0x0000025f71f1e610 JavaThread "Reference Handler"          daemon [_thread_blocked, id=14028, stack(0x000000db7a600000,0x000000db7a700000) (1024K)]
  0x0000025f72010ef0 JavaThread "Finalizer"                  daemon [_thread_blocked, id=17660, stack(0x000000db7a700000,0x000000db7a800000) (1024K)]
  0x0000025f72014fa0 JavaThread "Signal Dispatcher"          daemon [_thread_blocked, id=18664, stack(0x000000db7a800000,0x000000db7a900000) (1024K)]
  0x0000025f72017a10 JavaThread "Attach Listener"            daemon [_thread_blocked, id=9920, stack(0x000000db7a900000,0x000000db7aa00000) (1024K)]
  0x0000025f7201b9e0 JavaThread "Service Thread"             daemon [_thread_blocked, id=7716, stack(0x000000db7aa00000,0x000000db7ab00000) (1024K)]
  0x0000025f72021330 JavaThread "Monitor Deflation Thread"   daemon [_thread_blocked, id=10252, stack(0x000000db7ab00000,0x000000db7ac00000) (1024K)]
  0x0000025f72023630 JavaThread "C2 CompilerThread0"         daemon [_thread_blocked, id=18644, stack(0x000000db7ac00000,0x000000db7ad00000) (1024K)]
  0x0000025f72029690 JavaThread "C1 CompilerThread0"         daemon [_thread_blocked, id=28584, stack(0x000000db7ad00000,0x000000db7ae00000) (1024K)]
  0x0000025f7ae70ba0 JavaThread "Common-Cleaner"             daemon [_thread_blocked, id=23116, stack(0x000000db7ae00000,0x000000db7af00000) (1024K)]
  0x0000025f7afaedf0 JavaThread "Notification Thread"        daemon [_thread_blocked, id=18548, stack(0x000000db7af00000,0x000000db7b000000) (1024K)]
  0x0000025f547aa2a0 JavaThread "Active Thread: Equinox Container: bb235077-c6cf-4272-a8c5-ecb80f165d23"        [_thread_blocked, id=23620, stack(0x000000db7b800000,0x000000db7b900000) (1024K)]
  0x0000025f54b48a50 JavaThread "Refresh Thread: Equinox Container: bb235077-c6cf-4272-a8c5-ecb80f165d23" daemon [_thread_blocked, id=28648, stack(0x000000db7ba00000,0x000000db7bb00000) (1024K)]
  0x0000025f54b75a20 JavaThread "Framework Event Dispatcher: Equinox Container: bb235077-c6cf-4272-a8c5-ecb80f165d23" daemon [_thread_blocked, id=14680, stack(0x000000db7bb00000,0x000000db7bc00000) (1024K)]
  0x0000025f547d9520 JavaThread "Start Level: Equinox Container: bb235077-c6cf-4272-a8c5-ecb80f165d23" daemon [_thread_blocked, id=26596, stack(0x000000db7bc00000,0x000000db7bd00000) (1024K)]
  0x0000025f54c20fd0 JavaThread "Bundle File Closer"         daemon [_thread_blocked, id=27880, stack(0x000000db7bf00000,0x000000db7c000000) (1024K)]
  0x0000025f54ff8dd0 JavaThread "SCR Component Actor"        daemon [_thread_blocked, id=15996, stack(0x000000db7b000000,0x000000db7b100000) (1024K)]
  0x0000025f54e8ca70 JavaThread "Worker-JM"                         [_thread_blocked, id=28632, stack(0x000000db7c100000,0x000000db7c200000) (1024K)]
  0x0000025f553527c0 JavaThread "JNA Cleaner"                daemon [_thread_blocked, id=27912, stack(0x000000db7c200000,0x000000db7c300000) (1024K)]
  0x0000025f55353b70 JavaThread "Worker-0"                          [_thread_blocked, id=21468, stack(0x000000db7c300000,0x000000db7c400000) (1024K)]
  0x0000025f553534e0 JavaThread "Worker-1: Building"                [_thread_blocked, id=26484, stack(0x000000db7c400000,0x000000db7c500000) (1024K)]
  0x0000025f55351410 JavaThread "Worker-2"                          [_thread_blocked, id=27996, stack(0x000000db7c500000,0x000000db7c600000) (1024K)]
  0x0000025f555b27d0 JavaThread "Java indexing"              daemon [_thread_blocked, id=28212, stack(0x000000db7c600000,0x000000db7c700000) (1024K)]
  0x0000025f555b2e60 JavaThread "Worker-3: Java indexing... "        [_thread_blocked, id=27936, stack(0x000000db7c700000,0x000000db7c800000) (1024K)]
  0x0000025f555b34f0 JavaThread "Worker-4"                          [_thread_blocked, id=27496, stack(0x000000db7c800000,0x000000db7c900000) (1024K)]
  0x0000025f555b4210 JavaThread "Worker-5"                          [_thread_blocked, id=25516, stack(0x000000db7cb00000,0x000000db7cc00000) (1024K)]
  0x0000025f555b48a0 JavaThread "Worker-6"                          [_thread_blocked, id=5100, stack(0x000000db7cc00000,0x000000db7cd00000) (1024K)]
  0x0000025f555b1420 JavaThread "Thread-1"                   daemon [_thread_in_native, id=15408, stack(0x000000db7cd00000,0x000000db7ce00000) (1024K)]
  0x0000025f555b4f30 JavaThread "Thread-2"                   daemon [_thread_in_native, id=27592, stack(0x000000db7ce00000,0x000000db7cf00000) (1024K)]
  0x0000025f555b1ab0 JavaThread "Thread-3"                   daemon [_thread_in_native, id=22428, stack(0x000000db7cf00000,0x000000db7d000000) (1024K)]
  0x0000025f555b5c50 JavaThread "Thread-4"                   daemon [_thread_in_native, id=27492, stack(0x000000db7d000000,0x000000db7d100000) (1024K)]
  0x0000025f555b6970 JavaThread "Thread-5"                   daemon [_thread_in_native, id=13228, stack(0x000000db7d100000,0x000000db7d200000) (1024K)]
  0x0000025f555b7d20 JavaThread "Thread-6"                   daemon [_thread_in_native, id=25020, stack(0x000000db7d200000,0x000000db7d300000) (1024K)]
  0x0000025f555b7000 JavaThread "Thread-7"                   daemon [_thread_in_native, id=25536, stack(0x000000db7d300000,0x000000db7d400000) (1024K)]
  0x0000025f555b7690 JavaThread "Thread-8"                   daemon [_thread_in_native, id=12436, stack(0x000000db7d400000,0x000000db7d500000) (1024K)]
  0x0000025f555b83b0 JavaThread "Thread-9"                   daemon [_thread_in_native, id=27908, stack(0x000000db7d500000,0x000000db7d600000) (1024K)]
  0x0000025f555b8a40 JavaThread "Thread-10"                  daemon [_thread_in_native, id=28548, stack(0x000000db7d600000,0x000000db7d700000) (1024K)]
  0x0000025f555b55c0 JavaThread "Thread-11"                  daemon [_thread_in_native, id=22636, stack(0x000000db7d700000,0x000000db7d800000) (1024K)]
  0x0000025f555b62e0 JavaThread "Thread-12"                  daemon [_thread_in_native, id=28596, stack(0x000000db7d800000,0x000000db7d900000) (1024K)]
  0x0000025f55021b70 JavaThread "Thread-13"                  daemon [_thread_in_native, id=4828, stack(0x000000db7d900000,0x000000db7da00000) (1024K)]
  0x0000025f55024960 JavaThread "pool-2-thread-1"                   [_thread_blocked, id=10624, stack(0x000000db7da00000,0x000000db7db00000) (1024K)]
  0x0000025f55022890 JavaThread "WorkspaceEventsHandler"            [_thread_blocked, id=27980, stack(0x000000db7db00000,0x000000db7dc00000) (1024K)]
  0x0000025f550235b0 JavaThread "pool-1-thread-1"                   [_thread_blocked, id=23788, stack(0x000000db7dc00000,0x000000db7dd00000) (1024K)]
  0x0000025f55022f20 JavaThread "Worker-7"                          [_thread_blocked, id=5820, stack(0x000000db7dd00000,0x000000db7de00000) (1024K)]
  0x0000025f550242d0 JavaThread "LocalFile Deleter"          daemon [_thread_blocked, id=28044, stack(0x000000db7de00000,0x000000db7df00000) (1024K)]
  0x0000025f55025680 JavaThread "LocalFile Deleter"          daemon [_thread_blocked, id=28048, stack(0x000000db7df00000,0x000000db7e000000) (1024K)]
  0x0000025f55024ff0 JavaThread "LocalFile Deleter"          daemon [_thread_blocked, id=28208, stack(0x000000db7e000000,0x000000db7e100000) (1024K)]
  0x0000025f55022200 JavaThread "LocalFile Deleter"          daemon [_thread_blocked, id=14164, stack(0x000000db7e100000,0x000000db7e200000) (1024K)]
  0x0000025f55028470 JavaThread "LocalFile Deleter"          daemon [_thread_blocked, id=21436, stack(0x000000db7e200000,0x000000db7e300000) (1024K)]
  0x0000025f55025d10 JavaThread "LocalFile Deleter"          daemon [_thread_blocked, id=28220, stack(0x000000db7e300000,0x000000db7e400000) (1024K)]
  0x0000025f550263a0 JavaThread "LocalFile Deleter"          daemon [_thread_blocked, id=27904, stack(0x000000db7e400000,0x000000db7e500000) (1024K)]
  0x0000025f55028b00 JavaThread "LocalFile Deleter"          daemon [_thread_blocked, id=25284, stack(0x000000db7e500000,0x000000db7e600000) (1024K)]
  0x0000025f55026a30 JavaThread "LocalFile Deleter"          daemon [_thread_blocked, id=21264, stack(0x000000db7e600000,0x000000db7e700000) (1024K)]
  0x0000025f550270c0 JavaThread "LocalFile Deleter"          daemon [_thread_blocked, id=21716, stack(0x000000db7e700000,0x000000db7e800000) (1024K)]
  0x0000025f55027750 JavaThread "LocalFile Deleter"          daemon [_thread_blocked, id=28244, stack(0x000000db7e800000,0x000000db7e900000) (1024K)]
  0x0000025f55027de0 JavaThread "LocalFile Deleter"          daemon [_thread_blocked, id=19684, stack(0x000000db7e900000,0x000000db7ea00000) (1024K)]
  0x0000025f58dbfc90 JavaThread "Compiler Source File Reader" daemon [_thread_blocked, id=26140, stack(0x000000db7ea00000,0x000000db7eb00000) (1024K)]
  0x0000025f58dbd530 JavaThread "Compiler Source File Reader" daemon [_thread_blocked, id=9504, stack(0x000000db7eb00000,0x000000db7ec00000) (1024K)]
  0x0000025f58dbdbc0 JavaThread "Compiler Source File Reader" daemon [_thread_blocked, id=4672, stack(0x000000db7ec00000,0x000000db7ed00000) (1024K)]
  0x0000025f58dbf600 JavaThread "Compiler Source File Reader" daemon [_thread_blocked, id=23564, stack(0x000000db7ed00000,0x000000db7ee00000) (1024K)]
  0x0000025f58dbe250 JavaThread "Compiler Source File Reader" daemon [_thread_blocked, id=15348, stack(0x000000db7ee00000,0x000000db7ef00000) (1024K)]
  0x0000025f58dbc810 JavaThread "Compiler Source File Reader" daemon [_thread_blocked, id=26512, stack(0x000000db7ef00000,0x000000db7f000000) (1024K)]
  0x0000025f58dbcea0 JavaThread "Compiler Source File Reader" daemon [_thread_blocked, id=27940, stack(0x000000db7f000000,0x000000db7f100000) (1024K)]
  0x0000025f58dc09b0 JavaThread "Compiler Processing Task"   daemon [_thread_blocked, id=22532, stack(0x000000db7f100000,0x000000db7f200000) (1024K)]
  0x0000025f58dc16d0 JavaThread "Compiler Class File Writer" daemon [_thread_blocked, id=24952, stack(0x000000db7f200000,0x000000db7f300000) (1024K)]
  0x0000025f58dbef70 JavaThread "Compiler Class File Writer" daemon [_thread_blocked, id=5452, stack(0x000000db7f300000,0x000000db7f400000) (1024K)]
  0x0000025f58dc1040 JavaThread "Compiler Class File Writer" daemon [_thread_blocked, id=23460, stack(0x000000db7f400000,0x000000db7f500000) (1024K)]
  0x0000025f58dbe8e0 JavaThread "Compiler Class File Writer" daemon [_thread_blocked, id=10896, stack(0x000000db7f500000,0x000000db7f600000) (1024K)]
  0x0000025f58dc3110 JavaThread "Compiler Class File Writer" daemon [_thread_blocked, id=6348, stack(0x000000db7f600000,0x000000db7f700000) (1024K)]
  0x0000025f58dc23f0 JavaThread "Compiler Class File Writer" daemon [_thread_blocked, id=24768, stack(0x000000db7f700000,0x000000db7f800000) (1024K)]
  0x0000025f58dc2a80 JavaThread "Compiler Class File Writer" daemon [_thread_blocked, id=28156, stack(0x000000db7f800000,0x000000db7f900000) (1024K)]
  0x0000025f57b95ad0 JavaThread "C2 CompilerThread1"         daemon [_thread_blocked, id=5156, stack(0x000000db7b100000,0x000000db7b200000) (1024K)]
=>0x0000025f5c95f6d0 JavaThread "C2 CompilerThread2"         daemon [_thread_in_native, id=23112, stack(0x000000db7fd00000,0x000000db7fe00000) (1024K)]
  0x0000025f5706b670 JavaThread "Compiler Source File Reader" daemon [_thread_blocked, id=25492, stack(0x000000db7c000000,0x000000db7c100000) (1024K)]
  0x0000025f5706d740 JavaThread "Compiler Source File Reader" daemon [_thread_blocked, id=2784, stack(0x000000db7f900000,0x000000db7fa00000) (1024K)]
  0x0000025f5706bd00 JavaThread "Compiler Source File Reader" daemon [_thread_blocked, id=18604, stack(0x000000db7fa00000,0x000000db7fb00000) (1024K)]
  0x0000025f5706a2c0 JavaThread "Compiler Class File Writer" daemon [_thread_blocked, id=19252, stack(0x000000db7fb00000,0x000000db7fc00000) (1024K)]
  0x0000025f57070530 JavaThread "Compiler Class File Writer" daemon [_thread_blocked, id=14352, stack(0x000000db7fc00000,0x000000db7fd00000) (1024K)]
  0x0000025f5706eaf0 JavaThread "Compiler Class File Writer" daemon [_thread_blocked, id=13544, stack(0x000000db7fe00000,0x000000db7ff00000) (1024K)]
Total: 79

Other Threads:
  0x0000025f7ac70d70 VMThread "VM Thread"                           [id=18572, stack(0x000000db7a500000,0x000000db7a600000) (1024K)]
  0x0000025f71fdb030 WatcherThread "VM Periodic Task Thread"        [id=10328, stack(0x000000db7a400000,0x000000db7a500000) (1024K)]
  0x0000025f71f8b420 WorkerThread "GC Thread#0"                     [id=16436, stack(0x000000db7a300000,0x000000db7a400000) (1024K)]
  0x0000025f54943850 WorkerThread "GC Thread#1"                     [id=13548, stack(0x000000db7b200000,0x000000db7b300000) (1024K)]
  0x0000025f54621dc0 WorkerThread "GC Thread#2"                     [id=10912, stack(0x000000db7b300000,0x000000db7b400000) (1024K)]
  0x0000025f54622170 WorkerThread "GC Thread#3"                     [id=9748, stack(0x000000db7b400000,0x000000db7b500000) (1024K)]
  0x0000025f54622520 WorkerThread "GC Thread#4"                     [id=3096, stack(0x000000db7b500000,0x000000db7b600000) (1024K)]
  0x0000025f546228d0 WorkerThread "GC Thread#5"                     [id=27916, stack(0x000000db7b600000,0x000000db7b700000) (1024K)]
  0x0000025f546f5f40 WorkerThread "GC Thread#6"                     [id=14392, stack(0x000000db7b700000,0x000000db7b800000) (1024K)]
  0x0000025f5491e180 WorkerThread "GC Thread#7"                     [id=27448, stack(0x000000db7b900000,0x000000db7ba00000) (1024K)]
  0x0000025f54cb59e0 WorkerThread "GC Thread#8"                     [id=27792, stack(0x000000db7bd00000,0x000000db7be00000) (1024K)]
  0x0000025f54dd1710 WorkerThread "GC Thread#9"                     [id=28656, stack(0x000000db7be00000,0x000000db7bf00000) (1024K)]
Total: 12

Threads with active compile tasks:
C2 CompilerThread1  21660 14714       4       org.codehaus.plexus.util.xml.pull.MXParser::joinPC (69 bytes)
C2 CompilerThread2  21660 14689   !   4       org.apache.maven.model.building.DefaultModelBuilder::importDependencyManagement (1104 bytes)
Total: 2

VM state: at safepoint (normal execution)

VM Mutex/Monitor currently owned by a thread:  ([mutex/lock_event])
[0x00007ff8a195e560] Threads_lock - owner thread: 0x0000025f7ac70d70
[0x00007ff8a195e660] Heap_lock - owner thread: 0x0000025f555b27d0

Heap address: 0x0000000080000000, size: 2048 MB, Compressed Oops mode: 32-bit

CDS archive(s) mapped at: [0x0000025f0f000000-0x0000025f0fba0000-0x0000025f0fba0000), size 12189696, SharedBaseAddress: 0x0000025f0f000000, ArchiveRelocationMode: 1.
Compressed class space mapped at: 0x0000025f10000000-0x0000025f50000000, reserved size: 1073741824
Narrow klass base: 0x0000025f0f000000, Narrow klass shift: 0, Narrow klass range: 0x100000000

GC Precious Log:
 CardTable entry size: 512
 CPUs: 12 total, 12 available
 Memory: 16163M
 Large Page Support: Disabled
 NUMA Support: Disabled
 Compressed Oops: Enabled (32-bit)
 Alignments: Space 512K, Generation 512K, Heap 2M
 Heap Min Capacity: 100M
 Heap Initial Capacity: 100M
 Heap Max Capacity: 2G
 Pre-touch: Disabled
 Parallel Workers: 10

Heap:
 PSYoungGen      total 4096K, used 4000K [0x00000000d5580000, 0x00000000d5a80000, 0x0000000100000000)
  eden space 3072K, 100% used [0x00000000d5580000,0x00000000d5880000,0x00000000d5880000)
  from space 1024K, 90% used [0x00000000d5980000,0x00000000d5a68000,0x00000000d5a80000)
  to   space 1024K, 56% used [0x00000000d5880000,0x00000000d5910000,0x00000000d5980000)
 ParOldGen       total 312832K, used 312740K [0x0000000080000000, 0x0000000093180000, 0x00000000d5580000)
  object space 312832K, 99% used [0x0000000080000000,0x00000000931692b8,0x0000000093180000)
 Metaspace       used 65151K, committed 66688K, reserved 1114112K
  class space    used 6660K, committed 7360K, reserved 1048576K

Card table byte_map: [0x0000025f71910000,0x0000025f71d20000] _byte_map_base: 0x0000025f71510000

Marking Bits: (ParMarkBitMap*) 0x00007ff8a1963450
 Begin Bits: [0x0000025f75420000, 0x0000025f77420000)
 End Bits:   [0x0000025f77420000, 0x0000025f79420000)

Polling page: 0x0000025f6fd90000

Metaspace:

Usage:
  Non-class:     57.12 MB used.
      Class:      6.50 MB used.
       Both:     63.62 MB used.

Virtual space:
  Non-class space:       64.00 MB reserved,      57.94 MB ( 91%) committed,  1 nodes.
      Class space:        1.00 GB reserved,       7.19 MB ( <1%) committed,  1 nodes.
             Both:        1.06 GB reserved,      65.12 MB (  6%) committed. 

Chunk freelists:
   Non-Class:  5.55 MB
       Class:  8.77 MB
        Both:  14.32 MB

MaxMetaspaceSize: unlimited
CompressedClassSpaceSize: 1.00 GB
Initial GC threshold: 21.00 MB
Current GC threshold: 98.12 MB
CDS: on
 - commit_granule_bytes: 65536.
 - commit_granule_words: 8192.
 - virtual_space_node_default_size: 8388608.
 - enlarge_chunks_in_place: 1.
 - use_allocation_guard: 0.


Internal statistics:

num_allocs_failed_limit: 13.
num_arena_births: 1300.
num_arena_deaths: 14.
num_vsnodes_births: 2.
num_vsnodes_deaths: 0.
num_space_committed: 1042.
num_space_uncommitted: 0.
num_chunks_returned_to_freelist: 27.
num_chunks_taken_from_freelist: 4497.
num_chunk_merges: 19.
num_chunk_splits: 2715.
num_chunks_enlarged: 1446.
num_inconsistent_stats: 0.

CodeHeap 'non-profiled nmethods': size=120000Kb used=10665Kb max_used=10665Kb free=109334Kb
 bounds [0x0000025f07ad0000, 0x0000025f08540000, 0x0000025f0f000000]
CodeHeap 'profiled nmethods': size=120000Kb used=32280Kb max_used=32280Kb free=87719Kb
 bounds [0x0000025f00000000, 0x0000025f01f90000, 0x0000025f07530000]
CodeHeap 'non-nmethods': size=5760Kb used=1443Kb max_used=1521Kb free=4316Kb
 bounds [0x0000025f07530000, 0x0000025f077a0000, 0x0000025f07ad0000]
CodeCache: size=245760Kb, used=44388Kb, max_used=44466Kb, free=201369Kb
 total_blobs=14463, nmethods=13721, adapters=647, full_count=0
Compilation: enabled, stopped_count=0, restarted_count=0

Compilation events (20 events):
Event: 21.472 Thread 0x0000025f72029690 14703       3       org.apache.maven.model.ActivationProperty::setLocation (156 bytes)
Event: 21.473 Thread 0x0000025f72029690 nmethod 14703 0x0000025f01f84410 code [0x0000025f01f846c0, 0x0000025f01f85600]
Event: 21.474 Thread 0x0000025f72023630 nmethod 14702 0x0000025f0852e910 code [0x0000025f0852eac0, 0x0000025f0852ed90]
Event: 21.499 Thread 0x0000025f72023630 14704       4       org.eclipse.aether.artifact.AbstractArtifact::toBaseVersion (92 bytes)
Event: 21.508 Thread 0x0000025f57b95ad0 14705       4       java.util.regex.Pattern::group0 (1098 bytes)
Event: 21.521 Thread 0x0000025f72023630 nmethod 14704 0x0000025f0852ef10 code [0x0000025f0852f160, 0x0000025f0852fc60]
Event: 21.522 Thread 0x0000025f72023630 14706 %     4       org.eclipse.jdt.internal.compiler.util.SimpleLookupTable::rehash @ 23 (86 bytes)
Event: 21.532 Thread 0x0000025f72023630 nmethod 14706% 0x0000025f08530390 code [0x0000025f085305c0, 0x0000025f08531048]
Event: 21.532 Thread 0x0000025f72023630 14707       4       org.eclipse.sisu.wire.EntrySetAdapter::iterator (12 bytes)
Event: 21.539 Thread 0x0000025f72023630 nmethod 14707 0x0000025f08531710 code [0x0000025f08531920, 0x0000025f085320f0]
Event: 21.568 Thread 0x0000025f72023630 14708       4       java.util.regex.Pattern::curly (66 bytes)
Event: 21.573 Thread 0x0000025f72023630 nmethod 14708 0x0000025f08532610 code [0x0000025f08532800, 0x0000025f08532c40]
Event: 21.573 Thread 0x0000025f72023630 14709       4       java.util.regex.Matcher::find (69 bytes)
Event: 21.576 Thread 0x0000025f72023630 nmethod 14709 0x0000025f08532f90 code [0x0000025f08533140, 0x0000025f08533398]
Event: 21.611 Thread 0x0000025f57b95ad0 nmethod 14705 0x0000025f08533590 code [0x0000025f08533c20, 0x0000025f08536da0]
Event: 21.630 Thread 0x0000025f72029690 14710       3       org.apache.maven.model.interpolation.StringVisitorModelInterpolator$ModelVisitor::visit (50 bytes)
Event: 21.630 Thread 0x0000025f72029690 nmethod 14710 0x0000025f01f85990 code [0x0000025f01f85b80, 0x0000025f01f85f60]
Event: 21.631 Thread 0x0000025f57b95ad0 14711       4       org.eclipse.aether.artifact.AbstractArtifact::setVersion (40 bytes)
Event: 21.634 Thread 0x0000025f57b95ad0 nmethod 14711 0x0000025f08539510 code [0x0000025f085396c0, 0x0000025f08539b20]
Event: 21.637 Thread 0x0000025f57b95ad0 14712       4       java.util.LinkedHashMap$LinkedValues::toArray (22 bytes)

GC Heap History (20 events):
Event: 21.464 GC heap before
{Heap before GC invocations=369 (full 3):
 PSYoungGen      total 3584K, used 3584K [0x00000000d5580000, 0x00000000d5a80000, 0x0000000100000000)
  eden space 3072K, 100% used [0x00000000d5580000,0x00000000d5880000,0x00000000d5880000)
  from space 512K, 100% used [0x00000000d5900000,0x00000000d5980000,0x00000000d5980000)
  to   space 1024K, 0% used [0x00000000d5980000,0x00000000d5980000,0x00000000d5a80000)
 ParOldGen       total 307712K, used 307704K [0x0000000080000000, 0x0000000092c80000, 0x00000000d5580000)
  object space 307712K, 99% used [0x0000000080000000,0x0000000092c7e328,0x0000000092c80000)
 Metaspace       used 65147K, committed 66688K, reserved 1114112K
  class space    used 6660K, committed 7360K, reserved 1048576K
}
Event: 21.465 GC heap after
{Heap after GC invocations=369 (full 3):
 PSYoungGen      total 4096K, used 530K [0x00000000d5580000, 0x00000000d5a80000, 0x0000000100000000)
  eden space 3072K, 0% used [0x00000000d5580000,0x00000000d5580000,0x00000000d5880000)
  from space 1024K, 51% used [0x00000000d5980000,0x00000000d5a048e8,0x00000000d5a80000)
  to   space 1024K, 0% used [0x00000000d5880000,0x00000000d5880000,0x00000000d5980000)
 ParOldGen       total 308224K, used 308041K [0x0000000080000000, 0x0000000092d00000, 0x00000000d5580000)
  object space 308224K, 99% used [0x0000000080000000,0x0000000092cd25c0,0x0000000092d00000)
 Metaspace       used 65147K, committed 66688K, reserved 1114112K
  class space    used 6660K, committed 7360K, reserved 1048576K
}
Event: 21.479 GC heap before
{Heap before GC invocations=370 (full 3):
 PSYoungGen      total 4096K, used 3602K [0x00000000d5580000, 0x00000000d5a80000, 0x0000000100000000)
  eden space 3072K, 100% used [0x00000000d5580000,0x00000000d5880000,0x00000000d5880000)
  from space 1024K, 51% used [0x00000000d5980000,0x00000000d5a048e8,0x00000000d5a80000)
  to   space 1024K, 0% used [0x00000000d5880000,0x00000000d5880000,0x00000000d5980000)
 ParOldGen       total 308224K, used 308041K [0x0000000080000000, 0x0000000092d00000, 0x00000000d5580000)
  object space 308224K, 99% used [0x0000000080000000,0x0000000092cd25c0,0x0000000092d00000)
 Metaspace       used 65149K, committed 66688K, reserved 1114112K
  class space    used 6660K, committed 7360K, reserved 1048576K
}
Event: 21.481 GC heap after
{Heap after GC invocations=370 (full 3):
 PSYoungGen      total 4096K, used 416K [0x00000000d5580000, 0x00000000d5a00000, 0x0000000100000000)
  eden space 3072K, 0% used [0x00000000d5580000,0x00000000d5580000,0x00000000d5880000)
  from space 1024K, 40% used [0x00000000d5880000,0x00000000d58e8000,0x00000000d5980000)
  to   space 512K, 0% used [0x00000000d5980000,0x00000000d5980000,0x00000000d5a00000)
 ParOldGen       total 308736K, used 308426K [0x0000000080000000, 0x0000000092d80000, 0x00000000d5580000)
  object space 308736K, 99% used [0x0000000080000000,0x0000000092d32ad0,0x0000000092d80000)
 Metaspace       used 65149K, committed 66688K, reserved 1114112K
  class space    used 6660K, committed 7360K, reserved 1048576K
}
Event: 21.497 GC heap before
{Heap before GC invocations=371 (full 3):
 PSYoungGen      total 4096K, used 3488K [0x00000000d5580000, 0x00000000d5a00000, 0x0000000100000000)
  eden space 3072K, 100% used [0x00000000d5580000,0x00000000d5880000,0x00000000d5880000)
  from space 1024K, 40% used [0x00000000d5880000,0x00000000d58e8000,0x00000000d5980000)
  to   space 512K, 0% used [0x00000000d5980000,0x00000000d5980000,0x00000000d5a00000)
 ParOldGen       total 308736K, used 308426K [0x0000000080000000, 0x0000000092d80000, 0x00000000d5580000)
  object space 308736K, 99% used [0x0000000080000000,0x0000000092d32ad0,0x0000000092d80000)
 Metaspace       used 65149K, committed 66688K, reserved 1114112K
  class space    used 6660K, committed 7360K, reserved 1048576K
}
Event: 21.498 GC heap after
{Heap after GC invocations=371 (full 3):
 PSYoungGen      total 3584K, used 480K [0x00000000d5580000, 0x00000000d5a00000, 0x0000000100000000)
  eden space 3072K, 0% used [0x00000000d5580000,0x00000000d5580000,0x00000000d5880000)
  from space 512K, 93% used [0x00000000d5980000,0x00000000d59f8000,0x00000000d5a00000)
  to   space 512K, 0% used [0x00000000d5900000,0x00000000d5900000,0x00000000d5980000)
 ParOldGen       total 308736K, used 308726K [0x0000000080000000, 0x0000000092d80000, 0x00000000d5580000)
  object space 308736K, 99% used [0x0000000080000000,0x0000000092d7daf8,0x0000000092d80000)
 Metaspace       used 65149K, committed 66688K, reserved 1114112K
  class space    used 6660K, committed 7360K, reserved 1048576K
}
Event: 21.505 GC heap before
{Heap before GC invocations=372 (full 3):
 PSYoungGen      total 3584K, used 3492K [0x00000000d5580000, 0x00000000d5a00000, 0x0000000100000000)
  eden space 3072K, 98% used [0x00000000d5580000,0x00000000d5871398,0x00000000d5880000)
  from space 512K, 93% used [0x00000000d5980000,0x00000000d59f8000,0x00000000d5a00000)
  to   space 512K, 0% used [0x00000000d5900000,0x00000000d5900000,0x00000000d5980000)
 ParOldGen       total 308736K, used 308726K [0x0000000080000000, 0x0000000092d80000, 0x00000000d5580000)
  object space 308736K, 99% used [0x0000000080000000,0x0000000092d7daf8,0x0000000092d80000)
 Metaspace       used 65149K, committed 66688K, reserved 1114112K
  class space    used 6660K, committed 7360K, reserved 1048576K
}
Event: 21.506 GC heap after
{Heap after GC invocations=372 (full 3):
 PSYoungGen      total 3584K, used 504K [0x00000000d5580000, 0x00000000d5a80000, 0x0000000100000000)
  eden space 3072K, 0% used [0x00000000d5580000,0x00000000d5580000,0x00000000d5880000)
  from space 512K, 98% used [0x00000000d5900000,0x00000000d597e008,0x00000000d5980000)
  to   space 1024K, 0% used [0x00000000d5980000,0x00000000d5980000,0x00000000d5a80000)
 ParOldGen       total 309248K, used 309114K [0x0000000080000000, 0x0000000092e00000, 0x00000000d5580000)
  object space 309248K, 99% used [0x0000000080000000,0x0000000092ddebb0,0x0000000092e00000)
 Metaspace       used 65149K, committed 66688K, reserved 1114112K
  class space    used 6660K, committed 7360K, reserved 1048576K
}
Event: 21.529 GC heap before
{Heap before GC invocations=373 (full 3):
 PSYoungGen      total 3584K, used 3571K [0x00000000d5580000, 0x00000000d5a80000, 0x0000000100000000)
  eden space 3072K, 99% used [0x00000000d5580000,0x00000000d587edd0,0x00000000d5880000)
  from space 512K, 98% used [0x00000000d5900000,0x00000000d597e008,0x00000000d5980000)
  to   space 1024K, 0% used [0x00000000d5980000,0x00000000d5980000,0x00000000d5a80000)
 ParOldGen       total 309248K, used 309114K [0x0000000080000000, 0x0000000092e00000, 0x00000000d5580000)
  object space 309248K, 99% used [0x0000000080000000,0x0000000092ddebb0,0x0000000092e00000)
 Metaspace       used 65149K, committed 66688K, reserved 1114112K
  class space    used 6660K, committed 7360K, reserved 1048576K
}
Event: 21.532 GC heap after
{Heap after GC invocations=373 (full 3):
 PSYoungGen      total 4096K, used 582K [0x00000000d5580000, 0x00000000d5a80000, 0x0000000100000000)
  eden space 3072K, 0% used [0x00000000d5580000,0x00000000d5580000,0x00000000d5880000)
  from space 1024K, 56% used [0x00000000d5980000,0x00000000d5a11a28,0x00000000d5a80000)
  to   space 1024K, 0% used [0x00000000d5880000,0x00000000d5880000,0x00000000d5980000)
 ParOldGen       total 309760K, used 309642K [0x0000000080000000, 0x0000000092e80000, 0x00000000d5580000)
  object space 309760K, 99% used [0x0000000080000000,0x0000000092e62bf0,0x0000000092e80000)
 Metaspace       used 65149K, committed 66688K, reserved 1114112K
  class space    used 6660K, committed 7360K, reserved 1048576K
}
Event: 21.542 GC heap before
{Heap before GC invocations=374 (full 3):
 PSYoungGen      total 4096K, used 3654K [0x00000000d5580000, 0x00000000d5a80000, 0x0000000100000000)
  eden space 3072K, 100% used [0x00000000d5580000,0x00000000d5880000,0x00000000d5880000)
  from space 1024K, 56% used [0x00000000d5980000,0x00000000d5a11a28,0x00000000d5a80000)
  to   space 1024K, 0% used [0x00000000d5880000,0x00000000d5880000,0x00000000d5980000)
 ParOldGen       total 309760K, used 309642K [0x0000000080000000, 0x0000000092e80000, 0x00000000d5580000)
  object space 309760K, 99% used [0x0000000080000000,0x0000000092e62bf0,0x0000000092e80000)
 Metaspace       used 65149K, committed 66688K, reserved 1114112K
  class space    used 6660K, committed 7360K, reserved 1048576K
}
Event: 21.543 GC heap after
{Heap after GC invocations=374 (full 3):
 PSYoungGen      total 4096K, used 544K [0x00000000d5580000, 0x00000000d5a80000, 0x0000000100000000)
  eden space 3072K, 0% used [0x00000000d5580000,0x00000000d5580000,0x00000000d5880000)
  from space 1024K, 53% used [0x00000000d5880000,0x00000000d5908000,0x00000000d5980000)
  to   space 1024K, 0% used [0x00000000d5980000,0x00000000d5980000,0x00000000d5a80000)
 ParOldGen       total 310272K, used 310109K [0x0000000080000000, 0x0000000092f00000, 0x00000000d5580000)
  object space 310272K, 99% used [0x0000000080000000,0x0000000092ed7590,0x0000000092f00000)
 Metaspace       used 65149K, committed 66688K, reserved 1114112K
  class space    used 6660K, committed 7360K, reserved 1048576K
}
Event: 21.551 GC heap before
{Heap before GC invocations=375 (full 3):
 PSYoungGen      total 4096K, used 3613K [0x00000000d5580000, 0x00000000d5a80000, 0x0000000100000000)
  eden space 3072K, 99% used [0x00000000d5580000,0x00000000d587f4d0,0x00000000d5880000)
  from space 1024K, 53% used [0x00000000d5880000,0x00000000d5908000,0x00000000d5980000)
  to   space 1024K, 0% used [0x00000000d5980000,0x00000000d5980000,0x00000000d5a80000)
 ParOldGen       total 310272K, used 310109K [0x0000000080000000, 0x0000000092f00000, 0x00000000d5580000)
  object space 310272K, 99% used [0x0000000080000000,0x0000000092ed7590,0x0000000092f00000)
 Metaspace       used 65149K, committed 66688K, reserved 1114112K
  class space    used 6660K, committed 7360K, reserved 1048576K
}
Event: 21.553 GC heap after
{Heap after GC invocations=375 (full 3):
 PSYoungGen      total 4096K, used 544K [0x00000000d5580000, 0x00000000d5a80000, 0x0000000100000000)
  eden space 3072K, 0% used [0x00000000d5580000,0x00000000d5580000,0x00000000d5880000)
  from space 1024K, 53% used [0x00000000d5980000,0x00000000d5a08000,0x00000000d5a80000)
  to   space 1024K, 0% used [0x00000000d5880000,0x00000000d5880000,0x00000000d5980000)
 ParOldGen       total 310784K, used 310525K [0x0000000080000000, 0x0000000092f80000, 0x00000000d5580000)
  object space 310784K, 99% used [0x0000000080000000,0x0000000092f3f590,0x0000000092f80000)
 Metaspace       used 65149K, committed 66688K, reserved 1114112K
  class space    used 6660K, committed 7360K, reserved 1048576K
}
Event: 21.571 GC heap before
{Heap before GC invocations=376 (full 3):
 PSYoungGen      total 4096K, used 3616K [0x00000000d5580000, 0x00000000d5a80000, 0x0000000100000000)
  eden space 3072K, 100% used [0x00000000d5580000,0x00000000d5880000,0x00000000d5880000)
  from space 1024K, 53% used [0x00000000d5980000,0x00000000d5a08000,0x00000000d5a80000)
  to   space 1024K, 0% used [0x00000000d5880000,0x00000000d5880000,0x00000000d5980000)
 ParOldGen       total 310784K, used 310525K [0x0000000080000000, 0x0000000092f80000, 0x00000000d5580000)
  object space 310784K, 99% used [0x0000000080000000,0x0000000092f3f590,0x0000000092f80000)
 Metaspace       used 65149K, committed 66688K, reserved 1114112K
  class space    used 6660K, committed 7360K, reserved 1048576K
}
Event: 21.573 GC heap after
{Heap after GC invocations=376 (full 3):
 PSYoungGen      total 4096K, used 512K [0x00000000d5580000, 0x00000000d5a80000, 0x0000000100000000)
  eden space 3072K, 0% used [0x00000000d5580000,0x00000000d5580000,0x00000000d5880000)
  from space 1024K, 50% used [0x00000000d5880000,0x00000000d5900000,0x00000000d5980000)
  to   space 1024K, 0% used [0x00000000d5980000,0x00000000d5980000,0x00000000d5a80000)
 ParOldGen       total 311296K, used 310936K [0x0000000080000000, 0x0000000093000000, 0x00000000d5580000)
  object space 311296K, 99% used [0x0000000080000000,0x0000000092fa61a0,0x0000000093000000)
 Metaspace       used 65149K, committed 66688K, reserved 1114112K
  class space    used 6660K, committed 7360K, reserved 1048576K
}
Event: 21.594 GC heap before
{Heap before GC invocations=377 (full 3):
 PSYoungGen      total 4096K, used 3584K [0x00000000d5580000, 0x00000000d5a80000, 0x0000000100000000)
  eden space 3072K, 100% used [0x00000000d5580000,0x00000000d5880000,0x00000000d5880000)
  from space 1024K, 50% used [0x00000000d5880000,0x00000000d5900000,0x00000000d5980000)
  to   space 1024K, 0% used [0x00000000d5980000,0x00000000d5980000,0x00000000d5a80000)
 ParOldGen       total 311296K, used 310936K [0x0000000080000000, 0x0000000093000000, 0x00000000d5580000)
  object space 311296K, 99% used [0x0000000080000000,0x0000000092fa61a0,0x0000000093000000)
 Metaspace       used 65149K, committed 66688K, reserved 1114112K
  class space    used 6660K, committed 7360K, reserved 1048576K
}
Event: 21.596 GC heap after
{Heap after GC invocations=377 (full 3):
 PSYoungGen      total 4096K, used 512K [0x00000000d5580000, 0x00000000d5a80000, 0x0000000100000000)
  eden space 3072K, 0% used [0x00000000d5580000,0x00000000d5580000,0x00000000d5880000)
  from space 1024K, 50% used [0x00000000d5980000,0x00000000d5a00000,0x00000000d5a80000)
  to   space 1024K, 0% used [0x00000000d5880000,0x00000000d5880000,0x00000000d5980000)
 ParOldGen       total 311808K, used 311335K [0x0000000080000000, 0x0000000093080000, 0x00000000d5580000)
  object space 311808K, 99% used [0x0000000080000000,0x0000000093009dc0,0x0000000093080000)
 Metaspace       used 65149K, committed 66688K, reserved 1114112K
  class space    used 6660K, committed 7360K, reserved 1048576K
}
Event: 21.612 GC heap before
{Heap before GC invocations=378 (full 3):
 PSYoungGen      total 4096K, used 3584K [0x00000000d5580000, 0x00000000d5a80000, 0x0000000100000000)
  eden space 3072K, 100% used [0x00000000d5580000,0x00000000d5880000,0x00000000d5880000)
  from space 1024K, 50% used [0x00000000d5980000,0x00000000d5a00000,0x00000000d5a80000)
  to   space 1024K, 0% used [0x00000000d5880000,0x00000000d5880000,0x00000000d5980000)
 ParOldGen       total 311808K, used 311335K [0x0000000080000000, 0x0000000093080000, 0x00000000d5580000)
  object space 311808K, 99% used [0x0000000080000000,0x0000000093009dc0,0x0000000093080000)
 Metaspace       used 65149K, committed 66688K, reserved 1114112K
  class space    used 6660K, committed 7360K, reserved 1048576K
}
Event: 21.614 GC heap after
{Heap after GC invocations=378 (full 3):
 PSYoungGen      total 4096K, used 640K [0x00000000d5580000, 0x00000000d5a80000, 0x0000000100000000)
  eden space 3072K, 0% used [0x00000000d5580000,0x00000000d5580000,0x00000000d5880000)
  from space 1024K, 62% used [0x00000000d5880000,0x00000000d5920000,0x00000000d5980000)
  to   space 1024K, 0% used [0x00000000d5980000,0x00000000d5980000,0x00000000d5a80000)
 ParOldGen       total 311808K, used 311731K [0x0000000080000000, 0x0000000093080000, 0x00000000d5580000)
  object space 311808K, 99% used [0x0000000080000000,0x000000009306ccb8,0x0000000093080000)
 Metaspace       used 65149K, committed 66688K, reserved 1114112K
  class space    used 6660K, committed 7360K, reserved 1048576K
}

Dll operation events (10 events):
Event: 0.010 Loaded shared library c:\Users\ACER\.vscode\extensions\redhat.java-1.54.0-win32-x64\jre\21.0.10-win32-x86_64\bin\java.dll
Event: 0.089 Loaded shared library c:\Users\ACER\.vscode\extensions\redhat.java-1.54.0-win32-x64\jre\21.0.10-win32-x86_64\bin\zip.dll
Event: 0.114 Loaded shared library C:\Users\ACER\.vscode\extensions\redhat.java-1.54.0-win32-x64\jre\21.0.10-win32-x86_64\bin\instrument.dll
Event: 0.121 Loaded shared library C:\Users\ACER\.vscode\extensions\redhat.java-1.54.0-win32-x64\jre\21.0.10-win32-x86_64\bin\net.dll
Event: 0.124 Loaded shared library C:\Users\ACER\.vscode\extensions\redhat.java-1.54.0-win32-x64\jre\21.0.10-win32-x86_64\bin\nio.dll
Event: 0.132 Loaded shared library C:\Users\ACER\.vscode\extensions\redhat.java-1.54.0-win32-x64\jre\21.0.10-win32-x86_64\bin\zip.dll
Event: 0.154 Loaded shared library C:\Users\ACER\.vscode\extensions\redhat.java-1.54.0-win32-x64\jre\21.0.10-win32-x86_64\bin\jimage.dll
Event: 0.241 Loaded shared library c:\Users\ACER\.vscode\extensions\redhat.java-1.54.0-win32-x64\jre\21.0.10-win32-x86_64\bin\verify.dll
Event: 1.421 Loaded shared library C:\Users\ACER\AppData\Roaming\Code\User\globalStorage\redhat.java\1.54.0\config_win\org.eclipse.equinox.launcher\org.eclipse.equinox.launcher.win32.win32.x86_64_1.3.0.v20260203-2149\eclipse_11919.dll
Event: 4.311 Loaded shared library C:\Users\ACER\AppData\Local\Temp\jna-2003023\jna17621280810844859061.dll

Deoptimization events (20 events):
Event: 21.056 Thread 0x0000025f553534e0 Uncommon trap: trap_request=0xffffffbe fr.pc=0x0000025f085114f8 relative=0x0000000000000678
Event: 21.056 Thread 0x0000025f553534e0 Uncommon trap: reason=profile_predicate action=maybe_recompile pc=0x0000025f085114f8 method=org.apache.maven.model.interpolation.StringVisitorModelInterpolator$ModelVisitor.visit(Lorg/apache/maven/model/DependencyManagement;)V @ 20 c2
Event: 21.056 Thread 0x0000025f553534e0 DEOPT PACKING pc=0x0000025f085114f8 sp=0x000000db7c4fcd00
Event: 21.056 Thread 0x0000025f553534e0 DEOPT UNPACKING pc=0x0000025f07586da2 sp=0x000000db7c4fcca0 mode 2
Event: 21.058 Thread 0x0000025f553534e0 Uncommon trap: trap_request=0xffffffbe fr.pc=0x0000025f085114f8 relative=0x0000000000000678
Event: 21.058 Thread 0x0000025f553534e0 Uncommon trap: reason=profile_predicate action=maybe_recompile pc=0x0000025f085114f8 method=org.apache.maven.model.interpolation.StringVisitorModelInterpolator$ModelVisitor.visit(Lorg/apache/maven/model/DependencyManagement;)V @ 20 c2
Event: 21.058 Thread 0x0000025f553534e0 DEOPT PACKING pc=0x0000025f085114f8 sp=0x000000db7c4fcd00
Event: 21.058 Thread 0x0000025f553534e0 DEOPT UNPACKING pc=0x0000025f07586da2 sp=0x000000db7c4fcca0 mode 2
Event: 21.060 Thread 0x0000025f553534e0 Uncommon trap: trap_request=0xffffffbe fr.pc=0x0000025f085114f8 relative=0x0000000000000678
Event: 21.060 Thread 0x0000025f553534e0 Uncommon trap: reason=profile_predicate action=maybe_recompile pc=0x0000025f085114f8 method=org.apache.maven.model.interpolation.StringVisitorModelInterpolator$ModelVisitor.visit(Lorg/apache/maven/model/DependencyManagement;)V @ 20 c2
Event: 21.060 Thread 0x0000025f553534e0 DEOPT PACKING pc=0x0000025f085114f8 sp=0x000000db7c4fcd00
Event: 21.060 Thread 0x0000025f553534e0 DEOPT UNPACKING pc=0x0000025f07586da2 sp=0x000000db7c4fcca0 mode 2
Event: 21.063 Thread 0x0000025f553534e0 Uncommon trap: trap_request=0xffffffbe fr.pc=0x0000025f085114f8 relative=0x0000000000000678
Event: 21.063 Thread 0x0000025f553534e0 Uncommon trap: reason=profile_predicate action=maybe_recompile pc=0x0000025f085114f8 method=org.apache.maven.model.interpolation.StringVisitorModelInterpolator$ModelVisitor.visit(Lorg/apache/maven/model/DependencyManagement;)V @ 20 c2
Event: 21.063 Thread 0x0000025f553534e0 DEOPT PACKING pc=0x0000025f085114f8 sp=0x000000db7c4fc6f0
Event: 21.063 Thread 0x0000025f553534e0 DEOPT UNPACKING pc=0x0000025f07586da2 sp=0x000000db7c4fc690 mode 2
Event: 21.180 Thread 0x0000025f553534e0 DEOPT PACKING pc=0x0000025f01c57ec5 sp=0x000000db7c4fceb0
Event: 21.180 Thread 0x0000025f553534e0 DEOPT UNPACKING pc=0x0000025f075878e2 sp=0x000000db7c4fc4c8 mode 0
Event: 21.341 Thread 0x0000025f553534e0 DEOPT PACKING pc=0x0000025f01c57ec5 sp=0x000000db7c4fc330
Event: 21.341 Thread 0x0000025f553534e0 DEOPT UNPACKING pc=0x0000025f075878e2 sp=0x000000db7c4fb948 mode 0

Classes loaded (20 events):
Event: 14.624 Loading class sun/nio/cs/ISO_8859_1$Decoder
Event: 14.625 Loading class sun/nio/cs/ISO_8859_1$Decoder done
Event: 14.878 Loading class java/util/stream/DistinctOps
Event: 14.879 Loading class java/util/stream/DistinctOps done
Event: 14.879 Loading class java/util/stream/DistinctOps$1
Event: 14.879 Loading class java/util/stream/DistinctOps$1 done
Event: 14.887 Loading class java/util/stream/DistinctOps$1$2
Event: 14.887 Loading class java/util/stream/DistinctOps$1$2 done
Event: 14.902 Loading class java/util/Collections$2
Event: 14.902 Loading class java/util/Collections$2 done
Event: 15.957 Loading class java/io/CharArrayWriter
Event: 15.957 Loading class java/io/CharArrayWriter done
Event: 16.839 Loading class jdk/internal/module/IllegalAccessLogger
Event: 16.839 Loading class jdk/internal/module/IllegalAccessLogger done
Event: 17.325 Loading class jdk/internal/module/IllegalAccessLogger
Event: 17.325 Loading class jdk/internal/module/IllegalAccessLogger done
Event: 20.182 Loading class jdk/internal/module/IllegalAccessLogger
Event: 20.182 Loading class jdk/internal/module/IllegalAccessLogger done
Event: 21.000 Loading class jdk/internal/module/IllegalAccessLogger
Event: 21.000 Loading class jdk/internal/module/IllegalAccessLogger done

Classes unloaded (7 events):
Event: 4.742 Thread 0x0000025f7ac70d70 Unloading class 0x0000025f101a4c00 'java/lang/invoke/LambdaForm$MH+0x0000025f101a4c00'
Event: 4.742 Thread 0x0000025f7ac70d70 Unloading class 0x0000025f101a4800 'java/lang/invoke/LambdaForm$MH+0x0000025f101a4800'
Event: 4.742 Thread 0x0000025f7ac70d70 Unloading class 0x0000025f101a4400 'java/lang/invoke/LambdaForm$MH+0x0000025f101a4400'
Event: 4.742 Thread 0x0000025f7ac70d70 Unloading class 0x0000025f101a4000 'java/lang/invoke/LambdaForm$MH+0x0000025f101a4000'
Event: 4.742 Thread 0x0000025f7ac70d70 Unloading class 0x0000025f101a3c00 'java/lang/invoke/LambdaForm$BMH+0x0000025f101a3c00'
Event: 4.742 Thread 0x0000025f7ac70d70 Unloading class 0x0000025f101a3800 'java/lang/invoke/LambdaForm$DMH+0x0000025f101a3800'
Event: 4.742 Thread 0x0000025f7ac70d70 Unloading class 0x0000025f101a2400 'java/lang/invoke/LambdaForm$DMH+0x0000025f101a2400'

Classes redefined (0 events):
No events

Internal exceptions (20 events):
Event: 19.628 Thread 0x0000025f55025d10 Exception <a 'sun/nio/fs/WindowsException'{0x00000000d55b52d8}> (0x00000000d55b52d8) 
thrown [s\src\hotspot\share\prims\jni.cpp, line 520]
Event: 19.629 Thread 0x0000025f55028b00 Exception <a 'sun/nio/fs/WindowsException'{0x00000000d55bb598}> (0x00000000d55bb598) 
thrown [s\src\hotspot\share\prims\jni.cpp, line 520]
Event: 19.629 Thread 0x0000025f55022200 Exception <a 'sun/nio/fs/WindowsException'{0x00000000d55bdff8}> (0x00000000d55bdff8) 
thrown [s\src\hotspot\share\prims\jni.cpp, line 520]
Event: 19.770 Thread 0x0000025f553534e0 Exception <a 'java/lang/NoSuchMethodError'{0x00000000d5815fd8}: 'java.lang.Object java.lang.invoke.DirectMethodHandle$Holder.invokeStatic(java.lang.Object, java.lang.Object, int, int)'> (0x00000000d5815fd8) 
thrown [s\src\hotspot\share\interpreter\linkResolver.cpp, line 773]
Event: 19.771 Thread 0x0000025f553534e0 Exception <a 'java/lang/NoSuchMethodError'{0x00000000d581a1e0}: 'java.lang.Object java.lang.invoke.DirectMethodHandle$Holder.invokeSpecial(java.lang.Object, java.lang.Object, java.lang.Object, int, int)'> (0x00000000d581a1e0) 
thrown [s\src\hotspot\share\interpreter\linkResolver.cpp, line 773]
Event: 20.918 Thread 0x0000025f553534e0 Exception <a 'sun/nio/fs/WindowsException'{0x00000000d575f200}> (0x00000000d575f200) 
thrown [s\src\hotspot\share\prims\jni.cpp, line 520]
Event: 20.918 Thread 0x0000025f55027de0 Exception <a 'sun/nio/fs/WindowsException'{0x00000000d57d2280}> (0x00000000d57d2280) 
thrown [s\src\hotspot\share\prims\jni.cpp, line 520]
Event: 20.919 Thread 0x0000025f55025d10 Exception <a 'sun/nio/fs/WindowsException'{0x00000000d57e4418}> (0x00000000d57e4418) 
thrown [s\src\hotspot\share\prims\jni.cpp, line 520]
Event: 21.014 Thread 0x0000025f553534e0 Exception <a 'sun/nio/fs/WindowsException'{0x00000000d56b0668}> (0x00000000d56b0668) 
thrown [s\src\hotspot\share\prims\jni.cpp, line 520]
Event: 21.014 Thread 0x0000025f553534e0 Exception <a 'sun/nio/fs/WindowsException'{0x00000000d56b0eb8}> (0x00000000d56b0eb8) 
thrown [s\src\hotspot\share\prims\jni.cpp, line 520]
Event: 21.015 Thread 0x0000025f553534e0 Exception <a 'sun/nio/fs/WindowsException'{0x00000000d56b1fb8}> (0x00000000d56b1fb8) 
thrown [s\src\hotspot\share\prims\jni.cpp, line 520]
Event: 21.015 Thread 0x0000025f553534e0 Exception <a 'sun/nio/fs/WindowsException'{0x00000000d570fe00}> (0x00000000d570fe00) 
thrown [s\src\hotspot\share\prims\jni.cpp, line 520]
Event: 21.015 Thread 0x0000025f553534e0 Exception <a 'sun/nio/fs/WindowsException'{0x00000000d5710c70}> (0x00000000d5710c70) 
thrown [s\src\hotspot\share\prims\jni.cpp, line 520]
Event: 21.015 Thread 0x0000025f553534e0 Exception <a 'sun/nio/fs/WindowsException'{0x00000000d57112a0}> (0x00000000d57112a0) 
thrown [s\src\hotspot\share\prims\jni.cpp, line 520]
Event: 21.015 Thread 0x0000025f553534e0 Exception <a 'sun/nio/fs/WindowsException'{0x00000000d5712120}> (0x00000000d5712120) 
thrown [s\src\hotspot\share\prims\jni.cpp, line 520]
Event: 21.015 Thread 0x0000025f553534e0 Exception <a 'sun/nio/fs/WindowsException'{0x00000000d5712760}> (0x00000000d5712760) 
thrown [s\src\hotspot\share\prims\jni.cpp, line 520]
Event: 21.016 Thread 0x0000025f553534e0 Exception <a 'sun/nio/fs/WindowsException'{0x00000000d574bcc8}> (0x00000000d574bcc8) 
thrown [s\src\hotspot\share\prims\jni.cpp, line 520]
Event: 21.016 Thread 0x0000025f553534e0 Exception <a 'sun/nio/fs/WindowsException'{0x00000000d574c518}> (0x00000000d574c518) 
thrown [s\src\hotspot\share\prims\jni.cpp, line 520]
Event: 21.016 Thread 0x0000025f553534e0 Exception <a 'sun/nio/fs/WindowsException'{0x00000000d574d3d0}> (0x00000000d574d3d0) 
thrown [s\src\hotspot\share\prims\jni.cpp, line 520]
Event: 21.016 Thread 0x0000025f553534e0 Exception <a 'sun/nio/fs/WindowsException'{0x00000000d574dc20}> (0x00000000d574dc20) 
thrown [s\src\hotspot\share\prims\jni.cpp, line 520]

ZGC Phase Switch (0 events):
No events

VM Operations (20 events):
Event: 21.465 Executing safepoint VM operation: ParallelGCFailedAllocation (Allocation Failure) done
Event: 21.479 Executing safepoint VM operation: ParallelGCFailedAllocation (Allocation Failure)
Event: 21.481 Executing safepoint VM operation: ParallelGCFailedAllocation (Allocation Failure) done
Event: 21.497 Executing safepoint VM operation: ParallelGCFailedAllocation (Allocation Failure)
Event: 21.498 Executing safepoint VM operation: ParallelGCFailedAllocation (Allocation Failure) done
Event: 21.505 Executing safepoint VM operation: ParallelGCFailedAllocation (Allocation Failure)
Event: 21.507 Executing safepoint VM operation: ParallelGCFailedAllocation (Allocation Failure) done
Event: 21.529 Executing safepoint VM operation: ParallelGCFailedAllocation (Allocation Failure)
Event: 21.532 Executing safepoint VM operation: ParallelGCFailedAllocation (Allocation Failure) done
Event: 21.542 Executing safepoint VM operation: ParallelGCFailedAllocation (Allocation Failure)
Event: 21.543 Executing safepoint VM operation: ParallelGCFailedAllocation (Allocation Failure) done
Event: 21.551 Executing safepoint VM operation: ParallelGCFailedAllocation (Allocation Failure)
Event: 21.553 Executing safepoint VM operation: ParallelGCFailedAllocation (Allocation Failure) done
Event: 21.571 Executing safepoint VM operation: ParallelGCFailedAllocation (Allocation Failure)
Event: 21.573 Executing safepoint VM operation: ParallelGCFailedAllocation (Allocation Failure) done
Event: 21.594 Executing safepoint VM operation: ParallelGCFailedAllocation (Allocation Failure)
Event: 21.596 Executing safepoint VM operation: ParallelGCFailedAllocation (Allocation Failure) done
Event: 21.612 Executing safepoint VM operation: ParallelGCFailedAllocation (Allocation Failure)
Event: 21.614 Executing safepoint VM operation: ParallelGCFailedAllocation (Allocation Failure) done
Event: 21.638 Executing safepoint VM operation: ParallelGCFailedAllocation (Allocation Failure)

Memory protections (0 events):
No events

Nmethod flushes (20 events):
Event: 11.734 Thread 0x0000025f7ac70d70 flushing  nmethod 0x0000025f00a30f10
Event: 11.734 Thread 0x0000025f7ac70d70 flushing  nmethod 0x0000025f00a88a10
Event: 11.734 Thread 0x0000025f7ac70d70 flushing  nmethod 0x0000025f00a88d90
Event: 11.734 Thread 0x0000025f7ac70d70 flushing  nmethod 0x0000025f00a9f190
Event: 11.734 Thread 0x0000025f7ac70d70 flushing  nmethod 0x0000025f00aae490
Event: 11.734 Thread 0x0000025f7ac70d70 flushing  nmethod 0x0000025f00ac6f90
Event: 11.734 Thread 0x0000025f7ac70d70 flushing  nmethod 0x0000025f00acf910
Event: 11.734 Thread 0x0000025f7ac70d70 flushing  nmethod 0x0000025f00ae0810
Event: 11.734 Thread 0x0000025f7ac70d70 flushing  nmethod 0x0000025f00ae0f10
Event: 11.734 Thread 0x0000025f7ac70d70 flushing  nmethod 0x0000025f00ae1390
Event: 11.734 Thread 0x0000025f7ac70d70 flushing  nmethod 0x0000025f00ae4890
Event: 11.734 Thread 0x0000025f7ac70d70 flushing  nmethod 0x0000025f00ae8290
Event: 11.734 Thread 0x0000025f7ac70d70 flushing  nmethod 0x0000025f00b22010
Event: 11.734 Thread 0x0000025f7ac70d70 flushing  nmethod 0x0000025f00b3db90
Event: 11.734 Thread 0x0000025f7ac70d70 flushing  nmethod 0x0000025f00b3ef10
Event: 11.734 Thread 0x0000025f7ac70d70 flushing  nmethod 0x0000025f00b3f790
Event: 11.734 Thread 0x0000025f7ac70d70 flushing  nmethod 0x0000025f00b45a10
Event: 11.734 Thread 0x0000025f7ac70d70 flushing  nmethod 0x0000025f00b46390
Event: 11.734 Thread 0x0000025f7ac70d70 flushing  nmethod 0x0000025f00b64190
Event: 11.734 Thread 0x0000025f7ac70d70 flushing  nmethod 0x0000025f00b65890

Events (20 events):
Event: 15.676 Thread 0x0000025f5706ca20 Thread exited: 0x0000025f5706ca20
Event: 15.676 Thread 0x0000025f5706bd00 Thread exited: 0x0000025f5706bd00
Event: 15.676 Thread 0x0000025f5706b670 Thread exited: 0x0000025f5706b670
Event: 15.679 Thread 0x0000025f5706c390 Thread exited: 0x0000025f5706c390
Event: 16.207 Thread 0x0000025f553534e0 Thread added: 0x0000025f5706b670
Event: 16.207 Thread 0x0000025f553534e0 Thread added: 0x0000025f5706d740
Event: 16.207 Thread 0x0000025f553534e0 Thread added: 0x0000025f5706bd00
Event: 16.869 Thread 0x0000025f553534e0 Thread added: 0x0000025f5706a2c0
Event: 16.869 Thread 0x0000025f553534e0 Thread added: 0x0000025f57070530
Event: 16.883 Thread 0x0000025f553534e0 Thread added: 0x0000025f5706eaf0
Event: 18.641 Thread 0x0000025f553534e0 Thread added: 0x0000025f5706fea0
Event: 18.641 Thread 0x0000025f553534e0 Thread added: 0x0000025f57070bc0
Event: 18.641 Thread 0x0000025f553534e0 Thread added: 0x0000025f57071250
Event: 18.641 Thread 0x0000025f553534e0 Thread added: 0x0000025f5706ddd0
Event: 18.641 Thread 0x0000025f553534e0 Thread added: 0x0000025f570718e0
Event: 19.095 Thread 0x0000025f57070bc0 Thread exited: 0x0000025f57070bc0
Event: 19.095 Thread 0x0000025f57071250 Thread exited: 0x0000025f57071250
Event: 19.095 Thread 0x0000025f5706ddd0 Thread exited: 0x0000025f5706ddd0
Event: 19.095 Thread 0x0000025f570718e0 Thread exited: 0x0000025f570718e0
Event: 19.096 Thread 0x0000025f5706fea0 Thread exited: 0x0000025f5706fea0


Dynamic libraries:
0x00007ff7b7f20000 - 0x00007ff7b7f2e000 	c:\Users\ACER\.vscode\extensions\redhat.java-1.54.0-win32-x64\jre\21.0.10-win32-x86_64\bin\java.exe
0x00007ff9439a0000 - 0x00007ff943c07000 	C:\WINDOWS\SYSTEM32\ntdll.dll
0x00007ff942360000 - 0x00007ff942429000 	C:\WINDOWS\System32\KERNEL32.DLL
0x00007ff940f80000 - 0x00007ff941377000 	C:\WINDOWS\System32\KERNELBASE.dll
0x00007ff940e30000 - 0x00007ff940f7b000 	C:\WINDOWS\System32\ucrtbase.dll
0x00007ff926740000 - 0x00007ff92675e000 	c:\Users\ACER\.vscode\extensions\redhat.java-1.54.0-win32-x64\jre\21.0.10-win32-x86_64\bin\VCRUNTIME140.dll
0x00007ff9267b0000 - 0x00007ff9267c8000 	c:\Users\ACER\.vscode\extensions\redhat.java-1.54.0-win32-x64\jre\21.0.10-win32-x86_64\bin\jli.dll
0x00007ff942440000 - 0x00007ff942606000 	C:\WINDOWS\System32\USER32.dll
0x00007ff92a2c0000 - 0x00007ff92a552000 	C:\WINDOWS\WinSxS\amd64_microsoft.windows.common-controls_6595b64144ccf1df_6.0.26100.8328_none_3e08182ce334b678\COMCTL32.dll
0x00007ff941590000 - 0x00007ff9415b7000 	C:\WINDOWS\System32\win32u.dll
0x00007ff943130000 - 0x00007ff9431d9000 	C:\WINDOWS\System32\msvcrt.dll
0x00007ff941730000 - 0x00007ff94175b000 	C:\WINDOWS\System32\GDI32.dll
0x00007ff940d00000 - 0x00007ff940e2c000 	C:\WINDOWS\System32\gdi32full.dll
0x00007ff9415c0000 - 0x00007ff941663000 	C:\WINDOWS\System32\msvcp_win.dll
0x00007ff9429f0000 - 0x00007ff942a22000 	C:\WINDOWS\System32\IMM32.DLL
0x00007ff92ae80000 - 0x00007ff92ae8c000 	c:\Users\ACER\.vscode\extensions\redhat.java-1.54.0-win32-x64\jre\21.0.10-win32-x86_64\bin\vcruntime140_1.dll
0x00007ff923040000 - 0x00007ff9230cd000 	c:\Users\ACER\.vscode\extensions\redhat.java-1.54.0-win32-x64\jre\21.0.10-win32-x86_64\bin\msvcp140.dll
0x00007ff8a0ca0000 - 0x00007ff8a1a41000 	c:\Users\ACER\.vscode\extensions\redhat.java-1.54.0-win32-x64\jre\21.0.10-win32-x86_64\bin\server\jvm.dll
0x00007ff9421c0000 - 0x00007ff942276000 	C:\WINDOWS\System32\ADVAPI32.dll
0x00007ff9419b0000 - 0x00007ff941a57000 	C:\WINDOWS\System32\sechost.dll
0x00007ff941760000 - 0x00007ff941878000 	C:\WINDOWS\System32\RPCRT4.dll
0x00007ff9430a0000 - 0x00007ff943120000 	C:\WINDOWS\System32\WS2_32.dll
0x00007ff93ef90000 - 0x00007ff93efee000 	C:\WINDOWS\SYSTEM32\POWRPROF.dll
0x00007ff935d20000 - 0x00007ff935d2b000 	C:\WINDOWS\SYSTEM32\VERSION.dll
0x00007ff92d690000 - 0x00007ff92d6c6000 	C:\WINDOWS\SYSTEM32\WINMM.dll
0x00007ff93ef70000 - 0x00007ff93ef84000 	C:\WINDOWS\SYSTEM32\UMPDC.dll
0x00007ff93f250000 - 0x00007ff93f26b000 	C:\WINDOWS\SYSTEM32\kernel.appcore.dll
0x00007ff9232a0000 - 0x00007ff9232aa000 	c:\Users\ACER\.vscode\extensions\redhat.java-1.54.0-win32-x64\jre\21.0.10-win32-x86_64\bin\jimage.dll
0x00007ff93e330000 - 0x00007ff93e572000 	C:\WINDOWS\SYSTEM32\DBGHELP.DLL
0x00007ff941d00000 - 0x00007ff942083000 	C:\WINDOWS\System32\combase.dll
0x00007ff942280000 - 0x00007ff942359000 	C:\WINDOWS\System32\OLEAUT32.dll
0x00007ff9283a0000 - 0x00007ff9283db000 	C:\WINDOWS\SYSTEM32\dbgcore.DLL
0x00007ff941670000 - 0x00007ff941718000 	C:\WINDOWS\System32\bcryptPrimitives.dll
0x00007ff923030000 - 0x00007ff92303f000 	c:\Users\ACER\.vscode\extensions\redhat.java-1.54.0-win32-x64\jre\21.0.10-win32-x86_64\bin\instrument.dll
0x00007ff922b40000 - 0x00007ff922b60000 	c:\Users\ACER\.vscode\extensions\redhat.java-1.54.0-win32-x64\jre\21.0.10-win32-x86_64\bin\java.dll
0x00007ff9431e0000 - 0x00007ff94394e000 	C:\WINDOWS\System32\SHELL32.dll
0x00007ff9403d0000 - 0x00007ff940c3c000 	C:\WINDOWS\System32\windows.storage.dll
0x00007ff941c00000 - 0x00007ff941cf6000 	C:\WINDOWS\System32\SHCORE.dll
0x00007ff941880000 - 0x00007ff9418e6000 	C:\WINDOWS\System32\shlwapi.dll
0x00007ff9402f0000 - 0x00007ff940319000 	C:\WINDOWS\SYSTEM32\profapi.dll
0x00007ff9232f0000 - 0x00007ff923308000 	c:\Users\ACER\.vscode\extensions\redhat.java-1.54.0-win32-x64\jre\21.0.10-win32-x86_64\bin\zip.dll
0x00007ff9232e0000 - 0x00007ff9232f0000 	C:\Users\ACER\.vscode\extensions\redhat.java-1.54.0-win32-x64\jre\21.0.10-win32-x86_64\bin\net.dll
0x00007ff936b80000 - 0x00007ff936ca9000 	C:\WINDOWS\SYSTEM32\WINHTTP.dll
0x00007ff93f7f0000 - 0x00007ff93f85c000 	C:\WINDOWS\system32\mswsock.dll
0x00007ff9232c0000 - 0x00007ff9232d6000 	C:\Users\ACER\.vscode\extensions\redhat.java-1.54.0-win32-x64\jre\21.0.10-win32-x86_64\bin\nio.dll
0x00007ff9232b0000 - 0x00007ff9232c0000 	c:\Users\ACER\.vscode\extensions\redhat.java-1.54.0-win32-x64\jre\21.0.10-win32-x86_64\bin\verify.dll
0x00007ff922d10000 - 0x00007ff922d55000 	C:\Users\ACER\AppData\Roaming\Code\User\globalStorage\redhat.java\1.54.0\config_win\org.eclipse.equinox.launcher\org.eclipse.equinox.launcher.win32.win32.x86_64_1.3.0.v20260203-2149\eclipse_11919.dll
0x00007ff941a60000 - 0x00007ff941bf7000 	C:\WINDOWS\System32\ole32.dll
0x00007ff93fad0000 - 0x00007ff93faeb000 	C:\WINDOWS\SYSTEM32\CRYPTSP.dll
0x00007ff93f1b0000 - 0x00007ff93f1e9000 	C:\WINDOWS\system32\rsaenh.dll
0x00007ff93f8a0000 - 0x00007ff93f8d3000 	C:\WINDOWS\SYSTEM32\USERENV.dll
0x00007ff9402c0000 - 0x00007ff9402ea000 	C:\WINDOWS\SYSTEM32\bcrypt.dll
0x00007ff93faf0000 - 0x00007ff93fafc000 	C:\WINDOWS\SYSTEM32\CRYPTBASE.dll
0x00007ff93eba0000 - 0x00007ff93ebd2000 	C:\WINDOWS\SYSTEM32\IPHLPAPI.DLL
0x00007ff941720000 - 0x00007ff94172a000 	C:\WINDOWS\System32\NSI.dll
0x00007ff922c70000 - 0x00007ff922cb9000 	C:\Users\ACER\AppData\Local\Temp\jna-2003023\jna17621280810844859061.dll
0x00007ff942ec0000 - 0x00007ff942ec8000 	C:\WINDOWS\System32\PSAPI.DLL
0x00007ff936b60000 - 0x00007ff936b7d000 	C:\WINDOWS\SYSTEM32\dhcpcsvc6.DLL
0x00007ff936b30000 - 0x00007ff936b55000 	C:\WINDOWS\SYSTEM32\dhcpcsvc.DLL

JVMTI agents:
c:\Users\ACER\.vscode\extensions\redhat.java-1.54.0-win32-x64\lombok\lombok-1.18.39-4050.jar path:c:\Users\ACER\.vscode\extensions\redhat.java-1.54.0-win32-x64\jre\21.0.10-win32-x86_64\bin\instrument.dll, loaded, initialized, instrumentlib options:none

dbghelp: loaded successfully - version: 4.0.5 - missing functions: none
symbol engine: initialized successfully - sym options: 0x614 - pdb path: .;c:\Users\ACER\.vscode\extensions\redhat.java-1.54.0-win32-x64\jre\21.0.10-win32-x86_64\bin;C:\WINDOWS\SYSTEM32;C:\WINDOWS\WinSxS\amd64_microsoft.windows.common-controls_6595b64144ccf1df_6.0.26100.8328_none_3e08182ce334b678;c:\Users\ACER\.vscode\extensions\redhat.java-1.54.0-win32-x64\jre\21.0.10-win32-x86_64\bin\server;C:\Users\ACER\AppData\Roaming\Code\User\globalStorage\redhat.java\1.54.0\config_win\org.eclipse.equinox.launcher\org.eclipse.equinox.launcher.win32.win32.x86_64_1.3.0.v20260203-2149;C:\Users\ACER\AppData\Local\Temp\jna-2003023

VM Arguments:
jvm_args: --add-modules=ALL-SYSTEM --add-opens=java.base/java.util=ALL-UNNAMED --add-opens=java.base/java.lang=ALL-UNNAMED --add-opens=java.base/sun.nio.fs=ALL-UNNAMED -Declipse.application=org.eclipse.jdt.ls.core.id1 -Dosgi.bundles.defaultStartLevel=4 -Declipse.product=org.eclipse.jdt.ls.core.product -Djava.import.generatesMetadataFilesAtProjectRoot=false -DDetectVMInstallationsJob.disabled=true -Dfile.encoding=utf8 -XX:+UseParallelGC -XX:GCTimeRatio=4 -XX:AdaptiveSizePolicyWeight=90 -Dsun.zip.disableMemoryMapping=true -Xmx2G -Xms100m -Xlog:disable -javaagent:c:\Users\ACER\.vscode\extensions\redhat.java-1.54.0-win32-x64\lombok\lombok-1.18.39-4050.jar -XX:+HeapDumpOnOutOfMemoryError -XX:HeapDumpPath=c:\Users\ACER\AppData\Roaming\Code\User\workspaceStorage\64e83e8dcee0c24a6ba3334dafce804d\redhat.java -Daether.dependencyCollector.impl=bf 
java_command: c:\Users\ACER\.vscode\extensions\redhat.java-1.54.0-win32-x64\server\plugins\org.eclipse.equinox.launcher_1.7.100.v20251111-0406.jar -configuration c:\Users\ACER\AppData\Roaming\Code\User\globalStorage\redhat.java\1.54.0\config_win -data c:\Users\ACER\AppData\Roaming\Code\User\workspaceStorage\64e83e8dcee0c24a6ba3334dafce804d\redhat.java\jdt_ws --pipe=\\.\pipe\lsp-34db5a9f72455b4048a244a104ab4b02-sock
java_class_path (initial): c:\Users\ACER\.vscode\extensions\redhat.java-1.54.0-win32-x64\server\plugins\org.eclipse.equinox.launcher_1.7.100.v20251111-0406.jar
Launcher Type: SUN_STANDARD

[Global flags]
    uintx AdaptiveSizePolicyWeight                 = 90                                        {product} {command line}
     intx CICompilerCount                          = 4                                         {product} {ergonomic}
    uintx GCTimeRatio                              = 4                                         {product} {command line}
     bool HeapDumpOnOutOfMemoryError               = true                                   {manageable} {command line}
    ccstr HeapDumpPath                             = c:\Users\ACER\AppData\Roaming\Code\User\workspaceStorage\64e83e8dcee0c24a6ba3334dafce804d\redhat.java         {manageable} {command line}
   size_t InitialHeapSize                          = 104857600                                 {product} {command line}
   size_t MaxHeapSize                              = 2147483648                                {product} {command line}
   size_t MaxNewSize                               = 715653120                                 {product} {ergonomic}
   size_t MinHeapDeltaBytes                        = 524288                                    {product} {ergonomic}
   size_t MinHeapSize                              = 104857600                                 {product} {command line}
   size_t NewSize                                  = 34603008                                  {product} {ergonomic}
    uintx NonNMethodCodeHeapSize                   = 5839372                                {pd product} {ergonomic}
    uintx NonProfiledCodeHeapSize                  = 122909434                              {pd product} {ergonomic}
   size_t OldSize                                  = 70254592                                  {product} {ergonomic}
    uintx ProfiledCodeHeapSize                     = 122909434                              {pd product} {ergonomic}
    uintx ReservedCodeCacheSize                    = 251658240                              {pd product} {ergonomic}
     bool SegmentedCodeCache                       = true                                      {product} {ergonomic}
   size_t SoftMaxHeapSize                          = 2147483648                             {manageable} {ergonomic}
     bool UseCompressedOops                        = true                           {product lp64_product} {ergonomic}
     bool UseLargePagesIndividualAllocation        = false                                  {pd product} {ergonomic}
     bool UseParallelGC                            = true                                      {product} {command line}

Logging:
Log output configuration:
 #0: stdout all=off uptime,level,tags foldmultilines=false
 #1: stderr all=off uptime,level,tags foldmultilines=false

Release file:
JAVA_VERSION="21.0.10" 
MODULES="java.base java.compiler java.datatransfer java.xml java.prefs java.desktop java.instrument java.logging java.management java.security.sasl java.naming java.rmi java.management.rmi java.net.http java.scripting java.security.jgss java.transaction.xa java.sql java.sql.rowset java.xml.crypto java.se java.smartcardio jdk.accessibility jdk.internal.jvmstat jdk.attach jdk.charsets jdk.internal.opt jdk.zipfs jdk.compiler jdk.crypto.ec jdk.crypto.cryptoki jdk.crypto.mscapi jdk.dynalink jdk.internal.ed jdk.editpad jdk.hotspot.agent jdk.httpserver jdk.internal.le jdk.internal.vm.ci jdk.internal.vm.compiler jdk.internal.vm.compiler.management jdk.jartool jdk.javadoc jdk.jcmd jdk.management jdk.management.agent jdk.jconsole jdk.jdeps jdk.jdwp.agent jdk.jdi jdk.jfr jdk.jshell jdk.jsobject jdk.jstatd jdk.localedata jdk.management.jfr jdk.naming.dns jdk.naming.rmi jdk.net jdk.nio.mapmode jdk.random jdk.sctp jdk.security.auth jdk.security.jgss jdk.unsupported jdk.unsupported.desktop jdk.xml.dom" 

Environment Variables:
JAVA_HOME=C:\Program Files\Java\jdk-23
PATH=C:\Program Files\Common Files\Oracle\Java\javapath;C:\Windows\system32;C:\Windows;C:\Windows\System32\Wbem;C:\Windows\System32\WindowsPowerShell\v1.0\;C:\Windows\System32\OpenSSH\;C:\Program Files (x86)\Microsoft SQL Server\160\Tools\Binn\;C:\Program Files\Microsoft SQL Server\160\Tools\Binn\;C:\Program Files\Microsoft SQL Server\Client SDK\ODBC\170\Tools\Binn\;C:\Program Files\Microsoft SQL Server\160\DTS\Binn\;C:\Program Files\Java\jdk-23\bin;C:\WINDOWS\system32;C:\WINDOWS;C:\WINDOWS\System32\Wbem;C:\WINDOWS\System32\WindowsPowerShell\v1.0\;C:\WINDOWS\System32\OpenSSH\;C:\Program Files\Git\cmd;C:\Program Files\nodejs\;C:\gradle-8.12\bin;C:\apache-maven-3.9.9\bin;;C:\Program Files\Docker\Docker\resources\bin;C:\Users\ACER\AppData\Local\Microsoft\WindowsApps;C:\Users\ACER\AppData\Local\Programs\Microsoft VS Code\bin;C:\Users\ACER\AppData\Roaming\npm;C:\Program Files\JetBrains\IntelliJ IDEA 2024.3.5\bin;ANDROID_HOME;;C:\Users\ACER\AppData\Local\Programs\Antigravity\bin;C:\Users\ACER\AppData\Local\Android\Sdk\platform-tools;C:\Users\ACER\AppData\Local\Android\Sdk\emulator;C:\Users\ACER\AppData\Local\Android\Sdk\tools;C:\Users\ACER\AppData\Local\Android\Sdk\tools\bin;
USERNAME=ACER
OS=Windows_NT
PROCESSOR_IDENTIFIER=Intel64 Family 6 Model 141 Stepping 1, GenuineIntel
TMP=C:\Users\ACER\AppData\Local\Temp
TEMP=C:\Users\ACER\AppData\Local\Temp




Periodic native trim disabled

---------------  S Y S T E M  ---------------

OS:
 Windows 11 , 64 bit Build 26100 (10.0.26100.8328)
OS uptime: 0 days 0:39 hours
Hyper-V role detected

CPU: total 12 (initial active 12) (6 cores per cpu, 2 threads per core) family 6 model 141 stepping 1 microcode 0x3c, cx8, cmov, fxsr, ht, mmx, 3dnowpref, sse, sse2, sse3, ssse3, sse4.1, sse4.2, popcnt, lzcnt, tsc, tscinvbit, avx, avx2, aes, erms, clmul, bmi1, bmi2, adx, avx512f, avx512dq, avx512cd, avx512bw, avx512vl, sha, fma, vzeroupper, avx512_vpopcntdq, avx512_vpclmulqdq, avx512_vaes, avx512_vnni, clflush, clflushopt, clwb, avx512_vbmi2, avx512_vbmi, hv, rdtscp, rdpid, fsrm, gfni, avx512_bitalg, f16c, cet_ibt, cet_ss, avx512_ifma
Processor Information for the first 12 processors :
  Max Mhz: 2688, Current Mhz: 2688, Mhz Limit: 2688

Memory: 4k page, system-wide physical 16163M (1377M free)
TotalPageFile size 30629M (AvailPageFile size 2M)
current process WorkingSet (physical memory assigned to process): 601M, peak: 601M
current process commit charge ("private bytes"): 642M, peak: 1702M

vm_info: OpenJDK 64-Bit Server VM (21.0.10+7-LTS) for windows-amd64 JRE (21.0.10+7-LTS), built on 2026-01-20T00:00:00Z by "admin" with MS VC++ 17.12 (VS2022)

END.
