#
# There is insufficient memory for the Java Runtime Environment to continue.
# Native memory allocation (malloc) failed to allocate 1337616 bytes. Error detail: Chunk::new
# Possible reasons:
#   The system is out of physical RAM or swap space
#   This process is running with CompressedOops enabled, and the Java Heap may be blocking the growth of the native heap
# Possible solutions:
#   Reduce memory load on the system
#   Increase physical memory or swap space
#   Check if swap backing store is full
#   Decrease Java heap size (-Xmx/-Xms)
#   Decrease number of Java threads
#   Decrease Java thread stack sizes (-Xss)
#   Set larger code cache with -XX:ReservedCodeCacheSize=
#   JVM is running with Unscaled Compressed Oops mode in which the Java heap is
#     placed in the first 4GB address space. The Java Heap base address is the
#     maximum limit for the native heap growth. Please use -XX:HeapBaseMinAddress
#     to set the Java Heap base and to place the Java Heap above 4GB virtual address.
# This output file may be truncated or incomplete.
#
#  Out of Memory Error (arena.cpp:168), pid=14652, tid=7768
#
# JRE version: OpenJDK Runtime Environment Temurin-21.0.10+7 (21.0.10+7) (build 21.0.10+7-LTS)
# Java VM: OpenJDK 64-Bit Server VM Temurin-21.0.10+7 (21.0.10+7-LTS, mixed mode, sharing, tiered, compressed oops, compressed class ptrs, parallel gc, windows-amd64)
# No core dump will be written. Minidumps are not enabled by default on client versions of Windows
#

---------------  S U M M A R Y ------------

Command Line: --add-modules=ALL-SYSTEM --add-opens=java.base/java.util=ALL-UNNAMED --add-opens=java.base/java.lang=ALL-UNNAMED --add-opens=java.base/sun.nio.fs=ALL-UNNAMED -Declipse.application=org.eclipse.jdt.ls.core.id1 -Dosgi.bundles.defaultStartLevel=4 -Declipse.product=org.eclipse.jdt.ls.core.product -Djava.import.generatesMetadataFilesAtProjectRoot=false -DDetectVMInstallationsJob.disabled=true -Dfile.encoding=utf8 -XX:+UseParallelGC -XX:GCTimeRatio=4 -XX:AdaptiveSizePolicyWeight=90 -Dsun.zip.disableMemoryMapping=true -Xmx2G -Xms100m -Xlog:disable -javaagent:c:\Users\ACER\.vscode\extensions\redhat.java-1.54.0-win32-x64\lombok\lombok-1.18.39-4050.jar -XX:+HeapDumpOnOutOfMemoryError -XX:HeapDumpPath=c:\Users\ACER\AppData\Roaming\Code\User\workspaceStorage\64e83e8dcee0c24a6ba3334dafce804d\redhat.java -Daether.dependencyCollector.impl=bf c:\Users\ACER\.vscode\extensions\redhat.java-1.54.0-win32-x64\server\plugins\org.eclipse.equinox.launcher_1.7.100.v20251111-0406.jar -configuration c:\Users\ACER\AppData\Roaming\Code\User\globalStorage\redhat.java\1.54.0\config_win -data c:\Users\ACER\AppData\Roaming\Code\User\workspaceStorage\64e83e8dcee0c24a6ba3334dafce804d\redhat.java\jdt_ws --pipe=\\.\pipe\lsp-caa4650fd30a609f8a919bff5ab96da3-sock

Host: 11th Gen Intel(R) Core(TM) i5-11400H @ 2.70GHz, 12 cores, 15G,  Windows 11 , 64 bit Build 26100 (10.0.26100.8328)
Time: Thu May  7 16:21:46 2026 SE Asia Standard Time elapsed time: 13.714393 seconds (0d 0h 0m 13s)

---------------  T H R E A D  ---------------

Current thread (0x0000015e732551e0):  JavaThread "C2 CompilerThread2" daemon [_thread_in_native, id=7768, stack(0x0000005810d00000,0x0000005810e00000) (1024K)]


Current CompileTask:
C2:13714 6953       4       jdk.internal.jimage.ImageReader$SharedImageReader$$Lambda/0x0000015e2c554de0::visit (13 bytes)

Stack: [0x0000005810d00000,0x0000005810e00000]
Native frames: (J=compiled Java code, j=interpreted, Vv=VM code, C=native code)
V  [jvm.dll+0x6d7a39]
V  [jvm.dll+0x8b4b26]
V  [jvm.dll+0x8b70de]
V  [jvm.dll+0x8b77c3]
V  [jvm.dll+0x284346]
V  [jvm.dll+0xc66ed]
V  [jvm.dll+0xc6c31]
V  [jvm.dll+0x3bec3b]
V  [jvm.dll+0x1e3f69]
V  [jvm.dll+0x24c6b3]
V  [jvm.dll+0x24bb40]
V  [jvm.dll+0x1cb34e]
V  [jvm.dll+0x25b85d]
V  [jvm.dll+0x259dea]
V  [jvm.dll+0x3f857e]
V  [jvm.dll+0x85f59d]
V  [jvm.dll+0x6d626d]
C  [ucrtbase.dll+0x37b0]
C  [KERNEL32.DLL+0x2e957]
C  [ntdll.dll+0x427c]


---------------  P R O C E S S  ---------------

Threads class SMR info:
_java_thread_list=0x0000015e75273be0, length=43, elements={
0x0000015e13e1c330, 0x0000015e13ebffa0, 0x0000015e13ec2270, 0x0000015e13ec58a0,
0x0000015e13ec6500, 0x0000015e13ec8f70, 0x0000015e13ec99d0, 0x0000015e13eca810,
0x0000015e13ede8e0, 0x0000015e6cf9f1c0, 0x0000015e6d05e9a0, 0x0000015e7284b830,
0x0000015e7261e490, 0x0000015e7274a530, 0x0000015e7274af70, 0x0000015e72ad6970,
0x0000015e727b90b0, 0x0000015e72919880, 0x0000015e6cfb3d40, 0x0000015e6cfb4a60,
0x0000015e6cfb36b0, 0x0000015e737500d0, 0x0000015e732551e0, 0x0000015e6cfb50f0,
0x0000015e6cfb5780, 0x0000015e6cfb43d0, 0x0000015e6cfb64a0, 0x0000015e6cfb3020,
0x0000015e75fe87a0, 0x0000015e75fe59b0, 0x0000015e75fe8110, 0x0000015e75fe6d60,
0x0000015e75fe73f0, 0x0000015e75fe8e30, 0x0000015e75fe7a80, 0x0000015e75fe66d0,
0x0000015e75fe94c0, 0x0000015e75fe6040, 0x0000015e75fec2b0, 0x0000015e75feb590,
0x0000015e75febc20, 0x0000015e75fea870, 0x0000015e75fea1e0
}

Java Threads: ( => current thread )
  0x0000015e13e1c330 JavaThread "main"                              [_thread_blocked, id=22628, stack(0x000000580eb00000,0x000000580ec00000) (1024K)]
  0x0000015e13ebffa0 JavaThread "Reference Handler"          daemon [_thread_blocked, id=20668, stack(0x000000580ef00000,0x000000580f000000) (1024K)]
  0x0000015e13ec2270 JavaThread "Finalizer"                  daemon [_thread_blocked, id=14740, stack(0x000000580f000000,0x000000580f100000) (1024K)]
  0x0000015e13ec58a0 JavaThread "Signal Dispatcher"          daemon [_thread_blocked, id=13544, stack(0x000000580f100000,0x000000580f200000) (1024K)]
  0x0000015e13ec6500 JavaThread "Attach Listener"            daemon [_thread_blocked, id=24680, stack(0x000000580f200000,0x000000580f300000) (1024K)]
  0x0000015e13ec8f70 JavaThread "Service Thread"             daemon [_thread_blocked, id=24136, stack(0x000000580f300000,0x000000580f400000) (1024K)]
  0x0000015e13ec99d0 JavaThread "Monitor Deflation Thread"   daemon [_thread_blocked, id=9292, stack(0x000000580f400000,0x000000580f500000) (1024K)]
  0x0000015e13eca810 JavaThread "C2 CompilerThread0"         daemon [_thread_in_native, id=13952, stack(0x000000580f500000,0x000000580f600000) (1024K)]
  0x0000015e13ede8e0 JavaThread "C1 CompilerThread0"         daemon [_thread_blocked, id=22340, stack(0x000000580f600000,0x000000580f700000) (1024K)]
  0x0000015e6cf9f1c0 JavaThread "Common-Cleaner"             daemon [_thread_blocked, id=10880, stack(0x000000580f700000,0x000000580f800000) (1024K)]
  0x0000015e6d05e9a0 JavaThread "Notification Thread"        daemon [_thread_blocked, id=25400, stack(0x000000580f800000,0x000000580f900000) (1024K)]
  0x0000015e7284b830 JavaThread "Active Thread: Equinox Container: aabb48f2-d120-450a-853a-a08767bb52e9"        [_thread_blocked, id=22696, stack(0x000000580ff00000,0x0000005810000000) (1024K)]
  0x0000015e7261e490 JavaThread "Refresh Thread: Equinox Container: aabb48f2-d120-450a-853a-a08767bb52e9" daemon [_thread_blocked, id=11204, stack(0x0000005810200000,0x0000005810300000) (1024K)]
  0x0000015e7274a530 JavaThread "Framework Event Dispatcher: Equinox Container: aabb48f2-d120-450a-853a-a08767bb52e9" daemon [_thread_blocked, id=3044, stack(0x0000005810300000,0x0000005810400000) (1024K)]
  0x0000015e7274af70 JavaThread "Start Level: Equinox Container: aabb48f2-d120-450a-853a-a08767bb52e9" daemon [_thread_blocked, id=23940, stack(0x0000005810400000,0x0000005810500000) (1024K)]
  0x0000015e72ad6970 JavaThread "Bundle File Closer"         daemon [_thread_blocked, id=24760, stack(0x0000005810700000,0x0000005810800000) (1024K)]
  0x0000015e727b90b0 JavaThread "SCR Component Actor"        daemon [_thread_blocked, id=24916, stack(0x0000005810000000,0x0000005810100000) (1024K)]
  0x0000015e72919880 JavaThread "Worker-JM"                         [_thread_blocked, id=14352, stack(0x0000005810900000,0x0000005810a00000) (1024K)]
  0x0000015e6cfb3d40 JavaThread "JNA Cleaner"                daemon [_thread_blocked, id=7344, stack(0x0000005810800000,0x0000005810900000) (1024K)]
  0x0000015e6cfb4a60 JavaThread "Worker-0"                          [_thread_blocked, id=13088, stack(0x0000005810a00000,0x0000005810b00000) (1024K)]
  0x0000015e6cfb36b0 JavaThread "Worker-1"                          [_thread_blocked, id=19920, stack(0x0000005810b00000,0x0000005810c00000) (1024K)]
  0x0000015e737500d0 JavaThread "C2 CompilerThread1"         daemon [_thread_in_native, id=19924, stack(0x0000005810c00000,0x0000005810d00000) (1024K)]
=>0x0000015e732551e0 JavaThread "C2 CompilerThread2"         daemon [_thread_in_native, id=7768, stack(0x0000005810d00000,0x0000005810e00000) (1024K)]
  0x0000015e6cfb50f0 JavaThread "Java indexing"              daemon [_thread_in_Java, id=5100, stack(0x0000005810e00000,0x0000005810f00000) (1024K)]
  0x0000015e6cfb5780 JavaThread "Worker-2"                          [_thread_blocked, id=1700, stack(0x0000005810f00000,0x0000005811000000) (1024K)]
  0x0000015e6cfb43d0 JavaThread "Worker-3: Java indexing... "        [_thread_blocked, id=24368, stack(0x0000005811200000,0x0000005811300000) (1024K)]
  0x0000015e6cfb64a0 JavaThread "Worker-4"                          [_thread_blocked, id=19684, stack(0x0000005811300000,0x0000005811400000) (1024K)]
  0x0000015e6cfb3020 JavaThread "Thread-1"                   daemon [_thread_in_native, id=16700, stack(0x0000005811400000,0x0000005811500000) (1024K)]
  0x0000015e75fe87a0 JavaThread "Thread-2"                   daemon [_thread_in_native, id=1620, stack(0x0000005811500000,0x0000005811600000) (1024K)]
  0x0000015e75fe59b0 JavaThread "Thread-3"                   daemon [_thread_in_native, id=11848, stack(0x0000005811600000,0x0000005811700000) (1024K)]
  0x0000015e75fe8110 JavaThread "Thread-4"                   daemon [_thread_in_native, id=21380, stack(0x0000005811700000,0x0000005811800000) (1024K)]
  0x0000015e75fe6d60 JavaThread "Thread-5"                   daemon [_thread_in_native, id=3552, stack(0x0000005811800000,0x0000005811900000) (1024K)]
  0x0000015e75fe73f0 JavaThread "Thread-6"                   daemon [_thread_in_native, id=13344, stack(0x0000005811900000,0x0000005811a00000) (1024K)]
  0x0000015e75fe8e30 JavaThread "Thread-7"                   daemon [_thread_in_native, id=9552, stack(0x0000005811a00000,0x0000005811b00000) (1024K)]
  0x0000015e75fe7a80 JavaThread "Thread-8"                   daemon [_thread_in_native, id=14040, stack(0x0000005811b00000,0x0000005811c00000) (1024K)]
  0x0000015e75fe66d0 JavaThread "Thread-9"                   daemon [_thread_in_native, id=8904, stack(0x0000005811c00000,0x0000005811d00000) (1024K)]
  0x0000015e75fe94c0 JavaThread "Thread-10"                  daemon [_thread_in_native, id=24980, stack(0x0000005811d00000,0x0000005811e00000) (1024K)]
  0x0000015e75fe6040 JavaThread "Thread-11"                  daemon [_thread_in_native, id=14904, stack(0x0000005811e00000,0x0000005811f00000) (1024K)]
  0x0000015e75fec2b0 JavaThread "Thread-12"                  daemon [_thread_in_native, id=13864, stack(0x0000005811f00000,0x0000005812000000) (1024K)]
  0x0000015e75feb590 JavaThread "Thread-13"                  daemon [_thread_in_native, id=7180, stack(0x0000005812000000,0x0000005812100000) (1024K)]
  0x0000015e75febc20 JavaThread "pool-2-thread-1"                   [_thread_blocked, id=14312, stack(0x0000005812100000,0x0000005812200000) (1024K)]
  0x0000015e75fea870 JavaThread "WorkspaceEventsHandler"            [_thread_blocked, id=24584, stack(0x0000005812200000,0x0000005812300000) (1024K)]
  0x0000015e75fea1e0 JavaThread "pool-1-thread-1"                   [_thread_blocked, id=25192, stack(0x0000005812300000,0x0000005812400000) (1024K)]
Total: 43

Other Threads:
  0x0000015e2a8b4200 VMThread "VM Thread"                           [id=21464, stack(0x000000580ee00000,0x000000580ef00000) (1024K)]
  0x0000015e2a7ac950 WatcherThread "VM Periodic Task Thread"        [id=5236, stack(0x000000580ed00000,0x000000580ee00000) (1024K)]
  0x0000015e13e3aa90 WorkerThread "GC Thread#0"                     [id=2760, stack(0x000000580ec00000,0x000000580ed00000) (1024K)]
  0x0000015e72177a50 WorkerThread "GC Thread#1"                     [id=24160, stack(0x000000580f900000,0x000000580fa00000) (1024K)]
  0x0000015e72177e00 WorkerThread "GC Thread#2"                     [id=9548, stack(0x000000580fa00000,0x000000580fb00000) (1024K)]
  0x0000015e721781b0 WorkerThread "GC Thread#3"                     [id=2576, stack(0x000000580fb00000,0x000000580fc00000) (1024K)]
  0x0000015e72547070 WorkerThread "GC Thread#4"                     [id=23676, stack(0x000000580fc00000,0x000000580fd00000) (1024K)]
  0x0000015e72547420 WorkerThread "GC Thread#5"                     [id=10000, stack(0x000000580fd00000,0x000000580fe00000) (1024K)]
  0x0000015e725477d0 WorkerThread "GC Thread#6"                     [id=9944, stack(0x000000580fe00000,0x000000580ff00000) (1024K)]
  0x0000015e7261d2a0 WorkerThread "GC Thread#7"                     [id=1088, stack(0x0000005810100000,0x0000005810200000) (1024K)]
  0x0000015e7287a5e0 WorkerThread "GC Thread#8"                     [id=17208, stack(0x0000005810500000,0x0000005810600000) (1024K)]
  0x0000015e72990240 WorkerThread "GC Thread#9"                     [id=23156, stack(0x0000005810600000,0x0000005810700000) (1024K)]
Total: 12

Threads with active compile tasks:
C2 CompilerThread0  13732 6976       4       org.eclipse.jdt.internal.compiler.util.JrtFileSystem$2::visitFile (10 bytes)
C2 CompilerThread1  13732 6982       4       org.eclipse.jdt.internal.compiler.util.JrtFileSystem$2::visitFile (72 bytes)
C2 CompilerThread2  13732 6953       4       jdk.internal.jimage.ImageReader$SharedImageReader$$Lambda/0x0000015e2c554de0::visit (13 bytes)
Total: 3

VM state: not at safepoint (normal execution)

VM Mutex/Monitor currently owned by a thread: None

Heap address: 0x0000000080000000, size: 2048 MB, Compressed Oops mode: 32-bit

CDS archive(s) mapped at: [0x0000015e2b000000-0x0000015e2bba0000-0x0000015e2bba0000), size 12189696, SharedBaseAddress: 0x0000015e2b000000, ArchiveRelocationMode: 1.
Compressed class space mapped at: 0x0000015e2c000000-0x0000015e6c000000, reserved size: 1073741824
Narrow klass base: 0x0000015e2b000000, Narrow klass shift: 0, Narrow klass range: 0x100000000

GC Precious Log:
 CardTable entry size: 512
 CPUs: 12 total, 12 available
 Memory: 16163M
 Large Page Support: Disabled
 NUMA Support: Disabled
 Compressed Oops: Enabled (32-bit)
 Alignments: Space 512K, Generation 512K, Heap 2M
 Heap Min Capacity: 100M
 Heap Initial Capacity: 100M
 Heap Max Capacity: 2G
 Pre-touch: Disabled
 Parallel Workers: 10

Heap:
 PSYoungGen      total 16896K, used 5828K [0x00000000d5580000, 0x00000000d6880000, 0x0000000100000000)
  eden space 15360K, 28% used [0x00000000d5580000,0x00000000d59d9190,0x00000000d6480000)
  from space 1536K, 89% used [0x00000000d6480000,0x00000000d65d8000,0x00000000d6600000)
  to   space 2048K, 0% used [0x00000000d6680000,0x00000000d6680000,0x00000000d6880000)
 ParOldGen       total 68608K, used 45369K [0x0000000080000000, 0x0000000084300000, 0x00000000d5580000)
  object space 68608K, 66% used [0x0000000080000000,0x0000000082c4e5d8,0x0000000084300000)
 Metaspace       used 45863K, committed 47168K, reserved 1114112K
  class space    used 4948K, committed 5504K, reserved 1048576K

Card table byte_map: [0x0000015e137c0000,0x0000015e13bd0000] _byte_map_base: 0x0000015e133c0000

Marking Bits: (ParMarkBitMap*) 0x00007ff8a1963450
 Begin Bits: [0x0000015e262d0000, 0x0000015e282d0000)
 End Bits:   [0x0000015e282d0000, 0x0000015e2a2d0000)

Polling page: 0x0000015e11df0000

Metaspace:

Usage:
  Non-class:     39.96 MB used.
      Class:      4.83 MB used.
       Both:     44.79 MB used.

Virtual space:
  Non-class space:       64.00 MB reserved,      40.69 MB ( 64%) committed,  1 nodes.
      Class space:        1.00 GB reserved,       5.38 MB ( <1%) committed,  1 nodes.
             Both:        1.06 GB reserved,      46.06 MB (  4%) committed. 

Chunk freelists:
   Non-Class:  6.83 MB
       Class:  10.66 MB
        Both:  17.48 MB

MaxMetaspaceSize: unlimited
CompressedClassSpaceSize: 1.00 GB
Initial GC threshold: 21.00 MB
Current GC threshold: 58.38 MB
CDS: on
 - commit_granule_bytes: 65536.
 - commit_granule_words: 8192.
 - virtual_space_node_default_size: 8388608.
 - enlarge_chunks_in_place: 1.
 - use_allocation_guard: 0.


Internal statistics:

num_allocs_failed_limit: 6.
num_arena_births: 990.
num_arena_deaths: 14.
num_vsnodes_births: 2.
num_vsnodes_deaths: 0.
num_space_committed: 737.
num_space_uncommitted: 0.
num_chunks_returned_to_freelist: 20.
num_chunks_taken_from_freelist: 3132.
num_chunk_merges: 12.
num_chunk_splits: 1912.
num_chunks_enlarged: 1043.
num_inconsistent_stats: 0.

CodeHeap 'non-profiled nmethods': size=120000Kb used=3766Kb max_used=3766Kb free=116233Kb
 bounds [0x0000015e1eaf0000, 0x0000015e1eea0000, 0x0000015e26020000]
CodeHeap 'profiled nmethods': size=120000Kb used=13246Kb max_used=13246Kb free=106754Kb
 bounds [0x0000015e17020000, 0x0000015e17d10000, 0x0000015e1e550000]
CodeHeap 'non-nmethods': size=5760Kb used=1379Kb max_used=1450Kb free=4380Kb
 bounds [0x0000015e1e550000, 0x0000015e1e7c0000, 0x0000015e1eaf0000]
CodeCache: size=245760Kb, used=18391Kb, max_used=18462Kb, free=227367Kb
 total_blobs=7030, nmethods=6361, adapters=575, full_count=0
Compilation: enabled, stopped_count=0, restarted_count=0

Compilation events (20 events):
Event: 13.505 Thread 0x0000015e13eca810 nmethod 6981 0x0000015e1ee8b010 code [0x0000015e1ee8b200, 0x0000015e1ee8b6b0]
Event: 13.505 Thread 0x0000015e13eca810 6954       4       jdk.internal.jimage.ImageReader$SharedImageReader::lambda$handleModulesSubTree$1 (58 bytes)
Event: 13.507 Thread 0x0000015e737500d0 nmethod 6968 0x0000015e1ee8ba10 code [0x0000015e1ee8bc00, 0x0000015e1ee8c480]
Event: 13.507 Thread 0x0000015e737500d0 6969       4       jdk.internal.jrtfs.JrtPath::getNameCount (10 bytes)
Event: 13.517 Thread 0x0000015e737500d0 nmethod 6969 0x0000015e1ee8c990 code [0x0000015e1ee8cbc0, 0x0000015e1ee8d620]
Event: 13.517 Thread 0x0000015e737500d0 6970       4       jdk.internal.jimage.ImageLocation::buildName (128 bytes)
Event: 13.558 Thread 0x0000015e737500d0 nmethod 6970 0x0000015e1ee8dd90 code [0x0000015e1ee8e140, 0x0000015e1ee90540]
Event: 13.558 Thread 0x0000015e737500d0 6971       4       jdk.internal.jimage.ImageReader$Resource::create (17 bytes)
Event: 13.566 Thread 0x0000015e737500d0 nmethod 6971 0x0000015e1ee91890 code [0x0000015e1ee91a80, 0x0000015e1ee92290]
Event: 13.567 Thread 0x0000015e737500d0 6973       4       jdk.internal.jrtfs.JrtPath::getName (6 bytes)
Event: 13.591 Thread 0x0000015e737500d0 nmethod 6973 0x0000015e1ee92810 code [0x0000015e1ee92b00, 0x0000015e1ee94100]
Event: 13.591 Thread 0x0000015e737500d0 6975       4       jdk.internal.jrtfs.JrtPath::getName (116 bytes)
Event: 13.603 Thread 0x0000015e13ede8e0 6988       3       java.util.concurrent.locks.AbstractQueuedSynchronizer::acquire (20 bytes)
Event: 13.604 Thread 0x0000015e13ede8e0 nmethod 6988 0x0000015e17d0e410 code [0x0000015e17d0e5e0, 0x0000015e17d0e850]
Event: 13.615 Thread 0x0000015e13eca810 nmethod 6954 0x0000015e1ee95090 code [0x0000015e1ee955c0, 0x0000015e1ee98e40]
Event: 13.615 Thread 0x0000015e13eca810 6976       4       org.eclipse.jdt.internal.compiler.util.JrtFileSystem$2::visitFile (10 bytes)
Event: 13.621 Thread 0x0000015e737500d0 nmethod 6975 0x0000015e1ee9b210 code [0x0000015e1ee9b500, 0x0000015e1ee9cb00]
Event: 13.621 Thread 0x0000015e737500d0 6982       4       org.eclipse.jdt.internal.compiler.util.JrtFileSystem$2::visitFile (72 bytes)
Event: 13.661 Thread 0x0000015e13ede8e0 6989       3       org.eclipse.jdt.internal.compiler.util.Util::isClassFileName (82 bytes)
Event: 13.662 Thread 0x0000015e13ede8e0 nmethod 6989 0x0000015e17d0e910 code [0x0000015e17d0eb60, 0x0000015e17d0f428]

GC Heap History (20 events):
Event: 12.415 GC heap before
{Heap before GC invocations=20 (full 2):
 PSYoungGen      total 23552K, used 23456K [0x00000000d5580000, 0x00000000d7000000, 0x0000000100000000)
  eden space 20992K, 100% used [0x00000000d5580000,0x00000000d6a00000,0x00000000d6a00000)
  from space 2560K, 96% used [0x00000000d6a00000,0x00000000d6c68000,0x00000000d6c80000)
  to   space 3072K, 0% used [0x00000000d6d00000,0x00000000d6d00000,0x00000000d7000000)
 ParOldGen       total 68608K, used 25172K [0x0000000080000000, 0x0000000084300000, 0x00000000d5580000)
  object space 68608K, 36% used [0x0000000080000000,0x0000000081895250,0x0000000084300000)
 Metaspace       used 42914K, committed 44160K, reserved 1114112K
  class space    used 4630K, committed 5184K, reserved 1048576K
}
Event: 12.419 GC heap after
{Heap after GC invocations=20 (full 2):
 PSYoungGen      total 24064K, used 2752K [0x00000000d5580000, 0x00000000d7000000, 0x0000000100000000)
  eden space 20992K, 0% used [0x00000000d5580000,0x00000000d5580000,0x00000000d6a00000)
  from space 3072K, 89% used [0x00000000d6d00000,0x00000000d6fb0000,0x00000000d7000000)
  to   space 3072K, 0% used [0x00000000d6a00000,0x00000000d6a00000,0x00000000d6d00000)
 ParOldGen       total 68608K, used 27459K [0x0000000080000000, 0x0000000084300000, 0x00000000d5580000)
  object space 68608K, 40% used [0x0000000080000000,0x0000000081ad0f50,0x0000000084300000)
 Metaspace       used 42914K, committed 44160K, reserved 1114112K
  class space    used 4630K, committed 5184K, reserved 1048576K
}
Event: 12.945 GC heap before
{Heap before GC invocations=21 (full 2):
 PSYoungGen      total 24064K, used 23744K [0x00000000d5580000, 0x00000000d7000000, 0x0000000100000000)
  eden space 20992K, 100% used [0x00000000d5580000,0x00000000d6a00000,0x00000000d6a00000)
  from space 3072K, 89% used [0x00000000d6d00000,0x00000000d6fb0000,0x00000000d7000000)
  to   space 3072K, 0% used [0x00000000d6a00000,0x00000000d6a00000,0x00000000d6d00000)
 ParOldGen       total 68608K, used 27459K [0x0000000080000000, 0x0000000084300000, 0x00000000d5580000)
  object space 68608K, 40% used [0x0000000080000000,0x0000000081ad0f50,0x0000000084300000)
 Metaspace       used 44725K, committed 46016K, reserved 1114112K
  class space    used 4854K, committed 5440K, reserved 1048576K
}
Event: 12.948 GC heap after
{Heap after GC invocations=21 (full 2):
 PSYoungGen      total 23040K, used 1824K [0x00000000d5580000, 0x00000000d6f00000, 0x0000000100000000)
  eden space 20992K, 0% used [0x00000000d5580000,0x00000000d5580000,0x00000000d6a00000)
  from space 2048K, 89% used [0x00000000d6a00000,0x00000000d6bc8000,0x00000000d6c00000)
  to   space 2560K, 0% used [0x00000000d6c80000,0x00000000d6c80000,0x00000000d6f00000)
 ParOldGen       total 68608K, used 30085K [0x0000000080000000, 0x0000000084300000, 0x00000000d5580000)
  object space 68608K, 43% used [0x0000000080000000,0x0000000081d61708,0x0000000084300000)
 Metaspace       used 44725K, committed 46016K, reserved 1114112K
  class space    used 4854K, committed 5440K, reserved 1048576K
}
Event: 13.270 GC heap before
{Heap before GC invocations=22 (full 2):
 PSYoungGen      total 23040K, used 22786K [0x00000000d5580000, 0x00000000d6f00000, 0x0000000100000000)
  eden space 20992K, 99% used [0x00000000d5580000,0x00000000d69f8810,0x00000000d6a00000)
  from space 2048K, 89% used [0x00000000d6a00000,0x00000000d6bc8000,0x00000000d6c00000)
  to   space 2560K, 0% used [0x00000000d6c80000,0x00000000d6c80000,0x00000000d6f00000)
 ParOldGen       total 68608K, used 30085K [0x0000000080000000, 0x0000000084300000, 0x00000000d5580000)
  object space 68608K, 43% used [0x0000000080000000,0x0000000081d61708,0x0000000084300000)
 Metaspace       used 45800K, committed 47104K, reserved 1114112K
  class space    used 4947K, committed 5504K, reserved 1048576K
}
Event: 13.275 GC heap after
{Heap after GC invocations=22 (full 2):
 PSYoungGen      total 19456K, used 2536K [0x00000000d5580000, 0x00000000d7700000, 0x0000000100000000)
  eden space 16896K, 0% used [0x00000000d5580000,0x00000000d5580000,0x00000000d6600000)
  from space 2560K, 99% used [0x00000000d6c80000,0x00000000d6efa0c8,0x00000000d6f00000)
  to   space 6656K, 0% used [0x00000000d6600000,0x00000000d6600000,0x00000000d6c80000)
 ParOldGen       total 68608K, used 33423K [0x0000000080000000, 0x0000000084300000, 0x00000000d5580000)
  object space 68608K, 48% used [0x0000000080000000,0x00000000820a3da8,0x0000000084300000)
 Metaspace       used 45800K, committed 47104K, reserved 1114112K
  class space    used 4947K, committed 5504K, reserved 1048576K
}
Event: 13.347 GC heap before
{Heap before GC invocations=23 (full 2):
 PSYoungGen      total 19456K, used 19432K [0x00000000d5580000, 0x00000000d7700000, 0x0000000100000000)
  eden space 16896K, 100% used [0x00000000d5580000,0x00000000d6600000,0x00000000d6600000)
  from space 2560K, 99% used [0x00000000d6c80000,0x00000000d6efa0c8,0x00000000d6f00000)
  to   space 6656K, 0% used [0x00000000d6600000,0x00000000d6600000,0x00000000d6c80000)
 ParOldGen       total 68608K, used 33423K [0x0000000080000000, 0x0000000084300000, 0x00000000d5580000)
  object space 68608K, 48% used [0x0000000080000000,0x00000000820a3da8,0x0000000084300000)
 Metaspace       used 45855K, committed 47168K, reserved 1114112K
  class space    used 4947K, committed 5504K, reserved 1048576K
}
Event: 13.351 GC heap after
{Heap after GC invocations=23 (full 2):
 PSYoungGen      total 19456K, used 2306K [0x00000000d5580000, 0x00000000d6e00000, 0x0000000100000000)
  eden space 16896K, 0% used [0x00000000d5580000,0x00000000d5580000,0x00000000d6600000)
  from space 2560K, 90% used [0x00000000d6600000,0x00000000d6840bb0,0x00000000d6880000)
  to   space 4096K, 0% used [0x00000000d6a00000,0x00000000d6a00000,0x00000000d6e00000)
 ParOldGen       total 68608K, used 35678K [0x0000000080000000, 0x0000000084300000, 0x00000000d5580000)
  object space 68608K, 52% used [0x0000000080000000,0x00000000822d7a08,0x0000000084300000)
 Metaspace       used 45855K, committed 47168K, reserved 1114112K
  class space    used 4947K, committed 5504K, reserved 1048576K
}
Event: 13.407 GC heap before
{Heap before GC invocations=24 (full 2):
 PSYoungGen      total 19456K, used 19202K [0x00000000d5580000, 0x00000000d6e00000, 0x0000000100000000)
  eden space 16896K, 100% used [0x00000000d5580000,0x00000000d6600000,0x00000000d6600000)
  from space 2560K, 90% used [0x00000000d6600000,0x00000000d6840bb0,0x00000000d6880000)
  to   space 4096K, 0% used [0x00000000d6a00000,0x00000000d6a00000,0x00000000d6e00000)
 ParOldGen       total 68608K, used 35678K [0x0000000080000000, 0x0000000084300000, 0x00000000d5580000)
  object space 68608K, 52% used [0x0000000080000000,0x00000000822d7a08,0x0000000084300000)
 Metaspace       used 45855K, committed 47168K, reserved 1114112K
  class space    used 4947K, committed 5504K, reserved 1048576K
}
Event: 13.411 GC heap after
{Heap after GC invocations=24 (full 2):
 PSYoungGen      total 18944K, used 1568K [0x00000000d5580000, 0x00000000d6c00000, 0x0000000100000000)
  eden space 16896K, 0% used [0x00000000d5580000,0x00000000d5580000,0x00000000d6600000)
  from space 2048K, 76% used [0x00000000d6a00000,0x00000000d6b88000,0x00000000d6c00000)
  to   space 2560K, 0% used [0x00000000d6700000,0x00000000d6700000,0x00000000d6980000)
 ParOldGen       total 68608K, used 37929K [0x0000000080000000, 0x0000000084300000, 0x00000000d5580000)
  object space 68608K, 55% used [0x0000000080000000,0x000000008250a5b8,0x0000000084300000)
 Metaspace       used 45855K, committed 47168K, reserved 1114112K
  class space    used 4947K, committed 5504K, reserved 1048576K
}
Event: 13.475 GC heap before
{Heap before GC invocations=25 (full 2):
 PSYoungGen      total 18944K, used 18464K [0x00000000d5580000, 0x00000000d6c00000, 0x0000000100000000)
  eden space 16896K, 100% used [0x00000000d5580000,0x00000000d6600000,0x00000000d6600000)
  from space 2048K, 76% used [0x00000000d6a00000,0x00000000d6b88000,0x00000000d6c00000)
  to   space 2560K, 0% used [0x00000000d6700000,0x00000000d6700000,0x00000000d6980000)
 ParOldGen       total 68608K, used 37929K [0x0000000080000000, 0x0000000084300000, 0x00000000d5580000)
  object space 68608K, 55% used [0x0000000080000000,0x000000008250a5b8,0x0000000084300000)
 Metaspace       used 45856K, committed 47168K, reserved 1114112K
  class space    used 4947K, committed 5504K, reserved 1048576K
}
Event: 13.479 GC heap after
{Heap after GC invocations=25 (full 2):
 PSYoungGen      total 18944K, used 1760K [0x00000000d5580000, 0x00000000d6a80000, 0x0000000100000000)
  eden space 16896K, 0% used [0x00000000d5580000,0x00000000d5580000,0x00000000d6600000)
  from space 2048K, 85% used [0x00000000d6700000,0x00000000d68b8010,0x00000000d6900000)
  to   space 1536K, 0% used [0x00000000d6900000,0x00000000d6900000,0x00000000d6a80000)
 ParOldGen       total 68608K, used 39369K [0x0000000080000000, 0x0000000084300000, 0x00000000d5580000)
  object space 68608K, 57% used [0x0000000080000000,0x00000000826725b8,0x0000000084300000)
 Metaspace       used 45856K, committed 47168K, reserved 1114112K
  class space    used 4947K, committed 5504K, reserved 1048576K
}
Event: 13.530 GC heap before
{Heap before GC invocations=26 (full 2):
 PSYoungGen      total 18944K, used 18656K [0x00000000d5580000, 0x00000000d6a80000, 0x0000000100000000)
  eden space 16896K, 100% used [0x00000000d5580000,0x00000000d6600000,0x00000000d6600000)
  from space 2048K, 85% used [0x00000000d6700000,0x00000000d68b8010,0x00000000d6900000)
  to   space 1536K, 0% used [0x00000000d6900000,0x00000000d6900000,0x00000000d6a80000)
 ParOldGen       total 68608K, used 39369K [0x0000000080000000, 0x0000000084300000, 0x00000000d5580000)
  object space 68608K, 57% used [0x0000000080000000,0x00000000826725b8,0x0000000084300000)
 Metaspace       used 45858K, committed 47168K, reserved 1114112K
  class space    used 4947K, committed 5504K, reserved 1048576K
}
Event: 13.534 GC heap after
{Heap after GC invocations=26 (full 2):
 PSYoungGen      total 18432K, used 1504K [0x00000000d5580000, 0x00000000d6a80000, 0x0000000100000000)
  eden space 16896K, 0% used [0x00000000d5580000,0x00000000d5580000,0x00000000d6600000)
  from space 1536K, 97% used [0x00000000d6900000,0x00000000d6a78000,0x00000000d6a80000)
  to   space 2048K, 0% used [0x00000000d6680000,0x00000000d6680000,0x00000000d6880000)
 ParOldGen       total 68608K, used 40961K [0x0000000080000000, 0x0000000084300000, 0x00000000d5580000)
  object space 68608K, 59% used [0x0000000080000000,0x00000000828005c8,0x0000000084300000)
 Metaspace       used 45858K, committed 47168K, reserved 1114112K
  class space    used 4947K, committed 5504K, reserved 1048576K
}
Event: 13.593 GC heap before
{Heap before GC invocations=27 (full 2):
 PSYoungGen      total 18432K, used 18400K [0x00000000d5580000, 0x00000000d6a80000, 0x0000000100000000)
  eden space 16896K, 100% used [0x00000000d5580000,0x00000000d6600000,0x00000000d6600000)
  from space 1536K, 97% used [0x00000000d6900000,0x00000000d6a78000,0x00000000d6a80000)
  to   space 2048K, 0% used [0x00000000d6680000,0x00000000d6680000,0x00000000d6880000)
 ParOldGen       total 68608K, used 40961K [0x0000000080000000, 0x0000000084300000, 0x00000000d5580000)
  object space 68608K, 59% used [0x0000000080000000,0x00000000828005c8,0x0000000084300000)
 Metaspace       used 45858K, committed 47168K, reserved 1114112K
  class space    used 4947K, committed 5504K, reserved 1048576K
}
Event: 13.597 GC heap after
{Heap after GC invocations=27 (full 2):
 PSYoungGen      total 18432K, used 1472K [0x00000000d5580000, 0x00000000d6980000, 0x0000000100000000)
  eden space 16896K, 0% used [0x00000000d5580000,0x00000000d5580000,0x00000000d6600000)
  from space 1536K, 95% used [0x00000000d6680000,0x00000000d67f0000,0x00000000d6800000)
  to   space 1536K, 0% used [0x00000000d6800000,0x00000000d6800000,0x00000000d6980000)
 ParOldGen       total 68608K, used 42337K [0x0000000080000000, 0x0000000084300000, 0x00000000d5580000)
  object space 68608K, 61% used [0x0000000080000000,0x00000000829585c8,0x0000000084300000)
 Metaspace       used 45858K, committed 47168K, reserved 1114112K
  class space    used 4947K, committed 5504K, reserved 1048576K
}
Event: 13.649 GC heap before
{Heap before GC invocations=28 (full 2):
 PSYoungGen      total 18432K, used 18368K [0x00000000d5580000, 0x00000000d6980000, 0x0000000100000000)
  eden space 16896K, 100% used [0x00000000d5580000,0x00000000d6600000,0x00000000d6600000)
  from space 1536K, 95% used [0x00000000d6680000,0x00000000d67f0000,0x00000000d6800000)
  to   space 1536K, 0% used [0x00000000d6800000,0x00000000d6800000,0x00000000d6980000)
 ParOldGen       total 68608K, used 42337K [0x0000000080000000, 0x0000000084300000, 0x00000000d5580000)
  object space 68608K, 61% used [0x0000000080000000,0x00000000829585c8,0x0000000084300000)
 Metaspace       used 45858K, committed 47168K, reserved 1114112K
  class space    used 4947K, committed 5504K, reserved 1048576K
}
Event: 13.655 GC heap after
{Heap after GC invocations=28 (full 2):
 PSYoungGen      total 16896K, used 1504K [0x00000000d5580000, 0x00000000d6d00000, 0x0000000100000000)
  eden space 15360K, 0% used [0x00000000d5580000,0x00000000d5580000,0x00000000d6480000)
  from space 1536K, 97% used [0x00000000d6800000,0x00000000d6978010,0x00000000d6980000)
  to   space 3584K, 0% used [0x00000000d6480000,0x00000000d6480000,0x00000000d6800000)
 ParOldGen       total 68608K, used 43857K [0x0000000080000000, 0x0000000084300000, 0x00000000d5580000)
  object space 68608K, 63% used [0x0000000080000000,0x0000000082ad45c8,0x0000000084300000)
 Metaspace       used 45858K, committed 47168K, reserved 1114112K
  class space    used 4947K, committed 5504K, reserved 1048576K
}
Event: 13.689 GC heap before
{Heap before GC invocations=29 (full 2):
 PSYoungGen      total 16896K, used 16864K [0x00000000d5580000, 0x00000000d6d00000, 0x0000000100000000)
  eden space 15360K, 100% used [0x00000000d5580000,0x00000000d6480000,0x00000000d6480000)
  from space 1536K, 97% used [0x00000000d6800000,0x00000000d6978010,0x00000000d6980000)
  to   space 3584K, 0% used [0x00000000d6480000,0x00000000d6480000,0x00000000d6800000)
 ParOldGen       total 68608K, used 43857K [0x0000000080000000, 0x0000000084300000, 0x00000000d5580000)
  object space 68608K, 63% used [0x0000000080000000,0x0000000082ad45c8,0x0000000084300000)
 Metaspace       used 45858K, committed 47168K, reserved 1114112K
  class space    used 4947K, committed 5504K, reserved 1048576K
}
Event: 13.692 GC heap after
{Heap after GC invocations=29 (full 2):
 PSYoungGen      total 16896K, used 1376K [0x00000000d5580000, 0x00000000d6880000, 0x0000000100000000)
  eden space 15360K, 0% used [0x00000000d5580000,0x00000000d5580000,0x00000000d6480000)
  from space 1536K, 89% used [0x00000000d6480000,0x00000000d65d8000,0x00000000d6600000)
  to   space 2048K, 0% used [0x00000000d6680000,0x00000000d6680000,0x00000000d6880000)
 ParOldGen       total 68608K, used 45369K [0x0000000080000000, 0x0000000084300000, 0x00000000d5580000)
  object space 68608K, 66% used [0x0000000080000000,0x0000000082c4e5d8,0x0000000084300000)
 Metaspace       used 45858K, committed 47168K, reserved 1114112K
  class space    used 4947K, committed 5504K, reserved 1048576K
}

Dll operation events (10 events):
Event: 0.020 Loaded shared library c:\Users\ACER\.vscode\extensions\redhat.java-1.54.0-win32-x64\jre\21.0.10-win32-x86_64\bin\java.dll
Event: 0.230 Loaded shared library c:\Users\ACER\.vscode\extensions\redhat.java-1.54.0-win32-x64\jre\21.0.10-win32-x86_64\bin\zip.dll
Event: 0.260 Loaded shared library C:\Users\ACER\.vscode\extensions\redhat.java-1.54.0-win32-x64\jre\21.0.10-win32-x86_64\bin\instrument.dll
Event: 0.268 Loaded shared library C:\Users\ACER\.vscode\extensions\redhat.java-1.54.0-win32-x64\jre\21.0.10-win32-x86_64\bin\net.dll
Event: 0.272 Loaded shared library C:\Users\ACER\.vscode\extensions\redhat.java-1.54.0-win32-x64\jre\21.0.10-win32-x86_64\bin\nio.dll
Event: 0.278 Loaded shared library C:\Users\ACER\.vscode\extensions\redhat.java-1.54.0-win32-x64\jre\21.0.10-win32-x86_64\bin\zip.dll
Event: 0.316 Loaded shared library C:\Users\ACER\.vscode\extensions\redhat.java-1.54.0-win32-x64\jre\21.0.10-win32-x86_64\bin\jimage.dll
Event: 0.499 Loaded shared library c:\Users\ACER\.vscode\extensions\redhat.java-1.54.0-win32-x64\jre\21.0.10-win32-x86_64\bin\verify.dll
Event: 3.539 Loaded shared library C:\Users\ACER\AppData\Roaming\Code\User\globalStorage\redhat.java\1.54.0\config_win\org.eclipse.equinox.launcher\org.eclipse.equinox.launcher.win32.win32.x86_64_1.3.0.v20260203-2149\eclipse_11919.dll
Event: 8.360 Loaded shared library C:\Users\ACER\AppData\Local\Temp\jna-2003023\jna2361084643588159301.dll

Deoptimization events (20 events):
Event: 13.277 Thread 0x0000015e6cfb50f0 Uncommon trap: reason=bimorphic_or_optimized_type_check action=maybe_recompile pc=0x0000015e1ee61350 method=jdk.internal.jimage.ImageReader$SharedImageReader.findNode(Ljava/lang/String;)Ljdk/internal/jimage/ImageReader$Node; @ 22 c2
Event: 13.277 Thread 0x0000015e6cfb50f0 DEOPT PACKING pc=0x0000015e1ee61350 sp=0x0000005810efe780
Event: 13.277 Thread 0x0000015e6cfb50f0 DEOPT UNPACKING pc=0x0000015e1e5a6da2 sp=0x0000005810efe748 mode 2
Event: 13.312 Thread 0x0000015e6cfb50f0 Uncommon trap: trap_request=0xffffff45 fr.pc=0x0000015e1ee3acb8 relative=0x0000000000000338
Event: 13.312 Thread 0x0000015e6cfb50f0 Uncommon trap: reason=unstable_if action=reinterpret pc=0x0000015e1ee3acb8 method=org.eclipse.jdt.internal.compiler.util.SimpleLookupTable.put(Ljava/lang/Object;Ljava/lang/Object;)Ljava/lang/Object; @ 26 c2
Event: 13.312 Thread 0x0000015e6cfb50f0 DEOPT PACKING pc=0x0000015e1ee3acb8 sp=0x0000005810efeb00
Event: 13.312 Thread 0x0000015e6cfb50f0 DEOPT UNPACKING pc=0x0000015e1e5a6da2 sp=0x0000005810efeaa8 mode 2
Event: 13.313 Thread 0x0000015e6cfb50f0 Uncommon trap: trap_request=0xffffff45 fr.pc=0x0000015e1ee672e4 relative=0x00000000000001a4
Event: 13.313 Thread 0x0000015e6cfb50f0 Uncommon trap: reason=unstable_if action=reinterpret pc=0x0000015e1ee672e4 method=org.eclipse.jdt.internal.compiler.parser.Scanner.scanIdentifierOrKeywordWithBoundCheck()Lorg/eclipse/jdt/internal/compiler/parser/TerminalToken; @ 55 c2
Event: 13.313 Thread 0x0000015e6cfb50f0 DEOPT PACKING pc=0x0000015e1ee672e4 sp=0x0000005810efe940
Event: 13.313 Thread 0x0000015e6cfb50f0 DEOPT UNPACKING pc=0x0000015e1e5a6da2 sp=0x0000005810efe8d0 mode 2
Event: 13.377 Thread 0x0000015e6cfb50f0 Uncommon trap: trap_request=0xffffff45 fr.pc=0x0000015e1ee68a60 relative=0x0000000000000160
Event: 13.378 Thread 0x0000015e6cfb50f0 Uncommon trap: reason=unstable_if action=reinterpret pc=0x0000015e1ee68a60 method=jdk.internal.jrtfs.JrtPath.getFileName()Ljdk/internal/jrtfs/JrtPath; @ 50 c2
Event: 13.378 Thread 0x0000015e6cfb50f0 DEOPT PACKING pc=0x0000015e1ee68a60 sp=0x0000005810efea40
Event: 13.378 Thread 0x0000015e6cfb50f0 DEOPT UNPACKING pc=0x0000015e1e5a6da2 sp=0x0000005810efea18 mode 2
Event: 13.660 Thread 0x0000015e6cfb50f0 Uncommon trap: trap_request=0xffffff45 fr.pc=0x0000015e1ee70e98 relative=0x0000000000000158
Event: 13.660 Thread 0x0000015e6cfb50f0 Uncommon trap: reason=unstable_if action=reinterpret pc=0x0000015e1ee70e98 method=org.eclipse.jdt.internal.compiler.util.Util.isClassFileName(Ljava/lang/String;)Z @ 20 c2
Event: 13.660 Thread 0x0000015e6cfb50f0 DEOPT PACKING pc=0x0000015e1ee70e98 sp=0x0000005810efeb60
Event: 13.660 Thread 0x0000015e6cfb50f0 DEOPT UNPACKING pc=0x0000015e1e5a6da2 sp=0x0000005810efead8 mode 2
Event: 13.704 Thread 0x0000015e6cfb50f0 Uncommon trap: trap_request=0xffffff45 fr.pc=0x0000015e1ee98054 relative=0x0000000000002a94

Classes loaded (20 events):
Event: 13.161 Loading class java/nio/file/FileVisitOption
Event: 13.161 Loading class java/nio/file/FileVisitOption done
Event: 13.161 Loading class java/nio/file/FileTreeWalker
Event: 13.161 Loading class java/nio/file/FileTreeWalker done
Event: 13.161 Loading class java/util/RegularEnumSet$EnumSetIterator
Event: 13.161 Loading class java/util/RegularEnumSet$EnumSetIterator done
Event: 13.164 Loading class java/nio/ByteBufferAsIntBufferL
Event: 13.164 Loading class java/nio/ByteBufferAsIntBufferL done
Event: 13.169 Loading class jdk/internal/jimage/ImageReader$Directory
Event: 13.169 Loading class jdk/internal/jimage/ImageReader$Directory done
Event: 13.204 Loading class java/nio/file/FileTreeWalker$DirectoryNode
Event: 13.205 Loading class java/nio/file/FileTreeWalker$DirectoryNode done
Event: 13.205 Loading class java/nio/file/FileTreeWalker$Event
Event: 13.205 Loading class java/nio/file/FileTreeWalker$Event done
Event: 13.205 Loading class java/nio/file/FileTreeWalker$EventType
Event: 13.205 Loading class java/nio/file/FileTreeWalker$EventType done
Event: 13.205 Loading class java/nio/file/Files$3
Event: 13.206 Loading class java/nio/file/Files$3 done
Event: 13.206 Loading class java/nio/file/FileVisitResult
Event: 13.206 Loading class java/nio/file/FileVisitResult done

Classes unloaded (7 events):
Event: 9.402 Thread 0x0000015e2a8b4200 Unloading class 0x0000015e2c1aec00 'java/lang/invoke/LambdaForm$MH+0x0000015e2c1aec00'
Event: 9.402 Thread 0x0000015e2a8b4200 Unloading class 0x0000015e2c1ae800 'java/lang/invoke/LambdaForm$MH+0x0000015e2c1ae800'
Event: 9.402 Thread 0x0000015e2a8b4200 Unloading class 0x0000015e2c1ae400 'java/lang/invoke/LambdaForm$MH+0x0000015e2c1ae400'
Event: 9.402 Thread 0x0000015e2a8b4200 Unloading class 0x0000015e2c1ae000 'java/lang/invoke/LambdaForm$MH+0x0000015e2c1ae000'
Event: 9.402 Thread 0x0000015e2a8b4200 Unloading class 0x0000015e2c1adc00 'java/lang/invoke/LambdaForm$BMH+0x0000015e2c1adc00'
Event: 9.402 Thread 0x0000015e2a8b4200 Unloading class 0x0000015e2c1ad800 'java/lang/invoke/LambdaForm$DMH+0x0000015e2c1ad800'
Event: 9.402 Thread 0x0000015e2a8b4200 Unloading class 0x0000015e2c1ac400 'java/lang/invoke/LambdaForm$DMH+0x0000015e2c1ac400'

Classes redefined (0 events):
No events

Internal exceptions (20 events):
Event: 12.135 Thread 0x0000015e6cfb4a60 Exception <a 'sun/nio/fs/WindowsException'{0x00000000d6987930}> (0x00000000d6987930) 
thrown [s\src\hotspot\share\prims\jni.cpp, line 520]
Event: 12.137 Thread 0x0000015e6cfb4a60 Exception <a 'sun/nio/fs/WindowsException'{0x00000000d69bfb90}> (0x00000000d69bfb90) 
thrown [s\src\hotspot\share\prims\jni.cpp, line 520]
Event: 12.137 Thread 0x0000015e6cfb4a60 Exception <a 'sun/nio/fs/WindowsException'{0x00000000d69c03e0}> (0x00000000d69c03e0) 
thrown [s\src\hotspot\share\prims\jni.cpp, line 520]
Event: 12.172 Thread 0x0000015e6cfb36b0 Exception <a 'java/lang/NoSuchMethodError'{0x00000000d5731d18}: 'void java.lang.invoke.DirectMethodHandle$Holder.invokeStaticInit(java.lang.Object, java.lang.Object, java.lang.Object)'> (0x00000000d5731d18) 
thrown [s\src\hotspot\share\interpreter\linkResolver.cpp, line 773]
Event: 12.179 Thread 0x0000015e6cfb36b0 Exception <a 'java/lang/ExceptionInInitializerError'{0x00000000d579fb60}> (0x00000000d579fb60) 
thrown [s\src\hotspot\share\oops\instanceKlass.cpp, line 1220]
Event: 12.196 Thread 0x0000015e6cfb36b0 Implicit null exception at 0x0000015e1ecc40f7 to 0x0000015e1ecc4368
Event: 12.201 Thread 0x0000015e6cfb36b0 Implicit null exception at 0x0000015e1ec3b5fe to 0x0000015e1ec3b870
Event: 12.201 Thread 0x0000015e6cfb36b0 Implicit null exception at 0x0000015e1eba8d1c to 0x0000015e1eba9c40
Event: 12.204 Thread 0x0000015e6cfb36b0 Exception <a 'java/lang/NoSuchMethodError'{0x00000000d58a8420}: 'java.lang.Object java.lang.invoke.Invokers$Holder.invokeExact_MT(java.lang.Object, int, java.lang.Object)'> (0x00000000d58a8420) 
thrown [s\src\hotspot\share\interpreter\linkResolver.cpp, line 773]
Event: 12.456 Thread 0x0000015e6cfb4a60 Exception <a 'java/io/FileNotFoundException'{0x00000000d578dd40}> (0x00000000d578dd40) 
thrown [s\src\hotspot\share\prims\jni.cpp, line 520]
Event: 12.458 Thread 0x0000015e6cfb4a60 Exception <a 'java/io/FileNotFoundException'{0x00000000d578f308}> (0x00000000d578f308) 
thrown [s\src\hotspot\share\prims\jni.cpp, line 520]
Event: 12.460 Thread 0x0000015e6cfb4a60 Exception <a 'java/lang/NoSuchMethodError'{0x00000000d57cb2b8}: 'java.lang.Object java.lang.invoke.DirectMethodHandle$Holder.newInvokeSpecial(java.lang.Object, java.lang.Object, java.lang.Object, int)'> (0x00000000d57cb2b8) 
thrown [s\src\hotspot\share\interpreter\linkResolver.cpp, line 773]
Event: 12.460 Thread 0x0000015e6cfb4a60 Exception <a 'java/lang/NoSuchMethodError'{0x00000000d57cef30}: 'java.lang.Object java.lang.invoke.DirectMethodHandle$Holder.invokeSpecial(java.lang.Object, java.lang.Object, java.lang.Object, java.lang.Object, int)'> (0x00000000d57cef30) 
thrown [s\src\hotspot\share\interpreter\linkResolver.cpp, line 773]
Event: 12.460 Thread 0x0000015e6cfb4a60 Exception <a 'java/lang/NoSuchMethodError'{0x00000000d57d23d8}: 'java.lang.Object java.lang.invoke.Invokers$Holder.linkToTargetMethod(java.lang.Object, java.lang.Object, int, java.lang.Object)'> (0x00000000d57d23d8) 
thrown [s\src\hotspot\share\interpreter\linkResolver.cpp, line 773]
Event: 12.617 Thread 0x0000015e6cfb36b0 Exception <a 'java/lang/NoClassDefFoundError'{0x00000000d613b420}: com/google/inject/servlet/ServletModuleTargetVisitor> (0x00000000d613b420) 
thrown [s\src\hotspot\share\classfile\systemDictionary.cpp, line 301]
Event: 12.656 Thread 0x0000015e6cfb36b0 Exception <a 'java/lang/NoSuchMethodError'{0x00000000d62f7788}: 'java.lang.Object java.lang.invoke.DirectMethodHandle$Holder.invokeStatic(java.lang.Object, int, java.lang.Object, java.lang.Object)'> (0x00000000d62f7788) 
thrown [s\src\hotspot\share\interpreter\linkResolver.cpp, line 773]
Event: 12.656 Thread 0x0000015e6cfb36b0 Exception <a 'java/lang/NoSuchMethodError'{0x00000000d62faf88}: 'java.lang.Object java.lang.invoke.DelegatingMethodHandle$Holder.delegate(java.lang.Object, int, java.lang.Object, java.lang.Object)'> (0x00000000d62faf88) 
thrown [s\src\hotspot\share\interpreter\linkResolver.cpp, line 773]
Event: 12.658 Thread 0x0000015e6cfb36b0 Implicit null exception at 0x0000015e1ebb5bf6 to 0x0000015e1ebb5f2c
Event: 12.660 Thread 0x0000015e6cfb36b0 Exception <a 'java/lang/NoSuchMethodError'{0x00000000d630ef80}: 'int java.lang.invoke.Invokers$Holder.linkToTargetMethod(java.lang.Object, java.lang.Object, java.lang.Object)'> (0x00000000d630ef80) 
thrown [s\src\hotspot\share\interpreter\linkResolver.cpp, line 773]
Event: 13.149 Thread 0x0000015e6cfb50f0 Exception <a 'java/lang/NoSuchMethodError'{0x00000000d633cb80}: 'java.lang.Object java.lang.invoke.DelegatingMethodHandle$Holder.reinvoke_L(java.lang.Object, int, long, java.lang.Object, java.lang.Object, int, java.lang.Object)'> (0x00000000d633cb80) 
thrown [s\src\hotspot\share\interpreter\linkResolver.cpp, line 773]

ZGC Phase Switch (0 events):
No events

VM Operations (20 events):
Event: 13.168 Executing non-safepoint VM operation: HandshakeAllThreads (Deoptimize)
Event: 13.169 Executing non-safepoint VM operation: HandshakeAllThreads (Deoptimize) done
Event: 13.204 Executing non-safepoint VM operation: HandshakeAllThreads (Deoptimize)
Event: 13.204 Executing non-safepoint VM operation: HandshakeAllThreads (Deoptimize) done
Event: 13.270 Executing safepoint VM operation: ParallelGCFailedAllocation (Allocation Failure)
Event: 13.275 Executing safepoint VM operation: ParallelGCFailedAllocation (Allocation Failure) done
Event: 13.347 Executing safepoint VM operation: ParallelGCFailedAllocation (Allocation Failure)
Event: 13.351 Executing safepoint VM operation: ParallelGCFailedAllocation (Allocation Failure) done
Event: 13.407 Executing safepoint VM operation: ParallelGCFailedAllocation (Allocation Failure)
Event: 13.411 Executing safepoint VM operation: ParallelGCFailedAllocation (Allocation Failure) done
Event: 13.475 Executing safepoint VM operation: ParallelGCFailedAllocation (Allocation Failure)
Event: 13.480 Executing safepoint VM operation: ParallelGCFailedAllocation (Allocation Failure) done
Event: 13.530 Executing safepoint VM operation: ParallelGCFailedAllocation (Allocation Failure)
Event: 13.534 Executing safepoint VM operation: ParallelGCFailedAllocation (Allocation Failure) done
Event: 13.593 Executing safepoint VM operation: ParallelGCFailedAllocation (Allocation Failure)
Event: 13.597 Executing safepoint VM operation: ParallelGCFailedAllocation (Allocation Failure) done
Event: 13.649 Executing safepoint VM operation: ParallelGCFailedAllocation (Allocation Failure)
Event: 13.655 Executing safepoint VM operation: ParallelGCFailedAllocation (Allocation Failure) done
Event: 13.689 Executing safepoint VM operation: ParallelGCFailedAllocation (Allocation Failure)
Event: 13.692 Executing safepoint VM operation: ParallelGCFailedAllocation (Allocation Failure) done

Memory protections (0 events):
No events

Nmethod flushes (20 events):
Event: 11.521 Thread 0x0000015e2a8b4200 flushing  nmethod 0x0000015e1770b110
Event: 11.521 Thread 0x0000015e2a8b4200 flushing  nmethod 0x0000015e17714a90
Event: 11.521 Thread 0x0000015e2a8b4200 flushing  nmethod 0x0000015e1775a690
Event: 11.521 Thread 0x0000015e2a8b4200 flushing  nmethod 0x0000015e1777a390
Event: 11.521 Thread 0x0000015e2a8b4200 flushing  nmethod 0x0000015e1778b410
Event: 11.521 Thread 0x0000015e2a8b4200 flushing  nmethod 0x0000015e177ac810
Event: 11.521 Thread 0x0000015e2a8b4200 flushing  nmethod 0x0000015e177c9190
Event: 11.521 Thread 0x0000015e2a8b4200 flushing  nmethod 0x0000015e177c9610
Event: 11.521 Thread 0x0000015e2a8b4200 flushing  nmethod 0x0000015e177e3a10
Event: 11.521 Thread 0x0000015e2a8b4200 flushing  nmethod 0x0000015e177e3e90
Event: 11.521 Thread 0x0000015e2a8b4200 flushing  nmethod 0x0000015e177e4490
Event: 11.521 Thread 0x0000015e2a8b4200 flushing  nmethod 0x0000015e177e5f10
Event: 11.521 Thread 0x0000015e2a8b4200 flushing  nmethod 0x0000015e177e6510
Event: 11.521 Thread 0x0000015e2a8b4200 flushing  nmethod 0x0000015e177e6b90
Event: 11.521 Thread 0x0000015e2a8b4200 flushing  nmethod 0x0000015e177e7d90
Event: 11.521 Thread 0x0000015e2a8b4200 flushing  nmethod 0x0000015e177e9690
Event: 11.521 Thread 0x0000015e2a8b4200 flushing  nmethod 0x0000015e177eec90
Event: 11.521 Thread 0x0000015e2a8b4200 flushing  nmethod 0x0000015e177f0690
Event: 11.521 Thread 0x0000015e2a8b4200 flushing  nmethod 0x0000015e177f0c90
Event: 11.521 Thread 0x0000015e2a8b4200 flushing  nmethod 0x0000015e17809810

Events (20 events):
Event: 11.046 Thread 0x0000015e7274af70 Thread added: 0x0000015e6cfb50f0
Event: 11.049 Thread 0x0000015e6cfb4a60 Thread added: 0x0000015e6cfb5780
Event: 11.483 Thread 0x0000015e6cfb5780 Thread added: 0x0000015e6cfb43d0
Event: 11.592 Thread 0x0000015e6cfb43d0 Thread added: 0x0000015e6cfb64a0
Event: 11.708 Thread 0x0000015e13e1c330 Thread added: 0x0000015e6cfb3020
Event: 11.709 Thread 0x0000015e13e1c330 Thread added: 0x0000015e75fe87a0
Event: 11.709 Thread 0x0000015e13e1c330 Thread added: 0x0000015e75fe59b0
Event: 11.709 Thread 0x0000015e13e1c330 Thread added: 0x0000015e75fe8110
Event: 11.710 Thread 0x0000015e13e1c330 Thread added: 0x0000015e75fe6d60
Event: 11.710 Thread 0x0000015e13e1c330 Thread added: 0x0000015e75fe73f0
Event: 11.710 Thread 0x0000015e13e1c330 Thread added: 0x0000015e75fe8e30
Event: 11.710 Thread 0x0000015e13e1c330 Thread added: 0x0000015e75fe7a80
Event: 11.710 Thread 0x0000015e13e1c330 Thread added: 0x0000015e75fe66d0
Event: 11.710 Thread 0x0000015e13e1c330 Thread added: 0x0000015e75fe94c0
Event: 11.710 Thread 0x0000015e13e1c330 Thread added: 0x0000015e75fe6040
Event: 11.711 Thread 0x0000015e13e1c330 Thread added: 0x0000015e75fec2b0
Event: 11.711 Thread 0x0000015e13e1c330 Thread added: 0x0000015e75feb590
Event: 11.781 Thread 0x0000015e13e1c330 Thread added: 0x0000015e75febc20
Event: 12.020 Thread 0x0000015e13e1c330 Thread added: 0x0000015e75fea870
Event: 12.021 Thread 0x0000015e13e1c330 Thread added: 0x0000015e75fea1e0


Dynamic libraries:
0x00007ff7b7f20000 - 0x00007ff7b7f2e000 	c:\Users\ACER\.vscode\extensions\redhat.java-1.54.0-win32-x64\jre\21.0.10-win32-x86_64\bin\java.exe
0x00007ff9439a0000 - 0x00007ff943c07000 	C:\WINDOWS\SYSTEM32\ntdll.dll
0x00007ff942360000 - 0x00007ff942429000 	C:\WINDOWS\System32\KERNEL32.DLL
0x00007ff940f80000 - 0x00007ff941377000 	C:\WINDOWS\System32\KERNELBASE.dll
0x00007ff940e30000 - 0x00007ff940f7b000 	C:\WINDOWS\System32\ucrtbase.dll
0x00007ff9267b0000 - 0x00007ff9267c8000 	c:\Users\ACER\.vscode\extensions\redhat.java-1.54.0-win32-x64\jre\21.0.10-win32-x86_64\bin\jli.dll
0x00007ff942440000 - 0x00007ff942606000 	C:\WINDOWS\System32\USER32.dll
0x00007ff941590000 - 0x00007ff9415b7000 	C:\WINDOWS\System32\win32u.dll
0x00007ff941730000 - 0x00007ff94175b000 	C:\WINDOWS\System32\GDI32.dll
0x00007ff940d00000 - 0x00007ff940e2c000 	C:\WINDOWS\System32\gdi32full.dll
0x00007ff926740000 - 0x00007ff92675e000 	c:\Users\ACER\.vscode\extensions\redhat.java-1.54.0-win32-x64\jre\21.0.10-win32-x86_64\bin\VCRUNTIME140.dll
0x00007ff9415c0000 - 0x00007ff941663000 	C:\WINDOWS\System32\msvcp_win.dll
0x00007ff92a2c0000 - 0x00007ff92a552000 	C:\WINDOWS\WinSxS\amd64_microsoft.windows.common-controls_6595b64144ccf1df_6.0.26100.8328_none_3e08182ce334b678\COMCTL32.dll
0x00007ff943130000 - 0x00007ff9431d9000 	C:\WINDOWS\System32\msvcrt.dll
0x00007ff9429f0000 - 0x00007ff942a22000 	C:\WINDOWS\System32\IMM32.DLL
0x00007ff92ae80000 - 0x00007ff92ae8c000 	c:\Users\ACER\.vscode\extensions\redhat.java-1.54.0-win32-x64\jre\21.0.10-win32-x86_64\bin\vcruntime140_1.dll
0x00007ff923040000 - 0x00007ff9230cd000 	c:\Users\ACER\.vscode\extensions\redhat.java-1.54.0-win32-x64\jre\21.0.10-win32-x86_64\bin\msvcp140.dll
0x00007ff8a0ca0000 - 0x00007ff8a1a41000 	c:\Users\ACER\.vscode\extensions\redhat.java-1.54.0-win32-x64\jre\21.0.10-win32-x86_64\bin\server\jvm.dll
0x00007ff9421c0000 - 0x00007ff942276000 	C:\WINDOWS\System32\ADVAPI32.dll
0x00007ff9419b0000 - 0x00007ff941a57000 	C:\WINDOWS\System32\sechost.dll
0x00007ff941760000 - 0x00007ff941878000 	C:\WINDOWS\System32\RPCRT4.dll
0x00007ff9430a0000 - 0x00007ff943120000 	C:\WINDOWS\System32\WS2_32.dll
0x00007ff93ef90000 - 0x00007ff93efee000 	C:\WINDOWS\SYSTEM32\POWRPROF.dll
0x00007ff92d690000 - 0x00007ff92d6c6000 	C:\WINDOWS\SYSTEM32\WINMM.dll
0x00007ff935d20000 - 0x00007ff935d2b000 	C:\WINDOWS\SYSTEM32\VERSION.dll
0x00007ff93ef70000 - 0x00007ff93ef84000 	C:\WINDOWS\SYSTEM32\UMPDC.dll
0x00007ff93f250000 - 0x00007ff93f26b000 	C:\WINDOWS\SYSTEM32\kernel.appcore.dll
0x00007ff9232a0000 - 0x00007ff9232aa000 	c:\Users\ACER\.vscode\extensions\redhat.java-1.54.0-win32-x64\jre\21.0.10-win32-x86_64\bin\jimage.dll
0x00007ff93e330000 - 0x00007ff93e572000 	C:\WINDOWS\SYSTEM32\DBGHELP.DLL
0x00007ff941d00000 - 0x00007ff942083000 	C:\WINDOWS\System32\combase.dll
0x00007ff942280000 - 0x00007ff942359000 	C:\WINDOWS\System32\OLEAUT32.dll
0x00007ff9283a0000 - 0x00007ff9283db000 	C:\WINDOWS\SYSTEM32\dbgcore.DLL
0x00007ff941670000 - 0x00007ff941718000 	C:\WINDOWS\System32\bcryptPrimitives.dll
0x00007ff923030000 - 0x00007ff92303f000 	c:\Users\ACER\.vscode\extensions\redhat.java-1.54.0-win32-x64\jre\21.0.10-win32-x86_64\bin\instrument.dll
0x00007ff922b40000 - 0x00007ff922b60000 	c:\Users\ACER\.vscode\extensions\redhat.java-1.54.0-win32-x64\jre\21.0.10-win32-x86_64\bin\java.dll
0x00007ff9431e0000 - 0x00007ff94394e000 	C:\WINDOWS\System32\SHELL32.dll
0x00007ff9403d0000 - 0x00007ff940c3c000 	C:\WINDOWS\System32\windows.storage.dll
0x00007ff941c00000 - 0x00007ff941cf6000 	C:\WINDOWS\System32\SHCORE.dll
0x00007ff941880000 - 0x00007ff9418e6000 	C:\WINDOWS\System32\shlwapi.dll
0x00007ff9402f0000 - 0x00007ff940319000 	C:\WINDOWS\SYSTEM32\profapi.dll
0x00007ff9232f0000 - 0x00007ff923308000 	c:\Users\ACER\.vscode\extensions\redhat.java-1.54.0-win32-x64\jre\21.0.10-win32-x86_64\bin\zip.dll
0x00007ff9232e0000 - 0x00007ff9232f0000 	C:\Users\ACER\.vscode\extensions\redhat.java-1.54.0-win32-x64\jre\21.0.10-win32-x86_64\bin\net.dll
0x00007ff936b80000 - 0x00007ff936ca9000 	C:\WINDOWS\SYSTEM32\WINHTTP.dll
0x00007ff93f7f0000 - 0x00007ff93f85c000 	C:\WINDOWS\system32\mswsock.dll
0x00007ff9232c0000 - 0x00007ff9232d6000 	C:\Users\ACER\.vscode\extensions\redhat.java-1.54.0-win32-x64\jre\21.0.10-win32-x86_64\bin\nio.dll
0x00007ff9232b0000 - 0x00007ff9232c0000 	c:\Users\ACER\.vscode\extensions\redhat.java-1.54.0-win32-x64\jre\21.0.10-win32-x86_64\bin\verify.dll
0x00007ff922b70000 - 0x00007ff922bb5000 	C:\Users\ACER\AppData\Roaming\Code\User\globalStorage\redhat.java\1.54.0\config_win\org.eclipse.equinox.launcher\org.eclipse.equinox.launcher.win32.win32.x86_64_1.3.0.v20260203-2149\eclipse_11919.dll
0x00007ff941a60000 - 0x00007ff941bf7000 	C:\WINDOWS\System32\ole32.dll
0x00007ff93fad0000 - 0x00007ff93faeb000 	C:\WINDOWS\SYSTEM32\CRYPTSP.dll
0x00007ff93f1b0000 - 0x00007ff93f1e9000 	C:\WINDOWS\system32\rsaenh.dll
0x00007ff93f8a0000 - 0x00007ff93f8d3000 	C:\WINDOWS\SYSTEM32\USERENV.dll
0x00007ff9402c0000 - 0x00007ff9402ea000 	C:\WINDOWS\SYSTEM32\bcrypt.dll
0x00007ff93faf0000 - 0x00007ff93fafc000 	C:\WINDOWS\SYSTEM32\CRYPTBASE.dll
0x00007ff93eba0000 - 0x00007ff93ebd2000 	C:\WINDOWS\SYSTEM32\IPHLPAPI.DLL
0x00007ff941720000 - 0x00007ff94172a000 	C:\WINDOWS\System32\NSI.dll
0x00007ff919f10000 - 0x00007ff919f59000 	C:\Users\ACER\AppData\Local\Temp\jna-2003023\jna2361084643588159301.dll
0x00007ff942ec0000 - 0x00007ff942ec8000 	C:\WINDOWS\System32\PSAPI.DLL
0x00007ff936b60000 - 0x00007ff936b7d000 	C:\WINDOWS\SYSTEM32\dhcpcsvc6.DLL
0x00007ff936b30000 - 0x00007ff936b55000 	C:\WINDOWS\SYSTEM32\dhcpcsvc.DLL

JVMTI agents:
c:\Users\ACER\.vscode\extensions\redhat.java-1.54.0-win32-x64\lombok\lombok-1.18.39-4050.jar path:c:\Users\ACER\.vscode\extensions\redhat.java-1.54.0-win32-x64\jre\21.0.10-win32-x86_64\bin\instrument.dll, loaded, initialized, instrumentlib options:none

dbghelp: loaded successfully - version: 4.0.5 - missing functions: none
symbol engine: initialized successfully - sym options: 0x614 - pdb path: .;c:\Users\ACER\.vscode\extensions\redhat.java-1.54.0-win32-x64\jre\21.0.10-win32-x86_64\bin;C:\WINDOWS\SYSTEM32;C:\WINDOWS\WinSxS\amd64_microsoft.windows.common-controls_6595b64144ccf1df_6.0.26100.8328_none_3e08182ce334b678;c:\Users\ACER\.vscode\extensions\redhat.java-1.54.0-win32-x64\jre\21.0.10-win32-x86_64\bin\server;C:\Users\ACER\AppData\Roaming\Code\User\globalStorage\redhat.java\1.54.0\config_win\org.eclipse.equinox.launcher\org.eclipse.equinox.launcher.win32.win32.x86_64_1.3.0.v20260203-2149;C:\Users\ACER\AppData\Local\Temp\jna-2003023

VM Arguments:
jvm_args: --add-modules=ALL-SYSTEM --add-opens=java.base/java.util=ALL-UNNAMED --add-opens=java.base/java.lang=ALL-UNNAMED --add-opens=java.base/sun.nio.fs=ALL-UNNAMED -Declipse.application=org.eclipse.jdt.ls.core.id1 -Dosgi.bundles.defaultStartLevel=4 -Declipse.product=org.eclipse.jdt.ls.core.product -Djava.import.generatesMetadataFilesAtProjectRoot=false -DDetectVMInstallationsJob.disabled=true -Dfile.encoding=utf8 -XX:+UseParallelGC -XX:GCTimeRatio=4 -XX:AdaptiveSizePolicyWeight=90 -Dsun.zip.disableMemoryMapping=true -Xmx2G -Xms100m -Xlog:disable -javaagent:c:\Users\ACER\.vscode\extensions\redhat.java-1.54.0-win32-x64\lombok\lombok-1.18.39-4050.jar -XX:+HeapDumpOnOutOfMemoryError -XX:HeapDumpPath=c:\Users\ACER\AppData\Roaming\Code\User\workspaceStorage\64e83e8dcee0c24a6ba3334dafce804d\redhat.java -Daether.dependencyCollector.impl=bf 
java_command: c:\Users\ACER\.vscode\extensions\redhat.java-1.54.0-win32-x64\server\plugins\org.eclipse.equinox.launcher_1.7.100.v20251111-0406.jar -configuration c:\Users\ACER\AppData\Roaming\Code\User\globalStorage\redhat.java\1.54.0\config_win -data c:\Users\ACER\AppData\Roaming\Code\User\workspaceStorage\64e83e8dcee0c24a6ba3334dafce804d\redhat.java\jdt_ws --pipe=\\.\pipe\lsp-caa4650fd30a609f8a919bff5ab96da3-sock
java_class_path (initial): c:\Users\ACER\.vscode\extensions\redhat.java-1.54.0-win32-x64\server\plugins\org.eclipse.equinox.launcher_1.7.100.v20251111-0406.jar
Launcher Type: SUN_STANDARD

[Global flags]
    uintx AdaptiveSizePolicyWeight                 = 90                                        {product} {command line}
     intx CICompilerCount                          = 4                                         {product} {ergonomic}
    uintx GCTimeRatio                              = 4                                         {product} {command line}
     bool HeapDumpOnOutOfMemoryError               = true                                   {manageable} {command line}
    ccstr HeapDumpPath                             = c:\Users\ACER\AppData\Roaming\Code\User\workspaceStorage\64e83e8dcee0c24a6ba3334dafce804d\redhat.java         {manageable} {command line}
   size_t InitialHeapSize                          = 104857600                                 {product} {command line}
   size_t MaxHeapSize                              = 2147483648                                {product} {command line}
   size_t MaxNewSize                               = 715653120                                 {product} {ergonomic}
   size_t MinHeapDeltaBytes                        = 524288                                    {product} {ergonomic}
   size_t MinHeapSize                              = 104857600                                 {product} {command line}
   size_t NewSize                                  = 34603008                                  {product} {ergonomic}
    uintx NonNMethodCodeHeapSize                   = 5839372                                {pd product} {ergonomic}
    uintx NonProfiledCodeHeapSize                  = 122909434                              {pd product} {ergonomic}
   size_t OldSize                                  = 70254592                                  {product} {ergonomic}
    uintx ProfiledCodeHeapSize                     = 122909434                              {pd product} {ergonomic}
    uintx ReservedCodeCacheSize                    = 251658240                              {pd product} {ergonomic}
     bool SegmentedCodeCache                       = true                                      {product} {ergonomic}
   size_t SoftMaxHeapSize                          = 2147483648                             {manageable} {ergonomic}
     bool UseCompressedOops                        = true                           {product lp64_product} {ergonomic}
     bool UseLargePagesIndividualAllocation        = false                                  {pd product} {ergonomic}
     bool UseParallelGC                            = true                                      {product} {command line}

Logging:
Log output configuration:
 #0: stdout all=off uptime,level,tags foldmultilines=false
 #1: stderr all=off uptime,level,tags foldmultilines=false

Release file:
JAVA_VERSION="21.0.10" 
MODULES="java.base java.compiler java.datatransfer java.xml java.prefs java.desktop java.instrument java.logging java.management java.security.sasl java.naming java.rmi java.management.rmi java.net.http java.scripting java.security.jgss java.transaction.xa java.sql java.sql.rowset java.xml.crypto java.se java.smartcardio jdk.accessibility jdk.internal.jvmstat jdk.attach jdk.charsets jdk.internal.opt jdk.zipfs jdk.compiler jdk.crypto.ec jdk.crypto.cryptoki jdk.crypto.mscapi jdk.dynalink jdk.internal.ed jdk.editpad jdk.hotspot.agent jdk.httpserver jdk.internal.le jdk.internal.vm.ci jdk.internal.vm.compiler jdk.internal.vm.compiler.management jdk.jartool jdk.javadoc jdk.jcmd jdk.management jdk.management.agent jdk.jconsole jdk.jdeps jdk.jdwp.agent jdk.jdi jdk.jfr jdk.jshell jdk.jsobject jdk.jstatd jdk.localedata jdk.management.jfr jdk.naming.dns jdk.naming.rmi jdk.net jdk.nio.mapmode jdk.random jdk.sctp jdk.security.auth jdk.security.jgss jdk.unsupported jdk.unsupported.desktop jdk.xml.dom" 

Environment Variables:
JAVA_HOME=C:\Program Files\Java\jdk-23
PATH=C:\Program Files\Common Files\Oracle\Java\javapath;C:\Windows\system32;C:\Windows;C:\Windows\System32\Wbem;C:\Windows\System32\WindowsPowerShell\v1.0\;C:\Windows\System32\OpenSSH\;C:\Program Files (x86)\Microsoft SQL Server\160\Tools\Binn\;C:\Program Files\Microsoft SQL Server\160\Tools\Binn\;C:\Program Files\Microsoft SQL Server\Client SDK\ODBC\170\Tools\Binn\;C:\Program Files\Microsoft SQL Server\160\DTS\Binn\;C:\Program Files\Java\jdk-23\bin;C:\WINDOWS\system32;C:\WINDOWS;C:\WINDOWS\System32\Wbem;C:\WINDOWS\System32\WindowsPowerShell\v1.0\;C:\WINDOWS\System32\OpenSSH\;C:\Program Files\Git\cmd;C:\Program Files\nodejs\;C:\gradle-8.12\bin;C:\apache-maven-3.9.9\bin;;C:\Program Files\Docker\Docker\resources\bin;C:\Users\ACER\AppData\Local\Microsoft\WindowsApps;C:\Users\ACER\AppData\Local\Programs\Microsoft VS Code\bin;C:\Users\ACER\AppData\Roaming\npm;C:\Program Files\JetBrains\IntelliJ IDEA 2024.3.5\bin;ANDROID_HOME;;C:\Users\ACER\AppData\Local\Programs\Antigravity\bin;C:\Users\ACER\AppData\Local\Android\Sdk\platform-tools;C:\Users\ACER\AppData\Local\Android\Sdk\emulator;C:\Users\ACER\AppData\Local\Android\Sdk\tools;C:\Users\ACER\AppData\Local\Android\Sdk\tools\bin;
USERNAME=ACER
OS=Windows_NT
PROCESSOR_IDENTIFIER=Intel64 Family 6 Model 141 Stepping 1, GenuineIntel
TMP=C:\Users\ACER\AppData\Local\Temp
TEMP=C:\Users\ACER\AppData\Local\Temp




Periodic native trim disabled

---------------  S Y S T E M  ---------------

OS:
 Windows 11 , 64 bit Build 26100 (10.0.26100.8328)
OS uptime: 0 days 0:35 hours
Hyper-V role detected

CPU: total 12 (initial active 12) (6 cores per cpu, 2 threads per core) family 6 model 141 stepping 1 microcode 0x3c, cx8, cmov, fxsr, ht, mmx, 3dnowpref, sse, sse2, sse3, ssse3, sse4.1, sse4.2, popcnt, lzcnt, tsc, tscinvbit, avx, avx2, aes, erms, clmul, bmi1, bmi2, adx, avx512f, avx512dq, avx512cd, avx512bw, avx512vl, sha, fma, vzeroupper, avx512_vpopcntdq, avx512_vpclmulqdq, avx512_vaes, avx512_vnni, clflush, clflushopt, clwb, avx512_vbmi2, avx512_vbmi, hv, rdtscp, rdpid, fsrm, gfni, avx512_bitalg, f16c, cet_ibt, cet_ss, avx512_ifma
Processor Information for the first 12 processors :
  Max Mhz: 2688, Current Mhz: 2688, Mhz Limit: 2688

Memory: 4k page, system-wide physical 16163M (1023M free)
TotalPageFile size 30629M (AvailPageFile size 5M)
current process WorkingSet (physical memory assigned to process): 245M, peak: 246M
current process commit charge ("private bytes"): 344M, peak: 352M

vm_info: OpenJDK 64-Bit Server VM (21.0.10+7-LTS) for windows-amd64 JRE (21.0.10+7-LTS), built on 2026-01-20T00:00:00Z by "admin" with MS VC++ 17.12 (VS2022)

END.
