#
# There is insufficient memory for the Java Runtime Environment to continue.
# Native memory allocation (malloc) failed to allocate 32744 bytes. Error detail: Chunk::new
# Possible reasons:
#   The system is out of physical RAM or swap space
#   This process is running with CompressedOops enabled, and the Java Heap may be blocking the growth of the native heap
# Possible solutions:
#   Reduce memory load on the system
#   Increase physical memory or swap space
#   Check if swap backing store is full
#   Decrease Java heap size (-Xmx/-Xms)
#   Decrease number of Java threads
#   Decrease Java thread stack sizes (-Xss)
#   Set larger code cache with -XX:ReservedCodeCacheSize=
#   JVM is running with Unscaled Compressed Oops mode in which the Java heap is
#     placed in the first 4GB address space. The Java Heap base address is the
#     maximum limit for the native heap growth. Please use -XX:HeapBaseMinAddress
#     to set the Java Heap base and to place the Java Heap above 4GB virtual address.
# This output file may be truncated or incomplete.
#
#  Out of Memory Error (arena.cpp:168), pid=28088, tid=23976
#
# JRE version: OpenJDK Runtime Environment Temurin-21.0.10+7 (21.0.10+7) (build 21.0.10+7-LTS)
# Java VM: OpenJDK 64-Bit Server VM Temurin-21.0.10+7 (21.0.10+7-LTS, mixed mode, sharing, tiered, compressed oops, compressed class ptrs, parallel gc, windows-amd64)
# No core dump will be written. Minidumps are not enabled by default on client versions of Windows
#

---------------  S U M M A R Y ------------

Command Line: --add-modules=ALL-SYSTEM --add-opens=java.base/java.util=ALL-UNNAMED --add-opens=java.base/java.lang=ALL-UNNAMED --add-opens=java.base/sun.nio.fs=ALL-UNNAMED -Declipse.application=org.eclipse.jdt.ls.core.id1 -Dosgi.bundles.defaultStartLevel=4 -Declipse.product=org.eclipse.jdt.ls.core.product -Djava.import.generatesMetadataFilesAtProjectRoot=false -DDetectVMInstallationsJob.disabled=true -Dfile.encoding=utf8 -XX:+UseParallelGC -XX:GCTimeRatio=4 -XX:AdaptiveSizePolicyWeight=90 -Dsun.zip.disableMemoryMapping=true -Xmx2G -Xms100m -Xlog:disable -javaagent:c:\Users\ACER\.vscode\extensions\redhat.java-1.54.0-win32-x64\lombok\lombok-1.18.39-4050.jar c:\Users\ACER\.vscode\extensions\redhat.java-1.54.0-win32-x64\server\plugins\org.eclipse.equinox.launcher_1.7.100.v20251111-0406.jar -configuration c:\Users\ACER\AppData\Roaming\Code\User\globalStorage\redhat.java\1.54.0\config_ss_win -data c:\Users\ACER\AppData\Roaming\Code\User\workspaceStorage\64e83e8dcee0c24a6ba3334dafce804d\redhat.java\ss_ws --pipe=\\.\pipe\lsp-aa7db491b02bff49effe40cc39e3d664-sock

Host: 11th Gen Intel(R) Core(TM) i5-11400H @ 2.70GHz, 12 cores, 15G,  Windows 11 , 64 bit Build 26100 (10.0.26100.8328)
Time: Thu May  7 16:27:10 2026 SE Asia Standard Time elapsed time: 162.153773 seconds (0d 0h 2m 42s)

---------------  T H R E A D  ---------------

Current thread (0x0000025de256d2e0):  JavaThread "pool-1-thread-1"        [_thread_in_vm, id=23976, stack(0x0000007736500000,0x0000007736600000) (1024K)]

Stack: [0x0000007736500000,0x0000007736600000]
Native frames: (J=compiled Java code, j=interpreted, Vv=VM code, C=native code)
V  [jvm.dll+0x6d7a39]
V  [jvm.dll+0x8b4b26]
V  [jvm.dll+0x8b70de]
V  [jvm.dll+0x8b77c3]
V  [jvm.dll+0x284346]
V  [jvm.dll+0xc66ed]
V  [jvm.dll+0xc6c31]
V  [jvm.dll+0x5b7ae2]
V  [jvm.dll+0x21aac4]
V  [jvm.dll+0x20f647]
V  [jvm.dll+0x5b644f]
V  [jvm.dll+0x22168e]
V  [jvm.dll+0x82e12d]
V  [jvm.dll+0x82f15b]
V  [jvm.dll+0x82f724]
V  [jvm.dll+0x82f3b8]
V  [jvm.dll+0x271c6d]
V  [jvm.dll+0x3dffbf]
C  0x0000025dce2d984a

The last pc belongs to instanceof (printed below).
Java frames: (J=compiled Java code, j=interpreted, Vv=VM code)
j  sun.nio.ch.PendingFuture.get()Ljava/lang/Object;+34 java.base@21.0.10
J 3218 c2 org.eclipse.jdt.ls.core.internal.ConnectionStreamFactory$NamedPipeInputStream.read()I (128 bytes) @ 0x0000025dce9d816c [0x0000025dce9d8060+0x000000000000010c]
j  org.eclipse.lsp4j.jsonrpc.json.StreamMessageProducer.listen(Lorg/eclipse/lsp4j/jsonrpc/MessageConsumer;)V+54
j  org.eclipse.lsp4j.jsonrpc.json.ConcurrentMessageProcessor.run()V+12
j  java.util.concurrent.Executors$RunnableAdapter.call()Ljava/lang/Object;+4 java.base@21.0.10
j  java.util.concurrent.FutureTask.run()V+39 java.base@21.0.10
j  java.util.concurrent.ThreadPoolExecutor.runWorker(Ljava/util/concurrent/ThreadPoolExecutor$Worker;)V+92 java.base@21.0.10
j  java.util.concurrent.ThreadPoolExecutor$Worker.run()V+5 java.base@21.0.10
j  java.lang.Thread.runWith(Ljava/lang/Object;Ljava/lang/Runnable;)V+5 java.base@21.0.10
j  java.lang.Thread.run()V+19 java.base@21.0.10
v  ~StubRoutines::call_stub 0x0000025dce2c10e7
instanceof  193 instanceof  [0x0000025dce2d97c0, 0x0000025dce2d9a08]  584 bytes
[MachCode]
  0x0000025dce2d97c0: 5848 85c0 | 0f84 0702 | 0000 488b | 4de8 488b | 4908 488b | 4908 488b | 5108 410f | b75d 010f 
  0x0000025dce2d97e0: cbc1 eb10 | 807c 1a04 | 070f 84c6 | 0000 0050 | e805 0000 | 00e9 9600 | 0000 488d | 4424 084c 
  0x0000025dce2d9800: 896d c049 | 8bcf c5f8 | 7749 89af | b003 0000 | 4989 87a0 | 0300 0048 | 83ec 2040 | f6c4 0f0f 
  0x0000025dce2d9820: 8419 0000 | 0048 83ec | 0848 b8d0 | fe07 a1f8 | 7f00 00ff | d048 83c4 | 08e9 0c00 | 0000 48b8 
  0x0000025dce2d9840: d0fe 07a1 | f87f 0000 | ffd0 4883 | c420 49c7 | 87a0 0300 | 0000 0000 | 0049 c787 | b003 0000 
  0x0000025dce2d9860: 0000 0000 | 49c7 87a8 | 0300 0000 | 0000 00c5 | f877 4983 | 7f08 000f | 8405 0000 | 00e9 7e76 
  0x0000025dce2d9880: feff 4c8b | 6dc0 4c8b | 75c8 4e8d | 74f5 00c3 | 498b 8700 | 0400 0049 | c787 0004 | 0000 0000 
  0x0000025dce2d98a0: 0000 5a8b | 5208 49ba | 0000 0080 | 5d02 0000 | 4903 d2eb | 1e8b 5008 | 49ba 0000 | 0080 5d02 
  0x0000025dce2d98c0: 0000 4903 | d266 8b5c | d948 488b | 4928 488b | 44d9 0848 | 8b4d d848 | 85c9 0f84 | 8a00 0000 
  0x0000025dce2d98e0: 488b 7918 | 483b fa0f | 850f 0000 | 0048 8341 | 2001 4883 | 5920 00e9 | 6600 0000 | 4885 ff0f 
  0x0000025dce2d9900: 8437 0000 | 0048 8b79 | 2848 3bfa | 0f85 0f00 | 0000 4883 | 4130 0148 | 8359 3000 | e941 0000 
  0x0000025dce2d9920: 0048 85ff | 0f85 3800 | 0000 4889 | 5128 bf01 | 0000 0048 | 8979 30e9 | 2600 0000 | 483b 5128 
  0x0000025dce2d9940: 0f85 0f00 | 0000 4883 | 4130 0148 | 8359 3000 | e90d 0000 | 0048 8951 | 18bf 0100 | 0000 4889 
  0x0000025dce2d9960: 7920 4883 | c138 4889 | 4dd8 483b | d00f 8454 | 0000 008b | 4814 483b | 040a 0f84 | 4700 0000 
  0x0000025dce2d9980: 83f9 200f | 851d 0000 | 0057 488b | 7a28 8b0f | 4883 c708 | 4885 c0f2 | 48af 5f75 | 0948 8942 
  0x0000025dce2d99a0: 20e9 2100 | 0000 488b | 4dd8 4885 | c90f 8410 | 0000 0048 | 8341 d0ff | 0f88 0500 | 0000 4883 
  0x0000025dce2d99c0: 41d0 0133 | c0eb 23b8 | 0100 0000 | e919 0000 | 0048 8b4d | d848 85c9 | 0f84 0c00 | 0000 8049 
  0x0000025dce2d99e0: 0101 4883 | c138 4889 | 4dd8 410f | b65d 0349 | 83c5 0349 | ba10 0597 | a1f8 7f00 | 0041 ff24 
  0x0000025dce2d9a00: da0f 1f80 | 0000 0000 
[/MachCode]

Compiled method (c2) 162192 3218   !   4       org.eclipse.jdt.ls.core.internal.ConnectionStreamFactory$NamedPipeInputStream::read (128 bytes)
 total in heap  [0x0000025dce9d7e10,0x0000025dce9d88c8] = 2744
 relocation     [0x0000025dce9d7f70,0x0000025dce9d8058] = 232
 main code      [0x0000025dce9d8060,0x0000025dce9d84b8] = 1112
 stub code      [0x0000025dce9d84b8,0x0000025dce9d8518] = 96
 oops           [0x0000025dce9d8518,0x0000025dce9d8520] = 8
 metadata       [0x0000025dce9d8520,0x0000025dce9d8598] = 120
 scopes data    [0x0000025dce9d8598,0x0000025dce9d8670] = 216
 scopes pcs     [0x0000025dce9d8670,0x0000025dce9d87e0] = 368
 dependencies   [0x0000025dce9d87e0,0x0000025dce9d8800] = 32
 handler table  [0x0000025dce9d8800,0x0000025dce9d8890] = 144
 nul chk table  [0x0000025dce9d8890,0x0000025dce9d88c8] = 56

[Constant Pool (empty)]

[MachCode]
[Entry Point]
  # {method} {0x0000025dde67ba38} 'read' '()I' in 'org/eclipse/jdt/ls/core/internal/ConnectionStreamFactory$NamedPipeInputStream'
  #           [sp+0x30]  (sp of caller)
  0x0000025dce9d8060: 448b 5208 | 49bb 0000 | 0080 5d02 | 0000 4d03 | d349 3bc2 

  0x0000025dce9d8074: ;   {runtime_call ic_miss_stub}
  0x0000025dce9d8074: 0f85 0666 | 93ff 6690 | 0f1f 4000 
[Verified Entry Point]
  0x0000025dce9d8080: 8984 2400 | 80ff ff55 | 4883 ec20 | 4181 7f20 | 0200 0000 | 0f85 1104 | 0000 4889 | 1424 448b 
  0x0000025dce9d80a0: 5a18 458b | 4318 458b | 5308 8b4a | 0c4d 8bcb | 443b c17d 

  0x0000025dce9d80b4: ;   {metadata('java/nio/HeapByteBuffer')}
  0x0000025dce9d80b4: 5641 81fa | c024 1c00 | 0f85 7601 | 0000 458b | 5918 418b | 4930 418b | 691c 443b | dd0f 8d79 
  0x0000025dce9d80d4: 0100 0045 | 8bc3 4503 | 4128 41ff | c345 8959 | 1844 8b51 | 0c45 3bc2 | 0f83 2c01 | 0000 420f 
  0x0000025dce9d80f4: b644 0110 | 4883 c420 

  0x0000025dce9d80fc: ;   {poll_return}
  0x0000025dce9d80fc: 5d49 3ba7 | 5004 0000 | 0f87 8b03 

  0x0000025dce9d8108: ;   {metadata('java/nio/HeapByteBuffer')}
  0x0000025dce9d8108: 0000 c341 | 81fa c024 | 1c00 0f85 | 5801 0000 | 498b d148 

  0x0000025dce9d811c: ;   {optimized virtual_call}
  0x0000025dce9d811c: 8b2c 24e8 

  0x0000025dce9d8120: ; ImmutableOopMap {rbp=Oop [0]=Oop }
                      ;*invokevirtual clear {reexecute=0 rethrow=0 return_oop=1}
                      ; - org.eclipse.jdt.ls.core.internal.ConnectionStreamFactory$NamedPipeInputStream::read@30 (line 169)
  0x0000025dce9d8120: 9403 0000 

  0x0000025dce9d8124: ;   {other}
  0x0000025dce9d8124: 0f1f 8400 | 1403 0000 | 448b 5514 | 448b 4518 | 4585 d20f | 84af 0000 | 0049 8bd2 

  0x0000025dce9d8140: ;   {optimized virtual_call}
  0x0000025dce9d8140: 4533 c9e8 

  0x0000025dce9d8144: ; ImmutableOopMap {rbp=Oop [0]=Oop }
                      ;*invokevirtual read {reexecute=0 rethrow=0 return_oop=1}
                      ; - org.eclipse.jdt.ls.core.internal.ConnectionStreamFactory$NamedPipeInputStream::read@51 (line 171)
  0x0000025dce9d8144: 9d03 0000 

  0x0000025dce9d8148: ;   {other}
  0x0000025dce9d8148: 0f1f 8400 | 3803 0001 

  0x0000025dce9d8150: ; implicit exception: dispatches to 0x0000025dce9d8314
  0x0000025dce9d8150: 448b 5008 

  0x0000025dce9d8154: ;   {metadata('sun/nio/ch/PendingFuture')}
  0x0000025dce9d8154: 4181 fa00 | 3227 010f | 852b 0100 | 0048 8bd0 

  0x0000025dce9d8164: ;   {optimized virtual_call}
  0x0000025dce9d8164: 6666 90e8 

  0x0000025dce9d8168: ; ImmutableOopMap {rbp=Oop [0]=Oop }
                      ;*invokeinterface get {reexecute=0 rethrow=0 return_oop=1}
                      ; - org.eclipse.jdt.ls.core.internal.ConnectionStreamFactory$NamedPipeInputStream::read@54 (line 171)
  0x0000025dce9d8168: 8803 0000 

  0x0000025dce9d816c: ;   {other}
  0x0000025dce9d816c: 0f1f 8400 | 5c03 0002 | 4c8b d844 

  0x0000025dce9d8178: ;   {metadata('java/lang/Integer')}
  0x0000025dce9d8178: 8b50 0841 | 81fa d85f | 0200 0f85 | 4401 0000 | 418b 430c | 8945 0c83 | f8ff 0f84 | 7c00 0000 
  0x0000025dce9d8198: 8b6d 1844 

  0x0000025dce9d819c: ;   {metadata('java/nio/HeapByteBuffer')}
  0x0000025dce9d819c: 8b5d 0841 | 81fb c024 | 1c00 0f85 | f800 0000 | 488b d548 

  0x0000025dce9d81b0: ;   {optimized virtual_call}
  0x0000025dce9d81b0: 8b2c 24e8 

  0x0000025dce9d81b4: ; ImmutableOopMap {rbp=Oop }
                      ;*invokevirtual flip {reexecute=0 rethrow=0 return_oop=1}
                      ; - org.eclipse.jdt.ls.core.internal.ConnectionStreamFactory$NamedPipeInputStream::read@102 (line 178)
  0x0000025dce9d81b4: 0f03 0000 

  0x0000025dce9d81b8: ;   {other}
  0x0000025dce9d81b8: 0f1f 8400 | a803 0003 | 8b6d 1844 

  0x0000025dce9d81c4: ;   {metadata('java/nio/HeapByteBuffer')}
  0x0000025dce9d81c4: 8b5d 0841 | 81fb c024 | 1c00 0f85 | e400 0000 

  0x0000025dce9d81d4: ;   {optimized virtual_call}
  0x0000025dce9d81d4: 488b d5e8 

  0x0000025dce9d81d8: ; ImmutableOopMap {}
                      ;*invokevirtual get {reexecute=0 rethrow=0 return_oop=0}
                      ; - org.eclipse.jdt.ls.core.internal.ConnectionStreamFactory$NamedPipeInputStream::read@110 (line 179)
  0x0000025dce9d81d8: 64fa ffff 

  0x0000025dce9d81dc: ;   {other}
  0x0000025dce9d81dc: 0f1f 8400 | cc03 0004 | 0fb6 c0e9 | 0cff ffff | 448b 5510 | 498b d266 | 9048 b8ff | ffff ffff 
  0x0000025dce9d81fc: ;   {virtual_call}
  0x0000025dce9d81fc: ffff ffe8 

  0x0000025dce9d8200: ; ImmutableOopMap {rbp=Oop [0]=Oop }
                      ;*invokeinterface read {reexecute=0 rethrow=0 return_oop=0}
                      ; - org.eclipse.jdt.ls.core.internal.ConnectionStreamFactory$NamedPipeInputStream::read@80 (line 173)
  0x0000025dce9d8200: 7c6e 93ff 

  0x0000025dce9d8204: ;   {other}
  0x0000025dce9d8204: 0f1f 8400 | f403 0005 | 8945 0ce9 | 7bff ffff | b8ff ffff | ffe9 dafe | ffff bae4 | ffff ff8b 
  0x0000025dce9d8224: e944 8904 

  0x0000025dce9d8228: ;   {runtime_call UncommonTrapBlob}
  0x0000025dce9d8228: 2466 90e8 

  0x0000025dce9d822c: ; ImmutableOopMap {rbp=NarrowOop }
                      ;*baload {reexecute=0 rethrow=0 return_oop=0}
                      ; - java.nio.HeapByteBuffer::get@12
                      ; - org.eclipse.jdt.ls.core.internal.ConnectionStreamFactory$NamedPipeInputStream::read@18 (line 166)
  0x0000025dce9d822c: d0ea 93ff 

  0x0000025dce9d8230: ;   {other}
  0x0000025dce9d8230: 0f1f 8400 | 2004 0006 | bade ffff | ff41 8beb 

  0x0000025dce9d8240: ;   {runtime_call UncommonTrapBlob}
  0x0000025dce9d8240: 6666 90e8 

  0x0000025dce9d8244: ; ImmutableOopMap {rbp=NarrowOop }
                      ;*invokevirtual get {reexecute=0 rethrow=0 return_oop=0}
                      ; - org.eclipse.jdt.ls.core.internal.ConnectionStreamFactory$NamedPipeInputStream::read@18 (line 166)
  0x0000025dce9d8244: b8ea 93ff 

  0x0000025dce9d8248: ;   {other}
  0x0000025dce9d8248: 0f1f 8400 | 3804 0007 | ba45 ffff | ff89 0c24 | 4c89 4c24 | 0844 895c 

  0x0000025dce9d8260: ;   {runtime_call UncommonTrapBlob}
  0x0000025dce9d8260: 2404 90e8 

  0x0000025dce9d8264: ; ImmutableOopMap {[0]=NarrowOop [8]=Oop }
                      ;*if_icmplt {reexecute=1 rethrow=0 return_oop=0}
                      ; - (reexecute) java.nio.Buffer::nextGetIndex@10
                      ; - java.nio.HeapByteBuffer::get@6
                      ; - org.eclipse.jdt.ls.core.internal.ConnectionStreamFactory$NamedPipeInputStream::read@18 (line 166)
  0x0000025dce9d8264: 98ea 93ff 

  0x0000025dce9d8268: ;   {other}
  0x0000025dce9d8268: 0f1f 8400 | 5804 0008 | bade ffff | ff48 8b2c | 2444 891c 

  0x0000025dce9d827c: ;   {runtime_call UncommonTrapBlob}
  0x0000025dce9d827c: 2466 90e8 

  0x0000025dce9d8280: ; ImmutableOopMap {rbp=Oop [0]=NarrowOop }
                      ;*invokevirtual clear {reexecute=0 rethrow=0 return_oop=0}
                      ; - org.eclipse.jdt.ls.core.internal.ConnectionStreamFactory$NamedPipeInputStream::read@30 (line 169)
  0x0000025dce9d8280: 7cea 93ff 

  0x0000025dce9d8284: ;   {other}
  0x0000025dce9d8284: 0f1f 8400 | 7404 0009 | bade ffff | ff48 8944 

  0x0000025dce9d8294: ;   {runtime_call UncommonTrapBlob}
  0x0000025dce9d8294: 2408 90e8 

  0x0000025dce9d8298: ; ImmutableOopMap {rbp=Oop [8]=Oop }
                      ;*invokeinterface get {reexecute=0 rethrow=0 return_oop=0}
                      ; - org.eclipse.jdt.ls.core.internal.ConnectionStreamFactory$NamedPipeInputStream::read@54 (line 171)
  0x0000025dce9d8298: 64ea 93ff 

  0x0000025dce9d829c: ;   {other}
  0x0000025dce9d829c: 0f1f 8400 | 8c04 000a | bade ffff 

  0x0000025dce9d82a8: ;   {runtime_call UncommonTrapBlob}
  0x0000025dce9d82a8: ff66 90e8 

  0x0000025dce9d82ac: ; ImmutableOopMap {rbp=NarrowOop [0]=Oop }
                      ;*invokevirtual flip {reexecute=0 rethrow=0 return_oop=0}
                      ; - org.eclipse.jdt.ls.core.internal.ConnectionStreamFactory$NamedPipeInputStream::read@102 (line 178)
  0x0000025dce9d82ac: 50ea 93ff 

  0x0000025dce9d82b0: ;   {other}
  0x0000025dce9d82b0: 0f1f 8400 | a004 000b | bade ffff 

  0x0000025dce9d82bc: ;   {runtime_call UncommonTrapBlob}
  0x0000025dce9d82bc: ff66 90e8 

  0x0000025dce9d82c0: ; ImmutableOopMap {rbp=NarrowOop }
                      ;*invokevirtual get {reexecute=0 rethrow=0 return_oop=0}
                      ; - org.eclipse.jdt.ls.core.internal.ConnectionStreamFactory$NamedPipeInputStream::read@110 (line 179)
  0x0000025dce9d82c0: 3cea 93ff 

  0x0000025dce9d82c4: ;   {other}
  0x0000025dce9d82c4: 0f1f 8400 | b404 000c | bade ffff | ff48 8944 

  0x0000025dce9d82d4: ;   {runtime_call UncommonTrapBlob}
  0x0000025dce9d82d4: 2408 90e8 

  0x0000025dce9d82d8: ; ImmutableOopMap {rbp=Oop [8]=Oop }
                      ;*checkcast {reexecute=0 rethrow=0 return_oop=0}
                      ; - org.eclipse.jdt.ls.core.internal.ConnectionStreamFactory$NamedPipeInputStream::read@59 (line 171)
  0x0000025dce9d82d8: 24ea 93ff 

  0x0000025dce9d82dc: ;   {other}
  0x0000025dce9d82dc: 0f1f 8400 | cc04 000d | baf6 ffff | ff48 8b2c 

  0x0000025dce9d82ec: ;   {runtime_call UncommonTrapBlob}
  0x0000025dce9d82ec: 2466 90e8 

  0x0000025dce9d82f0: ; ImmutableOopMap {rbp=Oop }
                      ;*invokevirtual position {reexecute=0 rethrow=0 return_oop=0}
                      ; - org.eclipse.jdt.ls.core.internal.ConnectionStreamFactory$NamedPipeInputStream::read@4 (line 165)
  0x0000025dce9d82f0: 0cea 93ff 

  0x0000025dce9d82f4: ;   {other}
  0x0000025dce9d82f4: 0f1f 8400 | e404 000e | baf6 ffff | ff41 8be8 

  0x0000025dce9d8304: ;   {runtime_call UncommonTrapBlob}
  0x0000025dce9d8304: 6666 90e8 

  0x0000025dce9d8308: ; ImmutableOopMap {}
                      ;*baload {reexecute=0 rethrow=0 return_oop=0}
                      ; - java.nio.HeapByteBuffer::get@12
                      ; - org.eclipse.jdt.ls.core.internal.ConnectionStreamFactory$NamedPipeInputStream::read@18 (line 166)
  0x0000025dce9d8308: f4e9 93ff 

  0x0000025dce9d830c: ;   {other}
  0x0000025dce9d830c: 0f1f 8400 | fc04 000f | baf6 ffff 

  0x0000025dce9d8318: ;   {runtime_call UncommonTrapBlob}
  0x0000025dce9d8318: ff66 90e8 

  0x0000025dce9d831c: ; ImmutableOopMap {rbp=Oop }
                      ;*invokeinterface get {reexecute=0 rethrow=0 return_oop=0}
                      ; - org.eclipse.jdt.ls.core.internal.ConnectionStreamFactory$NamedPipeInputStream::read@54 (line 171)
  0x0000025dce9d831c: e0e9 93ff 

  0x0000025dce9d8320: ;   {other}
  0x0000025dce9d8320: 0f1f 8400 | 1005 0010 | baf6 ffff | ff48 8b2c 

  0x0000025dce9d8330: ;   {runtime_call UncommonTrapBlob}
  0x0000025dce9d8330: 2466 90e8 

  0x0000025dce9d8334: ; ImmutableOopMap {rbp=Oop }
                      ;*invokevirtual flip {reexecute=0 rethrow=0 return_oop=0}
                      ; - org.eclipse.jdt.ls.core.internal.ConnectionStreamFactory$NamedPipeInputStream::read@102 (line 178)
  0x0000025dce9d8334: c8e9 93ff 

  0x0000025dce9d8338: ;   {other}
  0x0000025dce9d8338: 0f1f 8400 | 2805 0011 | baf4 ffff 

  0x0000025dce9d8344: ;   {runtime_call UncommonTrapBlob}
  0x0000025dce9d8344: ff66 90e8 

  0x0000025dce9d8348: ; ImmutableOopMap {rbp=Oop }
                      ;*checkcast {reexecute=0 rethrow=0 return_oop=0}
                      ; - org.eclipse.jdt.ls.core.internal.ConnectionStreamFactory$NamedPipeInputStream::read@59 (line 171)
  0x0000025dce9d8348: b4e9 93ff 

  0x0000025dce9d834c: ;   {other}
  0x0000025dce9d834c: 0f1f 8400 | 3c05 0012 | baf6 ffff 

  0x0000025dce9d8358: ;   {runtime_call UncommonTrapBlob}
  0x0000025dce9d8358: ff66 90e8 

  0x0000025dce9d835c: ; ImmutableOopMap {}
                      ;*invokevirtual get {reexecute=0 rethrow=0 return_oop=0}
                      ; - org.eclipse.jdt.ls.core.internal.ConnectionStreamFactory$NamedPipeInputStream::read@110 (line 179)
  0x0000025dce9d835c: a0e9 93ff 

  0x0000025dce9d8360: ;   {other}
  0x0000025dce9d8360: 0f1f 8400 | 5005 0013 | 488b e8e9 | 0c01 0000 | 488b e8e9 | 0401 0000 | 488b e8e9 | fc00 0000 
  0x0000025dce9d8380: 488b e8e9 | f400 0000 | 488b e8e9 | ec00 0000 | 488b e8e9 | e400 0000 | 488b e8e9 | dc00 0000 
  0x0000025dce9d83a0: 488b e8e9 | d400 0000 | 488b e8e9 | cc00 0000 | 488b e8e9 | c400 0000 | 448b 5808 

  0x0000025dce9d83bc: ;   {metadata('java/lang/InterruptedException')}
  0x0000025dce9d83bc: 4181 fb00 | b702 0174 

  0x0000025dce9d83c4: ;   {metadata('java/util/concurrent/ExecutionException')}
  0x0000025dce9d83c4: ab41 81fb | 4879 0f01 | 749a 488b | d0e9 9900 | 0000 448b 

  0x0000025dce9d83d8: ;   {metadata('java/lang/InterruptedException')}
  0x0000025dce9d83d8: 5808 4181 | fb00 b702 

  0x0000025dce9d83e0: ;   {metadata('java/util/concurrent/ExecutionException')}
  0x0000025dce9d83e0: 0174 9d41 | 81fb 4879 | 0f01 748c | 488b d0eb | 7e44 8b50 

  0x0000025dce9d83f4: ;   {metadata('java/lang/InterruptedException')}
  0x0000025dce9d83f4: 0841 81fa | 00b7 0201 

  0x0000025dce9d83fc: ;   {metadata('java/util/concurrent/ExecutionException')}
  0x0000025dce9d83fc: 7492 4181 | fa48 790f | 010f 847d | ffff ff48 | 8bd0 eb5f | 448b 5808 

  0x0000025dce9d8414: ;   {metadata('java/lang/InterruptedException')}
  0x0000025dce9d8414: 4181 fb00 | b702 010f | 847f ffff 

  0x0000025dce9d8420: ;   {metadata('java/util/concurrent/ExecutionException')}
  0x0000025dce9d8420: ff41 81fb | 4879 0f01 | 0f84 6aff | ffff 488b | d0eb 3c44 

  0x0000025dce9d8434: ;   {metadata('java/lang/InterruptedException')}
  0x0000025dce9d8434: 8b58 0841 | 81fb 00b7 | 0201 0f84 | 6cff ffff 

  0x0000025dce9d8444: ;   {metadata('java/util/concurrent/ExecutionException')}
  0x0000025dce9d8444: 4181 fb48 | 790f 010f | 8457 ffff | ff48 8bd0 | eb19 448b 

  0x0000025dce9d8458: ;   {metadata('java/lang/InterruptedException')}
  0x0000025dce9d8458: 5008 4181 | fa00 b702 

  0x0000025dce9d8460: ;   {metadata('java/util/concurrent/ExecutionException')}
  0x0000025dce9d8460: 0174 1641 | 81fa 4879 | 0f01 7424 | 488b d048 | 83c4 205d 

  0x0000025dce9d8474: ;   {runtime_call _rethrow_Java}
  0x0000025dce9d8474: e907 799f | ff48 8be8 | ba2e 0000 

  0x0000025dce9d8480: ;   {runtime_call UncommonTrapBlob}
  0x0000025dce9d8480: 0066 90e8 

  0x0000025dce9d8484: ; ImmutableOopMap {rbp=Oop }
                      ;*new {reexecute=0 rethrow=0 return_oop=0}
                      ; - org.eclipse.jdt.ls.core.internal.ConnectionStreamFactory$NamedPipeInputStream::read@119 (line 181)
  0x0000025dce9d8484: 78e8 93ff 

  0x0000025dce9d8488: ;   {other}
  0x0000025dce9d8488: 0f1f 8400 | 7806 0014 | 488b e8eb 

  0x0000025dce9d8494: ;   {internal_word}
  0x0000025dce9d8494: e749 bafd | 809d ce5d | 0200 004d | 8997 6804 

  0x0000025dce9d84a4: ;   {runtime_call SafepointBlob}
  0x0000025dce9d84a4: 0000 e9d5 

  0x0000025dce9d84a8: ;   {runtime_call StubRoutines (final stubs)}
  0x0000025dce9d84a8: d693 ffe8 | 5053 92ff | e9e5 fbff | fff4 f4f4 
[Stub Code]
  0x0000025dce9d84b8: ;   {no_reloc}
  0x0000025dce9d84b8: 48bb 382a | 0c80 5d02 

  0x0000025dce9d84c0: ;   {runtime_call I2C/C2I adapters}
  0x0000025dce9d84c0: 0000 e91c 

  0x0000025dce9d84c4: ;   {static_stub}
  0x0000025dce9d84c4: 5793 ff48 | bbf0 2b0c | 805d 0200 

  0x0000025dce9d84d0: ;   {runtime_call I2C/C2I adapters}
  0x0000025dce9d84d0: 00e9 0d57 

  0x0000025dce9d84d4: ;   {static_stub}
  0x0000025dce9d84d4: 93ff 48bb | 0000 0000 | 0000 0000 

  0x0000025dce9d84e0: ;   {runtime_call nmethod}
  0x0000025dce9d84e0: e9fb ffff 

  0x0000025dce9d84e4: ;   {static_stub}
  0x0000025dce9d84e4: ff48 bb38 | ba59 de5d 

  0x0000025dce9d84ec: ;   {runtime_call I2C/C2I adapters}
  0x0000025dce9d84ec: 0200 00e9 | 772b 93ff 

  0x0000025dce9d84f4: ;   {static_stub}
  0x0000025dce9d84f4: 48bb c01a | 7fde 5d02 

  0x0000025dce9d84fc: ;   {runtime_call I2C/C2I adapters}
  0x0000025dce9d84fc: 0000 e9e0 

  0x0000025dce9d8500: ;   {runtime_call ExceptionBlob}
  0x0000025dce9d8500: 5693 ffe9 | f8f5 9eff 
[Deopt Handler Code]
  0x0000025dce9d8508: e800 0000 | 0048 832c 

  0x0000025dce9d8510: ;   {runtime_call DeoptimizationBlob}
  0x0000025dce9d8510: 2405 e909 | eb93 fff4 
[/MachCode]


---------------  P R O C E S S  ---------------

Threads class SMR info:
_java_thread_list=0x0000025de1f1eb30, length=35, elements={
0x0000025dc3b8ed60, 0x0000025ddc4444b0, 0x0000025dc3b3bd80, 0x0000025ddc44a4d0,
0x0000025ddc44af30, 0x0000025ddc44f260, 0x0000025ddc44fcc0, 0x0000025ddc45c310,
0x0000025ddc479ca0, 0x0000025ddc664f60, 0x0000025de1150620, 0x0000025de1932640,
0x0000025de19d74a0, 0x0000025de183ed50, 0x0000025de19779b0, 0x0000025de1b8bd70,
0x0000025de1b1c5e0, 0x0000025de105b590, 0x0000025de231aa50, 0x0000025de231a3c0,
0x0000025de2319010, 0x0000025de231b770, 0x0000025de23196a0, 0x0000025de231b0e0,
0x0000025de231c490, 0x0000025de231be00, 0x0000025de2319d30, 0x0000025de256c5c0,
0x0000025de256a4f0, 0x0000025de256e000, 0x0000025de256d970, 0x0000025de256cc50,
0x0000025de256ab80, 0x0000025de256e690, 0x0000025de256d2e0
}

Java Threads: ( => current thread )
  0x0000025dc3b8ed60 JavaThread "main"                              [_thread_blocked, id=22928, stack(0x0000007733300000,0x0000007733400000) (1024K)]
  0x0000025ddc4444b0 JavaThread "Reference Handler"          daemon [_thread_blocked, id=24772, stack(0x0000007733700000,0x0000007733800000) (1024K)]
  0x0000025dc3b3bd80 JavaThread "Finalizer"                  daemon [_thread_blocked, id=28268, stack(0x0000007733800000,0x0000007733900000) (1024K)]
  0x0000025ddc44a4d0 JavaThread "Signal Dispatcher"          daemon [_thread_blocked, id=28260, stack(0x0000007733900000,0x0000007733a00000) (1024K)]
  0x0000025ddc44af30 JavaThread "Attach Listener"            daemon [_thread_blocked, id=15040, stack(0x0000007733a00000,0x0000007733b00000) (1024K)]
  0x0000025ddc44f260 JavaThread "Service Thread"             daemon [_thread_blocked, id=22800, stack(0x0000007733b00000,0x0000007733c00000) (1024K)]
  0x0000025ddc44fcc0 JavaThread "Monitor Deflation Thread"   daemon [_thread_blocked, id=5660, stack(0x0000007733c00000,0x0000007733d00000) (1024K)]
  0x0000025ddc45c310 JavaThread "C2 CompilerThread0"         daemon [_thread_blocked, id=28256, stack(0x0000007733d00000,0x0000007733e00000) (1024K)]
  0x0000025ddc479ca0 JavaThread "C1 CompilerThread0"         daemon [_thread_blocked, id=25060, stack(0x0000007733e00000,0x0000007733f00000) (1024K)]
  0x0000025ddc664f60 JavaThread "Common-Cleaner"             daemon [_thread_blocked, id=22900, stack(0x0000007734000000,0x0000007734100000) (1024K)]
  0x0000025de1150620 JavaThread "Notification Thread"        daemon [_thread_blocked, id=23104, stack(0x0000007734100000,0x0000007734200000) (1024K)]
  0x0000025de1932640 JavaThread "Active Thread: Equinox Container: d8710ecf-80ae-43ce-8353-cd7aeced7899"        [_thread_blocked, id=25160, stack(0x0000007734900000,0x0000007734a00000) (1024K)]
  0x0000025de19d74a0 JavaThread "Framework Event Dispatcher: Equinox Container: d8710ecf-80ae-43ce-8353-cd7aeced7899" daemon [_thread_blocked, id=26440, stack(0x0000007734a00000,0x0000007734b00000) (1024K)]
  0x0000025de183ed50 JavaThread "Start Level: Equinox Container: d8710ecf-80ae-43ce-8353-cd7aeced7899" daemon [_thread_blocked, id=19924, stack(0x0000007734b00000,0x0000007734c00000) (1024K)]
  0x0000025de19779b0 JavaThread "SCR Component Actor"        daemon [_thread_blocked, id=24124, stack(0x0000007734d00000,0x0000007734e00000) (1024K)]
  0x0000025de1b8bd70 JavaThread "Worker-JM"                         [_thread_blocked, id=22952, stack(0x0000007734e00000,0x0000007734f00000) (1024K)]
  0x0000025de1b1c5e0 JavaThread "Worker-0"                          [_thread_blocked, id=344, stack(0x0000007735100000,0x0000007735200000) (1024K)]
  0x0000025de105b590 JavaThread "Worker-1"                          [_thread_blocked, id=26120, stack(0x0000007734200000,0x0000007734300000) (1024K)]
  0x0000025de231aa50 JavaThread "JNA Cleaner"                daemon [_thread_blocked, id=6012, stack(0x0000007735300000,0x0000007735400000) (1024K)]
  0x0000025de231a3c0 JavaThread "Thread-1"                   daemon [_thread_in_native, id=19064, stack(0x0000007735600000,0x0000007735700000) (1024K)]
  0x0000025de2319010 JavaThread "Thread-2"                   daemon [_thread_in_native, id=5872, stack(0x0000007735700000,0x0000007735800000) (1024K)]
  0x0000025de231b770 JavaThread "Thread-3"                   daemon [_thread_in_native, id=24692, stack(0x0000007735800000,0x0000007735900000) (1024K)]
  0x0000025de23196a0 JavaThread "Thread-4"                   daemon [_thread_in_native, id=28420, stack(0x0000007735900000,0x0000007735a00000) (1024K)]
  0x0000025de231b0e0 JavaThread "Thread-5"                   daemon [_thread_in_native, id=22296, stack(0x0000007735a00000,0x0000007735b00000) (1024K)]
  0x0000025de231c490 JavaThread "Thread-6"                   daemon [_thread_in_native, id=24104, stack(0x0000007735b00000,0x0000007735c00000) (1024K)]
  0x0000025de231be00 JavaThread "Thread-7"                   daemon [_thread_in_native, id=13376, stack(0x0000007735c00000,0x0000007735d00000) (1024K)]
  0x0000025de2319d30 JavaThread "Thread-8"                   daemon [_thread_in_native, id=10888, stack(0x0000007735d00000,0x0000007735e00000) (1024K)]
  0x0000025de256c5c0 JavaThread "Thread-9"                   daemon [_thread_in_native, id=28228, stack(0x0000007735e00000,0x0000007735f00000) (1024K)]
  0x0000025de256a4f0 JavaThread "Thread-10"                  daemon [_thread_in_native, id=4468, stack(0x0000007735f00000,0x0000007736000000) (1024K)]
  0x0000025de256e000 JavaThread "Thread-11"                  daemon [_thread_in_native, id=18256, stack(0x0000007736000000,0x0000007736100000) (1024K)]
  0x0000025de256d970 JavaThread "Thread-12"                  daemon [_thread_in_native, id=23868, stack(0x0000007736100000,0x0000007736200000) (1024K)]
  0x0000025de256cc50 JavaThread "Thread-13"                  daemon [_thread_in_native, id=18064, stack(0x0000007736200000,0x0000007736300000) (1024K)]
  0x0000025de256ab80 JavaThread "pool-2-thread-1"                   [_thread_blocked, id=25328, stack(0x0000007736300000,0x0000007736400000) (1024K)]
  0x0000025de256e690 JavaThread "WorkspaceEventsHandler"            [_thread_blocked, id=28052, stack(0x0000007736400000,0x0000007736500000) (1024K)]
=>0x0000025de256d2e0 JavaThread "pool-1-thread-1"                   [_thread_in_vm, id=23976, stack(0x0000007736500000,0x0000007736600000) (1024K)]
Total: 35

Other Threads:
  0x0000025dc3b23ad0 VMThread "VM Thread"                           [id=772, stack(0x0000007733600000,0x0000007733700000) (1024K)]
  0x0000025dc3bf8ec0 WatcherThread "VM Periodic Task Thread"        [id=15244, stack(0x0000007733500000,0x0000007733600000) (1024K)]
  0x0000025dc3bac7a0 WorkerThread "GC Thread#0"                     [id=22620, stack(0x0000007733400000,0x0000007733500000) (1024K)]
  0x0000025de13015b0 WorkerThread "GC Thread#1"                     [id=28272, stack(0x0000007734300000,0x0000007734400000) (1024K)]
  0x0000025de1301960 WorkerThread "GC Thread#2"                     [id=24300, stack(0x0000007734400000,0x0000007734500000) (1024K)]
  0x0000025de1300740 WorkerThread "GC Thread#3"                     [id=14016, stack(0x0000007734500000,0x0000007734600000) (1024K)]
  0x0000025de1300af0 WorkerThread "GC Thread#4"                     [id=14676, stack(0x0000007734600000,0x0000007734700000) (1024K)]
  0x0000025de12d3fb0 WorkerThread "GC Thread#5"                     [id=24160, stack(0x0000007734700000,0x0000007734800000) (1024K)]
  0x0000025de12d4360 WorkerThread "GC Thread#6"                     [id=10620, stack(0x0000007734800000,0x0000007734900000) (1024K)]
  0x0000025de1a10240 WorkerThread "GC Thread#7"                     [id=28192, stack(0x0000007734c00000,0x0000007734d00000) (1024K)]
  0x0000025de1a80280 WorkerThread "GC Thread#8"                     [id=9712, stack(0x0000007734f00000,0x0000007735000000) (1024K)]
  0x0000025de1a7f770 WorkerThread "GC Thread#9"                     [id=11080, stack(0x0000007735000000,0x0000007735100000) (1024K)]
Total: 12

Threads with active compile tasks:
Total: 0

VM state: not at safepoint (normal execution)

VM Mutex/Monitor currently owned by a thread: None

Heap address: 0x0000000080000000, size: 2048 MB, Compressed Oops mode: 32-bit

CDS archive(s) mapped at: [0x0000025d80000000-0x0000025d80ba0000-0x0000025d80ba0000), size 12189696, SharedBaseAddress: 0x0000025d80000000, ArchiveRelocationMode: 1.
Compressed class space mapped at: 0x0000025d81000000-0x0000025dc1000000, reserved size: 1073741824
Narrow klass base: 0x0000025d80000000, Narrow klass shift: 0, Narrow klass range: 0x100000000

GC Precious Log:
 CardTable entry size: 512
 CPUs: 12 total, 12 available
 Memory: 16163M
 Large Page Support: Disabled
 NUMA Support: Disabled
 Compressed Oops: Enabled (32-bit)
 Alignments: Space 512K, Generation 512K, Heap 2M
 Heap Min Capacity: 100M
 Heap Initial Capacity: 100M
 Heap Max Capacity: 2G
 Pre-touch: Disabled
 Parallel Workers: 10

Heap:
 PSYoungGen      total 27136K, used 9373K [0x00000000d5580000, 0x00000000d7400000, 0x0000000100000000)
  eden space 23552K, 25% used [0x00000000d5580000,0x00000000d5b71e30,0x00000000d6c80000)
  from space 3584K, 91% used [0x00000000d7080000,0x00000000d73b5770,0x00000000d7400000)
  to   space 3584K, 0% used [0x00000000d6d00000,0x00000000d6d00000,0x00000000d7080000)
 ParOldGen       total 68608K, used 10349K [0x0000000080000000, 0x0000000084300000, 0x00000000d5580000)
  object space 68608K, 15% used [0x0000000080000000,0x0000000080a1b620,0x0000000084300000)
 Metaspace       used 28836K, committed 29632K, reserved 1114112K
  class space    used 2905K, committed 3264K, reserved 1048576K

Card table byte_map: [0x0000025dc3530000,0x0000025dc3940000] _byte_map_base: 0x0000025dc3130000

Marking Bits: (ParMarkBitMap*) 0x00007ff8a1963450
 Begin Bits: [0x0000025dd6040000, 0x0000025dd8040000)
 End Bits:   [0x0000025dd8040000, 0x0000025dda040000)

Polling page: 0x0000025dc1980000

Metaspace:

Usage:
  Non-class:     25.32 MB used.
      Class:      2.84 MB used.
       Both:     28.16 MB used.

Virtual space:
  Non-class space:       64.00 MB reserved,      25.75 MB ( 40%) committed,  1 nodes.
      Class space:        1.00 GB reserved,       3.19 MB ( <1%) committed,  1 nodes.
             Both:        1.06 GB reserved,      28.94 MB (  3%) committed. 

Chunk freelists:
   Non-Class:  5.62 MB
       Class:  12.82 MB
        Both:  18.44 MB

MaxMetaspaceSize: unlimited
CompressedClassSpaceSize: 1.00 GB
Initial GC threshold: 21.00 MB
Current GC threshold: 35.00 MB
CDS: on
 - commit_granule_bytes: 65536.
 - commit_granule_words: 8192.
 - virtual_space_node_default_size: 8388608.
 - enlarge_chunks_in_place: 1.
 - use_allocation_guard: 0.


Internal statistics:

num_allocs_failed_limit: 3.
num_arena_births: 550.
num_arena_deaths: 14.
num_vsnodes_births: 2.
num_vsnodes_deaths: 0.
num_space_committed: 463.
num_space_uncommitted: 0.
num_chunks_returned_to_freelist: 17.
num_chunks_taken_from_freelist: 1638.
num_chunk_merges: 9.
num_chunk_splits: 1078.
num_chunks_enlarged: 712.
num_inconsistent_stats: 0.

CodeHeap 'non-profiled nmethods': size=120000Kb used=1639Kb max_used=1639Kb free=118360Kb
 bounds [0x0000025dce860000, 0x0000025dcead0000, 0x0000025dd5d90000]
CodeHeap 'profiled nmethods': size=120000Kb used=6800Kb max_used=6800Kb free=113199Kb
 bounds [0x0000025dc6d90000, 0x0000025dc7440000, 0x0000025dce2c0000]
CodeHeap 'non-nmethods': size=5760Kb used=1349Kb max_used=1415Kb free=4410Kb
 bounds [0x0000025dce2c0000, 0x0000025dce530000, 0x0000025dce860000]
CodeCache: size=245760Kb, used=9788Kb, max_used=9854Kb, free=235969Kb
 total_blobs=4111, nmethods=3479, adapters=538, full_count=0
Compilation: enabled, stopped_count=0, restarted_count=0

Compilation events (20 events):
Event: 3.498 Thread 0x0000025ddc479ca0 3471       3       com.google.gson.internal.bind.JsonTreeReader::nextName (71 bytes)
Event: 3.499 Thread 0x0000025ddc479ca0 nmethod 3471 0x0000025dc7430d10 code [0x0000025dc7430f40, 0x0000025dc74318b8]
Event: 3.499 Thread 0x0000025ddc479ca0 3472       3       com.google.gson.internal.LinkedTreeMap::containsKey (14 bytes)
Event: 3.499 Thread 0x0000025ddc479ca0 nmethod 3472 0x0000025dc7431b90 code [0x0000025dc7431d40, 0x0000025dc7431fa8]
Event: 3.499 Thread 0x0000025ddc45c310 nmethod 3474 0x0000025dce9f7e10 code [0x0000025dce9f7fa0, 0x0000025dce9f80a0]
Event: 3.499 Thread 0x0000025ddc479ca0 3475       3       java.nio.ByteBuffer::arrayOffset (35 bytes)
Event: 3.499 Thread 0x0000025ddc479ca0 nmethod 3475 0x0000025dc7432090 code [0x0000025dc7432260, 0x0000025dc7432518]
Event: 3.499 Thread 0x0000025ddc479ca0 3476       3       java.nio.CharBuffer::position (8 bytes)
Event: 3.499 Thread 0x0000025ddc479ca0 nmethod 3476 0x0000025dc7432610 code [0x0000025dc74327c0, 0x0000025dc7432910]
Event: 3.499 Thread 0x0000025ddc479ca0 3477       3       java.nio.CharBuffer::position (6 bytes)
Event: 3.499 Thread 0x0000025ddc479ca0 nmethod 3477 0x0000025dc7432990 code [0x0000025dc7432b40, 0x0000025dc7432cf0]
Event: 3.499 Thread 0x0000025ddc479ca0 3478       3       java.nio.ByteBuffer::array (35 bytes)
Event: 3.500 Thread 0x0000025ddc479ca0 nmethod 3478 0x0000025dc7432e10 code [0x0000025dc7432fe0, 0x0000025dc7433298]
Event: 3.500 Thread 0x0000025ddc479ca0 3479       3       com.google.gson.stream.JsonReader::beginObject (40 bytes)
Event: 3.500 Thread 0x0000025de2cb1b10 3480       4       java.lang.StringBuilder::append (8 bytes)
Event: 3.500 Thread 0x0000025ddc479ca0 nmethod 3479 0x0000025dc7433390 code [0x0000025dc7433560, 0x0000025dc7433840]
Event: 3.502 Thread 0x0000025ddc62d1b0 nmethod 3473 0x0000025dce9f8190 code [0x0000025dce9f8360, 0x0000025dce9f8ab0]
Event: 3.503 Thread 0x0000025de2cb1b10 nmethod 3480 0x0000025dce9f8d90 code [0x0000025dce9f8f80, 0x0000025dce9f95a8]
Event: 3.627 Thread 0x0000025ddc479ca0 3481       3       java.util.HashSet::<init> (29 bytes)
Event: 3.627 Thread 0x0000025ddc479ca0 nmethod 3481 0x0000025dc7433990 code [0x0000025dc7433b80, 0x0000025dc7434028]

GC Heap History (18 events):
Event: 0.816 GC heap before
{Heap before GC invocations=1 (full 0):
 PSYoungGen      total 29696K, used 25600K [0x00000000d5580000, 0x00000000d7680000, 0x0000000100000000)
  eden space 25600K, 100% used [0x00000000d5580000,0x00000000d6e80000,0x00000000d6e80000)
  from space 4096K, 0% used [0x00000000d7280000,0x00000000d7280000,0x00000000d7680000)
  to   space 4096K, 0% used [0x00000000d6e80000,0x00000000d6e80000,0x00000000d7280000)
 ParOldGen       total 68608K, used 0K [0x0000000080000000, 0x0000000084300000, 0x00000000d5580000)
  object space 68608K, 0% used [0x0000000080000000,0x0000000080000000,0x0000000084300000)
 Metaspace       used 4351K, committed 4608K, reserved 1114112K
  class space    used 474K, committed 576K, reserved 1048576K
}
Event: 0.824 GC heap after
{Heap after GC invocations=1 (full 0):
 PSYoungGen      total 29696K, used 3303K [0x00000000d5580000, 0x00000000d7680000, 0x0000000100000000)
  eden space 25600K, 0% used [0x00000000d5580000,0x00000000d5580000,0x00000000d6e80000)
  from space 4096K, 80% used [0x00000000d6e80000,0x00000000d71b9e98,0x00000000d7280000)
  to   space 4096K, 0% used [0x00000000d7280000,0x00000000d7280000,0x00000000d7680000)
 ParOldGen       total 68608K, used 16K [0x0000000080000000, 0x0000000084300000, 0x00000000d5580000)
  object space 68608K, 0% used [0x0000000080000000,0x0000000080004000,0x0000000084300000)
 Metaspace       used 4351K, committed 4608K, reserved 1114112K
  class space    used 474K, committed 576K, reserved 1048576K
}
Event: 1.559 GC heap before
{Heap before GC invocations=2 (full 0):
 PSYoungGen      total 29696K, used 28903K [0x00000000d5580000, 0x00000000d7680000, 0x0000000100000000)
  eden space 25600K, 100% used [0x00000000d5580000,0x00000000d6e80000,0x00000000d6e80000)
  from space 4096K, 80% used [0x00000000d6e80000,0x00000000d71b9e98,0x00000000d7280000)
  to   space 4096K, 0% used [0x00000000d7280000,0x00000000d7280000,0x00000000d7680000)
 ParOldGen       total 68608K, used 16K [0x0000000080000000, 0x0000000084300000, 0x00000000d5580000)
  object space 68608K, 0% used [0x0000000080000000,0x0000000080004000,0x0000000084300000)
 Metaspace       used 8168K, committed 8512K, reserved 1114112K
  class space    used 868K, committed 1024K, reserved 1048576K
}
Event: 1.565 GC heap after
{Heap after GC invocations=2 (full 0):
 PSYoungGen      total 29696K, used 4077K [0x00000000d5580000, 0x00000000d7680000, 0x0000000100000000)
  eden space 25600K, 0% used [0x00000000d5580000,0x00000000d5580000,0x00000000d6e80000)
  from space 4096K, 99% used [0x00000000d7280000,0x00000000d767b670,0x00000000d7680000)
  to   space 4096K, 0% used [0x00000000d6e80000,0x00000000d6e80000,0x00000000d7280000)
 ParOldGen       total 68608K, used 1157K [0x0000000080000000, 0x0000000084300000, 0x00000000d5580000)
  object space 68608K, 1% used [0x0000000080000000,0x00000000801217f8,0x0000000084300000)
 Metaspace       used 8168K, committed 8512K, reserved 1114112K
  class space    used 868K, committed 1024K, reserved 1048576K
}
Event: 1.990 GC heap before
{Heap before GC invocations=3 (full 0):
 PSYoungGen      total 29696K, used 29677K [0x00000000d5580000, 0x00000000d7680000, 0x0000000100000000)
  eden space 25600K, 100% used [0x00000000d5580000,0x00000000d6e80000,0x00000000d6e80000)
  from space 4096K, 99% used [0x00000000d7280000,0x00000000d767b670,0x00000000d7680000)
  to   space 4096K, 0% used [0x00000000d6e80000,0x00000000d6e80000,0x00000000d7280000)
 ParOldGen       total 68608K, used 1157K [0x0000000080000000, 0x0000000084300000, 0x00000000d5580000)
  object space 68608K, 1% used [0x0000000080000000,0x00000000801217f8,0x0000000084300000)
 Metaspace       used 13008K, committed 13504K, reserved 1114112K
  class space    used 1379K, committed 1600K, reserved 1048576K
}
Event: 1.995 GC heap after
{Heap after GC invocations=3 (full 0):
 PSYoungGen      total 29696K, used 4082K [0x00000000d5580000, 0x00000000d7680000, 0x0000000100000000)
  eden space 25600K, 0% used [0x00000000d5580000,0x00000000d5580000,0x00000000d6e80000)
  from space 4096K, 99% used [0x00000000d6e80000,0x00000000d727c860,0x00000000d7280000)
  to   space 4096K, 0% used [0x00000000d7280000,0x00000000d7280000,0x00000000d7680000)
 ParOldGen       total 68608K, used 2957K [0x0000000080000000, 0x0000000084300000, 0x00000000d5580000)
  object space 68608K, 4% used [0x0000000080000000,0x00000000802e34e8,0x0000000084300000)
 Metaspace       used 13008K, committed 13504K, reserved 1114112K
  class space    used 1379K, committed 1600K, reserved 1048576K
}
Event: 2.393 GC heap before
{Heap before GC invocations=4 (full 0):
 PSYoungGen      total 29696K, used 29682K [0x00000000d5580000, 0x00000000d7680000, 0x0000000100000000)
  eden space 25600K, 100% used [0x00000000d5580000,0x00000000d6e80000,0x00000000d6e80000)
  from space 4096K, 99% used [0x00000000d6e80000,0x00000000d727c860,0x00000000d7280000)
  to   space 4096K, 0% used [0x00000000d7280000,0x00000000d7280000,0x00000000d7680000)
 ParOldGen       total 68608K, used 2957K [0x0000000080000000, 0x0000000084300000, 0x00000000d5580000)
  object space 68608K, 4% used [0x0000000080000000,0x00000000802e34e8,0x0000000084300000)
 Metaspace       used 15945K, committed 16576K, reserved 1114112K
  class space    used 1657K, committed 1920K, reserved 1048576K
}
Event: 2.396 GC heap after
{Heap after GC invocations=4 (full 0):
 PSYoungGen      total 29696K, used 4080K [0x00000000d5580000, 0x00000000d7680000, 0x0000000100000000)
  eden space 25600K, 0% used [0x00000000d5580000,0x00000000d5580000,0x00000000d6e80000)
  from space 4096K, 99% used [0x00000000d7280000,0x00000000d767c190,0x00000000d7680000)
  to   space 4096K, 0% used [0x00000000d6e80000,0x00000000d6e80000,0x00000000d7280000)
 ParOldGen       total 68608K, used 5639K [0x0000000080000000, 0x0000000084300000, 0x00000000d5580000)
  object space 68608K, 8% used [0x0000000080000000,0x0000000080581fa8,0x0000000084300000)
 Metaspace       used 15945K, committed 16576K, reserved 1114112K
  class space    used 1657K, committed 1920K, reserved 1048576K
}
Event: 2.566 GC heap before
{Heap before GC invocations=5 (full 0):
 PSYoungGen      total 29696K, used 29439K [0x00000000d5580000, 0x00000000d7680000, 0x0000000100000000)
  eden space 25600K, 99% used [0x00000000d5580000,0x00000000d6e43b70,0x00000000d6e80000)
  from space 4096K, 99% used [0x00000000d7280000,0x00000000d767c190,0x00000000d7680000)
  to   space 4096K, 0% used [0x00000000d6e80000,0x00000000d6e80000,0x00000000d7280000)
 ParOldGen       total 68608K, used 5639K [0x0000000080000000, 0x0000000084300000, 0x00000000d5580000)
  object space 68608K, 8% used [0x0000000080000000,0x0000000080581fa8,0x0000000084300000)
 Metaspace       used 20154K, committed 20800K, reserved 1114112K
  class space    used 1965K, committed 2240K, reserved 1048576K
}
Event: 2.569 GC heap after
{Heap after GC invocations=5 (full 0):
 PSYoungGen      total 29184K, used 4094K [0x00000000d5580000, 0x00000000d7900000, 0x0000000100000000)
  eden space 25088K, 0% used [0x00000000d5580000,0x00000000d5580000,0x00000000d6e00000)
  from space 4096K, 99% used [0x00000000d6e80000,0x00000000d727fae8,0x00000000d7280000)
  to   space 5632K, 0% used [0x00000000d7380000,0x00000000d7380000,0x00000000d7900000)
 ParOldGen       total 68608K, used 6289K [0x0000000080000000, 0x0000000084300000, 0x00000000d5580000)
  object space 68608K, 9% used [0x0000000080000000,0x0000000080624460,0x0000000084300000)
 Metaspace       used 20154K, committed 20800K, reserved 1114112K
  class space    used 1965K, committed 2240K, reserved 1048576K
}
Event: 2.752 GC heap before
{Heap before GC invocations=6 (full 0):
 PSYoungGen      total 29184K, used 23801K [0x00000000d5580000, 0x00000000d7900000, 0x0000000100000000)
  eden space 25088K, 78% used [0x00000000d5580000,0x00000000d68bea70,0x00000000d6e00000)
  from space 4096K, 99% used [0x00000000d6e80000,0x00000000d727fae8,0x00000000d7280000)
  to   space 5632K, 0% used [0x00000000d7380000,0x00000000d7380000,0x00000000d7900000)
 ParOldGen       total 68608K, used 6289K [0x0000000080000000, 0x0000000084300000, 0x00000000d5580000)
  object space 68608K, 9% used [0x0000000080000000,0x0000000080624460,0x0000000084300000)
 Metaspace       used 20916K, committed 21504K, reserved 1114112K
  class space    used 2007K, committed 2304K, reserved 1048576K
}
Event: 2.755 GC heap after
{Heap after GC invocations=6 (full 0):
 PSYoungGen      total 30208K, used 5490K [0x00000000d5580000, 0x00000000d7a00000, 0x0000000100000000)
  eden space 24576K, 0% used [0x00000000d5580000,0x00000000d5580000,0x00000000d6d80000)
  from space 5632K, 97% used [0x00000000d7380000,0x00000000d78dcad8,0x00000000d7900000)
  to   space 6144K, 0% used [0x00000000d6d80000,0x00000000d6d80000,0x00000000d7380000)
 ParOldGen       total 68608K, used 7078K [0x0000000080000000, 0x0000000084300000, 0x00000000d5580000)
  object space 68608K, 10% used [0x0000000080000000,0x00000000806e9970,0x0000000084300000)
 Metaspace       used 20916K, committed 21504K, reserved 1114112K
  class space    used 2007K, committed 2304K, reserved 1048576K
}
Event: 2.755 GC heap before
{Heap before GC invocations=7 (full 1):
 PSYoungGen      total 30208K, used 5490K [0x00000000d5580000, 0x00000000d7a00000, 0x0000000100000000)
  eden space 24576K, 0% used [0x00000000d5580000,0x00000000d5580000,0x00000000d6d80000)
  from space 5632K, 97% used [0x00000000d7380000,0x00000000d78dcad8,0x00000000d7900000)
  to   space 6144K, 0% used [0x00000000d6d80000,0x00000000d6d80000,0x00000000d7380000)
 ParOldGen       total 68608K, used 7078K [0x0000000080000000, 0x0000000084300000, 0x00000000d5580000)
  object space 68608K, 10% used [0x0000000080000000,0x00000000806e9970,0x0000000084300000)
 Metaspace       used 20916K, committed 21504K, reserved 1114112K
  class space    used 2007K, committed 2304K, reserved 1048576K
}
Event: 2.774 GC heap after
{Heap after GC invocations=7 (full 1):
 PSYoungGen      total 30208K, used 0K [0x00000000d5580000, 0x00000000d7a00000, 0x0000000100000000)
  eden space 24576K, 0% used [0x00000000d5580000,0x00000000d5580000,0x00000000d6d80000)
  from space 5632K, 0% used [0x00000000d7380000,0x00000000d7380000,0x00000000d7900000)
  to   space 6144K, 0% used [0x00000000d6d80000,0x00000000d6d80000,0x00000000d7380000)
 ParOldGen       total 68608K, used 10333K [0x0000000080000000, 0x0000000084300000, 0x00000000d5580000)
  object space 68608K, 15% used [0x0000000080000000,0x0000000080a17620,0x0000000084300000)
 Metaspace       used 20903K, committed 21504K, reserved 1114112K
  class space    used 2004K, committed 2304K, reserved 1048576K
}
Event: 3.186 GC heap before
{Heap before GC invocations=8 (full 1):
 PSYoungGen      total 30208K, used 24571K [0x00000000d5580000, 0x00000000d7a00000, 0x0000000100000000)
  eden space 24576K, 99% used [0x00000000d5580000,0x00000000d6d7ee08,0x00000000d6d80000)
  from space 5632K, 0% used [0x00000000d7380000,0x00000000d7380000,0x00000000d7900000)
  to   space 6144K, 0% used [0x00000000d6d80000,0x00000000d6d80000,0x00000000d7380000)
 ParOldGen       total 68608K, used 10333K [0x0000000080000000, 0x0000000084300000, 0x00000000d5580000)
  object space 68608K, 15% used [0x0000000080000000,0x0000000080a17620,0x0000000084300000)
 Metaspace       used 25039K, committed 25792K, reserved 1114112K
  class space    used 2441K, committed 2752K, reserved 1048576K
}
Event: 3.188 GC heap after
{Heap after GC invocations=8 (full 1):
 PSYoungGen      total 26624K, used 2144K [0x00000000d5580000, 0x00000000d7400000, 0x0000000100000000)
  eden space 24064K, 0% used [0x00000000d5580000,0x00000000d5580000,0x00000000d6d00000)
  from space 2560K, 83% used [0x00000000d6d80000,0x00000000d6f98360,0x00000000d7000000)
  to   space 3584K, 0% used [0x00000000d7080000,0x00000000d7080000,0x00000000d7400000)
 ParOldGen       total 68608K, used 10341K [0x0000000080000000, 0x0000000084300000, 0x00000000d5580000)
  object space 68608K, 15% used [0x0000000080000000,0x0000000080a19620,0x0000000084300000)
 Metaspace       used 25039K, committed 25792K, reserved 1114112K
  class space    used 2441K, committed 2752K, reserved 1048576K
}
Event: 3.416 GC heap before
{Heap before GC invocations=9 (full 1):
 PSYoungGen      total 26624K, used 26208K [0x00000000d5580000, 0x00000000d7400000, 0x0000000100000000)
  eden space 24064K, 100% used [0x00000000d5580000,0x00000000d6d00000,0x00000000d6d00000)
  from space 2560K, 83% used [0x00000000d6d80000,0x00000000d6f98360,0x00000000d7000000)
  to   space 3584K, 0% used [0x00000000d7080000,0x00000000d7080000,0x00000000d7400000)
 ParOldGen       total 68608K, used 10341K [0x0000000080000000, 0x0000000084300000, 0x00000000d5580000)
  object space 68608K, 15% used [0x0000000080000000,0x0000000080a19620,0x0000000084300000)
 Metaspace       used 28074K, committed 28864K, reserved 1114112K
  class space    used 2826K, committed 3200K, reserved 1048576K
}
Event: 3.418 GC heap after
{Heap after GC invocations=9 (full 1):
 PSYoungGen      total 27136K, used 3285K [0x00000000d5580000, 0x00000000d7400000, 0x0000000100000000)
  eden space 23552K, 0% used [0x00000000d5580000,0x00000000d5580000,0x00000000d6c80000)
  from space 3584K, 91% used [0x00000000d7080000,0x00000000d73b5770,0x00000000d7400000)
  to   space 3584K, 0% used [0x00000000d6d00000,0x00000000d6d00000,0x00000000d7080000)
 ParOldGen       total 68608K, used 10349K [0x0000000080000000, 0x0000000084300000, 0x00000000d5580000)
  object space 68608K, 15% used [0x0000000080000000,0x0000000080a1b620,0x0000000084300000)
 Metaspace       used 28074K, committed 28864K, reserved 1114112K
  class space    used 2826K, committed 3200K, reserved 1048576K
}

Dll operation events (10 events):
Event: 0.016 Loaded shared library c:\Users\ACER\.vscode\extensions\redhat.java-1.54.0-win32-x64\jre\21.0.10-win32-x86_64\bin\java.dll
Event: 0.096 Loaded shared library c:\Users\ACER\.vscode\extensions\redhat.java-1.54.0-win32-x64\jre\21.0.10-win32-x86_64\bin\zip.dll
Event: 0.115 Loaded shared library C:\Users\ACER\.vscode\extensions\redhat.java-1.54.0-win32-x64\jre\21.0.10-win32-x86_64\bin\instrument.dll
Event: 0.121 Loaded shared library C:\Users\ACER\.vscode\extensions\redhat.java-1.54.0-win32-x64\jre\21.0.10-win32-x86_64\bin\net.dll
Event: 0.123 Loaded shared library C:\Users\ACER\.vscode\extensions\redhat.java-1.54.0-win32-x64\jre\21.0.10-win32-x86_64\bin\nio.dll
Event: 0.126 Loaded shared library C:\Users\ACER\.vscode\extensions\redhat.java-1.54.0-win32-x64\jre\21.0.10-win32-x86_64\bin\zip.dll
Event: 0.141 Loaded shared library C:\Users\ACER\.vscode\extensions\redhat.java-1.54.0-win32-x64\jre\21.0.10-win32-x86_64\bin\jimage.dll
Event: 0.208 Loaded shared library c:\Users\ACER\.vscode\extensions\redhat.java-1.54.0-win32-x64\jre\21.0.10-win32-x86_64\bin\verify.dll
Event: 1.530 Loaded shared library C:\Users\ACER\AppData\Roaming\Code\User\globalStorage\redhat.java\1.54.0\config_ss_win\org.eclipse.equinox.launcher\org.eclipse.equinox.launcher.win32.win32.x86_64_1.3.0.v20260203-2149\eclipse_11919.dll
Event: 3.076 Loaded shared library C:\Users\ACER\AppData\Local\Temp\jna-2003023\jna16942319774504826973.dll

Deoptimization events (20 events):
Event: 3.457 Thread 0x0000025de1b1c5e0 Uncommon trap: trap_request=0xffffffc6 fr.pc=0x0000025dce9e9e24 relative=0x00000000000003a4
Event: 3.457 Thread 0x0000025de1b1c5e0 Uncommon trap: reason=bimorphic_or_optimized_type_check action=maybe_recompile pc=0x0000025dce9e9e24 method=java.util.regex.Pattern$BmpCharPropertyGreedy.match(Ljava/util/regex/Matcher;ILjava/lang/CharSequence;)Z @ 26 c2
Event: 3.457 Thread 0x0000025de1b1c5e0 DEOPT PACKING pc=0x0000025dce9e9e24 sp=0x00000077351fe110
Event: 3.457 Thread 0x0000025de1b1c5e0 DEOPT UNPACKING pc=0x0000025dce316da2 sp=0x00000077351fe0a8 mode 2
Event: 3.457 Thread 0x0000025de1b1c5e0 Uncommon trap: trap_request=0xffffffc6 fr.pc=0x0000025dce9e9e24 relative=0x00000000000003a4
Event: 3.457 Thread 0x0000025de1b1c5e0 Uncommon trap: reason=bimorphic_or_optimized_type_check action=maybe_recompile pc=0x0000025dce9e9e24 method=java.util.regex.Pattern$BmpCharPropertyGreedy.match(Ljava/util/regex/Matcher;ILjava/lang/CharSequence;)Z @ 26 c2
Event: 3.457 Thread 0x0000025de1b1c5e0 DEOPT PACKING pc=0x0000025dce9e9e24 sp=0x00000077351fde90
Event: 3.457 Thread 0x0000025de1b1c5e0 DEOPT UNPACKING pc=0x0000025dce316da2 sp=0x00000077351fde28 mode 2
Event: 3.457 Thread 0x0000025de1b1c5e0 Uncommon trap: trap_request=0xffffffc6 fr.pc=0x0000025dce9e9e24 relative=0x00000000000003a4
Event: 3.457 Thread 0x0000025de1b1c5e0 Uncommon trap: reason=bimorphic_or_optimized_type_check action=maybe_recompile pc=0x0000025dce9e9e24 method=java.util.regex.Pattern$BmpCharPropertyGreedy.match(Ljava/util/regex/Matcher;ILjava/lang/CharSequence;)Z @ 26 c2
Event: 3.457 Thread 0x0000025de1b1c5e0 DEOPT PACKING pc=0x0000025dce9e9e24 sp=0x00000077351fe110
Event: 3.457 Thread 0x0000025de1b1c5e0 DEOPT UNPACKING pc=0x0000025dce316da2 sp=0x00000077351fe0a8 mode 2
Event: 3.457 Thread 0x0000025de1b1c5e0 Uncommon trap: trap_request=0xffffffc6 fr.pc=0x0000025dce9e9e24 relative=0x00000000000003a4
Event: 3.457 Thread 0x0000025de1b1c5e0 Uncommon trap: reason=bimorphic_or_optimized_type_check action=maybe_recompile pc=0x0000025dce9e9e24 method=java.util.regex.Pattern$BmpCharPropertyGreedy.match(Ljava/util/regex/Matcher;ILjava/lang/CharSequence;)Z @ 26 c2
Event: 3.457 Thread 0x0000025de1b1c5e0 DEOPT PACKING pc=0x0000025dce9e9e24 sp=0x00000077351fde90
Event: 3.457 Thread 0x0000025de1b1c5e0 DEOPT UNPACKING pc=0x0000025dce316da2 sp=0x00000077351fde28 mode 2
Event: 3.479 Thread 0x0000025de256d2e0 Uncommon trap: trap_request=0xffffff45 fr.pc=0x0000025dce9cf8d8 relative=0x0000000000000318
Event: 3.479 Thread 0x0000025de256d2e0 Uncommon trap: reason=unstable_if action=reinterpret pc=0x0000025dce9cf8d8 method=java.util.HashMap$HashIterator.<init>(Ljava/util/HashMap;)V @ 45 c2
Event: 3.479 Thread 0x0000025de256d2e0 DEOPT PACKING pc=0x0000025dce9cf8d8 sp=0x00000077365fe6e0
Event: 3.479 Thread 0x0000025de256d2e0 DEOPT UNPACKING pc=0x0000025dce316da2 sp=0x00000077365fe5a8 mode 2

Classes loaded (20 events):
Event: 3.439 Loading class sun/util/cldr/CLDRBaseLocaleDataMetaInfo$TZCanonicalIDMapHolder done
Event: 3.440 Loading class sun/util/resources/TimeZoneNames
Event: 3.441 Loading class sun/util/resources/TimeZoneNames done
Event: 3.441 Loading class sun/util/resources/TimeZoneNames_en
Event: 3.441 Loading class sun/util/resources/TimeZoneNames_en done
Event: 3.444 Loading class sun/nio/ch/ChannelOutputStream
Event: 3.444 Loading class sun/nio/ch/ChannelOutputStream done
Event: 3.444 Loading class java/nio/file/StandardCopyOption
Event: 3.444 Loading class java/nio/file/StandardCopyOption done
Event: 3.444 Loading class sun/nio/fs/WindowsFileCopy
Event: 3.445 Loading class sun/nio/fs/WindowsFileCopy done
Event: 3.455 Loading class java/util/concurrent/CompletableFuture$AltResult
Event: 3.455 Loading class java/util/concurrent/CompletableFuture$AltResult done
Event: 3.455 Loading class java/util/concurrent/CompletableFuture$Completion
Event: 3.455 Loading class java/util/concurrent/CompletableFuture$AsynchronousCompletionTask
Event: 3.455 Loading class java/util/concurrent/CompletableFuture$AsynchronousCompletionTask done
Event: 3.455 Loading class java/util/concurrent/CompletableFuture$Completion done
Event: 3.461 Loading class sun/nio/ch/WindowsAsynchronousFileChannelImpl$WriteTask
Event: 3.461 Loading class sun/nio/ch/WindowsAsynchronousFileChannelImpl$WriteTask done
Event: 162.149 Loading class java/util/concurrent/CancellationException

Classes unloaded (7 events):
Event: 2.759 Thread 0x0000025dc3b23ad0 Unloading class 0x0000025d8118cc00 'java/lang/invoke/LambdaForm$MH+0x0000025d8118cc00'
Event: 2.759 Thread 0x0000025dc3b23ad0 Unloading class 0x0000025d8118c800 'java/lang/invoke/LambdaForm$MH+0x0000025d8118c800'
Event: 2.759 Thread 0x0000025dc3b23ad0 Unloading class 0x0000025d8118c400 'java/lang/invoke/LambdaForm$MH+0x0000025d8118c400'
Event: 2.759 Thread 0x0000025dc3b23ad0 Unloading class 0x0000025d8118c000 'java/lang/invoke/LambdaForm$MH+0x0000025d8118c000'
Event: 2.759 Thread 0x0000025dc3b23ad0 Unloading class 0x0000025d8118bc00 'java/lang/invoke/LambdaForm$BMH+0x0000025d8118bc00'
Event: 2.759 Thread 0x0000025dc3b23ad0 Unloading class 0x0000025d8118b800 'java/lang/invoke/LambdaForm$DMH+0x0000025d8118b800'
Event: 2.759 Thread 0x0000025dc3b23ad0 Unloading class 0x0000025d8118a400 'java/lang/invoke/LambdaForm$DMH+0x0000025d8118a400'

Classes redefined (0 events):
No events

Internal exceptions (20 events):
Event: 3.142 Thread 0x0000025de183ed50 Exception <a 'java/lang/NoSuchMethodError'{0x00000000d67e58b0}: 'void java.lang.invoke.DelegatingMethodHandle$Holder.reinvoke_L(java.lang.Object, java.lang.Object, int)'> (0x00000000d67e58b0) 
thrown [s\src\hotspot\share\interpreter\linkResolver.cpp, line 773]
Event: 3.142 Thread 0x0000025de183ed50 Exception <a 'java/lang/NoSuchMethodError'{0x00000000d67ec248}: 'int java.lang.invoke.Invokers$Holder.invokeExact_MT(java.lang.Object, java.lang.Object, java.lang.Object)'> (0x00000000d67ec248) 
thrown [s\src\hotspot\share\interpreter\linkResolver.cpp, line 773]
Event: 3.146 Thread 0x0000025de183ed50 Exception <a 'java/lang/UnsatisfiedLinkError'{0x00000000d67ffbf0}: The specified procedure could not be found.
> (0x00000000d67ffbf0) 
thrown [s\src\hotspot\share\prims\jni.cpp, line 539]
Event: 3.150 Thread 0x0000025de183ed50 Exception <a 'java/lang/NoSuchMethodError'{0x00000000d680be08}: 'void java.lang.invoke.Invokers$Holder.invokeExact_MT(java.lang.Object, java.lang.Object, int, java.lang.Object)'> (0x00000000d680be08) 
thrown [s\src\hotspot\share\interpreter\linkResolver.cpp, line 773]
Event: 3.177 Thread 0x0000025dc3b8ed60 Exception <a 'java/lang/NoSuchMethodError'{0x00000000d6b0f250}: 'java.lang.Object java.lang.invoke.DirectMethodHandle$Holder.invokeStatic(java.lang.Object, long, java.lang.Object)'> (0x00000000d6b0f250) 
thrown [s\src\hotspot\share\interpreter\linkResolver.cpp, line 773]
Event: 3.178 Thread 0x0000025dc3b8ed60 Exception <a 'java/lang/NoSuchMethodError'{0x00000000d6b128b8}: 'java.lang.Object java.lang.invoke.DirectMethodHandle$Holder.invokeStaticInit(java.lang.Object, long, java.lang.Object)'> (0x00000000d6b128b8) 
thrown [s\src\hotspot\share\interpreter\linkResolver.cpp, line 773]
Event: 3.178 Thread 0x0000025dc3b8ed60 Exception <a 'java/lang/NoSuchMethodError'{0x00000000d6b5c2e0}: 'java.lang.Object java.lang.invoke.DirectMethodHandle$Holder.newInvokeSpecial(java.lang.Object, long)'> (0x00000000d6b5c2e0) 
thrown [s\src\hotspot\share\interpreter\linkResolver.cpp, line 773]
Event: 3.199 Thread 0x0000025de105b590 Exception <a 'java/io/FileNotFoundException'{0x00000000d566ba58}> (0x00000000d566ba58) 
thrown [s\src\hotspot\share\prims\jni.cpp, line 520]
Event: 3.200 Thread 0x0000025de105b590 Exception <a 'java/io/FileNotFoundException'{0x00000000d566d278}> (0x00000000d566d278) 
thrown [s\src\hotspot\share\prims\jni.cpp, line 520]
Event: 3.201 Thread 0x0000025de105b590 Exception <a 'java/lang/NoSuchMethodError'{0x00000000d567b208}: 'java.lang.Object java.lang.invoke.DirectMethodHandle$Holder.newInvokeSpecial(java.lang.Object, java.lang.Object, java.lang.Object, int)'> (0x00000000d567b208) 
thrown [s\src\hotspot\share\interpreter\linkResolver.cpp, line 773]
Event: 3.201 Thread 0x0000025de105b590 Exception <a 'java/lang/NoSuchMethodError'{0x00000000d567ede0}: 'java.lang.Object java.lang.invoke.DirectMethodHandle$Holder.invokeSpecial(java.lang.Object, java.lang.Object, java.lang.Object, java.lang.Object, int)'> (0x00000000d567ede0) 
thrown [s\src\hotspot\share\interpreter\linkResolver.cpp, line 773]
Event: 3.201 Thread 0x0000025de105b590 Exception <a 'java/lang/NoSuchMethodError'{0x00000000d56824c8}: 'java.lang.Object java.lang.invoke.Invokers$Holder.linkToTargetMethod(java.lang.Object, java.lang.Object, int, java.lang.Object)'> (0x00000000d56824c8) 
thrown [s\src\hotspot\share\interpreter\linkResolver.cpp, line 773]
Event: 3.203 Thread 0x0000025de105b590 Exception <a 'java/lang/NoSuchMethodError'{0x00000000d568dd60}: 'void java.lang.invoke.DirectMethodHandle$Holder.invokeStaticInit(java.lang.Object, java.lang.Object, java.lang.Object)'> (0x00000000d568dd60) 
thrown [s\src\hotspot\share\interpreter\linkResolver.cpp, line 773]
Event: 3.320 Thread 0x0000025dc3b8ed60 Exception <a 'java/lang/NoSuchMethodError'{0x00000000d612ec98}: 'void java.lang.invoke.DirectMethodHandle$Holder.invokeSpecial(java.lang.Object, java.lang.Object, java.lang.Object, java.lang.Object, java.lang.Object, java.lang.Object)'> (0x00000000d612ec98) 
thrown [s\src\hotspot\share\interpreter\linkResolver.cpp, line 773]
Event: 3.320 Thread 0x0000025dc3b8ed60 Exception <a 'java/lang/IncompatibleClassChangeError'{0x00000000d6136dd8}: Found class java.lang.Object, but interface was expected> (0x00000000d6136dd8) 
thrown [s\src\hotspot\share\interpreter\linkResolver.cpp, line 840]
Event: 3.321 Thread 0x0000025dc3b8ed60 Exception <a 'java/lang/IncompatibleClassChangeError'{0x00000000d6138b88}: Found class java.lang.Object, but interface was expected> (0x00000000d6138b88) 
thrown [s\src\hotspot\share\interpreter\linkResolver.cpp, line 840]
Event: 3.393 Thread 0x0000025de256d2e0 Exception <a 'java/lang/NoSuchMethodError'{0x00000000d66ec408}: 'java.lang.Object java.lang.invoke.DirectMethodHandle$Holder.invokeInterface(java.lang.Object, java.lang.Object, java.lang.Object)'> (0x00000000d66ec408) 
thrown [s\src\hotspot\share\interpreter\linkResolver.cpp, line 773]
Event: 3.405 Thread 0x0000025de256d2e0 Exception <a 'java/io/FileNotFoundException'{0x00000000d67945a0}> (0x00000000d67945a0) 
thrown [s\src\hotspot\share\prims\jni.cpp, line 520]
Event: 3.432 Thread 0x0000025de256d2e0 Exception <a 'sun/nio/fs/WindowsException'{0x00000000d5609630}> (0x00000000d5609630) 
thrown [s\src\hotspot\share\prims\jni.cpp, line 520]
Event: 3.478 Thread 0x0000025de256d2e0 Exception <a 'java/lang/IncompatibleClassChangeError'{0x00000000d59ce310}: Found class java.lang.Object, but interface was expected> (0x00000000d59ce310) 
thrown [s\src\hotspot\share\interpreter\linkResolver.cpp, line 840]

ZGC Phase Switch (0 events):
No events

VM Operations (20 events):
Event: 3.091 Executing non-safepoint VM operation: HandshakeAllThreads (Deoptimize)
Event: 3.091 Executing non-safepoint VM operation: HandshakeAllThreads (Deoptimize) done
Event: 3.186 Executing safepoint VM operation: ParallelGCFailedAllocation (Allocation Failure)
Event: 3.188 Executing safepoint VM operation: ParallelGCFailedAllocation (Allocation Failure) done
Event: 3.399 Executing non-safepoint VM operation: HandshakeAllThreads (Deoptimize)
Event: 3.399 Executing non-safepoint VM operation: HandshakeAllThreads (Deoptimize) done
Event: 3.416 Executing safepoint VM operation: ParallelGCFailedAllocation (Allocation Failure)
Event: 3.418 Executing safepoint VM operation: ParallelGCFailedAllocation (Allocation Failure) done
Event: 4.418 Executing safepoint VM operation: Cleanup
Event: 4.418 Executing safepoint VM operation: Cleanup done
Event: 7.446 Executing safepoint VM operation: Cleanup
Event: 7.446 Executing safepoint VM operation: Cleanup done
Event: 60.194 Executing non-safepoint VM operation: HandshakeAllThreads (HandshakeForDeflation)
Event: 60.194 Executing non-safepoint VM operation: HandshakeAllThreads (HandshakeForDeflation) done
Event: 60.194 Executing non-safepoint VM operation: RendezvousGCThreads
Event: 60.194 Executing non-safepoint VM operation: RendezvousGCThreads done
Event: 120.404 Executing non-safepoint VM operation: HandshakeAllThreads (HandshakeForDeflation)
Event: 120.404 Executing non-safepoint VM operation: HandshakeAllThreads (HandshakeForDeflation) done
Event: 120.404 Executing non-safepoint VM operation: RendezvousGCThreads
Event: 120.404 Executing non-safepoint VM operation: RendezvousGCThreads done

Memory protections (0 events):
No events

Nmethod flushes (0 events):
No events

Events (20 events):
Event: 2.894 Thread 0x0000025ddc479ca0 Thread added: 0x0000025de2cb1b10
Event: 3.095 Thread 0x0000025de183ed50 Thread added: 0x0000025de231aa50
Event: 3.184 Thread 0x0000025dc3b8ed60 Thread added: 0x0000025de231a3c0
Event: 3.185 Thread 0x0000025dc3b8ed60 Thread added: 0x0000025de2319010
Event: 3.185 Thread 0x0000025dc3b8ed60 Thread added: 0x0000025de231b770
Event: 3.185 Thread 0x0000025dc3b8ed60 Thread added: 0x0000025de23196a0
Event: 3.185 Thread 0x0000025dc3b8ed60 Thread added: 0x0000025de231b0e0
Event: 3.185 Thread 0x0000025dc3b8ed60 Thread added: 0x0000025de231c490
Event: 3.185 Thread 0x0000025dc3b8ed60 Thread added: 0x0000025de231be00
Event: 3.185 Thread 0x0000025dc3b8ed60 Thread added: 0x0000025de2319d30
Event: 3.185 Thread 0x0000025dc3b8ed60 Thread added: 0x0000025de256c5c0
Event: 3.185 Thread 0x0000025dc3b8ed60 Thread added: 0x0000025de256a4f0
Event: 3.185 Thread 0x0000025dc3b8ed60 Thread added: 0x0000025de256e000
Event: 3.185 Thread 0x0000025dc3b8ed60 Thread added: 0x0000025de256d970
Event: 3.186 Thread 0x0000025dc3b8ed60 Thread added: 0x0000025de256cc50
Event: 3.215 Thread 0x0000025dc3b8ed60 Thread added: 0x0000025de256ab80
Event: 3.333 Thread 0x0000025dc3b8ed60 Thread added: 0x0000025de256e690
Event: 3.333 Thread 0x0000025dc3b8ed60 Thread added: 0x0000025de256d2e0
Event: 3.627 Thread 0x0000025de2cb1b10 Thread exited: 0x0000025de2cb1b10
Event: 3.627 Thread 0x0000025ddc62d1b0 Thread exited: 0x0000025ddc62d1b0


Dynamic libraries:
0x00007ff7b7f20000 - 0x00007ff7b7f2e000 	c:\Users\ACER\.vscode\extensions\redhat.java-1.54.0-win32-x64\jre\21.0.10-win32-x86_64\bin\java.exe
0x00007ff9439a0000 - 0x00007ff943c07000 	C:\WINDOWS\SYSTEM32\ntdll.dll
0x00007ff942360000 - 0x00007ff942429000 	C:\WINDOWS\System32\KERNEL32.DLL
0x00007ff940f80000 - 0x00007ff941377000 	C:\WINDOWS\System32\KERNELBASE.dll
0x00007ff940e30000 - 0x00007ff940f7b000 	C:\WINDOWS\System32\ucrtbase.dll
0x00007ff9267b0000 - 0x00007ff9267c8000 	c:\Users\ACER\.vscode\extensions\redhat.java-1.54.0-win32-x64\jre\21.0.10-win32-x86_64\bin\jli.dll
0x00007ff926740000 - 0x00007ff92675e000 	c:\Users\ACER\.vscode\extensions\redhat.java-1.54.0-win32-x64\jre\21.0.10-win32-x86_64\bin\VCRUNTIME140.dll
0x00007ff942440000 - 0x00007ff942606000 	C:\WINDOWS\System32\USER32.dll
0x00007ff941590000 - 0x00007ff9415b7000 	C:\WINDOWS\System32\win32u.dll
0x00007ff92a2c0000 - 0x00007ff92a552000 	C:\WINDOWS\WinSxS\amd64_microsoft.windows.common-controls_6595b64144ccf1df_6.0.26100.8328_none_3e08182ce334b678\COMCTL32.dll
0x00007ff941730000 - 0x00007ff94175b000 	C:\WINDOWS\System32\GDI32.dll
0x00007ff940d00000 - 0x00007ff940e2c000 	C:\WINDOWS\System32\gdi32full.dll
0x00007ff943130000 - 0x00007ff9431d9000 	C:\WINDOWS\System32\msvcrt.dll
0x00007ff9415c0000 - 0x00007ff941663000 	C:\WINDOWS\System32\msvcp_win.dll
0x00007ff9429f0000 - 0x00007ff942a22000 	C:\WINDOWS\System32\IMM32.DLL
0x00007ff92ae80000 - 0x00007ff92ae8c000 	c:\Users\ACER\.vscode\extensions\redhat.java-1.54.0-win32-x64\jre\21.0.10-win32-x86_64\bin\vcruntime140_1.dll
0x00007ff923040000 - 0x00007ff9230cd000 	c:\Users\ACER\.vscode\extensions\redhat.java-1.54.0-win32-x64\jre\21.0.10-win32-x86_64\bin\msvcp140.dll
0x00007ff8a0ca0000 - 0x00007ff8a1a41000 	c:\Users\ACER\.vscode\extensions\redhat.java-1.54.0-win32-x64\jre\21.0.10-win32-x86_64\bin\server\jvm.dll
0x00007ff9421c0000 - 0x00007ff942276000 	C:\WINDOWS\System32\ADVAPI32.dll
0x00007ff9419b0000 - 0x00007ff941a57000 	C:\WINDOWS\System32\sechost.dll
0x00007ff941760000 - 0x00007ff941878000 	C:\WINDOWS\System32\RPCRT4.dll
0x00007ff9430a0000 - 0x00007ff943120000 	C:\WINDOWS\System32\WS2_32.dll
0x00007ff93ef90000 - 0x00007ff93efee000 	C:\WINDOWS\SYSTEM32\POWRPROF.dll
0x00007ff92d690000 - 0x00007ff92d6c6000 	C:\WINDOWS\SYSTEM32\WINMM.dll
0x00007ff935d20000 - 0x00007ff935d2b000 	C:\WINDOWS\SYSTEM32\VERSION.dll
0x00007ff93ef70000 - 0x00007ff93ef84000 	C:\WINDOWS\SYSTEM32\UMPDC.dll
0x00007ff93f250000 - 0x00007ff93f26b000 	C:\WINDOWS\SYSTEM32\kernel.appcore.dll
0x00007ff9232a0000 - 0x00007ff9232aa000 	c:\Users\ACER\.vscode\extensions\redhat.java-1.54.0-win32-x64\jre\21.0.10-win32-x86_64\bin\jimage.dll
0x00007ff93e330000 - 0x00007ff93e572000 	C:\WINDOWS\SYSTEM32\DBGHELP.DLL
0x00007ff941d00000 - 0x00007ff942083000 	C:\WINDOWS\System32\combase.dll
0x00007ff942280000 - 0x00007ff942359000 	C:\WINDOWS\System32\OLEAUT32.dll
0x00007ff9283a0000 - 0x00007ff9283db000 	C:\WINDOWS\SYSTEM32\dbgcore.DLL
0x00007ff941670000 - 0x00007ff941718000 	C:\WINDOWS\System32\bcryptPrimitives.dll
0x00007ff923030000 - 0x00007ff92303f000 	c:\Users\ACER\.vscode\extensions\redhat.java-1.54.0-win32-x64\jre\21.0.10-win32-x86_64\bin\instrument.dll
0x00007ff922b40000 - 0x00007ff922b60000 	c:\Users\ACER\.vscode\extensions\redhat.java-1.54.0-win32-x64\jre\21.0.10-win32-x86_64\bin\java.dll
0x00007ff9431e0000 - 0x00007ff94394e000 	C:\WINDOWS\System32\SHELL32.dll
0x00007ff9403d0000 - 0x00007ff940c3c000 	C:\WINDOWS\System32\windows.storage.dll
0x00007ff941c00000 - 0x00007ff941cf6000 	C:\WINDOWS\System32\SHCORE.dll
0x00007ff941880000 - 0x00007ff9418e6000 	C:\WINDOWS\System32\shlwapi.dll
0x00007ff9402f0000 - 0x00007ff940319000 	C:\WINDOWS\SYSTEM32\profapi.dll
0x00007ff9232f0000 - 0x00007ff923308000 	c:\Users\ACER\.vscode\extensions\redhat.java-1.54.0-win32-x64\jre\21.0.10-win32-x86_64\bin\zip.dll
0x00007ff9232e0000 - 0x00007ff9232f0000 	C:\Users\ACER\.vscode\extensions\redhat.java-1.54.0-win32-x64\jre\21.0.10-win32-x86_64\bin\net.dll
0x00007ff936b80000 - 0x00007ff936ca9000 	C:\WINDOWS\SYSTEM32\WINHTTP.dll
0x00007ff93f7f0000 - 0x00007ff93f85c000 	C:\WINDOWS\system32\mswsock.dll
0x00007ff9232c0000 - 0x00007ff9232d6000 	C:\Users\ACER\.vscode\extensions\redhat.java-1.54.0-win32-x64\jre\21.0.10-win32-x86_64\bin\nio.dll
0x00007ff9232b0000 - 0x00007ff9232c0000 	c:\Users\ACER\.vscode\extensions\redhat.java-1.54.0-win32-x64\jre\21.0.10-win32-x86_64\bin\verify.dll
0x00007ff922bc0000 - 0x00007ff922c05000 	C:\Users\ACER\AppData\Roaming\Code\User\globalStorage\redhat.java\1.54.0\config_ss_win\org.eclipse.equinox.launcher\org.eclipse.equinox.launcher.win32.win32.x86_64_1.3.0.v20260203-2149\eclipse_11919.dll
0x00007ff941a60000 - 0x00007ff941bf7000 	C:\WINDOWS\System32\ole32.dll
0x00007ff93fad0000 - 0x00007ff93faeb000 	C:\WINDOWS\SYSTEM32\CRYPTSP.dll
0x00007ff93f1b0000 - 0x00007ff93f1e9000 	C:\WINDOWS\system32\rsaenh.dll
0x00007ff93f8a0000 - 0x00007ff93f8d3000 	C:\WINDOWS\SYSTEM32\USERENV.dll
0x00007ff9402c0000 - 0x00007ff9402ea000 	C:\WINDOWS\SYSTEM32\bcrypt.dll
0x00007ff93faf0000 - 0x00007ff93fafc000 	C:\WINDOWS\SYSTEM32\CRYPTBASE.dll
0x00007ff93eba0000 - 0x00007ff93ebd2000 	C:\WINDOWS\SYSTEM32\IPHLPAPI.DLL
0x00007ff941720000 - 0x00007ff94172a000 	C:\WINDOWS\System32\NSI.dll
0x00007ff922cc0000 - 0x00007ff922d09000 	C:\Users\ACER\AppData\Local\Temp\jna-2003023\jna16942319774504826973.dll
0x00007ff942ec0000 - 0x00007ff942ec8000 	C:\WINDOWS\System32\PSAPI.DLL
0x00007ff936b60000 - 0x00007ff936b7d000 	C:\WINDOWS\SYSTEM32\dhcpcsvc6.DLL
0x00007ff936b30000 - 0x00007ff936b55000 	C:\WINDOWS\SYSTEM32\dhcpcsvc.DLL

JVMTI agents:
c:\Users\ACER\.vscode\extensions\redhat.java-1.54.0-win32-x64\lombok\lombok-1.18.39-4050.jar path:c:\Users\ACER\.vscode\extensions\redhat.java-1.54.0-win32-x64\jre\21.0.10-win32-x86_64\bin\instrument.dll, loaded, initialized, instrumentlib options:none

dbghelp: loaded successfully - version: 4.0.5 - missing functions: none
symbol engine: initialized successfully - sym options: 0x614 - pdb path: .;c:\Users\ACER\.vscode\extensions\redhat.java-1.54.0-win32-x64\jre\21.0.10-win32-x86_64\bin;C:\WINDOWS\SYSTEM32;C:\WINDOWS\WinSxS\amd64_microsoft.windows.common-controls_6595b64144ccf1df_6.0.26100.8328_none_3e08182ce334b678;c:\Users\ACER\.vscode\extensions\redhat.java-1.54.0-win32-x64\jre\21.0.10-win32-x86_64\bin\server;C:\Users\ACER\AppData\Roaming\Code\User\globalStorage\redhat.java\1.54.0\config_ss_win\org.eclipse.equinox.launcher\org.eclipse.equinox.launcher.win32.win32.x86_64_1.3.0.v20260203-2149;C:\Users\ACER\AppData\Local\Temp\jna-2003023

VM Arguments:
jvm_args: --add-modules=ALL-SYSTEM --add-opens=java.base/java.util=ALL-UNNAMED --add-opens=java.base/java.lang=ALL-UNNAMED --add-opens=java.base/sun.nio.fs=ALL-UNNAMED -Declipse.application=org.eclipse.jdt.ls.core.id1 -Dosgi.bundles.defaultStartLevel=4 -Declipse.product=org.eclipse.jdt.ls.core.product -Djava.import.generatesMetadataFilesAtProjectRoot=false -DDetectVMInstallationsJob.disabled=true -Dfile.encoding=utf8 -XX:+UseParallelGC -XX:GCTimeRatio=4 -XX:AdaptiveSizePolicyWeight=90 -Dsun.zip.disableMemoryMapping=true -Xmx2G -Xms100m -Xlog:disable -javaagent:c:\Users\ACER\.vscode\extensions\redhat.java-1.54.0-win32-x64\lombok\lombok-1.18.39-4050.jar 
java_command: c:\Users\ACER\.vscode\extensions\redhat.java-1.54.0-win32-x64\server\plugins\org.eclipse.equinox.launcher_1.7.100.v20251111-0406.jar -configuration c:\Users\ACER\AppData\Roaming\Code\User\globalStorage\redhat.java\1.54.0\config_ss_win -data c:\Users\ACER\AppData\Roaming\Code\User\workspaceStorage\64e83e8dcee0c24a6ba3334dafce804d\redhat.java\ss_ws --pipe=\\.\pipe\lsp-aa7db491b02bff49effe40cc39e3d664-sock
java_class_path (initial): c:\Users\ACER\.vscode\extensions\redhat.java-1.54.0-win32-x64\server\plugins\org.eclipse.equinox.launcher_1.7.100.v20251111-0406.jar
Launcher Type: SUN_STANDARD

[Global flags]
    uintx AdaptiveSizePolicyWeight                 = 90                                        {product} {command line}
     intx CICompilerCount                          = 4                                         {product} {ergonomic}
    uintx GCTimeRatio                              = 4                                         {product} {command line}
   size_t InitialHeapSize                          = 104857600                                 {product} {command line}
   size_t MaxHeapSize                              = 2147483648                                {product} {command line}
   size_t MaxNewSize                               = 715653120                                 {product} {ergonomic}
   size_t MinHeapDeltaBytes                        = 524288                                    {product} {ergonomic}
   size_t MinHeapSize                              = 104857600                                 {product} {command line}
   size_t NewSize                                  = 34603008                                  {product} {ergonomic}
    uintx NonNMethodCodeHeapSize                   = 5839372                                {pd product} {ergonomic}
    uintx NonProfiledCodeHeapSize                  = 122909434                              {pd product} {ergonomic}
   size_t OldSize                                  = 70254592                                  {product} {ergonomic}
    uintx ProfiledCodeHeapSize                     = 122909434                              {pd product} {ergonomic}
    uintx ReservedCodeCacheSize                    = 251658240                              {pd product} {ergonomic}
     bool SegmentedCodeCache                       = true                                      {product} {ergonomic}
   size_t SoftMaxHeapSize                          = 2147483648                             {manageable} {ergonomic}
     bool UseCompressedOops                        = true                           {product lp64_product} {ergonomic}
     bool UseLargePagesIndividualAllocation        = false                                  {pd product} {ergonomic}
     bool UseParallelGC                            = true                                      {product} {command line}

Logging:
Log output configuration:
 #0: stdout all=off uptime,level,tags foldmultilines=false
 #1: stderr all=off uptime,level,tags foldmultilines=false

Release file:
JAVA_VERSION="21.0.10" 
MODULES="java.base java.compiler java.datatransfer java.xml java.prefs java.desktop java.instrument java.logging java.management java.security.sasl java.naming java.rmi java.management.rmi java.net.http java.scripting java.security.jgss java.transaction.xa java.sql java.sql.rowset java.xml.crypto java.se java.smartcardio jdk.accessibility jdk.internal.jvmstat jdk.attach jdk.charsets jdk.internal.opt jdk.zipfs jdk.compiler jdk.crypto.ec jdk.crypto.cryptoki jdk.crypto.mscapi jdk.dynalink jdk.internal.ed jdk.editpad jdk.hotspot.agent jdk.httpserver jdk.internal.le jdk.internal.vm.ci jdk.internal.vm.compiler jdk.internal.vm.compiler.management jdk.jartool jdk.javadoc jdk.jcmd jdk.management jdk.management.agent jdk.jconsole jdk.jdeps jdk.jdwp.agent jdk.jdi jdk.jfr jdk.jshell jdk.jsobject jdk.jstatd jdk.localedata jdk.management.jfr jdk.naming.dns jdk.naming.rmi jdk.net jdk.nio.mapmode jdk.random jdk.sctp jdk.security.auth jdk.security.jgss jdk.unsupported jdk.unsupported.desktop jdk.xml.dom" 

Environment Variables:
JAVA_HOME=C:\Program Files\Java\jdk-23
PATH=C:\Program Files\Common Files\Oracle\Java\javapath;C:\Windows\system32;C:\Windows;C:\Windows\System32\Wbem;C:\Windows\System32\WindowsPowerShell\v1.0\;C:\Windows\System32\OpenSSH\;C:\Program Files (x86)\Microsoft SQL Server\160\Tools\Binn\;C:\Program Files\Microsoft SQL Server\160\Tools\Binn\;C:\Program Files\Microsoft SQL Server\Client SDK\ODBC\170\Tools\Binn\;C:\Program Files\Microsoft SQL Server\160\DTS\Binn\;C:\Program Files\Java\jdk-23\bin;C:\WINDOWS\system32;C:\WINDOWS;C:\WINDOWS\System32\Wbem;C:\WINDOWS\System32\WindowsPowerShell\v1.0\;C:\WINDOWS\System32\OpenSSH\;C:\Program Files\Git\cmd;C:\Program Files\nodejs\;C:\gradle-8.12\bin;C:\apache-maven-3.9.9\bin;;C:\Program Files\Docker\Docker\resources\bin;C:\Users\ACER\AppData\Local\Microsoft\WindowsApps;C:\Users\ACER\AppData\Local\Programs\Microsoft VS Code\bin;C:\Users\ACER\AppData\Roaming\npm;C:\Program Files\JetBrains\IntelliJ IDEA 2024.3.5\bin;ANDROID_HOME;;C:\Users\ACER\AppData\Local\Programs\Antigravity\bin;C:\Users\ACER\AppData\Local\Android\Sdk\platform-tools;C:\Users\ACER\AppData\Local\Android\Sdk\emulator;C:\Users\ACER\AppData\Local\Android\Sdk\tools;C:\Users\ACER\AppData\Local\Android\Sdk\tools\bin;
USERNAME=ACER
OS=Windows_NT
PROCESSOR_IDENTIFIER=Intel64 Family 6 Model 141 Stepping 1, GenuineIntel
TMP=C:\Users\ACER\AppData\Local\Temp
TEMP=C:\Users\ACER\AppData\Local\Temp




Periodic native trim disabled

---------------  S Y S T E M  ---------------

OS:
 Windows 11 , 64 bit Build 26100 (10.0.26100.8328)
OS uptime: 0 days 0:41 hours
Hyper-V role detected

CPU: total 12 (initial active 12) (6 cores per cpu, 2 threads per core) family 6 model 141 stepping 1 microcode 0x3c, cx8, cmov, fxsr, ht, mmx, 3dnowpref, sse, sse2, sse3, ssse3, sse4.1, sse4.2, popcnt, lzcnt, tsc, tscinvbit, avx, avx2, aes, erms, clmul, bmi1, bmi2, adx, avx512f, avx512dq, avx512cd, avx512bw, avx512vl, sha, fma, vzeroupper, avx512_vpopcntdq, avx512_vpclmulqdq, avx512_vaes, avx512_vnni, clflush, clflushopt, clwb, avx512_vbmi2, avx512_vbmi, hv, rdtscp, rdpid, fsrm, gfni, avx512_bitalg, f16c, cet_ibt, cet_ss, avx512_ifma
Processor Information for the first 12 processors :
  Max Mhz: 2688, Current Mhz: 2688, Mhz Limit: 2688

Memory: 4k page, system-wide physical 16163M (565M free)
TotalPageFile size 30629M (AvailPageFile size 208M)
current process WorkingSet (physical memory assigned to process): 116M, peak: 177M
current process commit charge ("private bytes"): 278M, peak: 315M

vm_info: OpenJDK 64-Bit Server VM (21.0.10+7-LTS) for windows-amd64 JRE (21.0.10+7-LTS), built on 2026-01-20T00:00:00Z by "admin" with MS VC++ 17.12 (VS2022)

END.
