#
# There is insufficient memory for the Java Runtime Environment to continue.
# Native memory allocation (malloc) failed to allocate 257296 bytes. Error detail: Chunk::new
# Possible reasons:
#   The system is out of physical RAM or swap space
#   This process is running with CompressedOops enabled, and the Java Heap may be blocking the growth of the native heap
# Possible solutions:
#   Reduce memory load on the system
#   Increase physical memory or swap space
#   Check if swap backing store is full
#   Decrease Java heap size (-Xmx/-Xms)
#   Decrease number of Java threads
#   Decrease Java thread stack sizes (-Xss)
#   Set larger code cache with -XX:ReservedCodeCacheSize=
#   JVM is running with Unscaled Compressed Oops mode in which the Java heap is
#     placed in the first 4GB address space. The Java Heap base address is the
#     maximum limit for the native heap growth. Please use -XX:HeapBaseMinAddress
#     to set the Java Heap base and to place the Java Heap above 4GB virtual address.
# This output file may be truncated or incomplete.
#
#  Out of Memory Error (arena.cpp:168), pid=12544, tid=9600
#
# JRE version: OpenJDK Runtime Environment JBR-21.0.6+8-631.39-jcef (21.0.6+8) (build 21.0.6+8-b631.39)
# Java VM: OpenJDK 64-Bit Server VM JBR-21.0.6+8-631.39-jcef (21.0.6+8-b631.39, mixed mode, sharing, tiered, compressed oops, compressed class ptrs, g1 gc, windows-amd64)
# No core dump will be written. Minidumps are not enabled by default on client versions of Windows
#

---------------  S U M M A R Y ------------

Command Line: -Djava.rmi.server.hostname=127.0.0.1 -Duser.timezone=UTC -Xmx2048m -Xms128m -Djdbc.classpath=C:\Users\ACER\AppData\Local\Temp\RemoteDriver8.classpath.txt --add-exports=java.desktop/sun.awt=ALL-UNNAMED --add-exports=java.desktop/java.awt.peer=ALL-UNNAMED --add-opens=java.desktop/java.awt=ALL-UNNAMED --add-opens=jdk.unsupported/sun.misc=ALL-UNNAMED --add-opens=java.base/java.nio=ALL-UNNAMED --add-opens=java.base/java.util=ALL-UNNAMED -Dfile.encoding=UTF-8 -Dsun.stdout.encoding=UTF-8 -Dsun.stderr.encoding=UTF-8 com.intellij.database.remote.RemoteJdbcServer org.postgresql.Driver

Host: 11th Gen Intel(R) Core(TM) i5-11400H @ 2.70GHz, 12 cores, 15G,  Windows 11 , 64 bit Build 26100 (10.0.26100.8328)
Time: Thu May  7 13:11:11 2026 SE Asia Standard Time elapsed time: 1.049455 seconds (0d 0h 0m 1s)

---------------  T H R E A D  ---------------

Current thread (0x000001d2e869f000):  JavaThread "C2 CompilerThread1" daemon [_thread_in_native, id=9600, stack(0x000000aefff00000,0x000000af00000000) (1024K)]


Current CompileTask:
C2:1049 1644   !   4       java.util.concurrent.ConcurrentHashMap::putVal (432 bytes)

Stack: [0x000000aefff00000,0x000000af00000000]
Native frames: (J=compiled Java code, j=interpreted, Vv=VM code, C=native code)
V  [jvm.dll+0x6e5d39]
V  [jvm.dll+0x8c4133]
V  [jvm.dll+0x8c668e]
V  [jvm.dll+0x8c6d73]
V  [jvm.dll+0x288f76]
V  [jvm.dll+0xc66dd]
V  [jvm.dll+0xc6c13]
V  [jvm.dll+0x3c46a1]
V  [jvm.dll+0x3902c7]
V  [jvm.dll+0x38f73a]
V  [jvm.dll+0x2507c2]
V  [jvm.dll+0x24fd91]
V  [jvm.dll+0x1cd6c4]
V  [jvm.dll+0x25f60c]
V  [jvm.dll+0x25db56]
V  [jvm.dll+0x3ff756]
V  [jvm.dll+0x86bd48]
V  [jvm.dll+0x6e453d]
C  [ucrtbase.dll+0x37b0]
C  [KERNEL32.DLL+0x2e957]
C  [ntdll.dll+0x427c]


---------------  P R O C E S S  ---------------

Threads class SMR info:
_java_thread_list=0x000001d2e862fcc0, length=23, elements={
0x000001d289bdd310, 0x000001d2a1bb8050, 0x000001d2a1bc1d70, 0x000001d2a1bc3ec0,
0x000001d2a1bc4910, 0x000001d2a1bc5490, 0x000001d2a2688090, 0x000001d2a1bcc6c0,
0x000001d2a1bcd490, 0x000001d2a27d0ab0, 0x000001d2a27d1d40, 0x000001d2e824b7e0,
0x000001d2e84864b0, 0x000001d2e824a4b0, 0x000001d2e8273510, 0x000001d2e8394d70,
0x000001d2e8106c30, 0x000001d2e83d8820, 0x000001d2e83d9e90, 0x000001d2e80e1ec0,
0x000001d2e80dfdf0, 0x000001d2e869f000, 0x000001d2e869f6d0
}

Java Threads: ( => current thread )
  0x000001d289bdd310 JavaThread "main"                              [_thread_blocked, id=8984, stack(0x000000aefd900000,0x000000aefda00000) (1024K)]
  0x000001d2a1bb8050 JavaThread "Reference Handler"          daemon [_thread_blocked, id=14400, stack(0x000000aefe100000,0x000000aefe200000) (1024K)]
  0x000001d2a1bc1d70 JavaThread "Finalizer"                  daemon [_thread_blocked, id=6100, stack(0x000000aefe200000,0x000000aefe300000) (1024K)]
  0x000001d2a1bc3ec0 JavaThread "Signal Dispatcher"          daemon [_thread_blocked, id=12784, stack(0x000000aefe300000,0x000000aefe400000) (1024K)]
  0x000001d2a1bc4910 JavaThread "Attach Listener"            daemon [_thread_blocked, id=20720, stack(0x000000aefe400000,0x000000aefe500000) (1024K)]
  0x000001d2a1bc5490 JavaThread "Service Thread"             daemon [_thread_blocked, id=8452, stack(0x000000aefe500000,0x000000aefe600000) (1024K)]
  0x000001d2a2688090 JavaThread "Monitor Deflation Thread"   daemon [_thread_blocked, id=24488, stack(0x000000aefe600000,0x000000aefe700000) (1024K)]
  0x000001d2a1bcc6c0 JavaThread "C2 CompilerThread0"         daemon [_thread_in_native, id=12624, stack(0x000000aefe700000,0x000000aefe800000) (1024K)]
  0x000001d2a1bcd490 JavaThread "C1 CompilerThread0"         daemon [_thread_blocked, id=15408, stack(0x000000aefe800000,0x000000aefe900000) (1024K)]
  0x000001d2a27d0ab0 JavaThread "Common-Cleaner"             daemon [_thread_blocked, id=13372, stack(0x000000aefe900000,0x000000aefea00000) (1024K)]
  0x000001d2a27d1d40 JavaThread "Notification Thread"        daemon [_thread_blocked, id=7824, stack(0x000000aefea00000,0x000000aefeb00000) (1024K)]
  0x000001d2e824b7e0 JavaThread "RMI TCP Accept-62343"       daemon [_thread_in_native, id=4580, stack(0x000000aefed00000,0x000000aefee00000) (1024K)]
  0x000001d2e84864b0 JavaThread "RMI TCP Accept-0"           daemon [_thread_in_native, id=13876, stack(0x000000aefee00000,0x000000aefef00000) (1024K)]
  0x000001d2e824a4b0 JavaThread "RMI Reaper"                        [_thread_blocked, id=18472, stack(0x000000aefef00000,0x000000aeff000000) (1024K)]
  0x000001d2e8273510 JavaThread "RMI GC Daemon"              daemon [_thread_blocked, id=14060, stack(0x000000aeff000000,0x000000aeff100000) (1024K)]
  0x000001d2e8394d70 JavaThread "RMI TCP Connection(1)-127.0.0.1" daemon [_thread_in_native, id=928, stack(0x000000aeff100000,0x000000aeff200000) (1024K)]
  0x000001d2e8106c30 JavaThread "RMI TCP Connection(2)-127.0.0.1" daemon [_thread_in_native, id=17640, stack(0x000000aeff200000,0x000000aeff300000) (1024K)]
  0x000001d2e83d8820 JavaThread "RMI TCP Connection(3)-127.0.0.1" daemon [_thread_in_native, id=9148, stack(0x000000aeff300000,0x000000aeff400000) (1024K)]
  0x000001d2e83d9e90 JavaThread "RMI TCP Connection(4)-127.0.0.1" daemon [_thread_in_Java, id=14868, stack(0x000000aeff400000,0x000000aeff500000) (1024K)]
  0x000001d2e80e1ec0 JavaThread "RMI Scheduler(0)"           daemon [_thread_blocked, id=21692, stack(0x000000aeff500000,0x000000aeff600000) (1024K)]
  0x000001d2e80dfdf0 JavaThread "RMI RenewClean-[127.0.0.1:56533]" daemon [_thread_blocked, id=4272, stack(0x000000aeff600000,0x000000aeff700000) (1024K)]
=>0x000001d2e869f000 JavaThread "C2 CompilerThread1"         daemon [_thread_in_native, id=9600, stack(0x000000aefff00000,0x000000af00000000) (1024K)]
  0x000001d2e869f6d0 JavaThread "C2 CompilerThread2"         daemon [_thread_in_native, id=23780, stack(0x000000ae80000000,0x000000ae80100000) (1024K)]
Total: 23

Other Threads:
  0x000001d2a1b9cfb0 VMThread "VM Thread"                           [id=19160, stack(0x000000aefe000000,0x000000aefe100000) (1024K)]
  0x000001d2a1b8d6f0 WatcherThread "VM Periodic Task Thread"        [id=10464, stack(0x000000aefdf00000,0x000000aefe000000) (1024K)]
  0x000001d289c36770 WorkerThread "GC Thread#0"                     [id=23736, stack(0x000000aefda00000,0x000000aefdb00000) (1024K)]
  0x000001d2e85c2d60 WorkerThread "GC Thread#1"                     [id=6512, stack(0x000000aefeb00000,0x000000aefec00000) (1024K)]
  0x000001d2e8554f60 WorkerThread "GC Thread#2"                     [id=4484, stack(0x000000aeff700000,0x000000aeff800000) (1024K)]
  0x000001d2e8580600 WorkerThread "GC Thread#3"                     [id=21168, stack(0x000000aeff800000,0x000000aeff900000) (1024K)]
  0x000001d2e850a5a0 WorkerThread "GC Thread#4"                     [id=11568, stack(0x000000aeff900000,0x000000aeffa00000) (1024K)]
  0x000001d2e850b950 WorkerThread "GC Thread#5"                     [id=6880, stack(0x000000aeffa00000,0x000000aeffb00000) (1024K)]
  0x000001d2e850bcf0 WorkerThread "GC Thread#6"                     [id=10024, stack(0x000000aeffb00000,0x000000aeffc00000) (1024K)]
  0x000001d2e850c090 WorkerThread "GC Thread#7"                     [id=16716, stack(0x000000aeffc00000,0x000000aeffd00000) (1024K)]
  0x000001d2e850c840 WorkerThread "GC Thread#8"                     [id=19932, stack(0x000000aeffd00000,0x000000aeffe00000) (1024K)]
  0x000001d2e850d400 WorkerThread "GC Thread#9"                     [id=16060, stack(0x000000aeffe00000,0x000000aefff00000) (1024K)]
  0x000001d289c47970 ConcurrentGCThread "G1 Main Marker"            [id=9956, stack(0x000000aefdb00000,0x000000aefdc00000) (1024K)]
  0x000001d289c49da0 WorkerThread "G1 Conc#0"                       [id=20172, stack(0x000000aefdc00000,0x000000aefdd00000) (1024K)]
  0x000001d289c9e1b0 ConcurrentGCThread "G1 Refine#0"               [id=5768, stack(0x000000aefdd00000,0x000000aefde00000) (1024K)]
  0x000001d289c9ead0 ConcurrentGCThread "G1 Service"                [id=19628, stack(0x000000aefde00000,0x000000aefdf00000) (1024K)]
Total: 16

Threads with active compile tasks:
C2 CompilerThread0  1064 1570 % !   4       com.sun.crypto.provider.PBKDF2KeyImpl::deriveKey @ 198 (302 bytes)
C1 CompilerThread0  1064 1679       3       java.nio.Buffer::hasRemaining (17 bytes)
C2 CompilerThread1  1064 1644   !   4       java.util.concurrent.ConcurrentHashMap::putVal (432 bytes)
C2 CompilerThread2  1064 1676       4       java.util.HashMap::put (13 bytes)
Total: 4

VM state: not at safepoint (normal execution)

VM Mutex/Monitor currently owned by a thread: None

Heap address: 0x0000000080000000, size: 2048 MB, Compressed Oops mode: 32-bit

CDS archive(s) mapped at: [0x000001d2a3000000-0x000001d2a3d00000-0x000001d2a3d00000), size 13631488, SharedBaseAddress: 0x000001d2a3000000, ArchiveRelocationMode: 1.
Compressed class space mapped at: 0x000001d2a4000000-0x000001d2e4000000, reserved size: 1073741824
Narrow klass base: 0x000001d2a3000000, Narrow klass shift: 0, Narrow klass range: 0x100000000

GC Precious Log:
 CardTable entry size: 512
 Card Set container configuration: InlinePtr #cards 5 size 8 Array Of Cards #cards 12 size 40 Howl #buckets 4 coarsen threshold 1843 Howl Bitmap #cards 512 size 80 coarsen threshold 460 Card regions per heap region 1 cards per card region 2048
 CPUs: 12 total, 12 available
 Memory: 16163M
 Large Page Support: Disabled
 NUMA Support: Disabled
 Compressed Oops: Enabled (32-bit)
 Heap Region Size: 1M
 Heap Min Capacity: 128M
 Heap Initial Capacity: 128M
 Heap Max Capacity: 2G
 Pre-touch: Disabled
 Parallel Workers: 10
 Concurrent Workers: 3
 Concurrent Refinement Workers: 10
 Periodic GC: Disabled

Heap:
 garbage-first heap   total 131072K, used 14496K [0x0000000080000000, 0x0000000100000000)
  region size 1024K, 10 young (10240K), 3 survivors (3072K)
 Metaspace       used 10596K, committed 11072K, reserved 1114112K
  class space    used 1302K, committed 1536K, reserved 1048576K

Heap Regions: E=young(eden), S=young(survivor), O=old, HS=humongous(starts), HC=humongous(continues), CS=collection set, F=free, TAMS=top-at-mark-start, PB=parsable bottom
|   0|0x0000000080000000, 0x0000000080100000, 0x0000000080100000|100%|HS|  |TAMS 0x0000000080000000| PB 0x0000000080000000| Complete 
|   1|0x0000000080100000, 0x0000000080200000, 0x0000000080200000|100%|HC|  |TAMS 0x0000000080100000| PB 0x0000000080100000| Complete 
|   2|0x0000000080200000, 0x0000000080300000, 0x0000000080300000|100%|HS|  |TAMS 0x0000000080200000| PB 0x0000000080200000| Complete 
|   3|0x0000000080300000, 0x0000000080400000, 0x0000000080400000|100%|HS|  |TAMS 0x0000000080300000| PB 0x0000000080300000| Complete 
|   4|0x0000000080400000, 0x0000000080500000, 0x0000000080500000|100%| O|  |TAMS 0x0000000080400000| PB 0x0000000080400000| Untracked 
|   5|0x0000000080500000, 0x0000000080600000, 0x0000000080600000|100%| O|  |TAMS 0x0000000080500000| PB 0x0000000080500000| Untracked 
|   6|0x0000000080600000, 0x0000000080628000, 0x0000000080700000| 15%| O|  |TAMS 0x0000000080600000| PB 0x0000000080600000| Untracked 
|   7|0x0000000080700000, 0x0000000080700000, 0x0000000080800000|  0%| F|  |TAMS 0x0000000080700000| PB 0x0000000080700000| Untracked 
|   8|0x0000000080800000, 0x0000000080800000, 0x0000000080900000|  0%| F|  |TAMS 0x0000000080800000| PB 0x0000000080800000| Untracked 
|   9|0x0000000080900000, 0x0000000080900000, 0x0000000080a00000|  0%| F|  |TAMS 0x0000000080900000| PB 0x0000000080900000| Untracked 
|  10|0x0000000080a00000, 0x0000000080a00000, 0x0000000080b00000|  0%| F|  |TAMS 0x0000000080a00000| PB 0x0000000080a00000| Untracked 
|  11|0x0000000080b00000, 0x0000000080b00000, 0x0000000080c00000|  0%| F|  |TAMS 0x0000000080b00000| PB 0x0000000080b00000| Untracked 
|  12|0x0000000080c00000, 0x0000000080c00000, 0x0000000080d00000|  0%| F|  |TAMS 0x0000000080c00000| PB 0x0000000080c00000| Untracked 
|  13|0x0000000080d00000, 0x0000000080d00000, 0x0000000080e00000|  0%| F|  |TAMS 0x0000000080d00000| PB 0x0000000080d00000| Untracked 
|  14|0x0000000080e00000, 0x0000000080e00000, 0x0000000080f00000|  0%| F|  |TAMS 0x0000000080e00000| PB 0x0000000080e00000| Untracked 
|  15|0x0000000080f00000, 0x0000000080f00000, 0x0000000081000000|  0%| F|  |TAMS 0x0000000080f00000| PB 0x0000000080f00000| Untracked 
|  16|0x0000000081000000, 0x0000000081000000, 0x0000000081100000|  0%| F|  |TAMS 0x0000000081000000| PB 0x0000000081000000| Untracked 
|  17|0x0000000081100000, 0x0000000081100000, 0x0000000081200000|  0%| F|  |TAMS 0x0000000081100000| PB 0x0000000081100000| Untracked 
|  18|0x0000000081200000, 0x0000000081200000, 0x0000000081300000|  0%| F|  |TAMS 0x0000000081200000| PB 0x0000000081200000| Untracked 
|  19|0x0000000081300000, 0x0000000081300000, 0x0000000081400000|  0%| F|  |TAMS 0x0000000081300000| PB 0x0000000081300000| Untracked 
|  20|0x0000000081400000, 0x0000000081400000, 0x0000000081500000|  0%| F|  |TAMS 0x0000000081400000| PB 0x0000000081400000| Untracked 
|  21|0x0000000081500000, 0x0000000081500000, 0x0000000081600000|  0%| F|  |TAMS 0x0000000081500000| PB 0x0000000081500000| Untracked 
|  22|0x0000000081600000, 0x0000000081600000, 0x0000000081700000|  0%| F|  |TAMS 0x0000000081600000| PB 0x0000000081600000| Untracked 
|  23|0x0000000081700000, 0x0000000081700000, 0x0000000081800000|  0%| F|  |TAMS 0x0000000081700000| PB 0x0000000081700000| Untracked 
|  24|0x0000000081800000, 0x0000000081800000, 0x0000000081900000|  0%| F|  |TAMS 0x0000000081800000| PB 0x0000000081800000| Untracked 
|  25|0x0000000081900000, 0x0000000081900000, 0x0000000081a00000|  0%| F|  |TAMS 0x0000000081900000| PB 0x0000000081900000| Untracked 
|  26|0x0000000081a00000, 0x0000000081a00000, 0x0000000081b00000|  0%| F|  |TAMS 0x0000000081a00000| PB 0x0000000081a00000| Untracked 
|  27|0x0000000081b00000, 0x0000000081b00000, 0x0000000081c00000|  0%| F|  |TAMS 0x0000000081b00000| PB 0x0000000081b00000| Untracked 
|  28|0x0000000081c00000, 0x0000000081c00000, 0x0000000081d00000|  0%| F|  |TAMS 0x0000000081c00000| PB 0x0000000081c00000| Untracked 
|  29|0x0000000081d00000, 0x0000000081d00000, 0x0000000081e00000|  0%| F|  |TAMS 0x0000000081d00000| PB 0x0000000081d00000| Untracked 
|  30|0x0000000081e00000, 0x0000000081e00000, 0x0000000081f00000|  0%| F|  |TAMS 0x0000000081e00000| PB 0x0000000081e00000| Untracked 
|  31|0x0000000081f00000, 0x0000000081f00000, 0x0000000082000000|  0%| F|  |TAMS 0x0000000081f00000| PB 0x0000000081f00000| Untracked 
|  32|0x0000000082000000, 0x0000000082000000, 0x0000000082100000|  0%| F|  |TAMS 0x0000000082000000| PB 0x0000000082000000| Untracked 
|  33|0x0000000082100000, 0x0000000082100000, 0x0000000082200000|  0%| F|  |TAMS 0x0000000082100000| PB 0x0000000082100000| Untracked 
|  34|0x0000000082200000, 0x0000000082200000, 0x0000000082300000|  0%| F|  |TAMS 0x0000000082200000| PB 0x0000000082200000| Untracked 
|  35|0x0000000082300000, 0x0000000082300000, 0x0000000082400000|  0%| F|  |TAMS 0x0000000082300000| PB 0x0000000082300000| Untracked 
|  36|0x0000000082400000, 0x0000000082400000, 0x0000000082500000|  0%| F|  |TAMS 0x0000000082400000| PB 0x0000000082400000| Untracked 
|  37|0x0000000082500000, 0x0000000082500000, 0x0000000082600000|  0%| F|  |TAMS 0x0000000082500000| PB 0x0000000082500000| Untracked 
|  38|0x0000000082600000, 0x0000000082600000, 0x0000000082700000|  0%| F|  |TAMS 0x0000000082600000| PB 0x0000000082600000| Untracked 
|  39|0x0000000082700000, 0x0000000082700000, 0x0000000082800000|  0%| F|  |TAMS 0x0000000082700000| PB 0x0000000082700000| Untracked 
|  40|0x0000000082800000, 0x0000000082800000, 0x0000000082900000|  0%| F|  |TAMS 0x0000000082800000| PB 0x0000000082800000| Untracked 
|  41|0x0000000082900000, 0x0000000082900000, 0x0000000082a00000|  0%| F|  |TAMS 0x0000000082900000| PB 0x0000000082900000| Untracked 
|  42|0x0000000082a00000, 0x0000000082a00000, 0x0000000082b00000|  0%| F|  |TAMS 0x0000000082a00000| PB 0x0000000082a00000| Untracked 
|  43|0x0000000082b00000, 0x0000000082b00000, 0x0000000082c00000|  0%| F|  |TAMS 0x0000000082b00000| PB 0x0000000082b00000| Untracked 
|  44|0x0000000082c00000, 0x0000000082c00000, 0x0000000082d00000|  0%| F|  |TAMS 0x0000000082c00000| PB 0x0000000082c00000| Untracked 
|  45|0x0000000082d00000, 0x0000000082d00000, 0x0000000082e00000|  0%| F|  |TAMS 0x0000000082d00000| PB 0x0000000082d00000| Untracked 
|  46|0x0000000082e00000, 0x0000000082e00000, 0x0000000082f00000|  0%| F|  |TAMS 0x0000000082e00000| PB 0x0000000082e00000| Untracked 
|  47|0x0000000082f00000, 0x0000000082f00000, 0x0000000083000000|  0%| F|  |TAMS 0x0000000082f00000| PB 0x0000000082f00000| Untracked 
|  48|0x0000000083000000, 0x0000000083000000, 0x0000000083100000|  0%| F|  |TAMS 0x0000000083000000| PB 0x0000000083000000| Untracked 
|  49|0x0000000083100000, 0x0000000083100000, 0x0000000083200000|  0%| F|  |TAMS 0x0000000083100000| PB 0x0000000083100000| Untracked 
|  50|0x0000000083200000, 0x0000000083200000, 0x0000000083300000|  0%| F|  |TAMS 0x0000000083200000| PB 0x0000000083200000| Untracked 
|  51|0x0000000083300000, 0x0000000083300000, 0x0000000083400000|  0%| F|  |TAMS 0x0000000083300000| PB 0x0000000083300000| Untracked 
|  52|0x0000000083400000, 0x0000000083400000, 0x0000000083500000|  0%| F|  |TAMS 0x0000000083400000| PB 0x0000000083400000| Untracked 
|  53|0x0000000083500000, 0x0000000083500000, 0x0000000083600000|  0%| F|  |TAMS 0x0000000083500000| PB 0x0000000083500000| Untracked 
|  54|0x0000000083600000, 0x0000000083600000, 0x0000000083700000|  0%| F|  |TAMS 0x0000000083600000| PB 0x0000000083600000| Untracked 
|  55|0x0000000083700000, 0x0000000083700000, 0x0000000083800000|  0%| F|  |TAMS 0x0000000083700000| PB 0x0000000083700000| Untracked 
|  56|0x0000000083800000, 0x0000000083800000, 0x0000000083900000|  0%| F|  |TAMS 0x0000000083800000| PB 0x0000000083800000| Untracked 
|  57|0x0000000083900000, 0x0000000083900000, 0x0000000083a00000|  0%| F|  |TAMS 0x0000000083900000| PB 0x0000000083900000| Untracked 
|  58|0x0000000083a00000, 0x0000000083a00000, 0x0000000083b00000|  0%| F|  |TAMS 0x0000000083a00000| PB 0x0000000083a00000| Untracked 
|  59|0x0000000083b00000, 0x0000000083b00000, 0x0000000083c00000|  0%| F|  |TAMS 0x0000000083b00000| PB 0x0000000083b00000| Untracked 
|  60|0x0000000083c00000, 0x0000000083c00000, 0x0000000083d00000|  0%| F|  |TAMS 0x0000000083c00000| PB 0x0000000083c00000| Untracked 
|  61|0x0000000083d00000, 0x0000000083d00000, 0x0000000083e00000|  0%| F|  |TAMS 0x0000000083d00000| PB 0x0000000083d00000| Untracked 
|  62|0x0000000083e00000, 0x0000000083e00000, 0x0000000083f00000|  0%| F|  |TAMS 0x0000000083e00000| PB 0x0000000083e00000| Untracked 
|  63|0x0000000083f00000, 0x0000000083f00000, 0x0000000084000000|  0%| F|  |TAMS 0x0000000083f00000| PB 0x0000000083f00000| Untracked 
|  64|0x0000000084000000, 0x0000000084000000, 0x0000000084100000|  0%| F|  |TAMS 0x0000000084000000| PB 0x0000000084000000| Untracked 
|  65|0x0000000084100000, 0x0000000084100000, 0x0000000084200000|  0%| F|  |TAMS 0x0000000084100000| PB 0x0000000084100000| Untracked 
|  66|0x0000000084200000, 0x0000000084200000, 0x0000000084300000|  0%| F|  |TAMS 0x0000000084200000| PB 0x0000000084200000| Untracked 
|  67|0x0000000084300000, 0x0000000084300000, 0x0000000084400000|  0%| F|  |TAMS 0x0000000084300000| PB 0x0000000084300000| Untracked 
|  68|0x0000000084400000, 0x0000000084400000, 0x0000000084500000|  0%| F|  |TAMS 0x0000000084400000| PB 0x0000000084400000| Untracked 
|  69|0x0000000084500000, 0x0000000084500000, 0x0000000084600000|  0%| F|  |TAMS 0x0000000084500000| PB 0x0000000084500000| Untracked 
|  70|0x0000000084600000, 0x0000000084600000, 0x0000000084700000|  0%| F|  |TAMS 0x0000000084600000| PB 0x0000000084600000| Untracked 
|  71|0x0000000084700000, 0x0000000084700000, 0x0000000084800000|  0%| F|  |TAMS 0x0000000084700000| PB 0x0000000084700000| Untracked 
|  72|0x0000000084800000, 0x0000000084800000, 0x0000000084900000|  0%| F|  |TAMS 0x0000000084800000| PB 0x0000000084800000| Untracked 
|  73|0x0000000084900000, 0x0000000084900000, 0x0000000084a00000|  0%| F|  |TAMS 0x0000000084900000| PB 0x0000000084900000| Untracked 
|  74|0x0000000084a00000, 0x0000000084a00000, 0x0000000084b00000|  0%| F|  |TAMS 0x0000000084a00000| PB 0x0000000084a00000| Untracked 
|  75|0x0000000084b00000, 0x0000000084b00000, 0x0000000084c00000|  0%| F|  |TAMS 0x0000000084b00000| PB 0x0000000084b00000| Untracked 
|  76|0x0000000084c00000, 0x0000000084c00000, 0x0000000084d00000|  0%| F|  |TAMS 0x0000000084c00000| PB 0x0000000084c00000| Untracked 
|  77|0x0000000084d00000, 0x0000000084d00000, 0x0000000084e00000|  0%| F|  |TAMS 0x0000000084d00000| PB 0x0000000084d00000| Untracked 
|  78|0x0000000084e00000, 0x0000000084e00000, 0x0000000084f00000|  0%| F|  |TAMS 0x0000000084e00000| PB 0x0000000084e00000| Untracked 
|  79|0x0000000084f00000, 0x0000000084f00000, 0x0000000085000000|  0%| F|  |TAMS 0x0000000084f00000| PB 0x0000000084f00000| Untracked 
|  80|0x0000000085000000, 0x0000000085000000, 0x0000000085100000|  0%| F|  |TAMS 0x0000000085000000| PB 0x0000000085000000| Untracked 
|  81|0x0000000085100000, 0x0000000085100000, 0x0000000085200000|  0%| F|  |TAMS 0x0000000085100000| PB 0x0000000085100000| Untracked 
|  82|0x0000000085200000, 0x0000000085200000, 0x0000000085300000|  0%| F|  |TAMS 0x0000000085200000| PB 0x0000000085200000| Untracked 
|  83|0x0000000085300000, 0x0000000085300000, 0x0000000085400000|  0%| F|  |TAMS 0x0000000085300000| PB 0x0000000085300000| Untracked 
|  84|0x0000000085400000, 0x0000000085400000, 0x0000000085500000|  0%| F|  |TAMS 0x0000000085400000| PB 0x0000000085400000| Untracked 
|  85|0x0000000085500000, 0x0000000085500000, 0x0000000085600000|  0%| F|  |TAMS 0x0000000085500000| PB 0x0000000085500000| Untracked 
|  86|0x0000000085600000, 0x0000000085600000, 0x0000000085700000|  0%| F|  |TAMS 0x0000000085600000| PB 0x0000000085600000| Untracked 
|  87|0x0000000085700000, 0x0000000085700000, 0x0000000085800000|  0%| F|  |TAMS 0x0000000085700000| PB 0x0000000085700000| Untracked 
|  88|0x0000000085800000, 0x0000000085800000, 0x0000000085900000|  0%| F|  |TAMS 0x0000000085800000| PB 0x0000000085800000| Untracked 
|  89|0x0000000085900000, 0x0000000085900000, 0x0000000085a00000|  0%| F|  |TAMS 0x0000000085900000| PB 0x0000000085900000| Untracked 
|  90|0x0000000085a00000, 0x0000000085a00000, 0x0000000085b00000|  0%| F|  |TAMS 0x0000000085a00000| PB 0x0000000085a00000| Untracked 
|  91|0x0000000085b00000, 0x0000000085b00000, 0x0000000085c00000|  0%| F|  |TAMS 0x0000000085b00000| PB 0x0000000085b00000| Untracked 
|  92|0x0000000085c00000, 0x0000000085c00000, 0x0000000085d00000|  0%| F|  |TAMS 0x0000000085c00000| PB 0x0000000085c00000| Untracked 
|  93|0x0000000085d00000, 0x0000000085d00000, 0x0000000085e00000|  0%| F|  |TAMS 0x0000000085d00000| PB 0x0000000085d00000| Untracked 
|  94|0x0000000085e00000, 0x0000000085e00000, 0x0000000085f00000|  0%| F|  |TAMS 0x0000000085e00000| PB 0x0000000085e00000| Untracked 
|  95|0x0000000085f00000, 0x0000000085f00000, 0x0000000086000000|  0%| F|  |TAMS 0x0000000085f00000| PB 0x0000000085f00000| Untracked 
|  96|0x0000000086000000, 0x0000000086000000, 0x0000000086100000|  0%| F|  |TAMS 0x0000000086000000| PB 0x0000000086000000| Untracked 
|  97|0x0000000086100000, 0x0000000086100000, 0x0000000086200000|  0%| F|  |TAMS 0x0000000086100000| PB 0x0000000086100000| Untracked 
|  98|0x0000000086200000, 0x0000000086200000, 0x0000000086300000|  0%| F|  |TAMS 0x0000000086200000| PB 0x0000000086200000| Untracked 
|  99|0x0000000086300000, 0x0000000086300000, 0x0000000086400000|  0%| F|  |TAMS 0x0000000086300000| PB 0x0000000086300000| Untracked 
| 100|0x0000000086400000, 0x0000000086400000, 0x0000000086500000|  0%| F|  |TAMS 0x0000000086400000| PB 0x0000000086400000| Untracked 
| 101|0x0000000086500000, 0x0000000086500000, 0x0000000086600000|  0%| F|  |TAMS 0x0000000086500000| PB 0x0000000086500000| Untracked 
| 102|0x0000000086600000, 0x0000000086700000, 0x0000000086700000|100%| S|CS|TAMS 0x0000000086600000| PB 0x0000000086600000| Complete 
| 103|0x0000000086700000, 0x0000000086800000, 0x0000000086800000|100%| S|CS|TAMS 0x0000000086700000| PB 0x0000000086700000| Complete 
| 104|0x0000000086800000, 0x0000000086900000, 0x0000000086900000|100%| S|CS|TAMS 0x0000000086800000| PB 0x0000000086800000| Complete 
| 105|0x0000000086900000, 0x0000000086900000, 0x0000000086a00000|  0%| F|  |TAMS 0x0000000086900000| PB 0x0000000086900000| Untracked 
| 106|0x0000000086a00000, 0x0000000086a00000, 0x0000000086b00000|  0%| F|  |TAMS 0x0000000086a00000| PB 0x0000000086a00000| Untracked 
| 107|0x0000000086b00000, 0x0000000086b00000, 0x0000000086c00000|  0%| F|  |TAMS 0x0000000086b00000| PB 0x0000000086b00000| Untracked 
| 108|0x0000000086c00000, 0x0000000086c00000, 0x0000000086d00000|  0%| F|  |TAMS 0x0000000086c00000| PB 0x0000000086c00000| Untracked 
| 109|0x0000000086d00000, 0x0000000086d00000, 0x0000000086e00000|  0%| F|  |TAMS 0x0000000086d00000| PB 0x0000000086d00000| Untracked 
| 110|0x0000000086e00000, 0x0000000086e00000, 0x0000000086f00000|  0%| F|  |TAMS 0x0000000086e00000| PB 0x0000000086e00000| Untracked 
| 111|0x0000000086f00000, 0x0000000086f00000, 0x0000000087000000|  0%| F|  |TAMS 0x0000000086f00000| PB 0x0000000086f00000| Untracked 
| 112|0x0000000087000000, 0x0000000087000000, 0x0000000087100000|  0%| F|  |TAMS 0x0000000087000000| PB 0x0000000087000000| Untracked 
| 113|0x0000000087100000, 0x0000000087100000, 0x0000000087200000|  0%| F|  |TAMS 0x0000000087100000| PB 0x0000000087100000| Untracked 
| 114|0x0000000087200000, 0x0000000087200000, 0x0000000087300000|  0%| F|  |TAMS 0x0000000087200000| PB 0x0000000087200000| Untracked 
| 115|0x0000000087300000, 0x0000000087300000, 0x0000000087400000|  0%| F|  |TAMS 0x0000000087300000| PB 0x0000000087300000| Untracked 
| 116|0x0000000087400000, 0x0000000087400000, 0x0000000087500000|  0%| F|  |TAMS 0x0000000087400000| PB 0x0000000087400000| Untracked 
| 117|0x0000000087500000, 0x0000000087500000, 0x0000000087600000|  0%| F|  |TAMS 0x0000000087500000| PB 0x0000000087500000| Untracked 
| 118|0x0000000087600000, 0x0000000087600000, 0x0000000087700000|  0%| F|  |TAMS 0x0000000087600000| PB 0x0000000087600000| Untracked 
| 119|0x0000000087700000, 0x0000000087700000, 0x0000000087800000|  0%| F|  |TAMS 0x0000000087700000| PB 0x0000000087700000| Untracked 
| 120|0x0000000087800000, 0x0000000087800000, 0x0000000087900000|  0%| F|  |TAMS 0x0000000087800000| PB 0x0000000087800000| Untracked 
| 121|0x0000000087900000, 0x000000008793e4d8, 0x0000000087a00000| 24%| E|  |TAMS 0x0000000087900000| PB 0x0000000087900000| Complete 
| 122|0x0000000087a00000, 0x0000000087b00000, 0x0000000087b00000|100%| E|CS|TAMS 0x0000000087a00000| PB 0x0000000087a00000| Complete 
| 123|0x0000000087b00000, 0x0000000087c00000, 0x0000000087c00000|100%| E|CS|TAMS 0x0000000087b00000| PB 0x0000000087b00000| Complete 
| 124|0x0000000087c00000, 0x0000000087d00000, 0x0000000087d00000|100%| E|  |TAMS 0x0000000087c00000| PB 0x0000000087c00000| Complete 
| 125|0x0000000087d00000, 0x0000000087e00000, 0x0000000087e00000|100%| E|CS|TAMS 0x0000000087d00000| PB 0x0000000087d00000| Complete 
| 126|0x0000000087e00000, 0x0000000087f00000, 0x0000000087f00000|100%| E|CS|TAMS 0x0000000087e00000| PB 0x0000000087e00000| Complete 
| 127|0x0000000087f00000, 0x0000000088000000, 0x0000000088000000|100%| E|CS|TAMS 0x0000000087f00000| PB 0x0000000087f00000| Complete 

Card table byte_map: [0x000001d29d4c0000,0x000001d29d8c0000] _byte_map_base: 0x000001d29d0c0000

Marking Bits: (CMBitMap*) 0x000001d289c36d80
 Bits: [0x000001d29d8c0000, 0x000001d29f8c0000)

Polling page: 0x000001d287e60000

Metaspace:

Usage:
  Non-class:      9.08 MB used.
      Class:      1.27 MB used.
       Both:     10.36 MB used.

Virtual space:
  Non-class space:       64.00 MB reserved,       9.31 MB ( 15%) committed,  1 nodes.
      Class space:        1.00 GB reserved,       1.50 MB ( <1%) committed,  1 nodes.
             Both:        1.06 GB reserved,      10.81 MB ( <1%) committed. 

Chunk freelists:
   Non-Class:  6.16 MB
       Class:  14.47 MB
        Both:  20.63 MB

MaxMetaspaceSize: unlimited
CompressedClassSpaceSize: 1.00 GB
Initial GC threshold: 21.00 MB
Current GC threshold: 21.00 MB
CDS: on
 - commit_granule_bytes: 65536.
 - commit_granule_words: 8192.
 - virtual_space_node_default_size: 8388608.
 - enlarge_chunks_in_place: 1.
 - use_allocation_guard: 0.


Internal statistics:

num_allocs_failed_limit: 0.
num_arena_births: 464.
num_arena_deaths: 0.
num_vsnodes_births: 2.
num_vsnodes_deaths: 0.
num_space_committed: 173.
num_space_uncommitted: 0.
num_chunks_returned_to_freelist: 0.
num_chunks_taken_from_freelist: 763.
num_chunk_merges: 0.
num_chunk_splits: 471.
num_chunks_enlarged: 217.
num_inconsistent_stats: 0.

CodeHeap 'non-profiled nmethods': size=120000Kb used=598Kb max_used=598Kb free=119401Kb
 bounds [0x000001d295640000, 0x000001d2958b0000, 0x000001d29cb70000]
CodeHeap 'profiled nmethods': size=120000Kb used=2977Kb max_used=2977Kb free=117022Kb
 bounds [0x000001d28db70000, 0x000001d28de60000, 0x000001d2950a0000]
CodeHeap 'non-nmethods': size=5760Kb used=1581Kb max_used=1599Kb free=4178Kb
 bounds [0x000001d2950a0000, 0x000001d295310000, 0x000001d295640000]
 total_blobs=2202 nmethods=1679 adapters=428
 compilation: enabled
              stopped_count=0, restarted_count=0
 full_count=0

Compilation events (20 events):
Event: 1.043 Thread 0x000001d2e869f6d0 1667       4       java.util.concurrent.ConcurrentHashMap::addCount (280 bytes)
Event: 1.043 Thread 0x000001d2a1bcd490 nmethod 1658 0x000001d28de42390 code [0x000001d28de425e0, 0x000001d28de42cc0]
Event: 1.043 Thread 0x000001d2a1bcd490 1659       3       sun.util.locale.LanguageTag::parse (205 bytes)
Event: 1.044 Thread 0x000001d2a1bcd490 nmethod 1659 0x000001d28de42f10 code [0x000001d28de43280, 0x000001d28de444e0]
Event: 1.044 Thread 0x000001d2a1bcd490 1648       3       sun.util.locale.LanguageTag::isLanguage (29 bytes)
Event: 1.044 Thread 0x000001d2a1bcd490 nmethod 1648 0x000001d28de44c10 code [0x000001d28de44e60, 0x000001d28de458b8]
Event: 1.044 Thread 0x000001d2a1bcd490 1660       3       sun.util.locale.ParseStatus::<init> (9 bytes)
Event: 1.044 Thread 0x000001d2a1bcd490 nmethod 1660 0x000001d28de45c90 code [0x000001d28de45e40, 0x000001d28de46048]
Event: 1.044 Thread 0x000001d2a1bcd490 1661       3       sun.util.locale.ParseStatus::reset (16 bytes)
Event: 1.045 Thread 0x000001d2a1bcd490 nmethod 1661 0x000001d28de46110 code [0x000001d28de462a0, 0x000001d28de463e0]
Event: 1.045 Thread 0x000001d2a1bcd490 1662       3       sun.util.locale.StringTokenIterator::<init> (41 bytes)
Event: 1.045 Thread 0x000001d2a1bcd490 nmethod 1662 0x000001d28de46490 code [0x000001d28de466c0, 0x000001d28de46ec8]
Event: 1.045 Thread 0x000001d2a1bcd490 1663       3       sun.util.locale.StringTokenIterator::setStart (62 bytes)
Event: 1.045 Thread 0x000001d2a1bcd490 nmethod 1663 0x000001d28de47210 code [0x000001d28de47400, 0x000001d28de47818]
Event: 1.045 Thread 0x000001d2a1bcd490 1664       3       sun.util.locale.LanguageTag::parseLanguage (55 bytes)
Event: 1.046 Thread 0x000001d2a1bcd490 nmethod 1664 0x000001d28de47a10 code [0x000001d28de47c20, 0x000001d28de48240]
Event: 1.046 Thread 0x000001d2a1bcd490 1665       3       sun.util.locale.LanguageTag::parsePrivateuse (144 bytes)
Event: 1.047 Thread 0x000001d2e869f6d0 nmethod 1667 0x000001d2956d3490 code [0x000001d2956d3660, 0x000001d2956d3958]
Event: 1.047 Thread 0x000001d2a1bcd490 nmethod 1665 0x000001d28de48490 code [0x000001d28de48780, 0x000001d28de49630]
Event: 1.047 Thread 0x000001d2a1bcd490 1666       3       sun.util.locale.InternalLocaleBuilder::setLanguageTag (173 bytes)

GC Heap History (2 events):
Event: 0.817 GC heap before
{Heap before GC invocations=0 (full 0):
 garbage-first heap   total 131072K, used 27648K [0x0000000080000000, 0x0000000100000000)
  region size 1024K, 23 young (23552K), 0 survivors (0K)
 Metaspace       used 8560K, committed 8960K, reserved 1114112K
  class space    used 1077K, committed 1280K, reserved 1048576K
}
Event: 0.828 GC heap after
{Heap after GC invocations=1 (full 0):
 garbage-first heap   total 131072K, used 9376K [0x0000000080000000, 0x0000000100000000)
  region size 1024K, 3 young (3072K), 3 survivors (3072K)
 Metaspace       used 8560K, committed 8960K, reserved 1114112K
  class space    used 1077K, committed 1280K, reserved 1048576K
}

Dll operation events (2 events):
Event: 0.008 Loaded shared library C:\Program Files\JetBrains\IntelliJ IDEA 2024.3.5\jbr\bin\java.dll
Event: 0.032 Loaded shared library C:\Program Files\JetBrains\IntelliJ IDEA 2024.3.5\jbr\bin\zip.dll

Deoptimization events (20 events):
Event: 0.946 Thread 0x000001d2e83d9e90 DEOPT PACKING pc=0x000001d28dddf6b7 sp=0x000000aeff4fd9b0
Event: 0.946 Thread 0x000001d2e83d9e90 DEOPT UNPACKING pc=0x000001d2950f88e2 sp=0x000000aeff4fce28 mode 0
Event: 0.948 Thread 0x000001d2e83d9e90 DEOPT PACKING pc=0x000001d28dddf6b7 sp=0x000000aeff4fda70
Event: 0.948 Thread 0x000001d2e83d9e90 DEOPT UNPACKING pc=0x000001d2950f88e2 sp=0x000000aeff4fcee8 mode 0
Event: 0.949 Thread 0x000001d2e83d9e90 DEOPT PACKING pc=0x000001d28dddf6b7 sp=0x000000aeff4fd980
Event: 0.949 Thread 0x000001d2e83d9e90 DEOPT UNPACKING pc=0x000001d2950f88e2 sp=0x000000aeff4fcdf8 mode 0
Event: 0.949 Thread 0x000001d2e83d9e90 DEOPT PACKING pc=0x000001d28dddf6b7 sp=0x000000aeff4fdb80
Event: 0.949 Thread 0x000001d2e83d9e90 DEOPT UNPACKING pc=0x000001d2950f88e2 sp=0x000000aeff4fcff8 mode 0
Event: 0.949 Thread 0x000001d2e83d9e90 DEOPT PACKING pc=0x000001d28dddf6b7 sp=0x000000aeff4fd9b0
Event: 0.949 Thread 0x000001d2e83d9e90 DEOPT UNPACKING pc=0x000001d2950f88e2 sp=0x000000aeff4fce28 mode 0
Event: 0.949 Thread 0x000001d2e83d9e90 DEOPT PACKING pc=0x000001d28dddf6b7 sp=0x000000aeff4fda70
Event: 0.949 Thread 0x000001d2e83d9e90 DEOPT UNPACKING pc=0x000001d2950f88e2 sp=0x000000aeff4fcee8 mode 0
Event: 0.950 Thread 0x000001d2e83d9e90 DEOPT PACKING pc=0x000001d28dddf6b7 sp=0x000000aeff4fd980
Event: 0.950 Thread 0x000001d2e83d9e90 DEOPT UNPACKING pc=0x000001d2950f88e2 sp=0x000000aeff4fcdf8 mode 0
Event: 0.950 Thread 0x000001d2e83d9e90 DEOPT PACKING pc=0x000001d28dddf6b7 sp=0x000000aeff4fdb80
Event: 0.950 Thread 0x000001d2e83d9e90 DEOPT UNPACKING pc=0x000001d2950f88e2 sp=0x000000aeff4fcff8 mode 0
Event: 0.977 Thread 0x000001d2e83d9e90 Uncommon trap: trap_request=0xffffff45 fr.pc=0x000001d2956ca554 relative=0x0000000000000a14
Event: 0.977 Thread 0x000001d2e83d9e90 Uncommon trap: reason=unstable_if action=reinterpret pc=0x000001d2956ca554 method=sun.security.provider.SHA2.implReset()V @ 8 c2
Event: 0.977 Thread 0x000001d2e83d9e90 DEOPT PACKING pc=0x000001d2956ca554 sp=0x000000aeff4fdf60
Event: 0.977 Thread 0x000001d2e83d9e90 DEOPT UNPACKING pc=0x000001d2950f7da2 sp=0x000000aeff4fde78 mode 2

Classes loaded (20 events):
Event: 0.994 Loading class java/util/concurrent/atomic/AtomicReferenceFieldUpdater$AtomicReferenceFieldUpdaterImpl$1
Event: 0.994 Loading class java/util/concurrent/atomic/AtomicReferenceFieldUpdater$AtomicReferenceFieldUpdaterImpl$1 done
Event: 0.996 Loading class java/lang/NoSuchFieldError
Event: 0.996 Loading class java/lang/NoSuchFieldError done
Event: 1.005 Loading class java/util/SimpleTimeZone
Event: 1.005 Loading class java/util/SimpleTimeZone done
Event: 1.005 Loading class java/time/format/DateTimeParseException
Event: 1.005 Loading class java/time/DateTimeException
Event: 1.005 Loading class java/time/DateTimeException done
Event: 1.005 Loading class java/time/format/DateTimeParseException done
Event: 1.006 Loading class java/time/OffsetDateTime
Event: 1.006 Loading class java/time/OffsetDateTime done
Event: 1.007 Loading class java/time/LocalDateTime$1
Event: 1.007 Loading class java/time/LocalDateTime$1 done
Event: 1.007 Loading class java/time/chrono/IsoEra
Event: 1.007 Loading class java/time/chrono/Era
Event: 1.007 Loading class java/time/chrono/Era done
Event: 1.007 Loading class java/time/chrono/IsoEra done
Event: 1.007 Loading class java/time/Instant$1
Event: 1.007 Loading class java/time/Instant$1 done

Classes unloaded (0 events):
No events

Classes redefined (0 events):
No events

Internal exceptions (20 events):
Event: 0.596 Thread 0x000001d2e83d8820 Exception <a 'java/lang/NoSuchMethodError'{0x0000000086e25af8}: 'long java.lang.invoke.DirectMethodHandle$Holder.invokeInterface(java.lang.Object, java.lang.Object)'> (0x0000000086e25af8) 
thrown [s\src\hotspot\share\interpreter\linkResolver.cpp, line 784]
Event: 0.598 Thread 0x000001d2e83d8820 Exception <a 'java/lang/NoSuchMethodError'{0x0000000086e292c0}: 'long java.lang.invoke.DelegatingMethodHandle$Holder.reinvoke_L(java.lang.Object, java.lang.Object)'> (0x0000000086e292c0) 
thrown [s\src\hotspot\share\interpreter\linkResolver.cpp, line 784]
Event: 0.619 Thread 0x000001d2e83d9e90 Exception <a 'java/lang/NoSuchMethodError'{0x0000000086ecc118}: static [Ljava/rmi/server/ObjID;.<clinit>()V> (0x0000000086ecc118) 
thrown [s\src\hotspot\share\prims\jni.cpp, line 1135]
Event: 0.623 Thread 0x000001d2e80dfdf0 Exception <a 'java/lang/NoSuchMethodError'{0x0000000086d016d0}: 'java.lang.Object java.lang.invoke.DirectMethodHandle$Holder.invokeSpecial(java.lang.Object, java.lang.Object, int, java.lang.Object, long)'> (0x0000000086d016d0) 
thrown [s\src\hotspot\share\interpreter\linkResolver.cpp, line 784]
Event: 0.623 Thread 0x000001d2e80dfdf0 Exception <a 'java/lang/NoSuchMethodError'{0x0000000086d08488}: 'java.lang.Object java.lang.invoke.DirectMethodHandle$Holder.newInvokeSpecial(java.lang.Object, java.lang.Object, int, java.lang.Object, long)'> (0x0000000086d08488) 
thrown [s\src\hotspot\share\interpreter\linkResolver.cpp, line 784]
Event: 0.627 Thread 0x000001d2e83d9e90 Exception <a 'java/lang/NoSuchMethodError'{0x0000000086d776b8}: 'void java.lang.invoke.Invokers$Holder.linkToTargetMethod(java.lang.Object, java.lang.Object)'> (0x0000000086d776b8) 
thrown [s\src\hotspot\share\interpreter\linkResolver.cpp, line 784]
Event: 0.638 Thread 0x000001d2e83d9e90 Exception <a 'java/lang/NoSuchMethodError'{0x0000000086da79a8}: 'java.lang.Object java.lang.invoke.DirectMethodHandle$Holder.invokeInterface(java.lang.Object, java.lang.Object, java.lang.Object, java.lang.Object, java.lang.Object)'> (0x0000000086da79a8) 
thrown [s\src\hotspot\share\interpreter\linkResolver.cpp, line 784]
Event: 0.640 Thread 0x000001d2e83d9e90 Exception <a 'java/lang/NoSuchMethodError'{0x0000000086dbad60}: 'java.lang.Object java.lang.invoke.Invokers$Holder.invokeExact_MT(java.lang.Object, java.lang.Object, java.lang.Object, java.lang.Object, java.lang.Object, java.lang.Object)'> (0x0000000086dbad60) 
thrown [s\src\hotspot\share\interpreter\linkResolver.cpp, line 784]
Event: 0.723 Thread 0x000001d2e83d9e90 Exception <a 'java/lang/NoSuchMethodError'{0x0000000086bf9fc8}: method resolution failed> (0x0000000086bf9fc8) 
thrown [s\src\hotspot\share\prims\methodHandles.cpp, line 1144]
Event: 0.725 Thread 0x000001d2e83d9e90 Exception <a 'java/lang/NoSuchMethodError'{0x0000000086a04148}: 'java.lang.Object java.lang.invoke.Invokers$Holder.invokeExact_MT(java.lang.Object, java.lang.Object, java.lang.Object, java.lang.Object, java.lang.Object)'> (0x0000000086a04148) 
thrown [s\src\hotspot\share\interpreter\linkResolver.cpp, line 784]
Event: 0.736 Thread 0x000001d2e83d9e90 Exception <a 'java/lang/NoSuchMethodError'{0x0000000086a79940}: 'java.lang.Object java.lang.invoke.DirectMethodHandle$Holder.invokeVirtual(java.lang.Object, java.lang.Object, java.lang.Object, java.lang.Object)'> (0x0000000086a79940) 
thrown [s\src\hotspot\share\interpreter\linkResolver.cpp, line 784]
Event: 0.736 Thread 0x000001d2e83d9e90 Exception <a 'java/lang/NoSuchMethodError'{0x0000000086a81450}: 'void java.lang.invoke.DirectMethodHandle$Holder.invokeStatic(java.lang.Object, java.lang.Object, java.lang.Object, java.lang.Object)'> (0x0000000086a81450) 
thrown [s\src\hotspot\share\interpreter\linkResolver.cpp, line 784]
Event: 0.744 Thread 0x000001d2e83d9e90 Exception <a 'java/lang/NoSuchMethodError'{0x0000000086aeefa0}: 'int java.lang.invoke.DirectMethodHandle$Holder.invokeStatic(java.lang.Object, java.lang.Object, java.lang.Object, java.lang.Object)'> (0x0000000086aeefa0) 
thrown [s\src\hotspot\share\interpreter\linkResolver.cpp, line 784]
Event: 0.745 Thread 0x000001d2e83d9e90 Exception <a 'java/lang/NoSuchMethodError'{0x0000000086af2548}: 'int java.lang.invoke.DirectMethodHandle$Holder.invokeStaticInit(java.lang.Object, java.lang.Object, java.lang.Object, java.lang.Object)'> (0x0000000086af2548) 
thrown [s\src\hotspot\share\interpreter\linkResolver.cpp, line 784]
Event: 0.746 Thread 0x000001d2e83d9e90 Exception <a 'java/lang/IncompatibleClassChangeError'{0x0000000086afaa98}: Found class java.lang.Object, but interface was expected> (0x0000000086afaa98) 
thrown [s\src\hotspot\share\interpreter\linkResolver.cpp, line 851]
Event: 0.747 Thread 0x000001d2e83d9e90 Exception <a 'java/lang/NoSuchMethodError'{0x0000000086aff918}: 'int java.lang.invoke.DirectMethodHandle$Holder.invokeStaticInit(java.lang.Object, java.lang.Object)'> (0x0000000086aff918) 
thrown [s\src\hotspot\share\interpreter\linkResolver.cpp, line 784]
Event: 0.900 Thread 0x000001d2e83d9e90 Exception <a 'sun/nio/fs/WindowsException'{0x0000000087c63a58}> (0x0000000087c63a58) 
thrown [s\src\hotspot\share\prims\jni.cpp, line 535]
Event: 0.957 Thread 0x000001d2e83d9e90 Exception <a 'java/lang/NoSuchMethodError'{0x0000000087caa800}: 'void java.lang.invoke.DirectMethodHandle$Holder.invokeStatic(java.lang.Object, java.lang.Object, java.lang.Object)'> (0x0000000087caa800) 
thrown [s\src\hotspot\share\interpreter\linkResolver.cpp, line 784]
Event: 0.958 Thread 0x000001d2e83d9e90 Exception <a 'java/lang/NoSuchMethodError'{0x0000000087cb04a0}: 'void java.lang.invoke.DirectMethodHandle$Holder.invokeVirtual(java.lang.Object, java.lang.Object)'> (0x0000000087cb04a0) 
thrown [s\src\hotspot\share\interpreter\linkResolver.cpp, line 784]
Event: 0.977 Thread 0x000001d2e83d9e90 Implicit null exception at 0x000001d2956c9c29 to 0x000001d2956ca530

ZGC Phase Switch (0 events):
No events

VM Operations (20 events):
Event: 0.505 Executing VM operation: HandshakeAllThreads (Deoptimize)
Event: 0.505 Executing VM operation: HandshakeAllThreads (Deoptimize) done
Event: 0.508 Executing VM operation: ICBufferFull
Event: 0.508 Executing VM operation: ICBufferFull done
Event: 0.647 Executing VM operation: HandshakeAllThreads (Deoptimize)
Event: 0.647 Executing VM operation: HandshakeAllThreads (Deoptimize) done
Event: 0.817 Executing VM operation: G1CollectForAllocation (G1 Evacuation Pause)
Event: 0.828 Executing VM operation: G1CollectForAllocation (G1 Evacuation Pause) done
Event: 0.839 Executing VM operation: HandshakeAllThreads (Deoptimize)
Event: 0.839 Executing VM operation: HandshakeAllThreads (Deoptimize) done
Event: 0.859 Executing VM operation: HandshakeAllThreads (Deoptimize)
Event: 0.859 Executing VM operation: HandshakeAllThreads (Deoptimize) done
Event: 0.874 Executing VM operation: HandshakeAllThreads (Deoptimize)
Event: 0.874 Executing VM operation: HandshakeAllThreads (Deoptimize) done
Event: 0.889 Executing VM operation: HandshakeAllThreads (Deoptimize)
Event: 0.890 Executing VM operation: HandshakeAllThreads (Deoptimize) done
Event: 0.910 Executing VM operation: HandshakeAllThreads (Deoptimize)
Event: 0.910 Executing VM operation: HandshakeAllThreads (Deoptimize) done
Event: 0.993 Executing VM operation: HandshakeAllThreads (Deoptimize)
Event: 0.993 Executing VM operation: HandshakeAllThreads (Deoptimize) done

Memory protections (0 events):
No events

Nmethod flushes (0 events):
No events

Events (20 events):
Event: 0.146 Loaded shared library C:\Program Files\JetBrains\IntelliJ IDEA 2024.3.5\jbr\bin\jimage.dll
Event: 0.457 Loaded shared library C:\Program Files\JetBrains\IntelliJ IDEA 2024.3.5\jbr\bin\extnet.dll
Event: 0.463 Thread 0x000001d289bdd310 Thread added: 0x000001d2e824b7e0
Event: 0.472 Thread 0x000001d289bdd310 Thread added: 0x000001d2e84864b0
Event: 0.472 Thread 0x000001d289bdd310 Thread added: 0x000001d2e824a4b0
Event: 0.474 Loaded shared library C:\Program Files\JetBrains\IntelliJ IDEA 2024.3.5\jbr\bin\rmi.dll
Event: 0.475 Thread 0x000001d289bdd310 Thread added: 0x000001d2e8273510
Event: 0.505 Thread 0x000001d2e824b7e0 Thread added: 0x000001d2e8394d70
Event: 0.506 Thread 0x000001d2e824b7e0 Thread added: 0x000001d2e8106c30
Event: 0.571 Thread 0x000001d2e84864b0 Thread added: 0x000001d2e83d8820
Event: 0.572 Thread 0x000001d2e84864b0 Thread added: 0x000001d2e83d9e90
Event: 0.575 Thread 0x000001d2e8394d70 Thread added: 0x000001d2e80e1ec0
Event: 0.610 Thread 0x000001d2e83d9e90 Thread added: 0x000001d2e80dfdf0
Event: 0.727 Thread 0x000001d2a282a820 Thread exited: 0x000001d2a282a820
Event: 0.800 Loaded shared library C:\Program Files\JetBrains\IntelliJ IDEA 2024.3.5\jbr\bin\management.dll
Event: 0.802 Loaded shared library C:\Program Files\JetBrains\IntelliJ IDEA 2024.3.5\jbr\bin\management_ext.dll
Event: 0.815 Thread 0x000001d2a282aef0 Thread exited: 0x000001d2a282aef0
Event: 0.877 Loaded shared library C:\Program Files\JetBrains\IntelliJ IDEA 2024.3.5\jbr\bin\sunmscapi.dll
Event: 0.939 Thread 0x000001d2a1bcd490 Thread added: 0x000001d2e869f000
Event: 0.943 Thread 0x000001d2e869f000 Thread added: 0x000001d2e869f6d0


Dynamic libraries:
0x00007ff6a51e0000 - 0x00007ff6a51ea000 	C:\Program Files\JetBrains\IntelliJ IDEA 2024.3.5\jbr\bin\java.exe
0x00007fffbc740000 - 0x00007fffbc9a7000 	C:\WINDOWS\SYSTEM32\ntdll.dll
0x00007fffbaed0000 - 0x00007fffbaf99000 	C:\WINDOWS\System32\KERNEL32.DLL
0x00007fffb9f40000 - 0x00007fffba337000 	C:\WINDOWS\System32\KERNELBASE.dll
0x00007fffb92c0000 - 0x00007fffb940b000 	C:\WINDOWS\System32\ucrtbase.dll
0x00007fff8ff60000 - 0x00007fff8ff7b000 	C:\Program Files\JetBrains\IntelliJ IDEA 2024.3.5\jbr\bin\VCRUNTIME140.dll
0x00007fffb30c0000 - 0x00007fffb30d8000 	C:\Program Files\JetBrains\IntelliJ IDEA 2024.3.5\jbr\bin\jli.dll
0x00007fffbc0d0000 - 0x00007fffbc296000 	C:\WINDOWS\System32\USER32.dll
0x00007fffb9540000 - 0x00007fffb9567000 	C:\WINDOWS\System32\win32u.dll
0x00007fffa0b60000 - 0x00007fffa0df2000 	C:\WINDOWS\WinSxS\amd64_microsoft.windows.common-controls_6595b64144ccf1df_6.0.26100.8328_none_3e08182ce334b678\COMCTL32.dll
0x00007fffbace0000 - 0x00007fffbad0b000 	C:\WINDOWS\System32\GDI32.dll
0x00007fffbae20000 - 0x00007fffbaec9000 	C:\WINDOWS\System32\msvcrt.dll
0x00007fffb9410000 - 0x00007fffb953c000 	C:\WINDOWS\System32\gdi32full.dll
0x00007fffb9e90000 - 0x00007fffb9f33000 	C:\WINDOWS\System32\msvcp_win.dll
0x00007fffbc330000 - 0x00007fffbc362000 	C:\WINDOWS\System32\IMM32.DLL
0x00007fffa3b00000 - 0x00007fffa3b0c000 	C:\Program Files\JetBrains\IntelliJ IDEA 2024.3.5\jbr\bin\vcruntime140_1.dll
0x00007fff7ddf0000 - 0x00007fff7de7d000 	C:\Program Files\JetBrains\IntelliJ IDEA 2024.3.5\jbr\bin\msvcp140.dll
0x00007fff1fb40000 - 0x00007fff20901000 	C:\Program Files\JetBrains\IntelliJ IDEA 2024.3.5\jbr\bin\server\jvm.dll
0x00007fffba870000 - 0x00007fffba926000 	C:\WINDOWS\System32\ADVAPI32.dll
0x00007fffba7a0000 - 0x00007fffba847000 	C:\WINDOWS\System32\sechost.dll
0x00007fffba680000 - 0x00007fffba798000 	C:\WINDOWS\System32\RPCRT4.dll
0x00007fffbc2a0000 - 0x00007fffbc320000 	C:\WINDOWS\System32\WS2_32.dll
0x00007fffb7d40000 - 0x00007fffb7d9e000 	C:\WINDOWS\SYSTEM32\POWRPROF.dll
0x00007fffaeaa0000 - 0x00007fffaeaab000 	C:\WINDOWS\SYSTEM32\VERSION.dll
0x00007fffa5d20000 - 0x00007fffa5d56000 	C:\WINDOWS\SYSTEM32\WINMM.dll
0x00007fffb7d20000 - 0x00007fffb7d34000 	C:\WINDOWS\SYSTEM32\UMPDC.dll
0x00007fffb7ff0000 - 0x00007fffb800b000 	C:\WINDOWS\SYSTEM32\kernel.appcore.dll
0x00007fff8ff50000 - 0x00007fff8ff5a000 	C:\Program Files\JetBrains\IntelliJ IDEA 2024.3.5\jbr\bin\jimage.dll
0x00007fffb70d0000 - 0x00007fffb7312000 	C:\WINDOWS\SYSTEM32\DBGHELP.DLL
0x00007fffbc370000 - 0x00007fffbc6f3000 	C:\WINDOWS\System32\combase.dll
0x00007fffbac00000 - 0x00007fffbacd9000 	C:\WINDOWS\System32\OLEAUT32.dll
0x00007fffa00a0000 - 0x00007fffa00db000 	C:\WINDOWS\SYSTEM32\dbgcore.DLL
0x00007fffb9de0000 - 0x00007fffb9e88000 	C:\WINDOWS\System32\bcryptPrimitives.dll
0x00007fff8ff30000 - 0x00007fff8ff50000 	C:\Program Files\JetBrains\IntelliJ IDEA 2024.3.5\jbr\bin\java.dll
0x00007fffbb6a0000 - 0x00007fffbbe0e000 	C:\WINDOWS\System32\SHELL32.dll
0x00007fffb9570000 - 0x00007fffb9ddc000 	C:\WINDOWS\System32\windows.storage.dll
0x00007fffbad20000 - 0x00007fffbae16000 	C:\WINDOWS\System32\SHCORE.dll
0x00007fffba930000 - 0x00007fffba996000 	C:\WINDOWS\System32\shlwapi.dll
0x00007fffb9090000 - 0x00007fffb90b9000 	C:\WINDOWS\SYSTEM32\profapi.dll
0x00007fff8ff10000 - 0x00007fff8ff28000 	C:\Program Files\JetBrains\IntelliJ IDEA 2024.3.5\jbr\bin\zip.dll
0x00007fff8ff00000 - 0x00007fff8ff10000 	C:\Program Files\JetBrains\IntelliJ IDEA 2024.3.5\jbr\bin\net.dll
0x00007fffaf970000 - 0x00007fffafa99000 	C:\WINDOWS\SYSTEM32\WINHTTP.dll
0x00007fffb8590000 - 0x00007fffb85fc000 	C:\WINDOWS\system32\mswsock.dll
0x00007fff8fee0000 - 0x00007fff8fef6000 	C:\Program Files\JetBrains\IntelliJ IDEA 2024.3.5\jbr\bin\nio.dll
0x00007fffb7940000 - 0x00007fffb7972000 	C:\WINDOWS\SYSTEM32\IPHLPAPI.DLL
0x00007fffba670000 - 0x00007fffba67a000 	C:\WINDOWS\System32\NSI.dll
0x00007fffb8870000 - 0x00007fffb888b000 	C:\WINDOWS\SYSTEM32\CRYPTSP.dll
0x00007fffb7f50000 - 0x00007fffb7f89000 	C:\WINDOWS\system32\rsaenh.dll
0x00007fffb8640000 - 0x00007fffb8673000 	C:\WINDOWS\SYSTEM32\USERENV.dll
0x00007fffb9060000 - 0x00007fffb908a000 	C:\WINDOWS\SYSTEM32\bcrypt.dll
0x00007fffb8890000 - 0x00007fffb889c000 	C:\WINDOWS\SYSTEM32\CRYPTBASE.dll
0x00007fff8fcf0000 - 0x00007fff8fcf9000 	C:\Program Files\JetBrains\IntelliJ IDEA 2024.3.5\jbr\bin\extnet.dll
0x00007fffb3bf0000 - 0x00007fffb3bf7000 	C:\Program Files\JetBrains\IntelliJ IDEA 2024.3.5\jbr\bin\rmi.dll
0x00007fffb79d0000 - 0x00007fffb7b02000 	C:\WINDOWS\SYSTEM32\DNSAPI.dll
0x00007fffac660000 - 0x00007fffac66b000 	C:\Windows\System32\rasadhlp.dll
0x00007fffaf120000 - 0x00007fffaf1a6000 	C:\WINDOWS\System32\fwpuclnt.dll
0x00007fff8d060000 - 0x00007fff8d069000 	C:\Program Files\JetBrains\IntelliJ IDEA 2024.3.5\jbr\bin\management.dll
0x00007fff8b110000 - 0x00007fff8b11b000 	C:\Program Files\JetBrains\IntelliJ IDEA 2024.3.5\jbr\bin\management_ext.dll
0x00007fffba9d0000 - 0x00007fffba9d8000 	C:\WINDOWS\System32\PSAPI.DLL
0x00007fff8fd10000 - 0x00007fff8fd1e000 	C:\Program Files\JetBrains\IntelliJ IDEA 2024.3.5\jbr\bin\sunmscapi.dll
0x00007fffba340000 - 0x00007fffba4b8000 	C:\WINDOWS\System32\CRYPT32.dll
0x00007fffb8a90000 - 0x00007fffb8ac0000 	C:\WINDOWS\SYSTEM32\ncrypt.dll
0x00007fffb8a40000 - 0x00007fffb8a7f000 	C:\WINDOWS\SYSTEM32\NTASN1.dll

dbghelp: loaded successfully - version: 4.0.5 - missing functions: none
symbol engine: initialized successfully - sym options: 0x614 - pdb path: .;C:\Program Files\JetBrains\IntelliJ IDEA 2024.3.5\jbr\bin;C:\WINDOWS\SYSTEM32;C:\WINDOWS\WinSxS\amd64_microsoft.windows.common-controls_6595b64144ccf1df_6.0.26100.8328_none_3e08182ce334b678;C:\Program Files\JetBrains\IntelliJ IDEA 2024.3.5\jbr\bin\server

VM Arguments:
jvm_args: -Djava.rmi.server.hostname=127.0.0.1 -Duser.timezone=UTC -Xmx2048m -Xms128m -Djdbc.classpath=C:\Users\ACER\AppData\Local\Temp\RemoteDriver8.classpath.txt --add-exports=java.desktop/sun.awt=ALL-UNNAMED --add-exports=java.desktop/java.awt.peer=ALL-UNNAMED --add-opens=java.desktop/java.awt=ALL-UNNAMED --add-opens=jdk.unsupported/sun.misc=ALL-UNNAMED --add-opens=java.base/java.nio=ALL-UNNAMED --add-opens=java.base/java.util=ALL-UNNAMED -Dfile.encoding=UTF-8 -Dsun.stdout.encoding=UTF-8 -Dsun.stderr.encoding=UTF-8 
java_command: com.intellij.database.remote.RemoteJdbcServer org.postgresql.Driver
java_class_path (initial): C:\Program Files\JetBrains\IntelliJ IDEA 2024.3.5\lib\util_rt.jar;C:\Program Files\JetBrains\IntelliJ IDEA 2024.3.5\lib\util-8.jar;C:\Program Files\JetBrains\IntelliJ IDEA 2024.3.5\lib\groovy.jar;C:\Program Files\JetBrains\IntelliJ IDEA 2024.3.5\plugins\DatabaseTools\lib\jdbc-console.jar;C:\Program Files\JetBrains\IntelliJ IDEA 2024.3.5\plugins\grid-core-impl\lib\jdbc-console-types.jar;C:\Program Files\JetBrains\IntelliJ IDEA 2024.3.5\lib\util.jar;C:\Program Files\JetBrains\IntelliJ IDEA 2024.3.5\lib\bouncy-castle.jar
Launcher Type: SUN_STANDARD

[Global flags]
     intx CICompilerCount                          = 4                                         {product} {ergonomic}
     uint ConcGCThreads                            = 3                                         {product} {ergonomic}
     uint G1ConcRefinementThreads                  = 10                                        {product} {ergonomic}
   size_t G1HeapRegionSize                         = 1048576                                   {product} {ergonomic}
    uintx GCDrainStackTargetSize                   = 64                                        {product} {ergonomic}
   size_t InitialHeapSize                          = 134217728                                 {product} {command line}
   size_t MarkStackSize                            = 4194304                                   {product} {ergonomic}
   size_t MaxHeapSize                              = 2147483648                                {product} {command line}
   size_t MaxNewSize                               = 1287651328                                {product} {ergonomic}
   size_t MinHeapDeltaBytes                        = 1048576                                   {product} {ergonomic}
   size_t MinHeapSize                              = 134217728                                 {product} {command line}
    uintx NonNMethodCodeHeapSize                   = 5839372                                {pd product} {ergonomic}
    uintx NonProfiledCodeHeapSize                  = 122909434                              {pd product} {ergonomic}
    uintx ProfiledCodeHeapSize                     = 122909434                              {pd product} {ergonomic}
    uintx ReservedCodeCacheSize                    = 251658240                              {pd product} {ergonomic}
     bool SegmentedCodeCache                       = true                                      {product} {ergonomic}
   size_t SoftMaxHeapSize                          = 2147483648                             {manageable} {ergonomic}
     bool UseCompressedOops                        = true                           {product lp64_product} {ergonomic}
     bool UseG1GC                                  = true                                      {product} {ergonomic}
     bool UseLargePagesIndividualAllocation        = false                                  {pd product} {ergonomic}

Logging:
Log output configuration:
 #0: stdout all=warning uptime,level,tags foldmultilines=false
 #1: stderr all=off uptime,level,tags foldmultilines=false

Environment Variables:
JAVA_HOME=C:\Program Files\Java\jdk-23
PATH=C:\Program Files\Common Files\Oracle\Java\javapath;C:\Windows\system32;C:\Windows;C:\Windows\System32\Wbem;C:\Windows\System32\WindowsPowerShell\v1.0\;C:\Windows\System32\OpenSSH\;C:\Program Files (x86)\Microsoft SQL Server\160\Tools\Binn\;C:\Program Files\Microsoft SQL Server\160\Tools\Binn\;C:\Program Files\Microsoft SQL Server\Client SDK\ODBC\170\Tools\Binn\;C:\Program Files\Microsoft SQL Server\160\DTS\Binn\;C:\Program Files\Java\jdk-23\bin;C:\WINDOWS\system32;C:\WINDOWS;C:\WINDOWS\System32\Wbem;C:\WINDOWS\System32\WindowsPowerShell\v1.0\;C:\WINDOWS\System32\OpenSSH\;C:\Program Files\Git\cmd;C:\Program Files\nodejs\;C:\gradle-8.12\bin;C:\apache-maven-3.9.9\bin;;C:\Program Files\Docker\Docker\resources\bin;C:\Users\ACER\AppData\Local\Microsoft\WindowsApps;C:\Users\ACER\AppData\Local\Programs\Microsoft VS Code\bin;C:\Users\ACER\AppData\Roaming\npm;C:\Program Files\JetBrains\IntelliJ IDEA 2024.3.5\bin;ANDROID_HOME;;C:\Users\ACER\AppData\Local\Programs\Antigravity\bin;C:\Users\ACER\AppData\Local\Android\Sdk\platform-tools;C:\Users\ACER\AppData\Local\Android\Sdk\emulator;C:\Users\ACER\AppData\Local\Android\Sdk\tools;C:\Users\ACER\AppData\Local\Android\Sdk\tools\bin;
USERNAME=ACER
OS=Windows_NT
PROCESSOR_IDENTIFIER=Intel64 Family 6 Model 141 Stepping 1, GenuineIntel
TMP=C:\Users\ACER\AppData\Local\Temp
TEMP=C:\Users\ACER\AppData\Local\Temp




Periodic native trim disabled

JNI global refs:
JNI global refs: 17, weak refs: 0

JNI global refs memory usage: 835, weak refs: 201

Process memory usage:
Resident Set Size: 110292K (0% of 16551224K total physical memory with 2159568K free physical memory)

OOME stack traces (most recent first):
Classloader memory used:
Loader bootstrap                                                                       : 6562K
Loader jdk.internal.loader.ClassLoaders$AppClassLoader                                 : 2362K
Loader com.intellij.database.remote.jdbc.impl.JdbcClassLoader$JdbcClassLoaderImpl      : 1277K
Loader jdk.internal.loader.ClassLoaders$PlatformClassLoader                            : 408K
Loader jdk.internal.reflect.DelegatingClassLoader                                      : 72528B
Loader com.intellij.database.remote.jdbc.impl.JdbcClassLoader$1                        : 6904B

---------------  S Y S T E M  ---------------

OS:
 Windows 11 , 64 bit Build 26100 (10.0.26100.8328)
OS uptime: 0 days 2:21 hours
Hyper-V role detected

CPU: total 12 (initial active 12) (6 cores per cpu, 2 threads per core) family 6 model 141 stepping 1 microcode 0x3c, cx8, cmov, fxsr, ht, mmx, 3dnowpref, sse, sse2, sse3, ssse3, sse4.1, sse4.2, popcnt, lzcnt, tsc, tscinvbit, avx, avx2, aes, erms, clmul, bmi1, bmi2, adx, avx512f, avx512dq, avx512cd, avx512bw, avx512vl, sha, fma, vzeroupper, avx512_vpopcntdq, avx512_vpclmulqdq, avx512_vaes, avx512_vnni, clflush, clflushopt, clwb, avx512_vbmi2, avx512_vbmi, hv, rdtscp, rdpid, fsrm, gfni, avx512_bitalg, f16c, cet_ibt, cet_ss, avx512_ifma
Processor Information for the first 12 processors :
  Max Mhz: 2688, Current Mhz: 2688, Mhz Limit: 2688

Memory: 4k page, system-wide physical 16163M (2108M free)
TotalPageFile size 29342M (AvailPageFile size 9M)
current process WorkingSet (physical memory assigned to process): 107M, peak: 107M
current process commit charge ("private bytes"): 244M, peak: 245M

vm_info: OpenJDK 64-Bit Server VM (21.0.6+8-b631.39) for windows-amd64 JRE (21.0.6+8-b631.39), built on 2025-02-04 by "builduser" with MS VC++ 16.10 / 16.11 (VS2019)

END.
