#
# There is insufficient memory for the Java Runtime Environment to continue.
# Native memory allocation (mmap) failed to map 65536 bytes. Error detail: Failed to commit metaspace.
# Possible reasons:
#   The system is out of physical RAM or swap space
#   This process is running with CompressedOops enabled, and the Java Heap may be blocking the growth of the native heap
# Possible solutions:
#   Reduce memory load on the system
#   Increase physical memory or swap space
#   Check if swap backing store is full
#   Decrease Java heap size (-Xmx/-Xms)
#   Decrease number of Java threads
#   Decrease Java thread stack sizes (-Xss)
#   Set larger code cache with -XX:ReservedCodeCacheSize=
#   JVM is running with Unscaled Compressed Oops mode in which the Java heap is
#     placed in the first 4GB address space. The Java Heap base address is the
#     maximum limit for the native heap growth. Please use -XX:HeapBaseMinAddress
#     to set the Java Heap base and to place the Java Heap above 4GB virtual address.
# This output file may be truncated or incomplete.
#
#  Out of Memory Error (virtualSpaceNode.cpp:113), pid=6196, tid=10704
#
# JRE version: OpenJDK Runtime Environment JBR-21.0.6+8-631.39-jcef (21.0.6+8) (build 21.0.6+8-b631.39)
# Java VM: OpenJDK 64-Bit Server VM JBR-21.0.6+8-631.39-jcef (21.0.6+8-b631.39, mixed mode, tiered, compressed oops, compressed class ptrs, g1 gc, windows-amd64)
# No core dump will be written. Minidumps are not enabled by default on client versions of Windows
#

---------------  S U M M A R Y ------------

Command Line: -Djava.rmi.server.hostname=127.0.0.1 -Duser.timezone=UTC -Xmx2048m -Xms128m -Djdbc.classpath=C:\Users\ACER\AppData\Local\Temp\RemoteDriver798.classpath.txt --add-exports=java.desktop/sun.awt=ALL-UNNAMED --add-exports=java.desktop/java.awt.peer=ALL-UNNAMED --add-opens=java.desktop/java.awt=ALL-UNNAMED --add-opens=jdk.unsupported/sun.misc=ALL-UNNAMED --add-opens=java.base/java.nio=ALL-UNNAMED --add-opens=java.base/java.util=ALL-UNNAMED -Dfile.encoding=UTF-8 -Dsun.stdout.encoding=UTF-8 -Dsun.stderr.encoding=UTF-8 com.intellij.database.remote.RemoteJdbcServer org.postgresql.Driver

Host: 11th Gen Intel(R) Core(TM) i5-11400H @ 2.70GHz, 12 cores, 15G,  Windows 11 , 64 bit Build 26100 (10.0.26100.8328)
Time: Thu May  7 13:11:28 2026 SE Asia Standard Time elapsed time: 0.103018 seconds (0d 0h 0m 0s)

---------------  T H R E A D  ---------------

Current thread (0x000001b89f95f850):  JavaThread "main"             [_thread_in_vm, id=10704, stack(0x00000037ec700000,0x00000037ec800000) (1024K)]

Stack: [0x00000037ec700000,0x00000037ec800000]
Native frames: (J=compiled Java code, j=interpreted, Vv=VM code, C=native code)
V  [jvm.dll+0x6e5d39]
V  [jvm.dll+0x8c4133]
V  [jvm.dll+0x8c668e]
V  [jvm.dll+0x8c6d73]
V  [jvm.dll+0x288f76]
V  [jvm.dll+0x8bef7e]
V  [jvm.dll+0x686a35]
V  [jvm.dll+0x1eacb1]
V  [jvm.dll+0x1eaa7e]
V  [jvm.dll+0x689348]
V  [jvm.dll+0x689182]
V  [jvm.dll+0x6873ee]
V  [jvm.dll+0x3cd1cf]
V  [jvm.dll+0x21514b]
V  [jvm.dll+0x5c455f]
V  [jvm.dll+0x224bfb]
V  [jvm.dll+0x83af3c]
V  [jvm.dll+0x83bfe2]
V  [jvm.dll+0x83c5a4]
V  [jvm.dll+0x83c238]
V  [jvm.dll+0x2760ab]
V  [jvm.dll+0x3e38fe]
C  0x000001b8aae3b116

The last pc belongs to new (printed below).
Java frames: (J=compiled Java code, j=interpreted, Vv=VM code)
j  java.lang.invoke.MethodHandleImpl.makeIntrinsic(Ljava/lang/invoke/MethodHandle;Ljava/lang/invoke/MethodHandleImpl$Intrinsic;Ljava/lang/Object;)Ljava/lang/invoke/MethodHandle;+10 java.base@21.0.6
j  java.lang.invoke.MethodHandleImpl.makeIntrinsic(Ljava/lang/invoke/MethodHandle;Ljava/lang/invoke/MethodHandleImpl$Intrinsic;)Ljava/lang/invoke/MethodHandle;+3 java.base@21.0.6
j  java.lang.invoke.LambdaForm.createFormsFor(Ljava/lang/invoke/LambdaForm$BasicType;)V+333 java.base@21.0.6
j  java.lang.invoke.LambdaForm.identityForm(Ljava/lang/invoke/LambdaForm$BasicType;)Ljava/lang/invoke/LambdaForm;+18 java.base@21.0.6
j  java.lang.invoke.MethodHandles.makeIdentity(Ljava/lang/Class;)Ljava/lang/invoke/MethodHandle;+10 java.base@21.0.6
j  java.lang.invoke.MethodHandles.identity(Ljava/lang/Class;)Ljava/lang/invoke/MethodHandle;+41 java.base@21.0.6
j  java.lang.invoke.MethodHandles.constant(Ljava/lang/Class;Ljava/lang/Object;)Ljava/lang/invoke/MethodHandle;+80 java.base@21.0.6
j  java.lang.invoke.InnerClassLambdaMetafactory.buildCallSite()Ljava/lang/invoke/CallSite;+103 java.base@21.0.6
j  java.lang.invoke.LambdaMetafactory.metafactory(Ljava/lang/invoke/MethodHandles$Lookup;Ljava/lang/String;Ljava/lang/invoke/MethodType;Ljava/lang/invoke/MethodType;Ljava/lang/invoke/MethodHandle;Ljava/lang/invoke/MethodType;)Ljava/lang/invoke/CallSite;+67 java.base@21.0.6
j  java.lang.invoke.DirectMethodHandle$Holder.invokeStatic(Ljava/lang/Object;Ljava/lang/Object;Ljava/lang/Object;Ljava/lang/Object;Ljava/lang/Object;Ljava/lang/Object;Ljava/lang/Object;)Ljava/lang/Object;+20 java.base@21.0.6
j  java.lang.invoke.Invokers$Holder.invokeExact_MT(Ljava/lang/Object;Ljava/lang/Object;Ljava/lang/Object;Ljava/lang/Object;Ljava/lang/Object;Ljava/lang/Object;Ljava/lang/Object;Ljava/lang/Object;)Ljava/lang/Object;+28 java.base@21.0.6
j  java.lang.invoke.BootstrapMethodInvoker.invoke(Ljava/lang/Class;Ljava/lang/invoke/MethodHandle;Ljava/lang/String;Ljava/lang/Object;Ljava/lang/Object;Ljava/lang/Class;)Ljava/lang/Object;+319 java.base@21.0.6
j  java.lang.invoke.CallSite.makeSite(Ljava/lang/invoke/MethodHandle;Ljava/lang/String;Ljava/lang/invoke/MethodType;Ljava/lang/Object;Ljava/lang/Class;)Ljava/lang/invoke/CallSite;+8 java.base@21.0.6
j  java.lang.invoke.MethodHandleNatives.linkCallSiteImpl(Ljava/lang/Class;Ljava/lang/invoke/MethodHandle;Ljava/lang/String;Ljava/lang/invoke/MethodType;Ljava/lang/Object;[Ljava/lang/Object;)Ljava/lang/invoke/MemberName;+6 java.base@21.0.6
j  java.lang.invoke.MethodHandleNatives.linkCallSite(Ljava/lang/Object;Ljava/lang/Object;Ljava/lang/Object;Ljava/lang/Object;Ljava/lang/Object;[Ljava/lang/Object;)Ljava/lang/invoke/MemberName;+45 java.base@21.0.6
v  ~StubRoutines::call_stub 0x000001b8aae210e7
j  jdk.internal.module.ModuleBootstrap.decode(Ljava/lang/String;Ljava/lang/String;Z)Ljava/util/Map;+193 java.base@21.0.6
j  jdk.internal.module.ModuleBootstrap.decode(Ljava/lang/String;)Ljava/util/Map;+5 java.base@21.0.6
j  jdk.internal.module.ModuleBootstrap.addExtraExportsAndOpens(Ljava/lang/ModuleLayer;)Z+7 java.base@21.0.6
j  jdk.internal.module.ModuleBootstrap.boot2()Ljava/lang/ModuleLayer;+1240 java.base@21.0.6
j  jdk.internal.module.ModuleBootstrap.boot()Ljava/lang/ModuleLayer;+64 java.base@21.0.6
j  java.lang.System.initPhase2(ZZ)I+0 java.base@21.0.6
v  ~StubRoutines::call_stub 0x000001b8aae210e7
new  187 new  [0x000001b8aae3afa0, 0x000001b8aae3b1a0]  512 bytes
[MachCode]
  0x000001b8aae3afa0: 4883 ec08 | c5fa 1104 | 24eb 1f48 | 83ec 10c5 | fb11 0424 | eb14 4883 | ec10 4889 | 0424 48c7 
  0x000001b8aae3afc0: 4424 0800 | 0000 00eb | 0150 410f | b755 010f | cac1 ea10 | 488b 4de8 | 488b 4908 | 488b 4908 
  0x000001b8aae3afe0: 488b 4108 | 807c 1004 | 070f 85ca | 0000 0066 | 8b54 d148 | 488b 4928 | 488b 4cd1 | 0851 80b9 
  0x000001b8aae3b000: 4101 0000 | 040f 85ad | 0000 008b | 5108 f6c2 | 010f 85a1 | 0000 0049 | 8b87 b801 | 0000 488d 
  0x000001b8aae3b020: 1c10 493b | 9fc8 0100 | 000f 8789 | 0000 0049 | 899f b801 | 0000 4883 | ea10 0f84 | 0f00 0000 
  0x000001b8aae3b040: 33c9 c1ea | 0348 894c | d008 48ff | ca75 f648 | c700 0100 | 0000 5933 | f689 700c | 48c1 e903 
  0x000001b8aae3b060: 8948 0849 | baf7 5d7f | 20ff 7f00 | 0041 803a | 000f 843c | 0000 0050 | 488b c848 | 83ec 2040 
  0x000001b8aae3b080: f6c4 0f0f | 8419 0000 | 0048 83ec | 0848 b890 | d228 20ff | 7f00 00ff | d048 83c4 | 08e9 0c00 
  0x000001b8aae3b0a0: 0000 48b8 | 90d2 2820 | ff7f 0000 | ffd0 4883 | c420 58e9 | cb00 0000 | 5948 8b55 | e848 8b52 
  0x000001b8aae3b0c0: 0848 8b52 | 0845 0fb7 | 4501 410f | c841 c1e8 | 10e8 0500 | 0000 e9a8 | 0000 0048 | 8d44 2408 
  0x000001b8aae3b0e0: 4c89 6dc0 | 498b cfc5 | f877 4989 | afa8 0300 | 0049 8987 | 9803 0000 | 4883 ec20 | 40f6 c40f 
  0x000001b8aae3b100: 0f84 1900 | 0000 4883 | ec08 48b8 | b038 f21f | ff7f 0000 | ffd0 4883 | c408 e90c | 0000 0048 
  0x000001b8aae3b120: b8b0 38f2 | 1fff 7f00 | 00ff d048 | 83c4 2049 | c787 9803 | 0000 0000 | 0000 49c7 | 87a8 0300 
  0x000001b8aae3b140: 0000 0000 | 0049 c787 | a003 0000 | 0000 0000 | c5f8 7749 | 837f 0800 | 0f84 0500 | 0000 e99d 
  0x000001b8aae3b160: 5dfe ff49 | 8b87 f003 | 0000 49c7 | 87f0 0300 | 0000 0000 | 004c 8b6d | c04c 8b75 | c84e 8d74 
  0x000001b8aae3b180: f500 c341 | 0fb6 5d03 | 4983 c503 | 49ba c028 | 8220 ff7f | 0000 41ff | 24da 660f | 1f44 0000 
[/MachCode]

---------------  P R O C E S S  ---------------

Threads class SMR info:
_java_thread_list=0x000001b8b84fb360, length=9, elements={
0x000001b89f95f850, 0x000001b8b84aec00, 0x000001b8b84af650, 0x000001b8b8506510,
0x000001b8b8506f60, 0x000001b8b84ff350, 0x000001b8b85021b0, 0x000001b8b8502f30,
0x000001b8b8505440
}

Java Threads: ( => current thread )
=>0x000001b89f95f850 JavaThread "main"                              [_thread_in_vm, id=10704, stack(0x00000037ec700000,0x00000037ec800000) (1024K)]
  0x000001b8b84aec00 JavaThread "Reference Handler"          daemon [_thread_blocked, id=5364, stack(0x00000037ecf00000,0x00000037ed000000) (1024K)]
  0x000001b8b84af650 JavaThread "Finalizer"                  daemon [_thread_blocked, id=11728, stack(0x00000037ed000000,0x00000037ed100000) (1024K)]
  0x000001b8b8506510 JavaThread "Signal Dispatcher"          daemon [_thread_blocked, id=13340, stack(0x00000037ed100000,0x00000037ed200000) (1024K)]
  0x000001b8b8506f60 JavaThread "Attach Listener"            daemon [_thread_blocked, id=6776, stack(0x00000037ed200000,0x00000037ed300000) (1024K)]
  0x000001b8b84ff350 JavaThread "Service Thread"             daemon [_thread_blocked, id=8936, stack(0x00000037ed300000,0x00000037ed400000) (1024K)]
  0x000001b8b85021b0 JavaThread "Monitor Deflation Thread"   daemon [_thread_blocked, id=13368, stack(0x00000037ed400000,0x00000037ed500000) (1024K)]
  0x000001b8b8502f30 JavaThread "C2 CompilerThread0"         daemon [_thread_blocked, id=2716, stack(0x00000037ed500000,0x00000037ed600000) (1024K)]
  0x000001b8b8505440 JavaThread "C1 CompilerThread0"         daemon [_thread_blocked, id=19052, stack(0x00000037ed600000,0x00000037ed700000) (1024K)]
Total: 9

Other Threads:
  0x000001b8b8477080 VMThread "VM Thread"                           [id=8560, stack(0x00000037ece00000,0x00000037ecf00000) (1024K)]
  0x000001b8b7929ca0 WatcherThread "VM Periodic Task Thread"        [id=17468, stack(0x00000037ecd00000,0x00000037ece00000) (1024K)]
  0x000001b89f9b6050 WorkerThread "GC Thread#0"                     [id=10788, stack(0x00000037ec800000,0x00000037ec900000) (1024K)]
  0x000001b89f9c7250 ConcurrentGCThread "G1 Main Marker"            [id=21340, stack(0x00000037ec900000,0x00000037eca00000) (1024K)]
  0x000001b89f9c9680 WorkerThread "G1 Conc#0"                       [id=16792, stack(0x00000037eca00000,0x00000037ecb00000) (1024K)]
  0x000001b89fa1e770 ConcurrentGCThread "G1 Refine#0"               [id=6024, stack(0x00000037ecb00000,0x00000037ecc00000) (1024K)]
  0x000001b8b77ef130 ConcurrentGCThread "G1 Service"                [id=21932, stack(0x00000037ecc00000,0x00000037ecd00000) (1024K)]
Total: 7

Threads with active compile tasks:
Total: 0

VM state: not at safepoint (normal execution)

VM Mutex/Monitor currently owned by a thread:  ([mutex/lock_event])
[0x00007fff2080c830] Metaspace_lock - owner thread: 0x000001b89f95f850

Heap address: 0x0000000080000000, size: 2048 MB, Compressed Oops mode: 32-bit

CDS archive(s) not mapped
Compressed class space mapped at: 0x0000000100000000-0x0000000140000000, reserved size: 1073741824
Narrow klass base: 0x0000000000000000, Narrow klass shift: 3, Narrow klass range: 0x140000000

GC Precious Log:
 CardTable entry size: 512
 Card Set container configuration: InlinePtr #cards 5 size 8 Array Of Cards #cards 12 size 40 Howl #buckets 4 coarsen threshold 1843 Howl Bitmap #cards 512 size 80 coarsen threshold 460 Card regions per heap region 1 cards per card region 2048
 CPUs: 12 total, 12 available
 Memory: 16163M
 Large Page Support: Disabled
 NUMA Support: Disabled
 Compressed Oops: Enabled (32-bit)
 Heap Region Size: 1M
 Heap Min Capacity: 128M
 Heap Initial Capacity: 128M
 Heap Max Capacity: 2G
 Pre-touch: Disabled
 Parallel Workers: 10
 Concurrent Workers: 3
 Concurrent Refinement Workers: 10
 Periodic GC: Disabled

Heap:
 garbage-first heap   total 131072K, used 1024K [0x0000000080000000, 0x0000000100000000)
  region size 1024K, 2 young (2048K), 0 survivors (0K)
 Metaspace       used 5165K, committed 5184K, reserved 1114112K
  class space    used 383K, committed 384K, reserved 1048576K

Heap Regions: E=young(eden), S=young(survivor), O=old, HS=humongous(starts), HC=humongous(continues), CS=collection set, F=free, TAMS=top-at-mark-start, PB=parsable bottom
|   0|0x0000000080000000, 0x0000000080000000, 0x0000000080100000|  0%| F|  |TAMS 0x0000000080000000| PB 0x0000000080000000| Untracked 
|   1|0x0000000080100000, 0x0000000080100000, 0x0000000080200000|  0%| F|  |TAMS 0x0000000080100000| PB 0x0000000080100000| Untracked 
|   2|0x0000000080200000, 0x0000000080200000, 0x0000000080300000|  0%| F|  |TAMS 0x0000000080200000| PB 0x0000000080200000| Untracked 
|   3|0x0000000080300000, 0x0000000080300000, 0x0000000080400000|  0%| F|  |TAMS 0x0000000080300000| PB 0x0000000080300000| Untracked 
|   4|0x0000000080400000, 0x0000000080400000, 0x0000000080500000|  0%| F|  |TAMS 0x0000000080400000| PB 0x0000000080400000| Untracked 
|   5|0x0000000080500000, 0x0000000080500000, 0x0000000080600000|  0%| F|  |TAMS 0x0000000080500000| PB 0x0000000080500000| Untracked 
|   6|0x0000000080600000, 0x0000000080600000, 0x0000000080700000|  0%| F|  |TAMS 0x0000000080600000| PB 0x0000000080600000| Untracked 
|   7|0x0000000080700000, 0x0000000080700000, 0x0000000080800000|  0%| F|  |TAMS 0x0000000080700000| PB 0x0000000080700000| Untracked 
|   8|0x0000000080800000, 0x0000000080800000, 0x0000000080900000|  0%| F|  |TAMS 0x0000000080800000| PB 0x0000000080800000| Untracked 
|   9|0x0000000080900000, 0x0000000080900000, 0x0000000080a00000|  0%| F|  |TAMS 0x0000000080900000| PB 0x0000000080900000| Untracked 
|  10|0x0000000080a00000, 0x0000000080a00000, 0x0000000080b00000|  0%| F|  |TAMS 0x0000000080a00000| PB 0x0000000080a00000| Untracked 
|  11|0x0000000080b00000, 0x0000000080b00000, 0x0000000080c00000|  0%| F|  |TAMS 0x0000000080b00000| PB 0x0000000080b00000| Untracked 
|  12|0x0000000080c00000, 0x0000000080c00000, 0x0000000080d00000|  0%| F|  |TAMS 0x0000000080c00000| PB 0x0000000080c00000| Untracked 
|  13|0x0000000080d00000, 0x0000000080d00000, 0x0000000080e00000|  0%| F|  |TAMS 0x0000000080d00000| PB 0x0000000080d00000| Untracked 
|  14|0x0000000080e00000, 0x0000000080e00000, 0x0000000080f00000|  0%| F|  |TAMS 0x0000000080e00000| PB 0x0000000080e00000| Untracked 
|  15|0x0000000080f00000, 0x0000000080f00000, 0x0000000081000000|  0%| F|  |TAMS 0x0000000080f00000| PB 0x0000000080f00000| Untracked 
|  16|0x0000000081000000, 0x0000000081000000, 0x0000000081100000|  0%| F|  |TAMS 0x0000000081000000| PB 0x0000000081000000| Untracked 
|  17|0x0000000081100000, 0x0000000081100000, 0x0000000081200000|  0%| F|  |TAMS 0x0000000081100000| PB 0x0000000081100000| Untracked 
|  18|0x0000000081200000, 0x0000000081200000, 0x0000000081300000|  0%| F|  |TAMS 0x0000000081200000| PB 0x0000000081200000| Untracked 
|  19|0x0000000081300000, 0x0000000081300000, 0x0000000081400000|  0%| F|  |TAMS 0x0000000081300000| PB 0x0000000081300000| Untracked 
|  20|0x0000000081400000, 0x0000000081400000, 0x0000000081500000|  0%| F|  |TAMS 0x0000000081400000| PB 0x0000000081400000| Untracked 
|  21|0x0000000081500000, 0x0000000081500000, 0x0000000081600000|  0%| F|  |TAMS 0x0000000081500000| PB 0x0000000081500000| Untracked 
|  22|0x0000000081600000, 0x0000000081600000, 0x0000000081700000|  0%| F|  |TAMS 0x0000000081600000| PB 0x0000000081600000| Untracked 
|  23|0x0000000081700000, 0x0000000081700000, 0x0000000081800000|  0%| F|  |TAMS 0x0000000081700000| PB 0x0000000081700000| Untracked 
|  24|0x0000000081800000, 0x0000000081800000, 0x0000000081900000|  0%| F|  |TAMS 0x0000000081800000| PB 0x0000000081800000| Untracked 
|  25|0x0000000081900000, 0x0000000081900000, 0x0000000081a00000|  0%| F|  |TAMS 0x0000000081900000| PB 0x0000000081900000| Untracked 
|  26|0x0000000081a00000, 0x0000000081a00000, 0x0000000081b00000|  0%| F|  |TAMS 0x0000000081a00000| PB 0x0000000081a00000| Untracked 
|  27|0x0000000081b00000, 0x0000000081b00000, 0x0000000081c00000|  0%| F|  |TAMS 0x0000000081b00000| PB 0x0000000081b00000| Untracked 
|  28|0x0000000081c00000, 0x0000000081c00000, 0x0000000081d00000|  0%| F|  |TAMS 0x0000000081c00000| PB 0x0000000081c00000| Untracked 
|  29|0x0000000081d00000, 0x0000000081d00000, 0x0000000081e00000|  0%| F|  |TAMS 0x0000000081d00000| PB 0x0000000081d00000| Untracked 
|  30|0x0000000081e00000, 0x0000000081e00000, 0x0000000081f00000|  0%| F|  |TAMS 0x0000000081e00000| PB 0x0000000081e00000| Untracked 
|  31|0x0000000081f00000, 0x0000000081f00000, 0x0000000082000000|  0%| F|  |TAMS 0x0000000081f00000| PB 0x0000000081f00000| Untracked 
|  32|0x0000000082000000, 0x0000000082000000, 0x0000000082100000|  0%| F|  |TAMS 0x0000000082000000| PB 0x0000000082000000| Untracked 
|  33|0x0000000082100000, 0x0000000082100000, 0x0000000082200000|  0%| F|  |TAMS 0x0000000082100000| PB 0x0000000082100000| Untracked 
|  34|0x0000000082200000, 0x0000000082200000, 0x0000000082300000|  0%| F|  |TAMS 0x0000000082200000| PB 0x0000000082200000| Untracked 
|  35|0x0000000082300000, 0x0000000082300000, 0x0000000082400000|  0%| F|  |TAMS 0x0000000082300000| PB 0x0000000082300000| Untracked 
|  36|0x0000000082400000, 0x0000000082400000, 0x0000000082500000|  0%| F|  |TAMS 0x0000000082400000| PB 0x0000000082400000| Untracked 
|  37|0x0000000082500000, 0x0000000082500000, 0x0000000082600000|  0%| F|  |TAMS 0x0000000082500000| PB 0x0000000082500000| Untracked 
|  38|0x0000000082600000, 0x0000000082600000, 0x0000000082700000|  0%| F|  |TAMS 0x0000000082600000| PB 0x0000000082600000| Untracked 
|  39|0x0000000082700000, 0x0000000082700000, 0x0000000082800000|  0%| F|  |TAMS 0x0000000082700000| PB 0x0000000082700000| Untracked 
|  40|0x0000000082800000, 0x0000000082800000, 0x0000000082900000|  0%| F|  |TAMS 0x0000000082800000| PB 0x0000000082800000| Untracked 
|  41|0x0000000082900000, 0x0000000082900000, 0x0000000082a00000|  0%| F|  |TAMS 0x0000000082900000| PB 0x0000000082900000| Untracked 
|  42|0x0000000082a00000, 0x0000000082a00000, 0x0000000082b00000|  0%| F|  |TAMS 0x0000000082a00000| PB 0x0000000082a00000| Untracked 
|  43|0x0000000082b00000, 0x0000000082b00000, 0x0000000082c00000|  0%| F|  |TAMS 0x0000000082b00000| PB 0x0000000082b00000| Untracked 
|  44|0x0000000082c00000, 0x0000000082c00000, 0x0000000082d00000|  0%| F|  |TAMS 0x0000000082c00000| PB 0x0000000082c00000| Untracked 
|  45|0x0000000082d00000, 0x0000000082d00000, 0x0000000082e00000|  0%| F|  |TAMS 0x0000000082d00000| PB 0x0000000082d00000| Untracked 
|  46|0x0000000082e00000, 0x0000000082e00000, 0x0000000082f00000|  0%| F|  |TAMS 0x0000000082e00000| PB 0x0000000082e00000| Untracked 
|  47|0x0000000082f00000, 0x0000000082f00000, 0x0000000083000000|  0%| F|  |TAMS 0x0000000082f00000| PB 0x0000000082f00000| Untracked 
|  48|0x0000000083000000, 0x0000000083000000, 0x0000000083100000|  0%| F|  |TAMS 0x0000000083000000| PB 0x0000000083000000| Untracked 
|  49|0x0000000083100000, 0x0000000083100000, 0x0000000083200000|  0%| F|  |TAMS 0x0000000083100000| PB 0x0000000083100000| Untracked 
|  50|0x0000000083200000, 0x0000000083200000, 0x0000000083300000|  0%| F|  |TAMS 0x0000000083200000| PB 0x0000000083200000| Untracked 
|  51|0x0000000083300000, 0x0000000083300000, 0x0000000083400000|  0%| F|  |TAMS 0x0000000083300000| PB 0x0000000083300000| Untracked 
|  52|0x0000000083400000, 0x0000000083400000, 0x0000000083500000|  0%| F|  |TAMS 0x0000000083400000| PB 0x0000000083400000| Untracked 
|  53|0x0000000083500000, 0x0000000083500000, 0x0000000083600000|  0%| F|  |TAMS 0x0000000083500000| PB 0x0000000083500000| Untracked 
|  54|0x0000000083600000, 0x0000000083600000, 0x0000000083700000|  0%| F|  |TAMS 0x0000000083600000| PB 0x0000000083600000| Untracked 
|  55|0x0000000083700000, 0x0000000083700000, 0x0000000083800000|  0%| F|  |TAMS 0x0000000083700000| PB 0x0000000083700000| Untracked 
|  56|0x0000000083800000, 0x0000000083800000, 0x0000000083900000|  0%| F|  |TAMS 0x0000000083800000| PB 0x0000000083800000| Untracked 
|  57|0x0000000083900000, 0x0000000083900000, 0x0000000083a00000|  0%| F|  |TAMS 0x0000000083900000| PB 0x0000000083900000| Untracked 
|  58|0x0000000083a00000, 0x0000000083a00000, 0x0000000083b00000|  0%| F|  |TAMS 0x0000000083a00000| PB 0x0000000083a00000| Untracked 
|  59|0x0000000083b00000, 0x0000000083b00000, 0x0000000083c00000|  0%| F|  |TAMS 0x0000000083b00000| PB 0x0000000083b00000| Untracked 
|  60|0x0000000083c00000, 0x0000000083c00000, 0x0000000083d00000|  0%| F|  |TAMS 0x0000000083c00000| PB 0x0000000083c00000| Untracked 
|  61|0x0000000083d00000, 0x0000000083d00000, 0x0000000083e00000|  0%| F|  |TAMS 0x0000000083d00000| PB 0x0000000083d00000| Untracked 
|  62|0x0000000083e00000, 0x0000000083e00000, 0x0000000083f00000|  0%| F|  |TAMS 0x0000000083e00000| PB 0x0000000083e00000| Untracked 
|  63|0x0000000083f00000, 0x0000000083f00000, 0x0000000084000000|  0%| F|  |TAMS 0x0000000083f00000| PB 0x0000000083f00000| Untracked 
|  64|0x0000000084000000, 0x0000000084000000, 0x0000000084100000|  0%| F|  |TAMS 0x0000000084000000| PB 0x0000000084000000| Untracked 
|  65|0x0000000084100000, 0x0000000084100000, 0x0000000084200000|  0%| F|  |TAMS 0x0000000084100000| PB 0x0000000084100000| Untracked 
|  66|0x0000000084200000, 0x0000000084200000, 0x0000000084300000|  0%| F|  |TAMS 0x0000000084200000| PB 0x0000000084200000| Untracked 
|  67|0x0000000084300000, 0x0000000084300000, 0x0000000084400000|  0%| F|  |TAMS 0x0000000084300000| PB 0x0000000084300000| Untracked 
|  68|0x0000000084400000, 0x0000000084400000, 0x0000000084500000|  0%| F|  |TAMS 0x0000000084400000| PB 0x0000000084400000| Untracked 
|  69|0x0000000084500000, 0x0000000084500000, 0x0000000084600000|  0%| F|  |TAMS 0x0000000084500000| PB 0x0000000084500000| Untracked 
|  70|0x0000000084600000, 0x0000000084600000, 0x0000000084700000|  0%| F|  |TAMS 0x0000000084600000| PB 0x0000000084600000| Untracked 
|  71|0x0000000084700000, 0x0000000084700000, 0x0000000084800000|  0%| F|  |TAMS 0x0000000084700000| PB 0x0000000084700000| Untracked 
|  72|0x0000000084800000, 0x0000000084800000, 0x0000000084900000|  0%| F|  |TAMS 0x0000000084800000| PB 0x0000000084800000| Untracked 
|  73|0x0000000084900000, 0x0000000084900000, 0x0000000084a00000|  0%| F|  |TAMS 0x0000000084900000| PB 0x0000000084900000| Untracked 
|  74|0x0000000084a00000, 0x0000000084a00000, 0x0000000084b00000|  0%| F|  |TAMS 0x0000000084a00000| PB 0x0000000084a00000| Untracked 
|  75|0x0000000084b00000, 0x0000000084b00000, 0x0000000084c00000|  0%| F|  |TAMS 0x0000000084b00000| PB 0x0000000084b00000| Untracked 
|  76|0x0000000084c00000, 0x0000000084c00000, 0x0000000084d00000|  0%| F|  |TAMS 0x0000000084c00000| PB 0x0000000084c00000| Untracked 
|  77|0x0000000084d00000, 0x0000000084d00000, 0x0000000084e00000|  0%| F|  |TAMS 0x0000000084d00000| PB 0x0000000084d00000| Untracked 
|  78|0x0000000084e00000, 0x0000000084e00000, 0x0000000084f00000|  0%| F|  |TAMS 0x0000000084e00000| PB 0x0000000084e00000| Untracked 
|  79|0x0000000084f00000, 0x0000000084f00000, 0x0000000085000000|  0%| F|  |TAMS 0x0000000084f00000| PB 0x0000000084f00000| Untracked 
|  80|0x0000000085000000, 0x0000000085000000, 0x0000000085100000|  0%| F|  |TAMS 0x0000000085000000| PB 0x0000000085000000| Untracked 
|  81|0x0000000085100000, 0x0000000085100000, 0x0000000085200000|  0%| F|  |TAMS 0x0000000085100000| PB 0x0000000085100000| Untracked 
|  82|0x0000000085200000, 0x0000000085200000, 0x0000000085300000|  0%| F|  |TAMS 0x0000000085200000| PB 0x0000000085200000| Untracked 
|  83|0x0000000085300000, 0x0000000085300000, 0x0000000085400000|  0%| F|  |TAMS 0x0000000085300000| PB 0x0000000085300000| Untracked 
|  84|0x0000000085400000, 0x0000000085400000, 0x0000000085500000|  0%| F|  |TAMS 0x0000000085400000| PB 0x0000000085400000| Untracked 
|  85|0x0000000085500000, 0x0000000085500000, 0x0000000085600000|  0%| F|  |TAMS 0x0000000085500000| PB 0x0000000085500000| Untracked 
|  86|0x0000000085600000, 0x0000000085600000, 0x0000000085700000|  0%| F|  |TAMS 0x0000000085600000| PB 0x0000000085600000| Untracked 
|  87|0x0000000085700000, 0x0000000085700000, 0x0000000085800000|  0%| F|  |TAMS 0x0000000085700000| PB 0x0000000085700000| Untracked 
|  88|0x0000000085800000, 0x0000000085800000, 0x0000000085900000|  0%| F|  |TAMS 0x0000000085800000| PB 0x0000000085800000| Untracked 
|  89|0x0000000085900000, 0x0000000085900000, 0x0000000085a00000|  0%| F|  |TAMS 0x0000000085900000| PB 0x0000000085900000| Untracked 
|  90|0x0000000085a00000, 0x0000000085a00000, 0x0000000085b00000|  0%| F|  |TAMS 0x0000000085a00000| PB 0x0000000085a00000| Untracked 
|  91|0x0000000085b00000, 0x0000000085b00000, 0x0000000085c00000|  0%| F|  |TAMS 0x0000000085b00000| PB 0x0000000085b00000| Untracked 
|  92|0x0000000085c00000, 0x0000000085c00000, 0x0000000085d00000|  0%| F|  |TAMS 0x0000000085c00000| PB 0x0000000085c00000| Untracked 
|  93|0x0000000085d00000, 0x0000000085d00000, 0x0000000085e00000|  0%| F|  |TAMS 0x0000000085d00000| PB 0x0000000085d00000| Untracked 
|  94|0x0000000085e00000, 0x0000000085e00000, 0x0000000085f00000|  0%| F|  |TAMS 0x0000000085e00000| PB 0x0000000085e00000| Untracked 
|  95|0x0000000085f00000, 0x0000000085f00000, 0x0000000086000000|  0%| F|  |TAMS 0x0000000085f00000| PB 0x0000000085f00000| Untracked 
|  96|0x0000000086000000, 0x0000000086000000, 0x0000000086100000|  0%| F|  |TAMS 0x0000000086000000| PB 0x0000000086000000| Untracked 
|  97|0x0000000086100000, 0x0000000086100000, 0x0000000086200000|  0%| F|  |TAMS 0x0000000086100000| PB 0x0000000086100000| Untracked 
|  98|0x0000000086200000, 0x0000000086200000, 0x0000000086300000|  0%| F|  |TAMS 0x0000000086200000| PB 0x0000000086200000| Untracked 
|  99|0x0000000086300000, 0x0000000086300000, 0x0000000086400000|  0%| F|  |TAMS 0x0000000086300000| PB 0x0000000086300000| Untracked 
| 100|0x0000000086400000, 0x0000000086400000, 0x0000000086500000|  0%| F|  |TAMS 0x0000000086400000| PB 0x0000000086400000| Untracked 
| 101|0x0000000086500000, 0x0000000086500000, 0x0000000086600000|  0%| F|  |TAMS 0x0000000086500000| PB 0x0000000086500000| Untracked 
| 102|0x0000000086600000, 0x0000000086600000, 0x0000000086700000|  0%| F|  |TAMS 0x0000000086600000| PB 0x0000000086600000| Untracked 
| 103|0x0000000086700000, 0x0000000086700000, 0x0000000086800000|  0%| F|  |TAMS 0x0000000086700000| PB 0x0000000086700000| Untracked 
| 104|0x0000000086800000, 0x0000000086800000, 0x0000000086900000|  0%| F|  |TAMS 0x0000000086800000| PB 0x0000000086800000| Untracked 
| 105|0x0000000086900000, 0x0000000086900000, 0x0000000086a00000|  0%| F|  |TAMS 0x0000000086900000| PB 0x0000000086900000| Untracked 
| 106|0x0000000086a00000, 0x0000000086a00000, 0x0000000086b00000|  0%| F|  |TAMS 0x0000000086a00000| PB 0x0000000086a00000| Untracked 
| 107|0x0000000086b00000, 0x0000000086b00000, 0x0000000086c00000|  0%| F|  |TAMS 0x0000000086b00000| PB 0x0000000086b00000| Untracked 
| 108|0x0000000086c00000, 0x0000000086c00000, 0x0000000086d00000|  0%| F|  |TAMS 0x0000000086c00000| PB 0x0000000086c00000| Untracked 
| 109|0x0000000086d00000, 0x0000000086d00000, 0x0000000086e00000|  0%| F|  |TAMS 0x0000000086d00000| PB 0x0000000086d00000| Untracked 
| 110|0x0000000086e00000, 0x0000000086e00000, 0x0000000086f00000|  0%| F|  |TAMS 0x0000000086e00000| PB 0x0000000086e00000| Untracked 
| 111|0x0000000086f00000, 0x0000000086f00000, 0x0000000087000000|  0%| F|  |TAMS 0x0000000086f00000| PB 0x0000000086f00000| Untracked 
| 112|0x0000000087000000, 0x0000000087000000, 0x0000000087100000|  0%| F|  |TAMS 0x0000000087000000| PB 0x0000000087000000| Untracked 
| 113|0x0000000087100000, 0x0000000087100000, 0x0000000087200000|  0%| F|  |TAMS 0x0000000087100000| PB 0x0000000087100000| Untracked 
| 114|0x0000000087200000, 0x0000000087200000, 0x0000000087300000|  0%| F|  |TAMS 0x0000000087200000| PB 0x0000000087200000| Untracked 
| 115|0x0000000087300000, 0x0000000087300000, 0x0000000087400000|  0%| F|  |TAMS 0x0000000087300000| PB 0x0000000087300000| Untracked 
| 116|0x0000000087400000, 0x0000000087400000, 0x0000000087500000|  0%| F|  |TAMS 0x0000000087400000| PB 0x0000000087400000| Untracked 
| 117|0x0000000087500000, 0x0000000087500000, 0x0000000087600000|  0%| F|  |TAMS 0x0000000087500000| PB 0x0000000087500000| Untracked 
| 118|0x0000000087600000, 0x0000000087600000, 0x0000000087700000|  0%| F|  |TAMS 0x0000000087600000| PB 0x0000000087600000| Untracked 
| 119|0x0000000087700000, 0x0000000087700000, 0x0000000087800000|  0%| F|  |TAMS 0x0000000087700000| PB 0x0000000087700000| Untracked 
| 120|0x0000000087800000, 0x0000000087800000, 0x0000000087900000|  0%| F|  |TAMS 0x0000000087800000| PB 0x0000000087800000| Untracked 
| 121|0x0000000087900000, 0x0000000087900000, 0x0000000087a00000|  0%| F|  |TAMS 0x0000000087900000| PB 0x0000000087900000| Untracked 
| 122|0x0000000087a00000, 0x0000000087a00000, 0x0000000087b00000|  0%| F|  |TAMS 0x0000000087a00000| PB 0x0000000087a00000| Untracked 
| 123|0x0000000087b00000, 0x0000000087b00000, 0x0000000087c00000|  0%| F|  |TAMS 0x0000000087b00000| PB 0x0000000087b00000| Untracked 
| 124|0x0000000087c00000, 0x0000000087c00000, 0x0000000087d00000|  0%| F|  |TAMS 0x0000000087c00000| PB 0x0000000087c00000| Untracked 
| 125|0x0000000087d00000, 0x0000000087d00000, 0x0000000087e00000|  0%| F|  |TAMS 0x0000000087d00000| PB 0x0000000087d00000| Untracked 
| 126|0x0000000087e00000, 0x0000000087eeb8a0, 0x0000000087f00000| 92%| E|  |TAMS 0x0000000087e00000| PB 0x0000000087e00000| Complete 
| 127|0x0000000087f00000, 0x0000000088000000, 0x0000000088000000|100%| E|CS|TAMS 0x0000000087f00000| PB 0x0000000087f00000| Complete 

Card table byte_map: [0x000001b8b3260000,0x000001b8b3660000] _byte_map_base: 0x000001b8b2e60000

Marking Bits: (CMBitMap*) 0x000001b89f9b6660
 Bits: [0x000001b8b3660000, 0x000001b8b5660000)

Polling page: 0x000001b89d910000

Metaspace:

Usage:
  Non-class:      4.67 MB used.
      Class:    383.34 KB used.
       Both:      5.04 MB used.

Virtual space:
  Non-class space:       64.00 MB reserved,       4.69 MB (  7%) committed,  1 nodes.
      Class space:        1.00 GB reserved,     384.00 KB ( <1%) committed,  1 nodes.
             Both:        1.06 GB reserved,       5.06 MB ( <1%) committed. 

Chunk freelists:
   Non-Class:  11.00 MB
       Class:  15.56 MB
        Both:  26.56 MB

MaxMetaspaceSize: unlimited
CompressedClassSpaceSize: 1.00 GB
Initial GC threshold: 21.00 MB
Current GC threshold: 21.00 MB
CDS: off
 - commit_granule_bytes: 65536.
 - commit_granule_words: 8192.
 - virtual_space_node_default_size: 8388608.
 - enlarge_chunks_in_place: 1.
 - use_allocation_guard: 0.


Internal statistics:

num_allocs_failed_limit: 0.
num_arena_births: 2.
num_arena_deaths: 0.
num_vsnodes_births: 2.
num_vsnodes_deaths: 0.
num_space_committed: 81.
num_space_uncommitted: 0.
num_chunks_returned_to_freelist: 0.
num_chunks_taken_from_freelist: 5.
num_chunk_merges: 0.
num_chunk_splits: 3.
num_chunks_enlarged: 0.
num_inconsistent_stats: 0.

CodeHeap 'non-profiled nmethods': size=120000Kb used=28Kb max_used=28Kb free=119971Kb
 bounds [0x000001b8ab3c0000, 0x000001b8ab630000, 0x000001b8b28f0000]
CodeHeap 'profiled nmethods': size=120000Kb used=85Kb max_used=85Kb free=119914Kb
 bounds [0x000001b8a38f0000, 0x000001b8a3b60000, 0x000001b8aae20000]
CodeHeap 'non-nmethods': size=5760Kb used=1322Kb max_used=1335Kb free=4437Kb
 bounds [0x000001b8aae20000, 0x000001b8ab090000, 0x000001b8ab3c0000]
 total_blobs=436 nmethods=82 adapters=259
 compilation: enabled
              stopped_count=0, restarted_count=0
 full_count=0

Compilation events (20 events):
Event: 0.087 Thread 0x000001b8b8505440 nmethod 52 0x000001b8ab3c3690 code [0x000001b8ab3c3820, 0x000001b8ab3c38e8]
Event: 0.087 Thread 0x000001b8b8505440   60       1       java.lang.module.ModuleDescriptor::isAutomatic (5 bytes)
Event: 0.087 Thread 0x000001b8b8505440 nmethod 60 0x000001b8ab3c3990 code [0x000001b8ab3c3b20, 0x000001b8ab3c3bf0]
Event: 0.087 Thread 0x000001b8b8505440   62       1       java.lang.module.ModuleDescriptor$Exports::targets (5 bytes)
Event: 0.087 Thread 0x000001b8b8505440 nmethod 62 0x000001b8ab3c3c90 code [0x000001b8ab3c3e20, 0x000001b8ab3c3ee8]
Event: 0.087 Thread 0x000001b8b8505440   63       3       java.util.concurrent.ConcurrentHashMap::spread (10 bytes)
Event: 0.087 Thread 0x000001b8b8505440 nmethod 63 0x000001b8a3903b10 code [0x000001b8a3903ca0, 0x000001b8a3903d98]
Event: 0.087 Thread 0x000001b8b8505440   65       3       java.lang.Math::min (11 bytes)
Event: 0.087 Thread 0x000001b8b8505440 nmethod 65 0x000001b8a3903e10 code [0x000001b8a3903fa0, 0x000001b8a39040d8]
Event: 0.087 Thread 0x000001b8b8505440   64       1       java.util.ImmutableCollections$Set12::isEmpty (2 bytes)
Event: 0.087 Thread 0x000001b8b8505440 nmethod 64 0x000001b8ab3c3f90 code [0x000001b8ab3c4120, 0x000001b8ab3c41e8]
Event: 0.099 Thread 0x000001b8b8505440   71       1       java.lang.Enum::ordinal (5 bytes)
Event: 0.099 Thread 0x000001b8b8505440 nmethod 71 0x000001b8ab3c5290 code [0x000001b8ab3c5420, 0x000001b8ab3c54e8]
Event: 0.100 Thread 0x000001b8b8505440   74       1       jdk.internal.util.StrongReferenceKey::get (5 bytes)
Event: 0.100 Thread 0x000001b8b8505440 nmethod 74 0x000001b8ab3c5e90 code [0x000001b8ab3c6020, 0x000001b8ab3c60e8]
Event: 0.101 Thread 0x000001b8b8505440   79       3       java.lang.AbstractStringBuilder::ensureCapacityInternal (39 bytes)
Event: 0.102 Thread 0x000001b8b8502f30   81       4       java.util.concurrent.ConcurrentHashMap::spread (10 bytes)
Event: 0.102 Thread 0x000001b8b8505440 nmethod 79 0x000001b8a3904190 code [0x000001b8a3904360, 0x000001b8a3904588]
Event: 0.102 Thread 0x000001b8b8505440   82       3       java.util.concurrent.ConcurrentHashMap::get (162 bytes)
Event: 0.102 Thread 0x000001b8b8502f30 nmethod 81 0x000001b8ab3c6b90 code [0x000001b8ab3c6d00, 0x000001b8ab3c6d78]

GC Heap History (0 events):
No events

Dll operation events (2 events):
Event: 0.006 Loaded shared library C:\Program Files\JetBrains\IntelliJ IDEA 2024.3.5\jbr\bin\java.dll
Event: 0.013 Loaded shared library C:\Program Files\JetBrains\IntelliJ IDEA 2024.3.5\jbr\bin\zip.dll

Deoptimization events (0 events):
No events

Classes loaded (20 events):
Event: 0.100 Loading class java/lang/invoke/ClassSpecializer$1 done
Event: 0.100 Loading class java/lang/invoke/BoundMethodHandle$SpeciesData
Event: 0.100 Loading class java/lang/invoke/ClassSpecializer$SpeciesData
Event: 0.100 Loading class java/lang/invoke/ClassSpecializer$SpeciesData done
Event: 0.100 Loading class java/lang/invoke/BoundMethodHandle$SpeciesData done
Event: 0.101 Loading class java/lang/invoke/BoundMethodHandle$Specializer$Factory
Event: 0.101 Loading class java/lang/invoke/ClassSpecializer$Factory
Event: 0.101 Loading class java/lang/invoke/ClassSpecializer$Factory done
Event: 0.101 Loading class java/lang/invoke/BoundMethodHandle$Specializer$Factory done
Event: 0.101 Loading class java/lang/invoke/SimpleMethodHandle
Event: 0.101 Loading class java/lang/invoke/SimpleMethodHandle done
Event: 0.101 Loading class java/lang/NoSuchFieldException
Event: 0.101 Loading class java/lang/NoSuchFieldException done
Event: 0.101 Loading class java/lang/invoke/BoundMethodHandle$Species_L
Event: 0.101 Loading class java/lang/invoke/BoundMethodHandle$Species_L done
Event: 0.101 Loading class java/lang/invoke/DirectMethodHandle$2
Event: 0.102 Loading class java/lang/invoke/DirectMethodHandle$2 done
Event: 0.102 Loading class java/lang/invoke/MethodHandleImpl$IntrinsicMethodHandle
Event: 0.102 Loading class java/lang/invoke/DelegatingMethodHandle
Event: 0.102 Loading class java/lang/invoke/DelegatingMethodHandle done

Classes unloaded (0 events):
No events

Classes redefined (0 events):
No events

Internal exceptions (0 events):
No events

ZGC Phase Switch (0 events):
No events

VM Operations (0 events):
No events

Memory protections (0 events):
No events

Nmethod flushes (0 events):
No events

Events (9 events):
Event: 0.012 Thread 0x000001b89f95f850 Thread added: 0x000001b89f95f850
Event: 0.062 Thread 0x000001b89f95f850 Thread added: 0x000001b8b84aec00
Event: 0.062 Thread 0x000001b89f95f850 Thread added: 0x000001b8b84af650
Event: 0.063 Thread 0x000001b89f95f850 Thread added: 0x000001b8b8506510
Event: 0.063 Thread 0x000001b89f95f850 Thread added: 0x000001b8b8506f60
Event: 0.063 Thread 0x000001b89f95f850 Thread added: 0x000001b8b84ff350
Event: 0.063 Thread 0x000001b89f95f850 Thread added: 0x000001b8b85021b0
Event: 0.063 Thread 0x000001b89f95f850 Thread added: 0x000001b8b8502f30
Event: 0.063 Thread 0x000001b89f95f850 Thread added: 0x000001b8b8505440


Dynamic libraries:
0x00007ff6a51e0000 - 0x00007ff6a51ea000 	C:\Program Files\JetBrains\IntelliJ IDEA 2024.3.5\jbr\bin\java.exe
0x00007fffbc740000 - 0x00007fffbc9a7000 	C:\WINDOWS\SYSTEM32\ntdll.dll
0x00007fffbaed0000 - 0x00007fffbaf99000 	C:\WINDOWS\System32\KERNEL32.DLL
0x00007fffb9f40000 - 0x00007fffba337000 	C:\WINDOWS\System32\KERNELBASE.dll
0x00007fffb92c0000 - 0x00007fffb940b000 	C:\WINDOWS\System32\ucrtbase.dll
0x00007fff8ff60000 - 0x00007fff8ff7b000 	C:\Program Files\JetBrains\IntelliJ IDEA 2024.3.5\jbr\bin\VCRUNTIME140.dll
0x00007fffb30c0000 - 0x00007fffb30d8000 	C:\Program Files\JetBrains\IntelliJ IDEA 2024.3.5\jbr\bin\jli.dll
0x00007fffbc0d0000 - 0x00007fffbc296000 	C:\WINDOWS\System32\USER32.dll
0x00007fffb9540000 - 0x00007fffb9567000 	C:\WINDOWS\System32\win32u.dll
0x00007fffa0b60000 - 0x00007fffa0df2000 	C:\WINDOWS\WinSxS\amd64_microsoft.windows.common-controls_6595b64144ccf1df_6.0.26100.8328_none_3e08182ce334b678\COMCTL32.dll
0x00007fffbae20000 - 0x00007fffbaec9000 	C:\WINDOWS\System32\msvcrt.dll
0x00007fffbace0000 - 0x00007fffbad0b000 	C:\WINDOWS\System32\GDI32.dll
0x00007fffb9410000 - 0x00007fffb953c000 	C:\WINDOWS\System32\gdi32full.dll
0x00007fffb9e90000 - 0x00007fffb9f33000 	C:\WINDOWS\System32\msvcp_win.dll
0x00007fffbc330000 - 0x00007fffbc362000 	C:\WINDOWS\System32\IMM32.DLL
0x00007fffa3b00000 - 0x00007fffa3b0c000 	C:\Program Files\JetBrains\IntelliJ IDEA 2024.3.5\jbr\bin\vcruntime140_1.dll
0x00007fff7ddf0000 - 0x00007fff7de7d000 	C:\Program Files\JetBrains\IntelliJ IDEA 2024.3.5\jbr\bin\msvcp140.dll
0x00007fff1fb40000 - 0x00007fff20901000 	C:\Program Files\JetBrains\IntelliJ IDEA 2024.3.5\jbr\bin\server\jvm.dll
0x00007fffba870000 - 0x00007fffba926000 	C:\WINDOWS\System32\ADVAPI32.dll
0x00007fffba7a0000 - 0x00007fffba847000 	C:\WINDOWS\System32\sechost.dll
0x00007fffba680000 - 0x00007fffba798000 	C:\WINDOWS\System32\RPCRT4.dll
0x00007fffbc2a0000 - 0x00007fffbc320000 	C:\WINDOWS\System32\WS2_32.dll
0x00007fffb7d40000 - 0x00007fffb7d9e000 	C:\WINDOWS\SYSTEM32\POWRPROF.dll
0x00007fffa5d20000 - 0x00007fffa5d56000 	C:\WINDOWS\SYSTEM32\WINMM.dll
0x00007fffaeaa0000 - 0x00007fffaeaab000 	C:\WINDOWS\SYSTEM32\VERSION.dll
0x00007fffb7d20000 - 0x00007fffb7d34000 	C:\WINDOWS\SYSTEM32\UMPDC.dll
0x00007fffb7ff0000 - 0x00007fffb800b000 	C:\WINDOWS\SYSTEM32\kernel.appcore.dll
0x00007fff8ff50000 - 0x00007fff8ff5a000 	C:\Program Files\JetBrains\IntelliJ IDEA 2024.3.5\jbr\bin\jimage.dll
0x00007fffb70d0000 - 0x00007fffb7312000 	C:\WINDOWS\SYSTEM32\DBGHELP.DLL
0x00007fffbc370000 - 0x00007fffbc6f3000 	C:\WINDOWS\System32\combase.dll
0x00007fffbac00000 - 0x00007fffbacd9000 	C:\WINDOWS\System32\OLEAUT32.dll
0x00007fffa00a0000 - 0x00007fffa00db000 	C:\WINDOWS\SYSTEM32\dbgcore.DLL
0x00007fffb9de0000 - 0x00007fffb9e88000 	C:\WINDOWS\System32\bcryptPrimitives.dll
0x00007fff8ff30000 - 0x00007fff8ff50000 	C:\Program Files\JetBrains\IntelliJ IDEA 2024.3.5\jbr\bin\java.dll
0x00007fff8ff10000 - 0x00007fff8ff28000 	C:\Program Files\JetBrains\IntelliJ IDEA 2024.3.5\jbr\bin\zip.dll
0x00007fffbb6a0000 - 0x00007fffbbe0e000 	C:\WINDOWS\System32\SHELL32.dll
0x00007fffb9570000 - 0x00007fffb9ddc000 	C:\WINDOWS\System32\windows.storage.dll
0x00007fffbad20000 - 0x00007fffbae16000 	C:\WINDOWS\System32\SHCORE.dll
0x00007fffba930000 - 0x00007fffba996000 	C:\WINDOWS\System32\shlwapi.dll
0x00007fffb9090000 - 0x00007fffb90b9000 	C:\WINDOWS\SYSTEM32\profapi.dll

dbghelp: loaded successfully - version: 4.0.5 - missing functions: none
symbol engine: initialized successfully - sym options: 0x614 - pdb path: .;C:\Program Files\JetBrains\IntelliJ IDEA 2024.3.5\jbr\bin;C:\WINDOWS\SYSTEM32;C:\WINDOWS\WinSxS\amd64_microsoft.windows.common-controls_6595b64144ccf1df_6.0.26100.8328_none_3e08182ce334b678;C:\Program Files\JetBrains\IntelliJ IDEA 2024.3.5\jbr\bin\server

VM Arguments:
jvm_args: -Djava.rmi.server.hostname=127.0.0.1 -Duser.timezone=UTC -Xmx2048m -Xms128m -Djdbc.classpath=C:\Users\ACER\AppData\Local\Temp\RemoteDriver798.classpath.txt --add-exports=java.desktop/sun.awt=ALL-UNNAMED --add-exports=java.desktop/java.awt.peer=ALL-UNNAMED --add-opens=java.desktop/java.awt=ALL-UNNAMED --add-opens=jdk.unsupported/sun.misc=ALL-UNNAMED --add-opens=java.base/java.nio=ALL-UNNAMED --add-opens=java.base/java.util=ALL-UNNAMED -Dfile.encoding=UTF-8 -Dsun.stdout.encoding=UTF-8 -Dsun.stderr.encoding=UTF-8 
java_command: com.intellij.database.remote.RemoteJdbcServer org.postgresql.Driver
java_class_path (initial): C:\Program Files\JetBrains\IntelliJ IDEA 2024.3.5\lib\util_rt.jar;C:\Program Files\JetBrains\IntelliJ IDEA 2024.3.5\lib\util-8.jar;C:\Program Files\JetBrains\IntelliJ IDEA 2024.3.5\lib\groovy.jar;C:\Program Files\JetBrains\IntelliJ IDEA 2024.3.5\plugins\DatabaseTools\lib\jdbc-console.jar;C:\Program Files\JetBrains\IntelliJ IDEA 2024.3.5\plugins\grid-core-impl\lib\jdbc-console-types.jar;C:\Program Files\JetBrains\IntelliJ IDEA 2024.3.5\lib\util.jar;C:\Program Files\JetBrains\IntelliJ IDEA 2024.3.5\lib\bouncy-castle.jar
Launcher Type: SUN_STANDARD

[Global flags]
     intx CICompilerCount                          = 4                                         {product} {ergonomic}
     uint ConcGCThreads                            = 3                                         {product} {ergonomic}
     uint G1ConcRefinementThreads                  = 10                                        {product} {ergonomic}
   size_t G1HeapRegionSize                         = 1048576                                   {product} {ergonomic}
    uintx GCDrainStackTargetSize                   = 64                                        {product} {ergonomic}
   size_t InitialHeapSize                          = 134217728                                 {product} {command line}
   size_t MarkStackSize                            = 4194304                                   {product} {ergonomic}
   size_t MaxHeapSize                              = 2147483648                                {product} {command line}
   size_t MaxNewSize                               = 1287651328                                {product} {ergonomic}
   size_t MinHeapDeltaBytes                        = 1048576                                   {product} {ergonomic}
   size_t MinHeapSize                              = 134217728                                 {product} {command line}
    uintx NonNMethodCodeHeapSize                   = 5839372                                {pd product} {ergonomic}
    uintx NonProfiledCodeHeapSize                  = 122909434                              {pd product} {ergonomic}
    uintx ProfiledCodeHeapSize                     = 122909434                              {pd product} {ergonomic}
    uintx ReservedCodeCacheSize                    = 251658240                              {pd product} {ergonomic}
     bool SegmentedCodeCache                       = true                                      {product} {ergonomic}
   size_t SoftMaxHeapSize                          = 2147483648                             {manageable} {ergonomic}
     bool UseCompressedOops                        = true                           {product lp64_product} {ergonomic}
     bool UseG1GC                                  = true                                      {product} {ergonomic}
     bool UseLargePagesIndividualAllocation        = false                                  {pd product} {ergonomic}

Logging:
Log output configuration:
 #0: stdout all=warning uptime,level,tags foldmultilines=false
 #1: stderr all=off uptime,level,tags foldmultilines=false

Environment Variables:
JAVA_HOME=C:\Program Files\Java\jdk-23
PATH=C:\Program Files\Common Files\Oracle\Java\javapath;C:\Windows\system32;C:\Windows;C:\Windows\System32\Wbem;C:\Windows\System32\WindowsPowerShell\v1.0\;C:\Windows\System32\OpenSSH\;C:\Program Files (x86)\Microsoft SQL Server\160\Tools\Binn\;C:\Program Files\Microsoft SQL Server\160\Tools\Binn\;C:\Program Files\Microsoft SQL Server\Client SDK\ODBC\170\Tools\Binn\;C:\Program Files\Microsoft SQL Server\160\DTS\Binn\;C:\Program Files\Java\jdk-23\bin;C:\WINDOWS\system32;C:\WINDOWS;C:\WINDOWS\System32\Wbem;C:\WINDOWS\System32\WindowsPowerShell\v1.0\;C:\WINDOWS\System32\OpenSSH\;C:\Program Files\Git\cmd;C:\Program Files\nodejs\;C:\gradle-8.12\bin;C:\apache-maven-3.9.9\bin;;C:\Program Files\Docker\Docker\resources\bin;C:\Users\ACER\AppData\Local\Microsoft\WindowsApps;C:\Users\ACER\AppData\Local\Programs\Microsoft VS Code\bin;C:\Users\ACER\AppData\Roaming\npm;C:\Program Files\JetBrains\IntelliJ IDEA 2024.3.5\bin;ANDROID_HOME;;C:\Users\ACER\AppData\Local\Programs\Antigravity\bin;C:\Users\ACER\AppData\Local\Android\Sdk\platform-tools;C:\Users\ACER\AppData\Local\Android\Sdk\emulator;C:\Users\ACER\AppData\Local\Android\Sdk\tools;C:\Users\ACER\AppData\Local\Android\Sdk\tools\bin;
USERNAME=ACER
OS=Windows_NT
PROCESSOR_IDENTIFIER=Intel64 Family 6 Model 141 Stepping 1, GenuineIntel
TMP=C:\Users\ACER\AppData\Local\Temp
TEMP=C:\Users\ACER\AppData\Local\Temp




Periodic native trim disabled

JNI global refs:
JNI global refs: 5, weak refs: 0

JNI global refs memory usage: 835, weak refs: 201

Process memory usage:
Resident Set Size: 35792K (0% of 16551224K total physical memory with 1782396K free physical memory)

OOME stack traces (most recent first):
Classloader memory used:
Loader bootstrap                                                                       : 5165K

---------------  S Y S T E M  ---------------

OS:
 Windows 11 , 64 bit Build 26100 (10.0.26100.8328)
OS uptime: 0 days 2:22 hours
Hyper-V role detected

CPU: total 12 (initial active 12) (6 cores per cpu, 2 threads per core) family 6 model 141 stepping 1 microcode 0x3c, cx8, cmov, fxsr, ht, mmx, 3dnowpref, sse, sse2, sse3, ssse3, sse4.1, sse4.2, popcnt, lzcnt, tsc, tscinvbit, avx, avx2, aes, erms, clmul, bmi1, bmi2, adx, avx512f, avx512dq, avx512cd, avx512bw, avx512vl, sha, fma, vzeroupper, avx512_vpopcntdq, avx512_vpclmulqdq, avx512_vaes, avx512_vnni, clflush, clflushopt, clwb, avx512_vbmi2, avx512_vbmi, hv, rdtscp, rdpid, fsrm, gfni, avx512_bitalg, f16c, cet_ibt, cet_ss, avx512_ifma
Processor Information for the first 12 processors :
  Max Mhz: 2688, Current Mhz: 2688, Mhz Limit: 2688

Memory: 4k page, system-wide physical 16163M (1740M free)
TotalPageFile size 29342M (AvailPageFile size 3M)
current process WorkingSet (physical memory assigned to process): 34M, peak: 34M
current process commit charge ("private bytes"): 205M, peak: 209M

vm_info: OpenJDK 64-Bit Server VM (21.0.6+8-b631.39) for windows-amd64 JRE (21.0.6+8-b631.39), built on 2025-02-04 by "builduser" with MS VC++ 16.10 / 16.11 (VS2019)

END.
