#
# There is insufficient memory for the Java Runtime Environment to continue.
# Native memory allocation (malloc) failed to allocate 1188576 bytes. Error detail: Chunk::new
# Possible reasons:
#   The system is out of physical RAM or swap space
#   This process is running with CompressedOops enabled, and the Java Heap may be blocking the growth of the native heap
# Possible solutions:
#   Reduce memory load on the system
#   Increase physical memory or swap space
#   Check if swap backing store is full
#   Decrease Java heap size (-Xmx/-Xms)
#   Decrease number of Java threads
#   Decrease Java thread stack sizes (-Xss)
#   Set larger code cache with -XX:ReservedCodeCacheSize=
#   JVM is running with Unscaled Compressed Oops mode in which the Java heap is
#     placed in the first 4GB address space. The Java Heap base address is the
#     maximum limit for the native heap growth. Please use -XX:HeapBaseMinAddress
#     to set the Java Heap base and to place the Java Heap above 4GB virtual address.
# This output file may be truncated or incomplete.
#
#  Out of Memory Error (arena.cpp:168), pid=27888, tid=22008
#
# JRE version: OpenJDK Runtime Environment Temurin-21.0.10+7 (21.0.10+7) (build 21.0.10+7-LTS)
# Java VM: OpenJDK 64-Bit Server VM Temurin-21.0.10+7 (21.0.10+7-LTS, mixed mode, sharing, tiered, compressed oops, compressed class ptrs, parallel gc, windows-amd64)
# No core dump will be written. Minidumps are not enabled by default on client versions of Windows
#

---------------  S U M M A R Y ------------

Command Line: --add-modules=ALL-SYSTEM --add-opens=java.base/java.util=ALL-UNNAMED --add-opens=java.base/java.lang=ALL-UNNAMED --add-opens=java.base/sun.nio.fs=ALL-UNNAMED -Declipse.application=org.eclipse.jdt.ls.core.id1 -Dosgi.bundles.defaultStartLevel=4 -Declipse.product=org.eclipse.jdt.ls.core.product -Djava.import.generatesMetadataFilesAtProjectRoot=false -DDetectVMInstallationsJob.disabled=true -Dfile.encoding=utf8 -XX:+UseParallelGC -XX:GCTimeRatio=4 -XX:AdaptiveSizePolicyWeight=90 -Dsun.zip.disableMemoryMapping=true -Xmx2G -Xms100m -Xlog:disable -javaagent:c:\Users\ACER\.vscode\extensions\redhat.java-1.54.0-win32-x64\lombok\lombok-1.18.39-4050.jar -XX:+HeapDumpOnOutOfMemoryError -XX:HeapDumpPath=c:\Users\ACER\AppData\Roaming\Code\User\workspaceStorage\64e83e8dcee0c24a6ba3334dafce804d\redhat.java -Daether.dependencyCollector.impl=bf c:\Users\ACER\.vscode\extensions\redhat.java-1.54.0-win32-x64\server\plugins\org.eclipse.equinox.launcher_1.7.100.v20251111-0406.jar -configuration c:\Users\ACER\AppData\Roaming\Code\User\globalStorage\redhat.java\1.54.0\config_win -data c:\Users\ACER\AppData\Roaming\Code\User\workspaceStorage\64e83e8dcee0c24a6ba3334dafce804d\redhat.java\jdt_ws --pipe=\\.\pipe\lsp-43197b5cf964c158a832ea4fb0ca391f-sock

Host: 11th Gen Intel(R) Core(TM) i5-11400H @ 2.70GHz, 12 cores, 15G,  Windows 11 , 64 bit Build 26100 (10.0.26100.8328)
Time: Thu May  7 16:25:29 2026 SE Asia Standard Time elapsed time: 18.079857 seconds (0d 0h 0m 18s)

---------------  T H R E A D  ---------------

Current thread (0x0000029a01681060):  JavaThread "C2 CompilerThread0" daemon [_thread_in_native, id=22008, stack(0x000000df06b00000,0x000000df06c00000) (1024K)]


Current CompileTask:
C2:18079 14026   !   4       lombok.core.FieldAugment$ReflectionFieldAugment::getAndSet (80 bytes)

Stack: [0x000000df06b00000,0x000000df06c00000]
Native frames: (J=compiled Java code, j=interpreted, Vv=VM code, C=native code)
V  [jvm.dll+0x6d7a39]
V  [jvm.dll+0x8b4b26]
V  [jvm.dll+0x8b70de]
V  [jvm.dll+0x8b77c3]
V  [jvm.dll+0x284346]
V  [jvm.dll+0xc66ed]
V  [jvm.dll+0xc6c31]
V  [jvm.dll+0x2fb29e]
V  [jvm.dll+0x5fe884]
V  [jvm.dll+0x255b17]
V  [jvm.dll+0x24dc0b]
V  [jvm.dll+0x24ba42]
V  [jvm.dll+0x1cb34e]
V  [jvm.dll+0x25b85d]
V  [jvm.dll+0x259dea]
V  [jvm.dll+0x3f857e]
V  [jvm.dll+0x85f59d]
V  [jvm.dll+0x6d626d]
C  [ucrtbase.dll+0x37b0]
C  [KERNEL32.DLL+0x2e957]
C  [ntdll.dll+0x427c]


---------------  P R O C E S S  ---------------

Threads class SMR info:
_java_thread_list=0x0000029a0e06cdb0, length=79, elements={
0x00000299a7d1d400, 0x00000299a7ccd9e0, 0x00000299a7cce8a0, 0x0000029a0166c770,
0x0000029a0166f1e0, 0x0000029a01670ff0, 0x0000029a01673620, 0x0000029a01681060,
0x0000029a01683fd0, 0x0000029a018e72e0, 0x0000029a019aa210, 0x0000029a06710680,
0x0000029a06755f40, 0x0000029a066d1010, 0x0000029a066d3a60, 0x0000029a06e40060,
0x0000029a07144640, 0x0000029a072fcf10, 0x0000029a072fd5c0, 0x0000029a06a71f00,
0x0000029a06a44ef0, 0x0000029a06a434b0, 0x0000029a06a43b40, 0x0000029a06a45580,
0x0000029a06a441d0, 0x0000029a0874f5e0, 0x0000029a0874ce80, 0x0000029a0874ef50,
0x0000029a0874d510, 0x0000029a0874dba0, 0x0000029a0874e230, 0x0000029a0874fc70,
0x0000029a0874c7f0, 0x0000029a08753780, 0x0000029a08751d40, 0x0000029a087516b0,
0x0000029a08751020, 0x0000029a087523d0, 0x0000029a087530f0, 0x0000029a08750990,
0x0000029a08752a60, 0x0000029a08750300, 0x0000029a0a129490, 0x0000029a0a128e00,
0x0000029a0a126d30, 0x0000029a0a129b20, 0x0000029a0a12c910, 0x0000029a0a12bbf0,
0x0000029a0a12d630, 0x0000029a0a12a1b0, 0x0000029a0a12b560, 0x0000029a0a12c280,
0x0000029a0a12cfa0, 0x0000029a0a12dcc0, 0x0000029a0a12a840, 0x0000029a091e8750,
0x0000029a091e5960, 0x0000029a091e6680, 0x0000029a091e6d10, 0x0000029a091e73a0,
0x0000029a091e7a30, 0x0000029a091e8de0, 0x0000029a091e5ff0, 0x0000029a091ecf80,
0x0000029a091eaeb0, 0x0000029a091e9b00, 0x0000029a091eb540, 0x0000029a091ea190,
0x0000029a091ec260, 0x0000029a091ec8f0, 0x0000029a075bb2f0, 0x0000029a075bb980,
0x0000029a075bc010, 0x0000029a075b98b0, 0x0000029a075bc6a0, 0x0000029a075bcd30,
0x0000029a076e83f0, 0x0000029a076e69b0, 0x0000029a076e5c90
}

Java Threads: ( => current thread )
  0x00000299a7d1d400 JavaThread "main"                              [_thread_blocked, id=28204, stack(0x000000df06100000,0x000000df06200000) (1024K)]
  0x00000299a7ccd9e0 JavaThread "Reference Handler"          daemon [_thread_blocked, id=23916, stack(0x000000df06500000,0x000000df06600000) (1024K)]
  0x00000299a7cce8a0 JavaThread "Finalizer"                  daemon [_thread_blocked, id=23528, stack(0x000000df06600000,0x000000df06700000) (1024K)]
  0x0000029a0166c770 JavaThread "Signal Dispatcher"          daemon [_thread_blocked, id=11496, stack(0x000000df06700000,0x000000df06800000) (1024K)]
  0x0000029a0166f1e0 JavaThread "Attach Listener"            daemon [_thread_blocked, id=28416, stack(0x000000df06800000,0x000000df06900000) (1024K)]
  0x0000029a01670ff0 JavaThread "Service Thread"             daemon [_thread_blocked, id=13108, stack(0x000000df06900000,0x000000df06a00000) (1024K)]
  0x0000029a01673620 JavaThread "Monitor Deflation Thread"   daemon [_thread_blocked, id=28296, stack(0x000000df06a00000,0x000000df06b00000) (1024K)]
=>0x0000029a01681060 JavaThread "C2 CompilerThread0"         daemon [_thread_in_native, id=22008, stack(0x000000df06b00000,0x000000df06c00000) (1024K)]
  0x0000029a01683fd0 JavaThread "C1 CompilerThread0"         daemon [_thread_blocked, id=7764, stack(0x000000df06c00000,0x000000df06d00000) (1024K)]
  0x0000029a018e72e0 JavaThread "Common-Cleaner"             daemon [_thread_blocked, id=18848, stack(0x000000df06d00000,0x000000df06e00000) (1024K)]
  0x0000029a019aa210 JavaThread "Notification Thread"        daemon [_thread_blocked, id=27944, stack(0x000000df06f00000,0x000000df07000000) (1024K)]
  0x0000029a06710680 JavaThread "Active Thread: Equinox Container: 161be51c-b1ff-474b-a931-fe91eebdb500"        [_thread_blocked, id=27488, stack(0x000000df07700000,0x000000df07800000) (1024K)]
  0x0000029a06755f40 JavaThread "Refresh Thread: Equinox Container: 161be51c-b1ff-474b-a931-fe91eebdb500" daemon [_thread_blocked, id=5348, stack(0x000000df07900000,0x000000df07a00000) (1024K)]
  0x0000029a066d1010 JavaThread "Framework Event Dispatcher: Equinox Container: 161be51c-b1ff-474b-a931-fe91eebdb500" daemon [_thread_blocked, id=2804, stack(0x000000df07a00000,0x000000df07b00000) (1024K)]
  0x0000029a066d3a60 JavaThread "Start Level: Equinox Container: 161be51c-b1ff-474b-a931-fe91eebdb500" daemon [_thread_blocked, id=27788, stack(0x000000df07b00000,0x000000df07c00000) (1024K)]
  0x0000029a06e40060 JavaThread "Bundle File Closer"         daemon [_thread_blocked, id=24076, stack(0x000000df07e00000,0x000000df07f00000) (1024K)]
  0x0000029a07144640 JavaThread "SCR Component Actor"        daemon [_thread_blocked, id=25312, stack(0x000000df06e00000,0x000000df06f00000) (1024K)]
  0x0000029a072fcf10 JavaThread "C2 CompilerThread1"         daemon [_thread_in_native, id=896, stack(0x000000df07000000,0x000000df07100000) (1024K)]
  0x0000029a072fd5c0 JavaThread "C2 CompilerThread2"         daemon [_thread_in_native, id=22048, stack(0x000000df07f00000,0x000000df08000000) (1024K)]
  0x0000029a06a71f00 JavaThread "Worker-JM"                         [_thread_blocked, id=23116, stack(0x000000df08000000,0x000000df08100000) (1024K)]
  0x0000029a06a44ef0 JavaThread "JNA Cleaner"                daemon [_thread_blocked, id=27752, stack(0x000000df08100000,0x000000df08200000) (1024K)]
  0x0000029a06a434b0 JavaThread "Worker-0: Java indexing... "        [_thread_blocked, id=17504, stack(0x000000df08200000,0x000000df08300000) (1024K)]
  0x0000029a06a43b40 JavaThread "Worker-1: Building"                [_thread_blocked, id=27796, stack(0x000000df08300000,0x000000df08400000) (1024K)]
  0x0000029a06a45580 JavaThread "Worker-2"                          [_thread_blocked, id=5380, stack(0x000000df08400000,0x000000df08500000) (1024K)]
  0x0000029a06a441d0 JavaThread "Java indexing"              daemon [_thread_blocked, id=5100, stack(0x000000df08500000,0x000000df08600000) (1024K)]
  0x0000029a0874f5e0 JavaThread "Worker-3"                          [_thread_blocked, id=28648, stack(0x000000df08600000,0x000000df08700000) (1024K)]
  0x0000029a0874ce80 JavaThread "Worker-4"                          [_thread_blocked, id=27792, stack(0x000000df08900000,0x000000df08a00000) (1024K)]
  0x0000029a0874ef50 JavaThread "Worker-5"                          [_thread_blocked, id=27916, stack(0x000000df08a00000,0x000000df08b00000) (1024K)]
  0x0000029a0874d510 JavaThread "Worker-6"                          [_thread_blocked, id=15080, stack(0x000000df08b00000,0x000000df08c00000) (1024K)]
  0x0000029a0874dba0 JavaThread "Thread-1"                   daemon [_thread_in_native, id=22636, stack(0x000000df08c00000,0x000000df08d00000) (1024K)]
  0x0000029a0874e230 JavaThread "Thread-2"                   daemon [_thread_in_native, id=28596, stack(0x000000df08d00000,0x000000df08e00000) (1024K)]
  0x0000029a0874fc70 JavaThread "Thread-3"                   daemon [_thread_in_native, id=28548, stack(0x000000df08e00000,0x000000df08f00000) (1024K)]
  0x0000029a0874c7f0 JavaThread "Thread-4"                   daemon [_thread_in_native, id=9504, stack(0x000000df08f00000,0x000000df09000000) (1024K)]
  0x0000029a08753780 JavaThread "Thread-5"                   daemon [_thread_in_native, id=26140, stack(0x000000df09000000,0x000000df09100000) (1024K)]
  0x0000029a08751d40 JavaThread "Thread-6"                   daemon [_thread_in_native, id=27904, stack(0x000000df09100000,0x000000df09200000) (1024K)]
  0x0000029a087516b0 JavaThread "Thread-7"                   daemon [_thread_in_native, id=19684, stack(0x000000df09200000,0x000000df09300000) (1024K)]
  0x0000029a08751020 JavaThread "Thread-8"                   daemon [_thread_in_native, id=28220, stack(0x000000df09300000,0x000000df09400000) (1024K)]
  0x0000029a087523d0 JavaThread "Thread-9"                   daemon [_thread_in_native, id=28208, stack(0x000000df09400000,0x000000df09500000) (1024K)]
  0x0000029a087530f0 JavaThread "Thread-10"                  daemon [_thread_in_native, id=21436, stack(0x000000df09500000,0x000000df09600000) (1024K)]
  0x0000029a08750990 JavaThread "Thread-11"                  daemon [_thread_in_native, id=12436, stack(0x000000df09600000,0x000000df09700000) (1024K)]
  0x0000029a08752a60 JavaThread "Thread-12"                  daemon [_thread_in_native, id=5820, stack(0x000000df09700000,0x000000df09800000) (1024K)]
  0x0000029a08750300 JavaThread "Thread-13"                  daemon [_thread_in_native, id=28044, stack(0x000000df09800000,0x000000df09900000) (1024K)]
  0x0000029a0a129490 JavaThread "pool-2-thread-1"                   [_thread_blocked, id=21716, stack(0x000000df09900000,0x000000df09a00000) (1024K)]
  0x0000029a0a128e00 JavaThread "WorkspaceEventsHandler"            [_thread_blocked, id=27908, stack(0x000000df09a00000,0x000000df09b00000) (1024K)]
  0x0000029a0a126d30 JavaThread "pool-1-thread-1"                   [_thread_blocked, id=5156, stack(0x000000df09b00000,0x000000df09c00000) (1024K)]
  0x0000029a0a129b20 JavaThread "Worker-7"                          [_thread_blocked, id=25492, stack(0x000000df09c00000,0x000000df09d00000) (1024K)]
  0x0000029a0a12c910 JavaThread "LocalFile Deleter"          daemon [_thread_blocked, id=16444, stack(0x000000df09d00000,0x000000df09e00000) (1024K)]
  0x0000029a0a12bbf0 JavaThread "LocalFile Deleter"          daemon [_thread_blocked, id=19244, stack(0x000000df09e00000,0x000000df09f00000) (1024K)]
  0x0000029a0a12d630 JavaThread "LocalFile Deleter"          daemon [_thread_blocked, id=24220, stack(0x000000df09f00000,0x000000df0a000000) (1024K)]
  0x0000029a0a12a1b0 JavaThread "LocalFile Deleter"          daemon [_thread_blocked, id=2996, stack(0x000000df0a000000,0x000000df0a100000) (1024K)]
  0x0000029a0a12b560 JavaThread "LocalFile Deleter"          daemon [_thread_blocked, id=19192, stack(0x000000df0a100000,0x000000df0a200000) (1024K)]
  0x0000029a0a12c280 JavaThread "LocalFile Deleter"          daemon [_thread_blocked, id=16452, stack(0x000000df0a200000,0x000000df0a300000) (1024K)]
  0x0000029a0a12cfa0 JavaThread "LocalFile Deleter"          daemon [_thread_blocked, id=23848, stack(0x000000df0a300000,0x000000df0a400000) (1024K)]
  0x0000029a0a12dcc0 JavaThread "LocalFile Deleter"          daemon [_thread_blocked, id=21192, stack(0x000000df0a400000,0x000000df0a500000) (1024K)]
  0x0000029a0a12a840 JavaThread "LocalFile Deleter"          daemon [_thread_blocked, id=24788, stack(0x000000df0a500000,0x000000df0a600000) (1024K)]
  0x0000029a091e8750 JavaThread "Compiler Source File Reader" daemon [_thread_blocked, id=13536, stack(0x000000df0a600000,0x000000df0a700000) (1024K)]
  0x0000029a091e5960 JavaThread "Compiler Source File Reader" daemon [_thread_blocked, id=11644, stack(0x000000df0a700000,0x000000df0a800000) (1024K)]
  0x0000029a091e6680 JavaThread "Compiler Source File Reader" daemon [_thread_blocked, id=7276, stack(0x000000df0a800000,0x000000df0a900000) (1024K)]
  0x0000029a091e6d10 JavaThread "Compiler Source File Reader" daemon [_thread_blocked, id=10816, stack(0x000000df0a900000,0x000000df0aa00000) (1024K)]
  0x0000029a091e73a0 JavaThread "Compiler Source File Reader" daemon [_thread_blocked, id=24620, stack(0x000000df0aa00000,0x000000df0ab00000) (1024K)]
  0x0000029a091e7a30 JavaThread "Compiler Source File Reader" daemon [_thread_blocked, id=28660, stack(0x000000df0ab00000,0x000000df0ac00000) (1024K)]
  0x0000029a091e8de0 JavaThread "Compiler Source File Reader" daemon [_thread_blocked, id=2796, stack(0x000000df0ac00000,0x000000df0ad00000) (1024K)]
  0x0000029a091e5ff0 JavaThread "Compiler Processing Task"   daemon [_thread_blocked, id=23932, stack(0x000000df0ad00000,0x000000df0ae00000) (1024K)]
  0x0000029a091ecf80 JavaThread "Compiler Class File Writer" daemon [_thread_blocked, id=16472, stack(0x000000df0ae00000,0x000000df0af00000) (1024K)]
  0x0000029a091eaeb0 JavaThread "Compiler Class File Writer" daemon [_thread_blocked, id=26192, stack(0x000000df0af00000,0x000000df0b000000) (1024K)]
  0x0000029a091e9b00 JavaThread "Compiler Class File Writer" daemon [_thread_blocked, id=26124, stack(0x000000df0b000000,0x000000df0b100000) (1024K)]
  0x0000029a091eb540 JavaThread "Compiler Class File Writer" daemon [_thread_blocked, id=28404, stack(0x000000df0b100000,0x000000df0b200000) (1024K)]
  0x0000029a091ea190 JavaThread "Compiler Class File Writer" daemon [_thread_blocked, id=19052, stack(0x000000df0b200000,0x000000df0b300000) (1024K)]
  0x0000029a091ec260 JavaThread "Compiler Class File Writer" daemon [_thread_blocked, id=5164, stack(0x000000df0b300000,0x000000df0b400000) (1024K)]
  0x0000029a091ec8f0 JavaThread "Compiler Class File Writer" daemon [_thread_blocked, id=25024, stack(0x000000df0b400000,0x000000df0b500000) (1024K)]
  0x0000029a075bb2f0 JavaThread "LocalFile Deleter"          daemon [_thread_blocked, id=10132, stack(0x000000df0b500000,0x000000df0b600000) (1024K)]
  0x0000029a075bb980 JavaThread "LocalFile Deleter"          daemon [_thread_blocked, id=1684, stack(0x000000df0b600000,0x000000df0b700000) (1024K)]
  0x0000029a075bc010 JavaThread "LocalFile Deleter"          daemon [_thread_blocked, id=3916, stack(0x000000df0b700000,0x000000df0b800000) (1024K)]
  0x0000029a075b98b0 JavaThread "Compiler Source File Reader" daemon [_thread_blocked, id=28344, stack(0x000000df0b800000,0x000000df0b900000) (1024K)]
  0x0000029a075bc6a0 JavaThread "Compiler Source File Reader" daemon [_thread_blocked, id=23424, stack(0x000000df0b900000,0x000000df0ba00000) (1024K)]
  0x0000029a075bcd30 JavaThread "Compiler Source File Reader" daemon [_thread_blocked, id=5912, stack(0x000000df0ba00000,0x000000df0bb00000) (1024K)]
  0x0000029a076e83f0 JavaThread "Compiler Class File Writer" daemon [_thread_blocked, id=25308, stack(0x000000df0bb00000,0x000000df0bc00000) (1024K)]
  0x0000029a076e69b0 JavaThread "Compiler Class File Writer" daemon [_thread_blocked, id=22340, stack(0x000000df0bc00000,0x000000df0bd00000) (1024K)]
  0x0000029a076e5c90 JavaThread "Compiler Class File Writer" daemon [_thread_blocked, id=28028, stack(0x000000df0bd00000,0x000000df0be00000) (1024K)]
Total: 79

Other Threads:
  0x00000299a7dde9e0 VMThread "VM Thread"                           [id=27676, stack(0x000000df06400000,0x000000df06500000) (1024K)]
  0x00000299a7d8b400 WatcherThread "VM Periodic Task Thread"        [id=10864, stack(0x000000df06300000,0x000000df06400000) (1024K)]
  0x00000299a7d3b980 WorkerThread "GC Thread#0"                     [id=23884, stack(0x000000df06200000,0x000000df06300000) (1024K)]
  0x0000029a067ce050 WorkerThread "GC Thread#1"                     [id=27372, stack(0x000000df07100000,0x000000df07200000) (1024K)]
  0x0000029a0669a5a0 WorkerThread "GC Thread#2"                     [id=8356, stack(0x000000df07200000,0x000000df07300000) (1024K)]
  0x0000029a0669a950 WorkerThread "GC Thread#3"                     [id=26724, stack(0x000000df07300000,0x000000df07400000) (1024K)]
  0x0000029a066858f0 WorkerThread "GC Thread#4"                     [id=11032, stack(0x000000df07400000,0x000000df07500000) (1024K)]
  0x0000029a066860b0 WorkerThread "GC Thread#5"                     [id=26148, stack(0x000000df07500000,0x000000df07600000) (1024K)]
  0x0000029a067d98c0 WorkerThread "GC Thread#6"                     [id=13024, stack(0x000000df07600000,0x000000df07700000) (1024K)]
  0x0000029a067d9160 WorkerThread "GC Thread#7"                     [id=23656, stack(0x000000df07800000,0x000000df07900000) (1024K)]
  0x0000029a067d9510 WorkerThread "GC Thread#8"                     [id=3344, stack(0x000000df07c00000,0x000000df07d00000) (1024K)]
  0x0000029a067d9c70 WorkerThread "GC Thread#9"                     [id=18496, stack(0x000000df07d00000,0x000000df07e00000) (1024K)]
Total: 12

Threads with active compile tasks:
C2 CompilerThread0  18099 14026   !   4       lombok.core.FieldAugment$ReflectionFieldAugment::getAndSet (80 bytes)
C1 CompilerThread0  18099 14204       2       org.eclipse.jdt.internal.compiler.lookup.AptSourceLocalVariableBinding::<init> (100 bytes)
C2 CompilerThread1  18099 14000       4       lombok.core.AST::buildWithField (21 bytes)
C2 CompilerThread2  18099 14001   !   4       lombok.core.AST::buildWithField0 (121 bytes)
Total: 4

VM state: not at safepoint (normal execution)

VM Mutex/Monitor currently owned by a thread: None

Heap address: 0x0000000080000000, size: 2048 MB, Compressed Oops mode: 32-bit

CDS archive(s) mapped at: [0x00000299bf000000-0x00000299bfba0000-0x00000299bfba0000), size 12189696, SharedBaseAddress: 0x00000299bf000000, ArchiveRelocationMode: 1.
Compressed class space mapped at: 0x00000299c0000000-0x0000029a00000000, reserved size: 1073741824
Narrow klass base: 0x00000299bf000000, Narrow klass shift: 0, Narrow klass range: 0x100000000

GC Precious Log:
 CardTable entry size: 512
 CPUs: 12 total, 12 available
 Memory: 16163M
 Large Page Support: Disabled
 NUMA Support: Disabled
 Compressed Oops: Enabled (32-bit)
 Alignments: Space 512K, Generation 512K, Heap 2M
 Heap Min Capacity: 100M
 Heap Initial Capacity: 100M
 Heap Max Capacity: 2G
 Pre-touch: Disabled
 Parallel Workers: 10

Heap:
 PSYoungGen      total 4608K, used 1459K [0x00000000d5580000, 0x00000000d5b00000, 0x0000000100000000)
  eden space 3584K, 24% used [0x00000000d5580000,0x00000000d5657e20,0x00000000d5900000)
  from space 1024K, 58% used [0x00000000d5a00000,0x00000000d5a94ed0,0x00000000d5b00000)
  to   space 1024K, 0% used [0x00000000d5900000,0x00000000d5900000,0x00000000d5a00000)
 ParOldGen       total 361472K, used 361338K [0x0000000080000000, 0x0000000096100000, 0x00000000d5580000)
  object space 361472K, 99% used [0x0000000080000000,0x00000000960deae8,0x0000000096100000)
 Metaspace       used 64461K, committed 65920K, reserved 1114112K
  class space    used 6652K, committed 7360K, reserved 1048576K

Card table byte_map: [0x00000299a76c0000,0x00000299a7ad0000] _byte_map_base: 0x00000299a72c0000

Marking Bits: (ParMarkBitMap*) 0x00007ff8a1963450
 Begin Bits: [0x00000299ba1d0000, 0x00000299bc1d0000)
 End Bits:   [0x00000299bc1d0000, 0x00000299be1d0000)

Polling page: 0x00000299a5b30000

Metaspace:

Usage:
  Non-class:     56.45 MB used.
      Class:      6.50 MB used.
       Both:     62.95 MB used.

Virtual space:
  Non-class space:       64.00 MB reserved,      57.19 MB ( 89%) committed,  1 nodes.
      Class space:        1.00 GB reserved,       7.19 MB ( <1%) committed,  1 nodes.
             Both:        1.06 GB reserved,      64.38 MB (  6%) committed. 

Chunk freelists:
   Non-Class:  5.94 MB
       Class:  8.85 MB
        Both:  14.79 MB

MaxMetaspaceSize: unlimited
CompressedClassSpaceSize: 1.00 GB
Initial GC threshold: 21.00 MB
Current GC threshold: 97.31 MB
CDS: on
 - commit_granule_bytes: 65536.
 - commit_granule_words: 8192.
 - virtual_space_node_default_size: 8388608.
 - enlarge_chunks_in_place: 1.
 - use_allocation_guard: 0.


Internal statistics:

num_allocs_failed_limit: 9.
num_arena_births: 1260.
num_arena_deaths: 14.
num_vsnodes_births: 2.
num_vsnodes_deaths: 0.
num_space_committed: 1030.
num_space_uncommitted: 0.
num_chunks_returned_to_freelist: 23.
num_chunks_taken_from_freelist: 4411.
num_chunk_merges: 12.
num_chunk_splits: 2659.
num_chunks_enlarged: 1435.
num_inconsistent_stats: 0.

CodeHeap 'non-profiled nmethods': size=120000Kb used=9659Kb max_used=9659Kb free=110340Kb
 bounds [0x00000299b29f0000, 0x00000299b3360000, 0x00000299b9f20000]
CodeHeap 'profiled nmethods': size=120000Kb used=30329Kb max_used=30329Kb free=89670Kb
 bounds [0x00000299aaf20000, 0x00000299accc0000, 0x00000299b2450000]
CodeHeap 'non-nmethods': size=5760Kb used=1440Kb max_used=1575Kb free=4319Kb
 bounds [0x00000299b2450000, 0x00000299b26c0000, 0x00000299b29f0000]
CodeCache: size=245760Kb, used=41428Kb, max_used=41563Kb, free=204329Kb
 total_blobs=13924, nmethods=13183, adapters=646, full_count=0
Compilation: enabled, stopped_count=0, restarted_count=0

Compilation events (20 events):
Event: 18.062 Thread 0x0000029a01683fd0 nmethod 14161 0x00000299acca2f10 code [0x00000299acca30c0, 0x00000299acca3270]
Event: 18.062 Thread 0x0000029a01683fd0 14162       3       org.eclipse.jdt.internal.compiler.lookup.ElementValuePair::<init> (20 bytes)
Event: 18.063 Thread 0x0000029a01683fd0 nmethod 14162 0x00000299acca3310 code [0x00000299acca34c0, 0x00000299acca3668]
Event: 18.063 Thread 0x0000029a01683fd0 14163       3       org.eclipse.jdt.internal.compiler.lookup.ReferenceBinding::retrieveAnnotations (22 bytes)
Event: 18.064 Thread 0x0000029a01683fd0 nmethod 14163 0x00000299acca3710 code [0x00000299acca38c0, 0x00000299acca3ba8]
Event: 18.067 Thread 0x0000029a01683fd0 14164       3       org.eclipse.jdt.internal.compiler.apt.model.ElementImpl::equals (62 bytes)
Event: 18.067 Thread 0x0000029a01683fd0 nmethod 14164 0x00000299acca3c90 code [0x00000299acca3e80, 0x00000299acca4300]
Event: 18.070 Thread 0x0000029a01683fd0 14165   !   3       java.nio.file.spi.FileSystemProvider::exists (42 bytes)
Event: 18.071 Thread 0x0000029a01683fd0 nmethod 14165 0x00000299acca4410 code [0x00000299acca4600, 0x00000299acca4c00]
Event: 18.071 Thread 0x0000029a01683fd0 14166       3       java.nio.file.spi.FileSystemProvider::followLinks (66 bytes)
Event: 18.071 Thread 0x0000029a01683fd0 nmethod 14166 0x00000299acca4e10 code [0x00000299acca5000, 0x00000299acca53e0]
Event: 18.071 Thread 0x0000029a01683fd0 14167       3       org.eclipse.jdt.internal.compiler.lookup.ModuleBinding::nameForCUCheck (5 bytes)
Event: 18.071 Thread 0x0000029a01683fd0 nmethod 14167 0x00000299acca5590 code [0x00000299acca5740, 0x00000299acca5908]
Event: 18.071 Thread 0x0000029a01683fd0 14168       3       org.eclipse.jdt.internal.core.builder.ClasspathJrt::hasCompilationUnit (10 bytes)
Event: 18.072 Thread 0x0000029a01683fd0 nmethod 14168 0x00000299acca5990 code [0x00000299acca5b40, 0x00000299acca5da8]
Event: 18.072 Thread 0x0000029a01683fd0 14169       3       org.eclipse.jdt.internal.compiler.util.JRTUtil::hasCompilationUnit (13 bytes)
Event: 18.072 Thread 0x0000029a01683fd0 nmethod 14169 0x00000299acca5f10 code [0x00000299acca60c0, 0x00000299acca62c8]
Event: 18.072 Thread 0x0000029a01683fd0 14176       2       org.eclipse.jdt.internal.compiler.ast.Annotation::resolveType (1555 bytes)
Event: 18.077 Thread 0x0000029a01683fd0 nmethod 14176 0x00000299acca6390 code [0x00000299acca69c0, 0x00000299acca8f98]
Event: 18.078 Thread 0x0000029a01683fd0 14170   !   3       org.eclipse.jdt.internal.compiler.util.JrtFileSystem::hasClassFile (167 bytes)

GC Heap History (20 events):
Event: 17.960 GC heap before
{Heap before GC invocations=510 (full 3):
 PSYoungGen      total 4608K, used 4026K [0x00000000d5580000, 0x00000000d5a80000, 0x0000000100000000)
  eden space 3584K, 100% used [0x00000000d5580000,0x00000000d5900000,0x00000000d5900000)
  from space 1024K, 43% used [0x00000000d5980000,0x00000000d59eebd0,0x00000000d5a80000)
  to   space 512K, 0% used [0x00000000d5900000,0x00000000d5900000,0x00000000d5980000)
 ParOldGen       total 355840K, used 355461K [0x0000000080000000, 0x0000000095b80000, 0x00000000d5580000)
  object space 355840K, 99% used [0x0000000080000000,0x0000000095b21410,0x0000000095b80000)
 Metaspace       used 64312K, committed 65792K, reserved 1114112K
  class space    used 6652K, committed 7360K, reserved 1048576K
}
Event: 17.961 GC heap after
{Heap after GC invocations=510 (full 3):
 PSYoungGen      total 4096K, used 512K [0x00000000d5580000, 0x00000000d5b00000, 0x0000000100000000)
  eden space 3584K, 0% used [0x00000000d5580000,0x00000000d5580000,0x00000000d5900000)
  from space 512K, 100% used [0x00000000d5900000,0x00000000d5980000,0x00000000d5980000)
  to   space 1024K, 0% used [0x00000000d5a00000,0x00000000d5a00000,0x00000000d5b00000)
 ParOldGen       total 355840K, used 355786K [0x0000000080000000, 0x0000000095b80000, 0x00000000d5580000)
  object space 355840K, 99% used [0x0000000080000000,0x0000000095b72a08,0x0000000095b80000)
 Metaspace       used 64312K, committed 65792K, reserved 1114112K
  class space    used 6652K, committed 7360K, reserved 1048576K
}
Event: 17.966 GC heap before
{Heap before GC invocations=511 (full 3):
 PSYoungGen      total 4096K, used 4096K [0x00000000d5580000, 0x00000000d5b00000, 0x0000000100000000)
  eden space 3584K, 100% used [0x00000000d5580000,0x00000000d5900000,0x00000000d5900000)
  from space 512K, 100% used [0x00000000d5900000,0x00000000d5980000,0x00000000d5980000)
  to   space 1024K, 0% used [0x00000000d5a00000,0x00000000d5a00000,0x00000000d5b00000)
 ParOldGen       total 355840K, used 355786K [0x0000000080000000, 0x0000000095b80000, 0x00000000d5580000)
  object space 355840K, 99% used [0x0000000080000000,0x0000000095b72a08,0x0000000095b80000)
 Metaspace       used 64318K, committed 65792K, reserved 1114112K
  class space    used 6652K, committed 7360K, reserved 1048576K
}
Event: 17.968 GC heap after
{Heap after GC invocations=511 (full 3):
 PSYoungGen      total 4608K, used 576K [0x00000000d5580000, 0x00000000d5b00000, 0x0000000100000000)
  eden space 3584K, 0% used [0x00000000d5580000,0x00000000d5580000,0x00000000d5900000)
  from space 1024K, 56% used [0x00000000d5a00000,0x00000000d5a90000,0x00000000d5b00000)
  to   space 1024K, 0% used [0x00000000d5900000,0x00000000d5900000,0x00000000d5a00000)
 ParOldGen       total 356352K, used 356229K [0x0000000080000000, 0x0000000095c00000, 0x00000000d5580000)
  object space 356352K, 99% used [0x0000000080000000,0x0000000095be16b8,0x0000000095c00000)
 Metaspace       used 64318K, committed 65792K, reserved 1114112K
  class space    used 6652K, committed 7360K, reserved 1048576K
}
Event: 17.975 GC heap before
{Heap before GC invocations=512 (full 3):
 PSYoungGen      total 4608K, used 4160K [0x00000000d5580000, 0x00000000d5b00000, 0x0000000100000000)
  eden space 3584K, 100% used [0x00000000d5580000,0x00000000d5900000,0x00000000d5900000)
  from space 1024K, 56% used [0x00000000d5a00000,0x00000000d5a90000,0x00000000d5b00000)
  to   space 1024K, 0% used [0x00000000d5900000,0x00000000d5900000,0x00000000d5a00000)
 ParOldGen       total 356352K, used 356229K [0x0000000080000000, 0x0000000095c00000, 0x00000000d5580000)
  object space 356352K, 99% used [0x0000000080000000,0x0000000095be16b8,0x0000000095c00000)
 Metaspace       used 64326K, committed 65792K, reserved 1114112K
  class space    used 6652K, committed 7360K, reserved 1048576K
}
Event: 17.976 GC heap after
{Heap after GC invocations=512 (full 3):
 PSYoungGen      total 4608K, used 659K [0x00000000d5580000, 0x00000000d5b00000, 0x0000000100000000)
  eden space 3584K, 0% used [0x00000000d5580000,0x00000000d5580000,0x00000000d5900000)
  from space 1024K, 64% used [0x00000000d5900000,0x00000000d59a4d98,0x00000000d5a00000)
  to   space 1024K, 0% used [0x00000000d5a00000,0x00000000d5a00000,0x00000000d5b00000)
 ParOldGen       total 356864K, used 356694K [0x0000000080000000, 0x0000000095c80000, 0x00000000d5580000)
  object space 356864K, 99% used [0x0000000080000000,0x0000000095c55b88,0x0000000095c80000)
 Metaspace       used 64326K, committed 65792K, reserved 1114112K
  class space    used 6652K, committed 7360K, reserved 1048576K
}
Event: 17.984 GC heap before
{Heap before GC invocations=513 (full 3):
 PSYoungGen      total 4608K, used 4243K [0x00000000d5580000, 0x00000000d5b00000, 0x0000000100000000)
  eden space 3584K, 100% used [0x00000000d5580000,0x00000000d5900000,0x00000000d5900000)
  from space 1024K, 64% used [0x00000000d5900000,0x00000000d59a4d98,0x00000000d5a00000)
  to   space 1024K, 0% used [0x00000000d5a00000,0x00000000d5a00000,0x00000000d5b00000)
 ParOldGen       total 356864K, used 356694K [0x0000000080000000, 0x0000000095c80000, 0x00000000d5580000)
  object space 356864K, 99% used [0x0000000080000000,0x0000000095c55b88,0x0000000095c80000)
 Metaspace       used 64337K, committed 65856K, reserved 1114112K
  class space    used 6652K, committed 7360K, reserved 1048576K
}
Event: 17.986 GC heap after
{Heap after GC invocations=513 (full 3):
 PSYoungGen      total 4608K, used 778K [0x00000000d5580000, 0x00000000d5b00000, 0x0000000100000000)
  eden space 3584K, 0% used [0x00000000d5580000,0x00000000d5580000,0x00000000d5900000)
  from space 1024K, 76% used [0x00000000d5a00000,0x00000000d5ac2a00,0x00000000d5b00000)
  to   space 1024K, 0% used [0x00000000d5900000,0x00000000d5900000,0x00000000d5a00000)
 ParOldGen       total 357376K, used 357236K [0x0000000080000000, 0x0000000095d00000, 0x00000000d5580000)
  object space 357376K, 99% used [0x0000000080000000,0x0000000095cdd220,0x0000000095d00000)
 Metaspace       used 64337K, committed 65856K, reserved 1114112K
  class space    used 6652K, committed 7360K, reserved 1048576K
}
Event: 17.997 GC heap before
{Heap before GC invocations=514 (full 3):
 PSYoungGen      total 4608K, used 4362K [0x00000000d5580000, 0x00000000d5b00000, 0x0000000100000000)
  eden space 3584K, 100% used [0x00000000d5580000,0x00000000d5900000,0x00000000d5900000)
  from space 1024K, 76% used [0x00000000d5a00000,0x00000000d5ac2a00,0x00000000d5b00000)
  to   space 1024K, 0% used [0x00000000d5900000,0x00000000d5900000,0x00000000d5a00000)
 ParOldGen       total 357376K, used 357236K [0x0000000080000000, 0x0000000095d00000, 0x00000000d5580000)
  object space 357376K, 99% used [0x0000000080000000,0x0000000095cdd220,0x0000000095d00000)
 Metaspace       used 64360K, committed 65856K, reserved 1114112K
  class space    used 6652K, committed 7360K, reserved 1048576K
}
Event: 17.998 GC heap after
{Heap after GC invocations=514 (full 3):
 PSYoungGen      total 4608K, used 832K [0x00000000d5580000, 0x00000000d5b00000, 0x0000000100000000)
  eden space 3584K, 0% used [0x00000000d5580000,0x00000000d5580000,0x00000000d5900000)
  from space 1024K, 81% used [0x00000000d5900000,0x00000000d59d0000,0x00000000d5a00000)
  to   space 1024K, 0% used [0x00000000d5a00000,0x00000000d5a00000,0x00000000d5b00000)
 ParOldGen       total 358400K, used 357925K [0x0000000080000000, 0x0000000095e00000, 0x00000000d5580000)
  object space 358400K, 99% used [0x0000000080000000,0x0000000095d897a0,0x0000000095e00000)
 Metaspace       used 64360K, committed 65856K, reserved 1114112K
  class space    used 6652K, committed 7360K, reserved 1048576K
}
Event: 18.007 GC heap before
{Heap before GC invocations=515 (full 3):
 PSYoungGen      total 4608K, used 4416K [0x00000000d5580000, 0x00000000d5b00000, 0x0000000100000000)
  eden space 3584K, 100% used [0x00000000d5580000,0x00000000d5900000,0x00000000d5900000)
  from space 1024K, 81% used [0x00000000d5900000,0x00000000d59d0000,0x00000000d5a00000)
  to   space 1024K, 0% used [0x00000000d5a00000,0x00000000d5a00000,0x00000000d5b00000)
 ParOldGen       total 358400K, used 357925K [0x0000000080000000, 0x0000000095e00000, 0x00000000d5580000)
  object space 358400K, 99% used [0x0000000080000000,0x0000000095d897a0,0x0000000095e00000)
 Metaspace       used 64364K, committed 65856K, reserved 1114112K
  class space    used 6652K, committed 7360K, reserved 1048576K
}
Event: 18.009 GC heap after
{Heap after GC invocations=515 (full 3):
 PSYoungGen      total 4608K, used 608K [0x00000000d5580000, 0x00000000d5b00000, 0x0000000100000000)
  eden space 3584K, 0% used [0x00000000d5580000,0x00000000d5580000,0x00000000d5900000)
  from space 1024K, 59% used [0x00000000d5a00000,0x00000000d5a98000,0x00000000d5b00000)
  to   space 1024K, 0% used [0x00000000d5900000,0x00000000d5900000,0x00000000d5a00000)
 ParOldGen       total 358912K, used 358644K [0x0000000080000000, 0x0000000095e80000, 0x00000000d5580000)
  object space 358912K, 99% used [0x0000000080000000,0x0000000095e3d1d0,0x0000000095e80000)
 Metaspace       used 64364K, committed 65856K, reserved 1114112K
  class space    used 6652K, committed 7360K, reserved 1048576K
}
Event: 18.018 GC heap before
{Heap before GC invocations=516 (full 3):
 PSYoungGen      total 4608K, used 4192K [0x00000000d5580000, 0x00000000d5b00000, 0x0000000100000000)
  eden space 3584K, 100% used [0x00000000d5580000,0x00000000d5900000,0x00000000d5900000)
  from space 1024K, 59% used [0x00000000d5a00000,0x00000000d5a98000,0x00000000d5b00000)
  to   space 1024K, 0% used [0x00000000d5900000,0x00000000d5900000,0x00000000d5a00000)
 ParOldGen       total 358912K, used 358644K [0x0000000080000000, 0x0000000095e80000, 0x00000000d5580000)
  object space 358912K, 99% used [0x0000000080000000,0x0000000095e3d1d0,0x0000000095e80000)
 Metaspace       used 64365K, committed 65856K, reserved 1114112K
  class space    used 6652K, committed 7360K, reserved 1048576K
}
Event: 18.026 GC heap after
{Heap after GC invocations=516 (full 3):
 PSYoungGen      total 4608K, used 861K [0x00000000d5580000, 0x00000000d5b00000, 0x0000000100000000)
  eden space 3584K, 0% used [0x00000000d5580000,0x00000000d5580000,0x00000000d5900000)
  from space 1024K, 84% used [0x00000000d5900000,0x00000000d59d7520,0x00000000d5a00000)
  to   space 1024K, 0% used [0x00000000d5a00000,0x00000000d5a00000,0x00000000d5b00000)
 ParOldGen       total 359424K, used 359090K [0x0000000080000000, 0x0000000095f00000, 0x00000000d5580000)
  object space 359424K, 99% used [0x0000000080000000,0x0000000095eacad0,0x0000000095f00000)
 Metaspace       used 64365K, committed 65856K, reserved 1114112K
  class space    used 6652K, committed 7360K, reserved 1048576K
}
Event: 18.036 GC heap before
{Heap before GC invocations=517 (full 3):
 PSYoungGen      total 4608K, used 4445K [0x00000000d5580000, 0x00000000d5b00000, 0x0000000100000000)
  eden space 3584K, 100% used [0x00000000d5580000,0x00000000d5900000,0x00000000d5900000)
  from space 1024K, 84% used [0x00000000d5900000,0x00000000d59d7520,0x00000000d5a00000)
  to   space 1024K, 0% used [0x00000000d5a00000,0x00000000d5a00000,0x00000000d5b00000)
 ParOldGen       total 359424K, used 359090K [0x0000000080000000, 0x0000000095f00000, 0x00000000d5580000)
  object space 359424K, 99% used [0x0000000080000000,0x0000000095eacad0,0x0000000095f00000)
 Metaspace       used 64383K, committed 65856K, reserved 1114112K
  class space    used 6652K, committed 7360K, reserved 1048576K
}
Event: 18.038 GC heap after
{Heap after GC invocations=517 (full 3):
 PSYoungGen      total 4608K, used 704K [0x00000000d5580000, 0x00000000d5c00000, 0x0000000100000000)
  eden space 3584K, 0% used [0x00000000d5580000,0x00000000d5580000,0x00000000d5900000)
  from space 1024K, 68% used [0x00000000d5a00000,0x00000000d5ab0000,0x00000000d5b00000)
  to   space 1024K, 0% used [0x00000000d5900000,0x00000000d5900000,0x00000000d5a00000)
 ParOldGen       total 359936K, used 359646K [0x0000000080000000, 0x0000000095f80000, 0x00000000d5580000)
  object space 359936K, 99% used [0x0000000080000000,0x0000000095f379c8,0x0000000095f80000)
 Metaspace       used 64383K, committed 65856K, reserved 1114112K
  class space    used 6652K, committed 7360K, reserved 1048576K
}
Event: 18.052 GC heap before
{Heap before GC invocations=518 (full 3):
 PSYoungGen      total 4608K, used 4288K [0x00000000d5580000, 0x00000000d5c00000, 0x0000000100000000)
  eden space 3584K, 100% used [0x00000000d5580000,0x00000000d5900000,0x00000000d5900000)
  from space 1024K, 68% used [0x00000000d5a00000,0x00000000d5ab0000,0x00000000d5b00000)
  to   space 1024K, 0% used [0x00000000d5900000,0x00000000d5900000,0x00000000d5a00000)
 ParOldGen       total 359936K, used 359646K [0x0000000080000000, 0x0000000095f80000, 0x00000000d5580000)
  object space 359936K, 99% used [0x0000000080000000,0x0000000095f379c8,0x0000000095f80000)
 Metaspace       used 64405K, committed 65920K, reserved 1114112K
  class space    used 6652K, committed 7360K, reserved 1048576K
}
Event: 18.054 GC heap after
{Heap after GC invocations=518 (full 3):
 PSYoungGen      total 4608K, used 512K [0x00000000d5580000, 0x00000000d5b00000, 0x0000000100000000)
  eden space 3584K, 0% used [0x00000000d5580000,0x00000000d5580000,0x00000000d5900000)
  from space 1024K, 50% used [0x00000000d5900000,0x00000000d5980000,0x00000000d5a00000)
  to   space 1024K, 0% used [0x00000000d5a00000,0x00000000d5a00000,0x00000000d5b00000)
 ParOldGen       total 360448K, used 360195K [0x0000000080000000, 0x0000000096000000, 0x00000000d5580000)
  object space 360448K, 99% used [0x0000000080000000,0x0000000095fc0ef0,0x0000000096000000)
 Metaspace       used 64405K, committed 65920K, reserved 1114112K
  class space    used 6652K, committed 7360K, reserved 1048576K
}
Event: 18.068 GC heap before
{Heap before GC invocations=519 (full 3):
 PSYoungGen      total 4608K, used 4096K [0x00000000d5580000, 0x00000000d5b00000, 0x0000000100000000)
  eden space 3584K, 100% used [0x00000000d5580000,0x00000000d5900000,0x00000000d5900000)
  from space 1024K, 50% used [0x00000000d5900000,0x00000000d5980000,0x00000000d5a00000)
  to   space 1024K, 0% used [0x00000000d5a00000,0x00000000d5a00000,0x00000000d5b00000)
 ParOldGen       total 360448K, used 360195K [0x0000000080000000, 0x0000000096000000, 0x00000000d5580000)
  object space 360448K, 99% used [0x0000000080000000,0x0000000095fc0ef0,0x0000000096000000)
 Metaspace       used 64409K, committed 65920K, reserved 1114112K
  class space    used 6652K, committed 7360K, reserved 1048576K
}
Event: 18.070 GC heap after
{Heap after GC invocations=519 (full 3):
 PSYoungGen      total 4608K, used 576K [0x00000000d5580000, 0x00000000d5b00000, 0x0000000100000000)
  eden space 3584K, 0% used [0x00000000d5580000,0x00000000d5580000,0x00000000d5900000)
  from space 1024K, 56% used [0x00000000d5a00000,0x00000000d5a90000,0x00000000d5b00000)
  to   space 1024K, 0% used [0x00000000d5900000,0x00000000d5900000,0x00000000d5a00000)
 ParOldGen       total 360960K, used 360580K [0x0000000080000000, 0x0000000096080000, 0x00000000d5580000)
  object space 360960K, 99% used [0x0000000080000000,0x00000000960212d0,0x0000000096080000)
 Metaspace       used 64409K, committed 65920K, reserved 1114112K
  class space    used 6652K, committed 7360K, reserved 1048576K
}

Dll operation events (10 events):
Event: 0.012 Loaded shared library c:\Users\ACER\.vscode\extensions\redhat.java-1.54.0-win32-x64\jre\21.0.10-win32-x86_64\bin\java.dll
Event: 0.073 Loaded shared library c:\Users\ACER\.vscode\extensions\redhat.java-1.54.0-win32-x64\jre\21.0.10-win32-x86_64\bin\zip.dll
Event: 0.091 Loaded shared library C:\Users\ACER\.vscode\extensions\redhat.java-1.54.0-win32-x64\jre\21.0.10-win32-x86_64\bin\instrument.dll
Event: 0.096 Loaded shared library C:\Users\ACER\.vscode\extensions\redhat.java-1.54.0-win32-x64\jre\21.0.10-win32-x86_64\bin\net.dll
Event: 0.100 Loaded shared library C:\Users\ACER\.vscode\extensions\redhat.java-1.54.0-win32-x64\jre\21.0.10-win32-x86_64\bin\nio.dll
Event: 0.104 Loaded shared library C:\Users\ACER\.vscode\extensions\redhat.java-1.54.0-win32-x64\jre\21.0.10-win32-x86_64\bin\zip.dll
Event: 0.117 Loaded shared library C:\Users\ACER\.vscode\extensions\redhat.java-1.54.0-win32-x64\jre\21.0.10-win32-x86_64\bin\jimage.dll
Event: 0.165 Loaded shared library c:\Users\ACER\.vscode\extensions\redhat.java-1.54.0-win32-x64\jre\21.0.10-win32-x86_64\bin\verify.dll
Event: 0.881 Loaded shared library C:\Users\ACER\AppData\Roaming\Code\User\globalStorage\redhat.java\1.54.0\config_win\org.eclipse.equinox.launcher\org.eclipse.equinox.launcher.win32.win32.x86_64_1.3.0.v20260203-2149\eclipse_11919.dll
Event: 4.289 Loaded shared library C:\Users\ACER\AppData\Local\Temp\jna-2003023\jna11858069892479311988.dll

Deoptimization events (20 events):
Event: 17.999 Thread 0x0000029a06a43b40 Uncommon trap: trap_request=0xffffff45 fr.pc=0x00000299b2e98bb8 relative=0x00000000000010d8
Event: 17.999 Thread 0x0000029a06a43b40 Uncommon trap: reason=unstable_if action=reinterpret pc=0x00000299b2e98bb8 method=org.eclipse.jdt.internal.compiler.classfmt.FieldInfo.createField([B[IIJ)Lorg/eclipse/jdt/internal/compiler/classfmt/FieldInfo; @ 254 c2
Event: 17.999 Thread 0x0000029a06a43b40 DEOPT PACKING pc=0x00000299b2e98bb8 sp=0x000000df083fc980
Event: 17.999 Thread 0x0000029a06a43b40 DEOPT UNPACKING pc=0x00000299b24a6da2 sp=0x000000df083fc8e8 mode 2
Event: 17.999 Thread 0x0000029a06a441d0 Uncommon trap: trap_request=0xffffff45 fr.pc=0x00000299b3247590 relative=0x0000000000004350
Event: 17.999 Thread 0x0000029a06a441d0 Uncommon trap: reason=unstable_if action=reinterpret pc=0x00000299b3247590 method=org.eclipse.jdt.internal.core.search.indexing.BinaryIndexer.indexDocument()V @ 318 c2
Event: 17.999 Thread 0x0000029a06a441d0 DEOPT PACKING pc=0x00000299b3247590 sp=0x000000df085fed40
Event: 17.999 Thread 0x0000029a06a441d0 DEOPT UNPACKING pc=0x00000299b24a6da2 sp=0x000000df085fecb0 mode 2
Event: 18.005 Thread 0x0000029a06a43b40 DEOPT PACKING pc=0x00000299ac0f7f49 sp=0x000000df083fdb30
Event: 18.005 Thread 0x0000029a06a43b40 DEOPT UNPACKING pc=0x00000299b24a78e2 sp=0x000000df083fd048 mode 0
Event: 18.032 Thread 0x0000029a06a43b40 DEOPT PACKING pc=0x00000299ac0f7f49 sp=0x000000df083fd8c0
Event: 18.032 Thread 0x0000029a06a43b40 DEOPT UNPACKING pc=0x00000299b24a78e2 sp=0x000000df083fcdd8 mode 0
Event: 18.045 Thread 0x0000029a06a43b40 DEOPT PACKING pc=0x00000299ac0f7f49 sp=0x000000df083fd6c0
Event: 18.045 Thread 0x0000029a06a43b40 DEOPT UNPACKING pc=0x00000299b24a78e2 sp=0x000000df083fcbd8 mode 0
Event: 18.055 Thread 0x0000029a06a43b40 DEOPT PACKING pc=0x00000299ac0f7f49 sp=0x000000df083fda10
Event: 18.055 Thread 0x0000029a06a43b40 DEOPT UNPACKING pc=0x00000299b24a78e2 sp=0x000000df083fcf28 mode 0
Event: 18.064 Thread 0x0000029a06a43b40 DEOPT PACKING pc=0x00000299ac0f7f49 sp=0x000000df083fd6a0
Event: 18.064 Thread 0x0000029a06a43b40 DEOPT UNPACKING pc=0x00000299b24a78e2 sp=0x000000df083fcbb8 mode 0
Event: 18.075 Thread 0x0000029a06a43b40 DEOPT PACKING pc=0x00000299ac0f7f49 sp=0x000000df083fdb00
Event: 18.075 Thread 0x0000029a06a43b40 DEOPT UNPACKING pc=0x00000299b24a78e2 sp=0x000000df083fd018 mode 0

Classes loaded (20 events):
Event: 11.366 Loading class java/util/stream/Nodes$IntArrayNode done
Event: 11.366 Loading class java/util/stream/Nodes$IntFixedNodeBuilder done
Event: 11.366 Loading class java/util/stream/ReferencePipeline$4$1
Event: 11.366 Loading class java/util/stream/ReferencePipeline$4$1 done
Event: 14.053 Loading class sun/nio/cs/ISO_8859_1$Decoder
Event: 14.054 Loading class sun/nio/cs/ISO_8859_1$Decoder done
Event: 14.377 Loading class java/util/stream/DistinctOps
Event: 14.378 Loading class java/util/stream/DistinctOps done
Event: 14.378 Loading class java/util/stream/DistinctOps$1
Event: 14.378 Loading class java/util/stream/DistinctOps$1 done
Event: 14.397 Loading class java/util/stream/DistinctOps$1$2
Event: 14.398 Loading class java/util/stream/DistinctOps$1$2 done
Event: 14.403 Loading class java/util/Collections$2
Event: 14.404 Loading class java/util/Collections$2 done
Event: 14.774 Loading class java/io/CharArrayWriter
Event: 14.776 Loading class java/io/CharArrayWriter done
Event: 15.314 Loading class jdk/internal/module/IllegalAccessLogger
Event: 15.314 Loading class jdk/internal/module/IllegalAccessLogger done
Event: 15.960 Loading class jdk/internal/module/IllegalAccessLogger
Event: 15.960 Loading class jdk/internal/module/IllegalAccessLogger done

Classes unloaded (7 events):
Event: 4.884 Thread 0x00000299a7dde9e0 Unloading class 0x00000299c01acc00 'java/lang/invoke/LambdaForm$MH+0x00000299c01acc00'
Event: 4.884 Thread 0x00000299a7dde9e0 Unloading class 0x00000299c01ac800 'java/lang/invoke/LambdaForm$MH+0x00000299c01ac800'
Event: 4.884 Thread 0x00000299a7dde9e0 Unloading class 0x00000299c01ac400 'java/lang/invoke/LambdaForm$MH+0x00000299c01ac400'
Event: 4.884 Thread 0x00000299a7dde9e0 Unloading class 0x00000299c01ac000 'java/lang/invoke/LambdaForm$MH+0x00000299c01ac000'
Event: 4.884 Thread 0x00000299a7dde9e0 Unloading class 0x00000299c01abc00 'java/lang/invoke/LambdaForm$BMH+0x00000299c01abc00'
Event: 4.884 Thread 0x00000299a7dde9e0 Unloading class 0x00000299c01ab800 'java/lang/invoke/LambdaForm$DMH+0x00000299c01ab800'
Event: 4.884 Thread 0x00000299a7dde9e0 Unloading class 0x00000299c01aa400 'java/lang/invoke/LambdaForm$DMH+0x00000299c01aa400'

Classes redefined (0 events):
No events

Internal exceptions (20 events):
Event: 16.857 Thread 0x0000029a076eab50 Implicit null exception at 0x00000299b328875d to 0x00000299b328b030
Event: 16.860 Thread 0x0000029a076eb1e0 Implicit null exception at 0x00000299b328875d to 0x00000299b328b030
Event: 17.636 Thread 0x0000029a06a43b40 Exception <a 'sun/nio/fs/WindowsException'{0x00000000d5583650}> (0x00000000d5583650) 
thrown [s\src\hotspot\share\prims\jni.cpp, line 520]
Event: 17.637 Thread 0x0000029a075bb980 Exception <a 'sun/nio/fs/WindowsException'{0x00000000d55c20f0}> (0x00000000d55c20f0) 
thrown [s\src\hotspot\share\prims\jni.cpp, line 520]
Event: 17.637 Thread 0x0000029a075bc010 Exception <a 'sun/nio/fs/WindowsException'{0x00000000d55ec310}> (0x00000000d55ec310) 
thrown [s\src\hotspot\share\prims\jni.cpp, line 520]
Event: 17.637 Thread 0x0000029a0a12cfa0 Exception <a 'sun/nio/fs/WindowsException'{0x00000000d5603158}> (0x00000000d5603158) 
thrown [s\src\hotspot\share\prims\jni.cpp, line 520]
Event: 17.637 Thread 0x0000029a0a12c280 Exception <a 'sun/nio/fs/WindowsException'{0x00000000d5608c60}> (0x00000000d5608c60) 
thrown [s\src\hotspot\share\prims\jni.cpp, line 520]
Event: 17.637 Thread 0x0000029a0a12dcc0 Exception <a 'sun/nio/fs/WindowsException'{0x00000000d560a2f8}> (0x00000000d560a2f8) 
thrown [s\src\hotspot\share\prims\jni.cpp, line 520]
Event: 17.637 Thread 0x0000029a0a12b560 Exception <a 'sun/nio/fs/WindowsException'{0x00000000d560edf0}> (0x00000000d560edf0) 
thrown [s\src\hotspot\share\prims\jni.cpp, line 520]
Event: 17.637 Thread 0x0000029a075bb2f0 Exception <a 'sun/nio/fs/WindowsException'{0x00000000d560b9c8}> (0x00000000d560b9c8) 
thrown [s\src\hotspot\share\prims\jni.cpp, line 520]
Event: 17.638 Thread 0x0000029a0a12a1b0 Exception <a 'sun/nio/fs/WindowsException'{0x00000000d56104b8}> (0x00000000d56104b8) 
thrown [s\src\hotspot\share\prims\jni.cpp, line 520]
Event: 17.638 Thread 0x0000029a0a12a840 Exception <a 'sun/nio/fs/WindowsException'{0x00000000d5605f88}> (0x00000000d5605f88) 
thrown [s\src\hotspot\share\prims\jni.cpp, line 520]
Event: 17.638 Thread 0x0000029a0a12c910 Exception <a 'sun/nio/fs/WindowsException'{0x00000000d56075f8}> (0x00000000d56075f8) 
thrown [s\src\hotspot\share\prims\jni.cpp, line 520]
Event: 17.638 Thread 0x0000029a0a12dcc0 Exception <a 'sun/nio/fs/WindowsException'{0x00000000d56132f8}> (0x00000000d56132f8) 
thrown [s\src\hotspot\share\prims\jni.cpp, line 520]
Event: 17.638 Thread 0x0000029a0a12bbf0 Exception <a 'sun/nio/fs/WindowsException'{0x00000000d5611c18}> (0x00000000d5611c18) 
thrown [s\src\hotspot\share\prims\jni.cpp, line 520]
Event: 17.638 Thread 0x0000029a0a12c280 Exception <a 'sun/nio/fs/WindowsException'{0x00000000d5617750}> (0x00000000d5617750) 
thrown [s\src\hotspot\share\prims\jni.cpp, line 520]
Event: 17.641 Thread 0x0000029a0a12c910 Exception <a 'sun/nio/fs/WindowsException'{0x00000000d561bd88}> (0x00000000d561bd88) 
thrown [s\src\hotspot\share\prims\jni.cpp, line 520]
Event: 17.820 Thread 0x0000029a06a43b40 Exception <a 'java/lang/NoSuchMethodError'{0x00000000d55edf18}: 'java.lang.Object java.lang.invoke.DirectMethodHandle$Holder.invokeStatic(java.lang.Object, java.lang.Object, int, int)'> (0x00000000d55edf18) 
thrown [s\src\hotspot\share\interpreter\linkResolver.cpp, line 773]
Event: 17.822 Thread 0x0000029a06a43b40 Exception <a 'java/lang/NoSuchMethodError'{0x00000000d5611520}: 'java.lang.Object java.lang.invoke.DirectMethodHandle$Holder.invokeSpecial(java.lang.Object, java.lang.Object, java.lang.Object, int, int)'> (0x00000000d5611520) 
thrown [s\src\hotspot\share\interpreter\linkResolver.cpp, line 773]
Event: 17.824 Thread 0x0000029a06a43b40 Implicit null exception at 0x00000299b31a1477 to 0x00000299b31a16e0

ZGC Phase Switch (0 events):
No events

VM Operations (20 events):
Event: 17.960 Executing safepoint VM operation: ParallelGCFailedAllocation (Allocation Failure)
Event: 17.961 Executing safepoint VM operation: ParallelGCFailedAllocation (Allocation Failure) done
Event: 17.966 Executing safepoint VM operation: ParallelGCFailedAllocation (Allocation Failure)
Event: 17.968 Executing safepoint VM operation: ParallelGCFailedAllocation (Allocation Failure) done
Event: 17.975 Executing safepoint VM operation: ParallelGCFailedAllocation (Allocation Failure)
Event: 17.976 Executing safepoint VM operation: ParallelGCFailedAllocation (Allocation Failure) done
Event: 17.984 Executing safepoint VM operation: ParallelGCFailedAllocation (Allocation Failure)
Event: 17.986 Executing safepoint VM operation: ParallelGCFailedAllocation (Allocation Failure) done
Event: 17.997 Executing safepoint VM operation: ParallelGCFailedAllocation (Allocation Failure)
Event: 17.998 Executing safepoint VM operation: ParallelGCFailedAllocation (Allocation Failure) done
Event: 18.007 Executing safepoint VM operation: ParallelGCFailedAllocation (Allocation Failure)
Event: 18.009 Executing safepoint VM operation: ParallelGCFailedAllocation (Allocation Failure) done
Event: 18.018 Executing safepoint VM operation: ParallelGCFailedAllocation (Allocation Failure)
Event: 18.026 Executing safepoint VM operation: ParallelGCFailedAllocation (Allocation Failure) done
Event: 18.036 Executing safepoint VM operation: ParallelGCFailedAllocation (Allocation Failure)
Event: 18.038 Executing safepoint VM operation: ParallelGCFailedAllocation (Allocation Failure) done
Event: 18.052 Executing safepoint VM operation: ParallelGCFailedAllocation (Allocation Failure)
Event: 18.054 Executing safepoint VM operation: ParallelGCFailedAllocation (Allocation Failure) done
Event: 18.068 Executing safepoint VM operation: ParallelGCFailedAllocation (Allocation Failure)
Event: 18.070 Executing safepoint VM operation: ParallelGCFailedAllocation (Allocation Failure) done

Memory protections (0 events):
No events

Nmethod flushes (20 events):
Event: 11.572 Thread 0x00000299a7dde9e0 flushing  nmethod 0x00000299aba4fa10
Event: 11.572 Thread 0x00000299a7dde9e0 flushing  nmethod 0x00000299aba51210
Event: 11.572 Thread 0x00000299a7dde9e0 flushing  nmethod 0x00000299aba72c10
Event: 11.572 Thread 0x00000299a7dde9e0 flushing  nmethod 0x00000299aba73110
Event: 11.572 Thread 0x00000299a7dde9e0 flushing  nmethod 0x00000299aba73710
Event: 11.572 Thread 0x00000299a7dde9e0 flushing  nmethod 0x00000299aba73d10
Event: 11.572 Thread 0x00000299a7dde9e0 flushing  nmethod 0x00000299aba83790
Event: 11.572 Thread 0x00000299a7dde9e0 flushing  nmethod 0x00000299abaaac10
Event: 11.572 Thread 0x00000299a7dde9e0 flushing  nmethod 0x00000299abaaff10
Event: 11.572 Thread 0x00000299a7dde9e0 flushing  nmethod 0x00000299abab7c10
Event: 11.572 Thread 0x00000299a7dde9e0 flushing  nmethod 0x00000299abab7f10
Event: 11.572 Thread 0x00000299a7dde9e0 flushing  nmethod 0x00000299abab8810
Event: 11.572 Thread 0x00000299a7dde9e0 flushing  nmethod 0x00000299abab8b90
Event: 11.572 Thread 0x00000299a7dde9e0 flushing  nmethod 0x00000299ababe110
Event: 11.572 Thread 0x00000299a7dde9e0 flushing  nmethod 0x00000299abac5c10
Event: 11.572 Thread 0x00000299a7dde9e0 flushing  nmethod 0x00000299abac6e10
Event: 11.572 Thread 0x00000299a7dde9e0 flushing  nmethod 0x00000299abac8790
Event: 11.572 Thread 0x00000299a7dde9e0 flushing  nmethod 0x00000299abac9290
Event: 11.572 Thread 0x00000299a7dde9e0 flushing  nmethod 0x00000299abac9610
Event: 11.572 Thread 0x00000299a7dde9e0 flushing  nmethod 0x00000299abac9b90

Events (20 events):
Event: 14.632 Thread 0x0000029a075bb980 Thread exited: 0x0000029a075bb980
Event: 14.964 Thread 0x0000029a0a12a840 Thread added: 0x0000029a075bb2f0
Event: 14.967 Thread 0x0000029a0a12c280 Thread added: 0x0000029a075bb980
Event: 14.968 Thread 0x0000029a0a12d630 Thread added: 0x0000029a075bc010
Event: 15.013 Thread 0x0000029a06a43b40 Thread added: 0x0000029a075b98b0
Event: 15.013 Thread 0x0000029a06a43b40 Thread added: 0x0000029a075bc6a0
Event: 15.013 Thread 0x0000029a06a43b40 Thread added: 0x0000029a075bcd30
Event: 15.329 Thread 0x0000029a06a43b40 Thread added: 0x0000029a076e83f0
Event: 15.333 Thread 0x0000029a06a43b40 Thread added: 0x0000029a076e69b0
Event: 15.333 Thread 0x0000029a06a43b40 Thread added: 0x0000029a076e5c90
Event: 16.809 Thread 0x0000029a06a43b40 Thread added: 0x0000029a076e8a80
Event: 16.809 Thread 0x0000029a06a43b40 Thread added: 0x0000029a076e9110
Event: 16.809 Thread 0x0000029a06a43b40 Thread added: 0x0000029a076e76d0
Event: 16.810 Thread 0x0000029a06a43b40 Thread added: 0x0000029a076eb1e0
Event: 16.810 Thread 0x0000029a06a43b40 Thread added: 0x0000029a076eab50
Event: 17.157 Thread 0x0000029a076eab50 Thread exited: 0x0000029a076eab50
Event: 17.157 Thread 0x0000029a076e9110 Thread exited: 0x0000029a076e9110
Event: 17.157 Thread 0x0000029a076eb1e0 Thread exited: 0x0000029a076eb1e0
Event: 17.157 Thread 0x0000029a076e8a80 Thread exited: 0x0000029a076e8a80
Event: 17.157 Thread 0x0000029a076e76d0 Thread exited: 0x0000029a076e76d0


Dynamic libraries:
0x00007ff7b7f20000 - 0x00007ff7b7f2e000 	c:\Users\ACER\.vscode\extensions\redhat.java-1.54.0-win32-x64\jre\21.0.10-win32-x86_64\bin\java.exe
0x00007ff9439a0000 - 0x00007ff943c07000 	C:\WINDOWS\SYSTEM32\ntdll.dll
0x00007ff942360000 - 0x00007ff942429000 	C:\WINDOWS\System32\KERNEL32.DLL
0x00007ff940f80000 - 0x00007ff941377000 	C:\WINDOWS\System32\KERNELBASE.dll
0x00007ff940e30000 - 0x00007ff940f7b000 	C:\WINDOWS\System32\ucrtbase.dll
0x00007ff9267b0000 - 0x00007ff9267c8000 	c:\Users\ACER\.vscode\extensions\redhat.java-1.54.0-win32-x64\jre\21.0.10-win32-x86_64\bin\jli.dll
0x00007ff926740000 - 0x00007ff92675e000 	c:\Users\ACER\.vscode\extensions\redhat.java-1.54.0-win32-x64\jre\21.0.10-win32-x86_64\bin\VCRUNTIME140.dll
0x00007ff942440000 - 0x00007ff942606000 	C:\WINDOWS\System32\USER32.dll
0x00007ff941590000 - 0x00007ff9415b7000 	C:\WINDOWS\System32\win32u.dll
0x00007ff92a2c0000 - 0x00007ff92a552000 	C:\WINDOWS\WinSxS\amd64_microsoft.windows.common-controls_6595b64144ccf1df_6.0.26100.8328_none_3e08182ce334b678\COMCTL32.dll
0x00007ff941730000 - 0x00007ff94175b000 	C:\WINDOWS\System32\GDI32.dll
0x00007ff943130000 - 0x00007ff9431d9000 	C:\WINDOWS\System32\msvcrt.dll
0x00007ff940d00000 - 0x00007ff940e2c000 	C:\WINDOWS\System32\gdi32full.dll
0x00007ff9415c0000 - 0x00007ff941663000 	C:\WINDOWS\System32\msvcp_win.dll
0x00007ff9429f0000 - 0x00007ff942a22000 	C:\WINDOWS\System32\IMM32.DLL
0x00007ff92ae80000 - 0x00007ff92ae8c000 	c:\Users\ACER\.vscode\extensions\redhat.java-1.54.0-win32-x64\jre\21.0.10-win32-x86_64\bin\vcruntime140_1.dll
0x00007ff923040000 - 0x00007ff9230cd000 	c:\Users\ACER\.vscode\extensions\redhat.java-1.54.0-win32-x64\jre\21.0.10-win32-x86_64\bin\msvcp140.dll
0x00007ff8a0ca0000 - 0x00007ff8a1a41000 	c:\Users\ACER\.vscode\extensions\redhat.java-1.54.0-win32-x64\jre\21.0.10-win32-x86_64\bin\server\jvm.dll
0x00007ff9421c0000 - 0x00007ff942276000 	C:\WINDOWS\System32\ADVAPI32.dll
0x00007ff9419b0000 - 0x00007ff941a57000 	C:\WINDOWS\System32\sechost.dll
0x00007ff941760000 - 0x00007ff941878000 	C:\WINDOWS\System32\RPCRT4.dll
0x00007ff9430a0000 - 0x00007ff943120000 	C:\WINDOWS\System32\WS2_32.dll
0x00007ff93ef90000 - 0x00007ff93efee000 	C:\WINDOWS\SYSTEM32\POWRPROF.dll
0x00007ff92d690000 - 0x00007ff92d6c6000 	C:\WINDOWS\SYSTEM32\WINMM.dll
0x00007ff935d20000 - 0x00007ff935d2b000 	C:\WINDOWS\SYSTEM32\VERSION.dll
0x00007ff93ef70000 - 0x00007ff93ef84000 	C:\WINDOWS\SYSTEM32\UMPDC.dll
0x00007ff93f250000 - 0x00007ff93f26b000 	C:\WINDOWS\SYSTEM32\kernel.appcore.dll
0x00007ff9232a0000 - 0x00007ff9232aa000 	c:\Users\ACER\.vscode\extensions\redhat.java-1.54.0-win32-x64\jre\21.0.10-win32-x86_64\bin\jimage.dll
0x00007ff93e330000 - 0x00007ff93e572000 	C:\WINDOWS\SYSTEM32\DBGHELP.DLL
0x00007ff941d00000 - 0x00007ff942083000 	C:\WINDOWS\System32\combase.dll
0x00007ff942280000 - 0x00007ff942359000 	C:\WINDOWS\System32\OLEAUT32.dll
0x00007ff9283a0000 - 0x00007ff9283db000 	C:\WINDOWS\SYSTEM32\dbgcore.DLL
0x00007ff941670000 - 0x00007ff941718000 	C:\WINDOWS\System32\bcryptPrimitives.dll
0x00007ff923030000 - 0x00007ff92303f000 	c:\Users\ACER\.vscode\extensions\redhat.java-1.54.0-win32-x64\jre\21.0.10-win32-x86_64\bin\instrument.dll
0x00007ff922b40000 - 0x00007ff922b60000 	c:\Users\ACER\.vscode\extensions\redhat.java-1.54.0-win32-x64\jre\21.0.10-win32-x86_64\bin\java.dll
0x00007ff9431e0000 - 0x00007ff94394e000 	C:\WINDOWS\System32\SHELL32.dll
0x00007ff9403d0000 - 0x00007ff940c3c000 	C:\WINDOWS\System32\windows.storage.dll
0x00007ff941c00000 - 0x00007ff941cf6000 	C:\WINDOWS\System32\SHCORE.dll
0x00007ff941880000 - 0x00007ff9418e6000 	C:\WINDOWS\System32\shlwapi.dll
0x00007ff9402f0000 - 0x00007ff940319000 	C:\WINDOWS\SYSTEM32\profapi.dll
0x00007ff9232f0000 - 0x00007ff923308000 	c:\Users\ACER\.vscode\extensions\redhat.java-1.54.0-win32-x64\jre\21.0.10-win32-x86_64\bin\zip.dll
0x00007ff9232e0000 - 0x00007ff9232f0000 	C:\Users\ACER\.vscode\extensions\redhat.java-1.54.0-win32-x64\jre\21.0.10-win32-x86_64\bin\net.dll
0x00007ff936b80000 - 0x00007ff936ca9000 	C:\WINDOWS\SYSTEM32\WINHTTP.dll
0x00007ff93f7f0000 - 0x00007ff93f85c000 	C:\WINDOWS\system32\mswsock.dll
0x00007ff9232c0000 - 0x00007ff9232d6000 	C:\Users\ACER\.vscode\extensions\redhat.java-1.54.0-win32-x64\jre\21.0.10-win32-x86_64\bin\nio.dll
0x00007ff9232b0000 - 0x00007ff9232c0000 	c:\Users\ACER\.vscode\extensions\redhat.java-1.54.0-win32-x64\jre\21.0.10-win32-x86_64\bin\verify.dll
0x00007ff922d10000 - 0x00007ff922d55000 	C:\Users\ACER\AppData\Roaming\Code\User\globalStorage\redhat.java\1.54.0\config_win\org.eclipse.equinox.launcher\org.eclipse.equinox.launcher.win32.win32.x86_64_1.3.0.v20260203-2149\eclipse_11919.dll
0x00007ff941a60000 - 0x00007ff941bf7000 	C:\WINDOWS\System32\ole32.dll
0x00007ff93fad0000 - 0x00007ff93faeb000 	C:\WINDOWS\SYSTEM32\CRYPTSP.dll
0x00007ff93f1b0000 - 0x00007ff93f1e9000 	C:\WINDOWS\system32\rsaenh.dll
0x00007ff93f8a0000 - 0x00007ff93f8d3000 	C:\WINDOWS\SYSTEM32\USERENV.dll
0x00007ff9402c0000 - 0x00007ff9402ea000 	C:\WINDOWS\SYSTEM32\bcrypt.dll
0x00007ff93faf0000 - 0x00007ff93fafc000 	C:\WINDOWS\SYSTEM32\CRYPTBASE.dll
0x00007ff93eba0000 - 0x00007ff93ebd2000 	C:\WINDOWS\SYSTEM32\IPHLPAPI.DLL
0x00007ff941720000 - 0x00007ff94172a000 	C:\WINDOWS\System32\NSI.dll
0x00007ff922c70000 - 0x00007ff922cb9000 	C:\Users\ACER\AppData\Local\Temp\jna-2003023\jna11858069892479311988.dll
0x00007ff942ec0000 - 0x00007ff942ec8000 	C:\WINDOWS\System32\PSAPI.DLL
0x00007ff936b60000 - 0x00007ff936b7d000 	C:\WINDOWS\SYSTEM32\dhcpcsvc6.DLL
0x00007ff936b30000 - 0x00007ff936b55000 	C:\WINDOWS\SYSTEM32\dhcpcsvc.DLL

JVMTI agents:
c:\Users\ACER\.vscode\extensions\redhat.java-1.54.0-win32-x64\lombok\lombok-1.18.39-4050.jar path:c:\Users\ACER\.vscode\extensions\redhat.java-1.54.0-win32-x64\jre\21.0.10-win32-x86_64\bin\instrument.dll, loaded, initialized, instrumentlib options:none

dbghelp: loaded successfully - version: 4.0.5 - missing functions: none
symbol engine: initialized successfully - sym options: 0x614 - pdb path: .;c:\Users\ACER\.vscode\extensions\redhat.java-1.54.0-win32-x64\jre\21.0.10-win32-x86_64\bin;C:\WINDOWS\SYSTEM32;C:\WINDOWS\WinSxS\amd64_microsoft.windows.common-controls_6595b64144ccf1df_6.0.26100.8328_none_3e08182ce334b678;c:\Users\ACER\.vscode\extensions\redhat.java-1.54.0-win32-x64\jre\21.0.10-win32-x86_64\bin\server;C:\Users\ACER\AppData\Roaming\Code\User\globalStorage\redhat.java\1.54.0\config_win\org.eclipse.equinox.launcher\org.eclipse.equinox.launcher.win32.win32.x86_64_1.3.0.v20260203-2149;C:\Users\ACER\AppData\Local\Temp\jna-2003023

VM Arguments:
jvm_args: --add-modules=ALL-SYSTEM --add-opens=java.base/java.util=ALL-UNNAMED --add-opens=java.base/java.lang=ALL-UNNAMED --add-opens=java.base/sun.nio.fs=ALL-UNNAMED -Declipse.application=org.eclipse.jdt.ls.core.id1 -Dosgi.bundles.defaultStartLevel=4 -Declipse.product=org.eclipse.jdt.ls.core.product -Djava.import.generatesMetadataFilesAtProjectRoot=false -DDetectVMInstallationsJob.disabled=true -Dfile.encoding=utf8 -XX:+UseParallelGC -XX:GCTimeRatio=4 -XX:AdaptiveSizePolicyWeight=90 -Dsun.zip.disableMemoryMapping=true -Xmx2G -Xms100m -Xlog:disable -javaagent:c:\Users\ACER\.vscode\extensions\redhat.java-1.54.0-win32-x64\lombok\lombok-1.18.39-4050.jar -XX:+HeapDumpOnOutOfMemoryError -XX:HeapDumpPath=c:\Users\ACER\AppData\Roaming\Code\User\workspaceStorage\64e83e8dcee0c24a6ba3334dafce804d\redhat.java -Daether.dependencyCollector.impl=bf 
java_command: c:\Users\ACER\.vscode\extensions\redhat.java-1.54.0-win32-x64\server\plugins\org.eclipse.equinox.launcher_1.7.100.v20251111-0406.jar -configuration c:\Users\ACER\AppData\Roaming\Code\User\globalStorage\redhat.java\1.54.0\config_win -data c:\Users\ACER\AppData\Roaming\Code\User\workspaceStorage\64e83e8dcee0c24a6ba3334dafce804d\redhat.java\jdt_ws --pipe=\\.\pipe\lsp-43197b5cf964c158a832ea4fb0ca391f-sock
java_class_path (initial): c:\Users\ACER\.vscode\extensions\redhat.java-1.54.0-win32-x64\server\plugins\org.eclipse.equinox.launcher_1.7.100.v20251111-0406.jar
Launcher Type: SUN_STANDARD

[Global flags]
    uintx AdaptiveSizePolicyWeight                 = 90                                        {product} {command line}
     intx CICompilerCount                          = 4                                         {product} {ergonomic}
    uintx GCTimeRatio                              = 4                                         {product} {command line}
     bool HeapDumpOnOutOfMemoryError               = true                                   {manageable} {command line}
    ccstr HeapDumpPath                             = c:\Users\ACER\AppData\Roaming\Code\User\workspaceStorage\64e83e8dcee0c24a6ba3334dafce804d\redhat.java         {manageable} {command line}
   size_t InitialHeapSize                          = 104857600                                 {product} {command line}
   size_t MaxHeapSize                              = 2147483648                                {product} {command line}
   size_t MaxNewSize                               = 715653120                                 {product} {ergonomic}
   size_t MinHeapDeltaBytes                        = 524288                                    {product} {ergonomic}
   size_t MinHeapSize                              = 104857600                                 {product} {command line}
   size_t NewSize                                  = 34603008                                  {product} {ergonomic}
    uintx NonNMethodCodeHeapSize                   = 5839372                                {pd product} {ergonomic}
    uintx NonProfiledCodeHeapSize                  = 122909434                              {pd product} {ergonomic}
   size_t OldSize                                  = 70254592                                  {product} {ergonomic}
    uintx ProfiledCodeHeapSize                     = 122909434                              {pd product} {ergonomic}
    uintx ReservedCodeCacheSize                    = 251658240                              {pd product} {ergonomic}
     bool SegmentedCodeCache                       = true                                      {product} {ergonomic}
   size_t SoftMaxHeapSize                          = 2147483648                             {manageable} {ergonomic}
     bool UseCompressedOops                        = true                           {product lp64_product} {ergonomic}
     bool UseLargePagesIndividualAllocation        = false                                  {pd product} {ergonomic}
     bool UseParallelGC                            = true                                      {product} {command line}

Logging:
Log output configuration:
 #0: stdout all=off uptime,level,tags foldmultilines=false
 #1: stderr all=off uptime,level,tags foldmultilines=false

Release file:
JAVA_VERSION="21.0.10" 
MODULES="java.base java.compiler java.datatransfer java.xml java.prefs java.desktop java.instrument java.logging java.management java.security.sasl java.naming java.rmi java.management.rmi java.net.http java.scripting java.security.jgss java.transaction.xa java.sql java.sql.rowset java.xml.crypto java.se java.smartcardio jdk.accessibility jdk.internal.jvmstat jdk.attach jdk.charsets jdk.internal.opt jdk.zipfs jdk.compiler jdk.crypto.ec jdk.crypto.cryptoki jdk.crypto.mscapi jdk.dynalink jdk.internal.ed jdk.editpad jdk.hotspot.agent jdk.httpserver jdk.internal.le jdk.internal.vm.ci jdk.internal.vm.compiler jdk.internal.vm.compiler.management jdk.jartool jdk.javadoc jdk.jcmd jdk.management jdk.management.agent jdk.jconsole jdk.jdeps jdk.jdwp.agent jdk.jdi jdk.jfr jdk.jshell jdk.jsobject jdk.jstatd jdk.localedata jdk.management.jfr jdk.naming.dns jdk.naming.rmi jdk.net jdk.nio.mapmode jdk.random jdk.sctp jdk.security.auth jdk.security.jgss jdk.unsupported jdk.unsupported.desktop jdk.xml.dom" 

Environment Variables:
JAVA_HOME=C:\Program Files\Java\jdk-23
PATH=C:\Program Files\Common Files\Oracle\Java\javapath;C:\Windows\system32;C:\Windows;C:\Windows\System32\Wbem;C:\Windows\System32\WindowsPowerShell\v1.0\;C:\Windows\System32\OpenSSH\;C:\Program Files (x86)\Microsoft SQL Server\160\Tools\Binn\;C:\Program Files\Microsoft SQL Server\160\Tools\Binn\;C:\Program Files\Microsoft SQL Server\Client SDK\ODBC\170\Tools\Binn\;C:\Program Files\Microsoft SQL Server\160\DTS\Binn\;C:\Program Files\Java\jdk-23\bin;C:\WINDOWS\system32;C:\WINDOWS;C:\WINDOWS\System32\Wbem;C:\WINDOWS\System32\WindowsPowerShell\v1.0\;C:\WINDOWS\System32\OpenSSH\;C:\Program Files\Git\cmd;C:\Program Files\nodejs\;C:\gradle-8.12\bin;C:\apache-maven-3.9.9\bin;;C:\Program Files\Docker\Docker\resources\bin;C:\Users\ACER\AppData\Local\Microsoft\WindowsApps;C:\Users\ACER\AppData\Local\Programs\Microsoft VS Code\bin;C:\Users\ACER\AppData\Roaming\npm;C:\Program Files\JetBrains\IntelliJ IDEA 2024.3.5\bin;ANDROID_HOME;;C:\Users\ACER\AppData\Local\Programs\Antigravity\bin;C:\Users\ACER\AppData\Local\Android\Sdk\platform-tools;C:\Users\ACER\AppData\Local\Android\Sdk\emulator;C:\Users\ACER\AppData\Local\Android\Sdk\tools;C:\Users\ACER\AppData\Local\Android\Sdk\tools\bin;
USERNAME=ACER
OS=Windows_NT
PROCESSOR_IDENTIFIER=Intel64 Family 6 Model 141 Stepping 1, GenuineIntel
TMP=C:\Users\ACER\AppData\Local\Temp
TEMP=C:\Users\ACER\AppData\Local\Temp




Periodic native trim disabled

---------------  S Y S T E M  ---------------

OS:
 Windows 11 , 64 bit Build 26100 (10.0.26100.8328)
OS uptime: 0 days 0:39 hours
Hyper-V role detected

CPU: total 12 (initial active 12) (6 cores per cpu, 2 threads per core) family 6 model 141 stepping 1 microcode 0x3c, cx8, cmov, fxsr, ht, mmx, 3dnowpref, sse, sse2, sse3, ssse3, sse4.1, sse4.2, popcnt, lzcnt, tsc, tscinvbit, avx, avx2, aes, erms, clmul, bmi1, bmi2, adx, avx512f, avx512dq, avx512cd, avx512bw, avx512vl, sha, fma, vzeroupper, avx512_vpopcntdq, avx512_vpclmulqdq, avx512_vaes, avx512_vnni, clflush, clflushopt, clwb, avx512_vbmi2, avx512_vbmi, hv, rdtscp, rdpid, fsrm, gfni, avx512_bitalg, f16c, cet_ibt, cet_ss, avx512_ifma
Processor Information for the first 12 processors :
  Max Mhz: 2688, Current Mhz: 2688, Mhz Limit: 2688

Memory: 4k page, system-wide physical 16163M (1236M free)
TotalPageFile size 30629M (AvailPageFile size 5M)
current process WorkingSet (physical memory assigned to process): 669M, peak: 669M
current process commit charge ("private bytes"): 709M, peak: 710M

vm_info: OpenJDK 64-Bit Server VM (21.0.10+7-LTS) for windows-amd64 JRE (21.0.10+7-LTS), built on 2026-01-20T00:00:00Z by "admin" with MS VC++ 17.12 (VS2022)

END.
