#
# There is insufficient memory for the Java Runtime Environment to continue.
# Native memory allocation (malloc) failed to allocate 1310688 bytes. Error detail: Chunk::new
# Possible reasons:
#   The system is out of physical RAM or swap space
#   This process is running with CompressedOops enabled, and the Java Heap may be blocking the growth of the native heap
# Possible solutions:
#   Reduce memory load on the system
#   Increase physical memory or swap space
#   Check if swap backing store is full
#   Decrease Java heap size (-Xmx/-Xms)
#   Decrease number of Java threads
#   Decrease Java thread stack sizes (-Xss)
#   Set larger code cache with -XX:ReservedCodeCacheSize=
#   JVM is running with Unscaled Compressed Oops mode in which the Java heap is
#     placed in the first 4GB address space. The Java Heap base address is the
#     maximum limit for the native heap growth. Please use -XX:HeapBaseMinAddress
#     to set the Java Heap base and to place the Java Heap above 4GB virtual address.
# This output file may be truncated or incomplete.
#
#  Out of Memory Error (arena.cpp:168), pid=18496, tid=25424
#
# JRE version: OpenJDK Runtime Environment Temurin-21.0.10+7 (21.0.10+7) (build 21.0.10+7-LTS)
# Java VM: OpenJDK 64-Bit Server VM Temurin-21.0.10+7 (21.0.10+7-LTS, mixed mode, sharing, tiered, compressed oops, compressed class ptrs, parallel gc, windows-amd64)
# No core dump will be written. Minidumps are not enabled by default on client versions of Windows
#

---------------  S U M M A R Y ------------

Command Line: --add-modules=ALL-SYSTEM --add-opens=java.base/java.util=ALL-UNNAMED --add-opens=java.base/java.lang=ALL-UNNAMED --add-opens=java.base/sun.nio.fs=ALL-UNNAMED -Declipse.application=org.eclipse.jdt.ls.core.id1 -Dosgi.bundles.defaultStartLevel=4 -Declipse.product=org.eclipse.jdt.ls.core.product -Djava.import.generatesMetadataFilesAtProjectRoot=false -DDetectVMInstallationsJob.disabled=true -Dfile.encoding=utf8 -XX:+UseParallelGC -XX:GCTimeRatio=4 -XX:AdaptiveSizePolicyWeight=90 -Dsun.zip.disableMemoryMapping=true -Xmx2G -Xms100m -Xlog:disable -javaagent:c:\Users\ACER\.vscode\extensions\redhat.java-1.54.0-win32-x64\lombok\lombok-1.18.39-4050.jar -XX:+HeapDumpOnOutOfMemoryError -XX:HeapDumpPath=c:\Users\ACER\AppData\Roaming\Code\User\workspaceStorage\64e83e8dcee0c24a6ba3334dafce804d\redhat.java -Daether.dependencyCollector.impl=bf c:\Users\ACER\.vscode\extensions\redhat.java-1.54.0-win32-x64\server\plugins\org.eclipse.equinox.launcher_1.7.100.v20251111-0406.jar -configuration c:\Users\ACER\AppData\Roaming\Code\User\globalStorage\redhat.java\1.54.0\config_win -data c:\Users\ACER\AppData\Roaming\Code\User\workspaceStorage\64e83e8dcee0c24a6ba3334dafce804d\redhat.java\jdt_ws --pipe=\\.\pipe\lsp-2945ac13dfc52440619ede3e1f0dbde1-sock

Host: 11th Gen Intel(R) Core(TM) i5-11400H @ 2.70GHz, 12 cores, 15G,  Windows 11 , 64 bit Build 26100 (10.0.26100.8328)
Time: Thu May  7 16:24:48 2026 SE Asia Standard Time elapsed time: 19.580550 seconds (0d 0h 0m 19s)

---------------  T H R E A D  ---------------

Current thread (0x000001c72255f2b0):  JavaThread "C2 CompilerThread2" daemon [_thread_in_native, id=25424, stack(0x0000004100100000,0x0000004100200000) (1024K)]


Current CompileTask:
C2:19580 13921       4       java.lang.reflect.Field::get (39 bytes)

Stack: [0x0000004100100000,0x0000004100200000]
Native frames: (J=compiled Java code, j=interpreted, Vv=VM code, C=native code)
V  [jvm.dll+0x6d7a39]
V  [jvm.dll+0x8b4b26]
V  [jvm.dll+0x8b70de]
V  [jvm.dll+0x8b77c3]
V  [jvm.dll+0x284346]
V  [jvm.dll+0xc66ed]
V  [jvm.dll+0xc6c31]
V  [jvm.dll+0x3bec3b]
V  [jvm.dll+0x1e3f69]
V  [jvm.dll+0x24c6b3]
V  [jvm.dll+0x24bb40]
V  [jvm.dll+0x1cb34e]
V  [jvm.dll+0x25b85d]
V  [jvm.dll+0x259dea]
V  [jvm.dll+0x3f857e]
V  [jvm.dll+0x85f59d]
V  [jvm.dll+0x6d626d]
C  [ucrtbase.dll+0x37b0]
C  [KERNEL32.DLL+0x2e957]
C  [ntdll.dll+0x427c]


---------------  P R O C E S S  ---------------

Threads class SMR info:
_java_thread_list=0x000001c7296e28d0, length=78, elements={
0x000001c6c10f6120, 0x000001c6d9abd240, 0x000001c6c11926e0, 0x000001c6c1198290,
0x000001c6c119ad00, 0x000001c6c119b760, 0x000001c6c119c1c0, 0x000001c6c119d000,
0x000001c71c079550, 0x000001c71c214170, 0x000001c71c344bc0, 0x000001c7219c5460,
0x000001c7216c2140, 0x000001c72186a1e0, 0x000001c72186b020, 0x000001c72201c870,
0x000001c7219833f0, 0x000001c722088b40, 0x000001c7218be1a0, 0x000001c721e82410,
0x000001c721e82aa0, 0x000001c721e80340, 0x000001c721e809d0, 0x000001c721e816f0,
0x000001c72255f2b0, 0x000001c724a9e360, 0x000001c724a9e9f0, 0x000001c724aa0ac0,
0x000001c724a9f080, 0x000001c724aa0430, 0x000001c724a9dcd0, 0x000001c723166d50,
0x000001c7231666c0, 0x000001c7231673e0, 0x000001c7231659a0, 0x000001c723168100,
0x000001c723167a70, 0x000001c723168790, 0x000001c723168e20, 0x000001c723166030,
0x000001c725acaf30, 0x000001c725acbc50, 0x000001c725acc2e0, 0x000001c725acd000,
0x000001c725aca8a0, 0x000001c725acd690, 0x000001c725acc970, 0x000001c725acb5c0,
0x000001c725acea40, 0x000001c725ad11a0, 0x000001c725ad1830, 0x000001c725ace3b0,
0x000001c725ad1ec0, 0x000001c725acf0d0, 0x000001c725acfdf0, 0x000001c725acf760,
0x000001c725ad0480, 0x000001c725ad0b10, 0x000001c72985ba80, 0x000001c7298599b0,
0x000001c72985c7a0, 0x000001c72985a040, 0x000001c729859320, 0x000001c72985ce30,
0x000001c72985d4c0, 0x000001c72985db50, 0x000001c72985a6d0, 0x000001c72985e1e0,
0x000001c72985c110, 0x000001c72985b3f0, 0x000001c729860940, 0x000001c72985e870,
0x000001c72985ef00, 0x000001c72985f590, 0x000001c72985fc20, 0x000001c7298602b0,
0x000001c721e81060, 0x000001c721e81d80
}

Java Threads: ( => current thread )
  0x000001c6c10f6120 JavaThread "main"                              [_thread_blocked, id=27660, stack(0x000000417dd00000,0x000000417de00000) (1024K)]
  0x000001c6d9abd240 JavaThread "Reference Handler"          daemon [_thread_blocked, id=23172, stack(0x000000417e100000,0x000000417e200000) (1024K)]
  0x000001c6c11926e0 JavaThread "Finalizer"                  daemon [_thread_blocked, id=10892, stack(0x000000417e200000,0x000000417e300000) (1024K)]
  0x000001c6c1198290 JavaThread "Signal Dispatcher"          daemon [_thread_blocked, id=20848, stack(0x000000417e300000,0x000000417e400000) (1024K)]
  0x000001c6c119ad00 JavaThread "Attach Listener"            daemon [_thread_blocked, id=28028, stack(0x000000417e400000,0x000000417e500000) (1024K)]
  0x000001c6c119b760 JavaThread "Service Thread"             daemon [_thread_blocked, id=28048, stack(0x000000417e500000,0x000000417e600000) (1024K)]
  0x000001c6c119c1c0 JavaThread "Monitor Deflation Thread"   daemon [_thread_blocked, id=26148, stack(0x000000417e600000,0x000000417e700000) (1024K)]
  0x000001c6c119d000 JavaThread "C2 CompilerThread0"         daemon [_thread_in_native, id=27912, stack(0x000000417e700000,0x000000417e800000) (1024K)]
  0x000001c71c079550 JavaThread "C1 CompilerThread0"         daemon [_thread_in_vm, id=28024, stack(0x000000417e800000,0x000000417e900000) (1024K)]
  0x000001c71c214170 JavaThread "Common-Cleaner"             daemon [_thread_blocked, id=21716, stack(0x000000417e900000,0x000000417ea00000) (1024K)]
  0x000001c71c344bc0 JavaThread "Notification Thread"        daemon [_thread_blocked, id=22532, stack(0x000000417ea00000,0x000000417eb00000) (1024K)]
  0x000001c7219c5460 JavaThread "Active Thread: Equinox Container: bf33ded9-0666-4485-b06f-701671a9812a"        [_thread_blocked, id=28424, stack(0x000000417f300000,0x000000417f400000) (1024K)]
  0x000001c7216c2140 JavaThread "Refresh Thread: Equinox Container: bf33ded9-0666-4485-b06f-701671a9812a" daemon [_thread_blocked, id=26408, stack(0x000000417f500000,0x000000417f600000) (1024K)]
  0x000001c72186a1e0 JavaThread "Framework Event Dispatcher: Equinox Container: bf33ded9-0666-4485-b06f-701671a9812a" daemon [_thread_blocked, id=27996, stack(0x000000417f600000,0x000000417f700000) (1024K)]
  0x000001c72186b020 JavaThread "Start Level: Equinox Container: bf33ded9-0666-4485-b06f-701671a9812a" daemon [_thread_blocked, id=22604, stack(0x000000417f700000,0x000000417f800000) (1024K)]
  0x000001c72201c870 JavaThread "Bundle File Closer"         daemon [_thread_blocked, id=10912, stack(0x000000417fa00000,0x000000417fb00000) (1024K)]
  0x000001c7219833f0 JavaThread "SCR Component Actor"        daemon [_thread_blocked, id=27916, stack(0x000000417eb00000,0x000000417ec00000) (1024K)]
  0x000001c722088b40 JavaThread "C2 CompilerThread1"         daemon [_thread_in_native, id=14392, stack(0x000000417ec00000,0x000000417ed00000) (1024K)]
  0x000001c7218be1a0 JavaThread "Worker-JM"                         [_thread_blocked, id=2560, stack(0x000000417fc00000,0x000000417fd00000) (1024K)]
  0x000001c721e82410 JavaThread "JNA Cleaner"                daemon [_thread_blocked, id=16720, stack(0x000000417fb00000,0x000000417fc00000) (1024K)]
  0x000001c721e82aa0 JavaThread "Worker-0"                          [_thread_blocked, id=27448, stack(0x000000417fd00000,0x000000417fe00000) (1024K)]
  0x000001c721e80340 JavaThread "Worker-1: Building"                [_thread_in_vm, id=28648, stack(0x000000417fe00000,0x000000417ff00000) (1024K)]
  0x000001c721e809d0 JavaThread "Worker-2"                          [_thread_blocked, id=23620, stack(0x000000417ff00000,0x0000004180000000) (1024K)]
  0x000001c721e816f0 JavaThread "Worker-3"                          [_thread_blocked, id=26596, stack(0x0000004100000000,0x0000004100100000) (1024K)]
=>0x000001c72255f2b0 JavaThread "C2 CompilerThread2"         daemon [_thread_in_native, id=25424, stack(0x0000004100100000,0x0000004100200000) (1024K)]
  0x000001c724a9e360 JavaThread "Java indexing"              daemon [_thread_in_Java, id=14680, stack(0x0000004100200000,0x0000004100300000) (1024K)]
  0x000001c724a9e9f0 JavaThread "Worker-4"                          [_thread_blocked, id=9748, stack(0x0000004100300000,0x0000004100400000) (1024K)]
  0x000001c724aa0ac0 JavaThread "Worker-5"                          [_thread_blocked, id=27880, stack(0x0000004100600000,0x0000004100700000) (1024K)]
  0x000001c724a9f080 JavaThread "Worker-6: Java indexing... "        [_thread_blocked, id=27792, stack(0x0000004100700000,0x0000004100800000) (1024K)]
  0x000001c724aa0430 JavaThread "Thread-1"                   daemon [_thread_in_native, id=28044, stack(0x0000004100800000,0x0000004100900000) (1024K)]
  0x000001c724a9dcd0 JavaThread "Thread-2"                   daemon [_thread_in_native, id=28220, stack(0x0000004100900000,0x0000004100a00000) (1024K)]
  0x000001c723166d50 JavaThread "Thread-3"                   daemon [_thread_in_native, id=17780, stack(0x0000004100a00000,0x0000004100b00000) (1024K)]
  0x000001c7231666c0 JavaThread "Thread-4"                   daemon [_thread_in_native, id=21436, stack(0x0000004100b00000,0x0000004100c00000) (1024K)]
  0x000001c7231673e0 JavaThread "Thread-5"                   daemon [_thread_in_native, id=28208, stack(0x0000004100c00000,0x0000004100d00000) (1024K)]
  0x000001c7231659a0 JavaThread "Thread-6"                   daemon [_thread_in_native, id=8328, stack(0x0000004100d00000,0x0000004100e00000) (1024K)]
  0x000001c723168100 JavaThread "Thread-7"                   daemon [_thread_in_native, id=24136, stack(0x0000004100e00000,0x0000004100f00000) (1024K)]
  0x000001c723167a70 JavaThread "Thread-8"                   daemon [_thread_in_native, id=14164, stack(0x0000004100f00000,0x0000004101000000) (1024K)]
  0x000001c723168790 JavaThread "Thread-9"                   daemon [_thread_in_native, id=28212, stack(0x0000004101000000,0x0000004101100000) (1024K)]
  0x000001c723168e20 JavaThread "Thread-10"                  daemon [_thread_in_native, id=26140, stack(0x0000004101100000,0x0000004101200000) (1024K)]
  0x000001c723166030 JavaThread "Thread-11"                  daemon [_thread_in_native, id=9504, stack(0x0000004101200000,0x0000004101300000) (1024K)]
  0x000001c725acaf30 JavaThread "Thread-12"                  daemon [_thread_in_native, id=4672, stack(0x0000004101300000,0x0000004101400000) (1024K)]
  0x000001c725acbc50 JavaThread "Thread-13"                  daemon [_thread_in_native, id=23564, stack(0x0000004101400000,0x0000004101500000) (1024K)]
  0x000001c725acc2e0 JavaThread "pool-2-thread-1"                   [_thread_blocked, id=26512, stack(0x0000004101500000,0x0000004101600000) (1024K)]
  0x000001c725acd000 JavaThread "WorkspaceEventsHandler"            [_thread_blocked, id=9016, stack(0x0000004101600000,0x0000004101700000) (1024K)]
  0x000001c725aca8a0 JavaThread "pool-1-thread-1"                   [_thread_blocked, id=27936, stack(0x0000004101700000,0x0000004101800000) (1024K)]
  0x000001c725acd690 JavaThread "LocalFile Deleter"          daemon [_thread_blocked, id=18560, stack(0x0000004101800000,0x0000004101900000) (1024K)]
  0x000001c725acc970 JavaThread "LocalFile Deleter"          daemon [_thread_blocked, id=9596, stack(0x0000004101900000,0x0000004101a00000) (1024K)]
  0x000001c725acb5c0 JavaThread "LocalFile Deleter"          daemon [_thread_blocked, id=28656, stack(0x0000004101a00000,0x0000004101b00000) (1024K)]
  0x000001c725acea40 JavaThread "LocalFile Deleter"          daemon [_thread_blocked, id=28604, stack(0x0000004101b00000,0x0000004101c00000) (1024K)]
  0x000001c725ad11a0 JavaThread "LocalFile Deleter"          daemon [_thread_blocked, id=15348, stack(0x0000004101c00000,0x0000004101d00000) (1024K)]
  0x000001c725ad1830 JavaThread "LocalFile Deleter"          daemon [_thread_blocked, id=27496, stack(0x0000004101d00000,0x0000004101e00000) (1024K)]
  0x000001c725ace3b0 JavaThread "LocalFile Deleter"          daemon [_thread_blocked, id=27940, stack(0x0000004101e00000,0x0000004101f00000) (1024K)]
  0x000001c725ad1ec0 JavaThread "LocalFile Deleter"          daemon [_thread_blocked, id=28196, stack(0x0000004101f00000,0x0000004102000000) (1024K)]
  0x000001c725acf0d0 JavaThread "LocalFile Deleter"          daemon [_thread_blocked, id=2784, stack(0x0000004102000000,0x0000004102100000) (1024K)]
  0x000001c725acfdf0 JavaThread "LocalFile Deleter"          daemon [_thread_blocked, id=27848, stack(0x0000004102100000,0x0000004102200000) (1024K)]
  0x000001c725acf760 JavaThread "Compiler Source File Reader" daemon [_thread_blocked, id=26128, stack(0x0000004102200000,0x0000004102300000) (1024K)]
  0x000001c725ad0480 JavaThread "Compiler Source File Reader" daemon [_thread_blocked, id=25412, stack(0x0000004102300000,0x0000004102400000) (1024K)]
  0x000001c725ad0b10 JavaThread "Compiler Source File Reader" daemon [_thread_blocked, id=27908, stack(0x0000004102400000,0x0000004102500000) (1024K)]
  0x000001c72985ba80 JavaThread "Compiler Source File Reader" daemon [_thread_blocked, id=28652, stack(0x0000004102500000,0x0000004102600000) (1024K)]
  0x000001c7298599b0 JavaThread "Compiler Source File Reader" daemon [_thread_blocked, id=27492, stack(0x0000004102600000,0x0000004102700000) (1024K)]
  0x000001c72985c7a0 JavaThread "Compiler Source File Reader" daemon [_thread_blocked, id=27592, stack(0x0000004102700000,0x0000004102800000) (1024K)]
  0x000001c72985a040 JavaThread "Compiler Source File Reader" daemon [_thread_blocked, id=22428, stack(0x0000004102800000,0x0000004102900000) (1024K)]
  0x000001c729859320 JavaThread "Compiler Processing Task"   daemon [_thread_blocked, id=28016, stack(0x0000004102900000,0x0000004102a00000) (1024K)]
  0x000001c72985ce30 JavaThread "Compiler Class File Writer" daemon [_thread_blocked, id=3096, stack(0x0000004102a00000,0x0000004102b00000) (1024K)]
  0x000001c72985d4c0 JavaThread "Compiler Class File Writer" daemon [_thread_blocked, id=25536, stack(0x0000004102b00000,0x0000004102c00000) (1024K)]
  0x000001c72985db50 JavaThread "Compiler Class File Writer" daemon [_thread_blocked, id=12436, stack(0x0000004102c00000,0x0000004102d00000) (1024K)]
  0x000001c72985a6d0 JavaThread "Compiler Class File Writer" daemon [_thread_blocked, id=28596, stack(0x0000004102d00000,0x0000004102e00000) (1024K)]
  0x000001c72985e1e0 JavaThread "Compiler Class File Writer" daemon [_thread_blocked, id=4828, stack(0x0000004102e00000,0x0000004102f00000) (1024K)]
  0x000001c72985c110 JavaThread "Compiler Class File Writer" daemon [_thread_blocked, id=22636, stack(0x0000004102f00000,0x0000004103000000) (1024K)]
  0x000001c72985b3f0 JavaThread "Compiler Class File Writer" daemon [_thread_blocked, id=28548, stack(0x0000004103000000,0x0000004103100000) (1024K)]
  0x000001c729860940 JavaThread "LocalFile Deleter"          daemon [_thread_blocked, id=25020, stack(0x0000004103100000,0x0000004103200000) (1024K)]
  0x000001c72985e870 JavaThread "LocalFile Deleter"          daemon [_thread_blocked, id=13228, stack(0x0000004103200000,0x0000004103300000) (1024K)]
  0x000001c72985ef00 JavaThread "Compiler Source File Reader" daemon [_thread_blocked, id=28496, stack(0x0000004103300000,0x0000004103400000) (1024K)]
  0x000001c72985f590 JavaThread "Compiler Source File Reader" daemon [_thread_blocked, id=27440, stack(0x0000004103400000,0x0000004103500000) (1024K)]
  0x000001c72985fc20 JavaThread "Compiler Source File Reader" daemon [_thread_blocked, id=27676, stack(0x0000004103500000,0x0000004103600000) (1024K)]
  0x000001c7298602b0 JavaThread "Compiler Class File Writer" daemon [_thread_blocked, id=27980, stack(0x0000004103600000,0x0000004103700000) (1024K)]
  0x000001c721e81060 JavaThread "Compiler Class File Writer" daemon [_thread_blocked, id=28524, stack(0x0000004103700000,0x0000004103800000) (1024K)]
  0x000001c721e81d80 JavaThread "Compiler Class File Writer" daemon [_thread_blocked, id=19192, stack(0x0000004103800000,0x0000004103900000) (1024K)]
Total: 78

Other Threads:
  0x000001c71c010d70 VMThread "VM Thread"                           [id=21468, stack(0x000000417e000000,0x000000417e100000) (1024K)]
  0x000001c6d999c950 WatcherThread "VM Periodic Task Thread"        [id=25284, stack(0x000000417df00000,0x000000417e000000) (1024K)]
  0x000001c6c1113930 WorkerThread "GC Thread#0"                     [id=11032, stack(0x000000417de00000,0x000000417df00000) (1024K)]
  0x000001c7212248d0 WorkerThread "GC Thread#1"                     [id=28244, stack(0x000000417ed00000,0x000000417ee00000) (1024K)]
  0x000001c7212231d0 WorkerThread "GC Thread#2"                     [id=9536, stack(0x000000417ee00000,0x000000417ef00000) (1024K)]
  0x000001c72149d6d0 WorkerThread "GC Thread#3"                     [id=28492, stack(0x000000417ef00000,0x000000417f000000) (1024K)]
  0x000001c721224c80 WorkerThread "GC Thread#4"                     [id=28500, stack(0x000000417f000000,0x000000417f100000) (1024K)]
  0x000001c7216638b0 WorkerThread "GC Thread#5"                     [id=24516, stack(0x000000417f100000,0x000000417f200000) (1024K)]
  0x000001c721663c60 WorkerThread "GC Thread#6"                     [id=2600, stack(0x000000417f200000,0x000000417f300000) (1024K)]
  0x000001c7219d5e40 WorkerThread "GC Thread#7"                     [id=28476, stack(0x000000417f400000,0x000000417f500000) (1024K)]
  0x000001c7218afd10 WorkerThread "GC Thread#8"                     [id=26484, stack(0x000000417f800000,0x000000417f900000) (1024K)]
  0x000001c721e5d080 WorkerThread "GC Thread#9"                     [id=13548, stack(0x000000417f900000,0x000000417fa00000) (1024K)]
Total: 12

Threads with active compile tasks:
C2 CompilerThread0  19599 13932       4       lombok.eclipse.handlers.EclipseHandlerUtil::setGeneratedBy (10 bytes)
C1 CompilerThread0  19599 14130       3       org.eclipse.jdt.internal.compiler.ast.Annotation::resolveType (1555 bytes)
C2 CompilerThread1  19599 13953   !   4       lombok.core.FieldAugment$ReflectionFieldAugment::getAndSet (80 bytes)
C2 CompilerThread2  19599 13921       4       java.lang.reflect.Field::get (39 bytes)
Total: 4

VM state: not at safepoint (normal execution)

VM Mutex/Monitor currently owned by a thread:  ([mutex/lock_event])
[0x00007ff8a195e560] Threads_lock - owner thread: 0x000001c71c010d70
[0x00007ff8a195e660] Heap_lock - owner thread: 0x000001c724a9e360

Heap address: 0x0000000080000000, size: 2048 MB, Compressed Oops mode: 32-bit

CDS archive(s) mapped at: [0x000001c6da000000-0x000001c6daba0000-0x000001c6daba0000), size 12189696, SharedBaseAddress: 0x000001c6da000000, ArchiveRelocationMode: 1.
Compressed class space mapped at: 0x000001c6db000000-0x000001c71b000000, reserved size: 1073741824
Narrow klass base: 0x000001c6da000000, Narrow klass shift: 0, Narrow klass range: 0x100000000

GC Precious Log:
 CardTable entry size: 512
 CPUs: 12 total, 12 available
 Memory: 16163M
 Large Page Support: Disabled
 NUMA Support: Disabled
 Compressed Oops: Enabled (32-bit)
 Alignments: Space 512K, Generation 512K, Heap 2M
 Heap Min Capacity: 100M
 Heap Initial Capacity: 100M
 Heap Max Capacity: 2G
 Pre-touch: Disabled
 Parallel Workers: 10

Heap:
 PSYoungGen      total 3584K, used 3008K [0x00000000d5580000, 0x00000000d5a80000, 0x0000000100000000)
  eden space 2560K, 100% used [0x00000000d5580000,0x00000000d5800000,0x00000000d5800000)
  from space 1024K, 43% used [0x00000000d5800000,0x00000000d5870000,0x00000000d5900000)
  to   space 1024K, 0% used [0x00000000d5980000,0x00000000d5980000,0x00000000d5a80000)
 ParOldGen       total 304640K, used 304506K [0x0000000080000000, 0x0000000092980000, 0x00000000d5580000)
  object space 304640K, 99% used [0x0000000080000000,0x000000009295eb70,0x0000000092980000)
 Metaspace       used 64425K, committed 65856K, reserved 1114112K
  class space    used 6647K, committed 7296K, reserved 1048576K

Card table byte_map: [0x000001c6d4dd0000,0x000001c6d51e0000] _byte_map_base: 0x000001c6d49d0000

Marking Bits: (ParMarkBitMap*) 0x00007ff8a1963450
 Begin Bits: [0x000001c6d5490000, 0x000001c6d7490000)
 End Bits:   [0x000001c6d7490000, 0x000001c6d9490000)

Polling page: 0x000001c6c14d0000

Metaspace:

Usage:
  Non-class:     56.42 MB used.
      Class:      6.49 MB used.
       Both:     62.92 MB used.

Virtual space:
  Non-class space:       64.00 MB reserved,      57.19 MB ( 89%) committed,  1 nodes.
      Class space:        1.00 GB reserved,       7.12 MB ( <1%) committed,  1 nodes.
             Both:        1.06 GB reserved,      64.31 MB (  6%) committed. 

Chunk freelists:
   Non-Class:  6.39 MB
       Class:  8.76 MB
        Both:  15.15 MB

MaxMetaspaceSize: unlimited
CompressedClassSpaceSize: 1.00 GB
Initial GC threshold: 21.00 MB
Current GC threshold: 97.31 MB
CDS: on
 - commit_granule_bytes: 65536.
 - commit_granule_words: 8192.
 - virtual_space_node_default_size: 8388608.
 - enlarge_chunks_in_place: 1.
 - use_allocation_guard: 0.


Internal statistics:

num_allocs_failed_limit: 9.
num_arena_births: 1258.
num_arena_deaths: 14.
num_vsnodes_births: 2.
num_vsnodes_deaths: 0.
num_space_committed: 1029.
num_space_uncommitted: 0.
num_chunks_returned_to_freelist: 23.
num_chunks_taken_from_freelist: 4489.
num_chunk_merges: 9.
num_chunk_splits: 2638.
num_chunks_enlarged: 1353.
num_inconsistent_stats: 0.

CodeHeap 'non-profiled nmethods': size=120000Kb used=9784Kb max_used=9784Kb free=110215Kb
 bounds [0x000001c6cd6b0000, 0x000001c6ce040000, 0x000001c6d4be0000]
CodeHeap 'profiled nmethods': size=120000Kb used=30287Kb max_used=30287Kb free=89713Kb
 bounds [0x000001c6c5be0000, 0x000001c6c7980000, 0x000001c6cd110000]
CodeHeap 'non-nmethods': size=5760Kb used=1439Kb max_used=1516Kb free=4321Kb
 bounds [0x000001c6cd110000, 0x000001c6cd380000, 0x000001c6cd6b0000]
CodeCache: size=245760Kb, used=41510Kb, max_used=41587Kb, free=204249Kb
 total_blobs=13881, nmethods=13141, adapters=645, full_count=0
Compilation: enabled, stopped_count=0, restarted_count=0

Compilation events (20 events):
Event: 19.567 Thread 0x000001c71c079550 14086       3       org.eclipse.jdt.internal.core.builder.ClasspathJrt::hasCompilationUnit (10 bytes)
Event: 19.568 Thread 0x000001c71c079550 nmethod 14086 0x000001c6c7957090 code [0x000001c6c7957240, 0x000001c6c79574a8]
Event: 19.568 Thread 0x000001c71c079550 14087       3       org.eclipse.jdt.internal.compiler.util.JRTUtil::hasCompilationUnit (13 bytes)
Event: 19.568 Thread 0x000001c71c079550 nmethod 14087 0x000001c6c7957610 code [0x000001c6c79577c0, 0x000001c6c79579c8]
Event: 19.568 Thread 0x000001c71c079550 14088   !   3       org.eclipse.jdt.internal.compiler.util.JrtFileSystem::hasClassFile (167 bytes)
Event: 19.569 Thread 0x000001c71c079550 nmethod 14088 0x000001c6c7957a90 code [0x000001c6c7957de0, 0x000001c6c7959348]
Event: 19.569 Thread 0x000001c71c079550 14091       3       org.eclipse.jdt.internal.compiler.ast.ASTNode::tagMissingAnalysisAnnotation (210 bytes)
Event: 19.569 Thread 0x000001c71c079550 nmethod 14091 0x000001c6c7959b90 code [0x000001c6c7959e80, 0x000001c6c795b610]
Event: 19.569 Thread 0x000001c71c079550 14094   !   3       org.eclipse.jdt.internal.core.builder.BuildNotifier::checkCancelWithinCompiler (41 bytes)
Event: 19.570 Thread 0x000001c71c079550 nmethod 14094 0x000001c6c795bb90 code [0x000001c6c795bd80, 0x000001c6c795c140]
Event: 19.570 Thread 0x000001c71c079550 14095   !   3       java.lang.StringLatin1::replace (291 bytes)
Event: 19.571 Thread 0x000001c71c079550 nmethod 14095 0x000001c6c795c310 code [0x000001c6c795c640, 0x000001c6c795d790]
Event: 19.571 Thread 0x000001c71c079550 14096       3       org.eclipse.jdt.internal.compiler.util.SimpleSet::includes (54 bytes)
Event: 19.571 Thread 0x000001c71c079550 nmethod 14096 0x000001c6c795e110 code [0x000001c6c795e300, 0x000001c6c795e778]
Event: 19.571 Thread 0x000001c71c079550 14097       3       org.eclipse.jdt.internal.compiler.apt.dispatch.AnnotationDiscoveryVisitor::visit (139 bytes)
Event: 19.572 Thread 0x000001c71c079550 nmethod 14097 0x000001c6c795e990 code [0x000001c6c795eba0, 0x000001c6c795f2c8]
Event: 19.572 Thread 0x000001c71c079550 14090       3       java.nio.file.spi.FileSystemProvider::followLinks (66 bytes)
Event: 19.572 Thread 0x000001c71c079550 nmethod 14090 0x000001c6c795f610 code [0x000001c6c795f800, 0x000001c6c795fbe0]
Event: 19.572 Thread 0x000001c71c079550 14089       3       org.eclipse.jdt.internal.compiler.ast.Annotation::checkAnnotationTarget (99 bytes)
Event: 19.579 Thread 0x000001c71c079550 nmethod 14089 0x000001c6c795fd90 code [0x000001c6c7960000, 0x000001c6c7960ad0]

GC Heap History (20 events):
Event: 19.463 GC heap before
{Heap before GC invocations=392 (full 3):
 PSYoungGen      total 3072K, used 3054K [0x00000000d5580000, 0x00000000d5b80000, 0x0000000100000000)
  eden space 2560K, 100% used [0x00000000d5580000,0x00000000d5800000,0x00000000d5800000)
  from space 512K, 96% used [0x00000000d5980000,0x00000000d59fba20,0x00000000d5a00000)
  to   space 1536K, 0% used [0x00000000d5800000,0x00000000d5800000,0x00000000d5980000)
 ParOldGen       total 300544K, used 300151K [0x0000000080000000, 0x0000000092580000, 0x00000000d5580000)
  object space 300544K, 99% used [0x0000000080000000,0x000000009251dcb0,0x0000000092580000)
 Metaspace       used 64341K, committed 65792K, reserved 1114112K
  class space    used 6647K, committed 7296K, reserved 1048576K
}
Event: 19.465 GC heap after
{Heap after GC invocations=392 (full 3):
 PSYoungGen      total 3584K, used 704K [0x00000000d5580000, 0x00000000d5a00000, 0x0000000100000000)
  eden space 2560K, 0% used [0x00000000d5580000,0x00000000d5580000,0x00000000d5800000)
  from space 1024K, 68% used [0x00000000d5800000,0x00000000d58b0000,0x00000000d5900000)
  to   space 1024K, 0% used [0x00000000d5900000,0x00000000d5900000,0x00000000d5a00000)
 ParOldGen       total 301056K, used 300585K [0x0000000080000000, 0x0000000092600000, 0x00000000d5580000)
  object space 301056K, 99% used [0x0000000080000000,0x000000009258a668,0x0000000092600000)
 Metaspace       used 64341K, committed 65792K, reserved 1114112K
  class space    used 6647K, committed 7296K, reserved 1048576K
}
Event: 19.476 GC heap before
{Heap before GC invocations=393 (full 3):
 PSYoungGen      total 3584K, used 3264K [0x00000000d5580000, 0x00000000d5a00000, 0x0000000100000000)
  eden space 2560K, 100% used [0x00000000d5580000,0x00000000d5800000,0x00000000d5800000)
  from space 1024K, 68% used [0x00000000d5800000,0x00000000d58b0000,0x00000000d5900000)
  to   space 1024K, 0% used [0x00000000d5900000,0x00000000d5900000,0x00000000d5a00000)
 ParOldGen       total 301056K, used 300585K [0x0000000080000000, 0x0000000092600000, 0x00000000d5580000)
  object space 301056K, 99% used [0x0000000080000000,0x000000009258a668,0x0000000092600000)
 Metaspace       used 64352K, committed 65792K, reserved 1114112K
  class space    used 6647K, committed 7296K, reserved 1048576K
}
Event: 19.478 GC heap after
{Heap after GC invocations=393 (full 3):
 PSYoungGen      total 3584K, used 512K [0x00000000d5580000, 0x00000000d5a00000, 0x0000000100000000)
  eden space 2560K, 0% used [0x00000000d5580000,0x00000000d5580000,0x00000000d5800000)
  from space 1024K, 50% used [0x00000000d5900000,0x00000000d5980000,0x00000000d5a00000)
  to   space 1024K, 0% used [0x00000000d5800000,0x00000000d5800000,0x00000000d5900000)
 ParOldGen       total 301568K, used 301174K [0x0000000080000000, 0x0000000092680000, 0x00000000d5580000)
  object space 301568K, 99% used [0x0000000080000000,0x000000009261db20,0x0000000092680000)
 Metaspace       used 64352K, committed 65792K, reserved 1114112K
  class space    used 6647K, committed 7296K, reserved 1048576K
}
Event: 19.489 GC heap before
{Heap before GC invocations=394 (full 3):
 PSYoungGen      total 3584K, used 3072K [0x00000000d5580000, 0x00000000d5a00000, 0x0000000100000000)
  eden space 2560K, 100% used [0x00000000d5580000,0x00000000d5800000,0x00000000d5800000)
  from space 1024K, 50% used [0x00000000d5900000,0x00000000d5980000,0x00000000d5a00000)
  to   space 1024K, 0% used [0x00000000d5800000,0x00000000d5800000,0x00000000d5900000)
 ParOldGen       total 301568K, used 301174K [0x0000000080000000, 0x0000000092680000, 0x00000000d5580000)
  object space 301568K, 99% used [0x0000000080000000,0x000000009261db20,0x0000000092680000)
 Metaspace       used 64356K, committed 65792K, reserved 1114112K
  class space    used 6647K, committed 7296K, reserved 1048576K
}
Event: 19.491 GC heap after
{Heap after GC invocations=394 (full 3):
 PSYoungGen      total 3584K, used 480K [0x00000000d5580000, 0x00000000d5980000, 0x0000000100000000)
  eden space 2560K, 0% used [0x00000000d5580000,0x00000000d5580000,0x00000000d5800000)
  from space 1024K, 46% used [0x00000000d5800000,0x00000000d5878000,0x00000000d5900000)
  to   space 512K, 0% used [0x00000000d5900000,0x00000000d5900000,0x00000000d5980000)
 ParOldGen       total 301568K, used 301562K [0x0000000080000000, 0x0000000092680000, 0x00000000d5580000)
  object space 301568K, 99% used [0x0000000080000000,0x000000009267eb68,0x0000000092680000)
 Metaspace       used 64356K, committed 65792K, reserved 1114112K
  class space    used 6647K, committed 7296K, reserved 1048576K
}
Event: 19.500 GC heap before
{Heap before GC invocations=395 (full 3):
 PSYoungGen      total 3584K, used 3040K [0x00000000d5580000, 0x00000000d5980000, 0x0000000100000000)
  eden space 2560K, 100% used [0x00000000d5580000,0x00000000d5800000,0x00000000d5800000)
  from space 1024K, 46% used [0x00000000d5800000,0x00000000d5878000,0x00000000d5900000)
  to   space 512K, 0% used [0x00000000d5900000,0x00000000d5900000,0x00000000d5980000)
 ParOldGen       total 301568K, used 301562K [0x0000000080000000, 0x0000000092680000, 0x00000000d5580000)
  object space 301568K, 99% used [0x0000000080000000,0x000000009267eb68,0x0000000092680000)
 Metaspace       used 64360K, committed 65792K, reserved 1114112K
  class space    used 6647K, committed 7296K, reserved 1048576K
}
Event: 19.502 GC heap after
{Heap after GC invocations=395 (full 3):
 PSYoungGen      total 3072K, used 512K [0x00000000d5580000, 0x00000000d5a00000, 0x0000000100000000)
  eden space 2560K, 0% used [0x00000000d5580000,0x00000000d5580000,0x00000000d5800000)
  from space 512K, 100% used [0x00000000d5900000,0x00000000d5980000,0x00000000d5980000)
  to   space 1024K, 0% used [0x00000000d5800000,0x00000000d5800000,0x00000000d5900000)
 ParOldGen       total 302080K, used 301889K [0x0000000080000000, 0x0000000092700000, 0x00000000d5580000)
  object space 302080K, 99% used [0x0000000080000000,0x00000000926d0578,0x0000000092700000)
 Metaspace       used 64360K, committed 65792K, reserved 1114112K
  class space    used 6647K, committed 7296K, reserved 1048576K
}
Event: 19.512 GC heap before
{Heap before GC invocations=396 (full 3):
 PSYoungGen      total 3072K, used 3072K [0x00000000d5580000, 0x00000000d5a00000, 0x0000000100000000)
  eden space 2560K, 100% used [0x00000000d5580000,0x00000000d5800000,0x00000000d5800000)
  from space 512K, 100% used [0x00000000d5900000,0x00000000d5980000,0x00000000d5980000)
  to   space 1024K, 0% used [0x00000000d5800000,0x00000000d5800000,0x00000000d5900000)
 ParOldGen       total 302080K, used 301889K [0x0000000080000000, 0x0000000092700000, 0x00000000d5580000)
  object space 302080K, 99% used [0x0000000080000000,0x00000000926d05e0,0x0000000092700000)
 Metaspace       used 64360K, committed 65792K, reserved 1114112K
  class space    used 6647K, committed 7296K, reserved 1048576K
}
Event: 19.515 GC heap after
{Heap after GC invocations=396 (full 3):
 PSYoungGen      total 3584K, used 608K [0x00000000d5580000, 0x00000000d5a00000, 0x0000000100000000)
  eden space 2560K, 0% used [0x00000000d5580000,0x00000000d5580000,0x00000000d5800000)
  from space 1024K, 59% used [0x00000000d5800000,0x00000000d5898000,0x00000000d5900000)
  to   space 1024K, 0% used [0x00000000d5900000,0x00000000d5900000,0x00000000d5a00000)
 ParOldGen       total 302592K, used 302310K [0x0000000080000000, 0x0000000092780000, 0x00000000d5580000)
  object space 302592K, 99% used [0x0000000080000000,0x0000000092739810,0x0000000092780000)
 Metaspace       used 64360K, committed 65792K, reserved 1114112K
  class space    used 6647K, committed 7296K, reserved 1048576K
}
Event: 19.525 GC heap before
{Heap before GC invocations=397 (full 3):
 PSYoungGen      total 3584K, used 3168K [0x00000000d5580000, 0x00000000d5a00000, 0x0000000100000000)
  eden space 2560K, 100% used [0x00000000d5580000,0x00000000d5800000,0x00000000d5800000)
  from space 1024K, 59% used [0x00000000d5800000,0x00000000d5898000,0x00000000d5900000)
  to   space 1024K, 0% used [0x00000000d5900000,0x00000000d5900000,0x00000000d5a00000)
 ParOldGen       total 302592K, used 302336K [0x0000000080000000, 0x0000000092780000, 0x00000000d5580000)
  object space 302592K, 99% used [0x0000000080000000,0x0000000092740228,0x0000000092780000)
 Metaspace       used 64366K, committed 65792K, reserved 1114112K
  class space    used 6647K, committed 7296K, reserved 1048576K
}
Event: 19.527 GC heap after
{Heap after GC invocations=397 (full 3):
 PSYoungGen      total 3584K, used 544K [0x00000000d5580000, 0x00000000d5a00000, 0x0000000100000000)
  eden space 2560K, 0% used [0x00000000d5580000,0x00000000d5580000,0x00000000d5800000)
  from space 1024K, 53% used [0x00000000d5900000,0x00000000d5988000,0x00000000d5a00000)
  to   space 1024K, 0% used [0x00000000d5800000,0x00000000d5800000,0x00000000d5900000)
 ParOldGen       total 303104K, used 302792K [0x0000000080000000, 0x0000000092800000, 0x00000000d5580000)
  object space 303104K, 99% used [0x0000000080000000,0x00000000927b2040,0x0000000092800000)
 Metaspace       used 64366K, committed 65792K, reserved 1114112K
  class space    used 6647K, committed 7296K, reserved 1048576K
}
Event: 19.538 GC heap before
{Heap before GC invocations=398 (full 3):
 PSYoungGen      total 3584K, used 3104K [0x00000000d5580000, 0x00000000d5a00000, 0x0000000100000000)
  eden space 2560K, 100% used [0x00000000d5580000,0x00000000d5800000,0x00000000d5800000)
  from space 1024K, 53% used [0x00000000d5900000,0x00000000d5988000,0x00000000d5a00000)
  to   space 1024K, 0% used [0x00000000d5800000,0x00000000d5800000,0x00000000d5900000)
 ParOldGen       total 303104K, used 302792K [0x0000000080000000, 0x0000000092800000, 0x00000000d5580000)
  object space 303104K, 99% used [0x0000000080000000,0x00000000927b2040,0x0000000092800000)
 Metaspace       used 64384K, committed 65856K, reserved 1114112K
  class space    used 6647K, committed 7296K, reserved 1048576K
}
Event: 19.540 GC heap after
{Heap after GC invocations=398 (full 3):
 PSYoungGen      total 3584K, used 448K [0x00000000d5580000, 0x00000000d5980000, 0x0000000100000000)
  eden space 2560K, 0% used [0x00000000d5580000,0x00000000d5580000,0x00000000d5800000)
  from space 1024K, 43% used [0x00000000d5800000,0x00000000d5870000,0x00000000d5900000)
  to   space 512K, 0% used [0x00000000d5900000,0x00000000d5900000,0x00000000d5980000)
 ParOldGen       total 303616K, used 303222K [0x0000000080000000, 0x0000000092880000, 0x00000000d5580000)
  object space 303616K, 99% used [0x0000000080000000,0x000000009281daf0,0x0000000092880000)
 Metaspace       used 64384K, committed 65856K, reserved 1114112K
  class space    used 6647K, committed 7296K, reserved 1048576K
}
Event: 19.554 GC heap before
{Heap before GC invocations=399 (full 3):
 PSYoungGen      total 3584K, used 3008K [0x00000000d5580000, 0x00000000d5980000, 0x0000000100000000)
  eden space 2560K, 100% used [0x00000000d5580000,0x00000000d5800000,0x00000000d5800000)
  from space 1024K, 43% used [0x00000000d5800000,0x00000000d5870000,0x00000000d5900000)
  to   space 512K, 0% used [0x00000000d5900000,0x00000000d5900000,0x00000000d5980000)
 ParOldGen       total 303616K, used 303222K [0x0000000080000000, 0x0000000092880000, 0x00000000d5580000)
  object space 303616K, 99% used [0x0000000080000000,0x000000009281daf0,0x0000000092880000)
 Metaspace       used 64396K, committed 65856K, reserved 1114112K
  class space    used 6647K, committed 7296K, reserved 1048576K
}
Event: 19.556 GC heap after
{Heap after GC invocations=399 (full 3):
 PSYoungGen      total 3072K, used 384K [0x00000000d5580000, 0x00000000d5980000, 0x0000000100000000)
  eden space 2560K, 0% used [0x00000000d5580000,0x00000000d5580000,0x00000000d5800000)
  from space 512K, 75% used [0x00000000d5900000,0x00000000d5960000,0x00000000d5980000)
  to   space 512K, 0% used [0x00000000d5880000,0x00000000d5880000,0x00000000d5900000)
 ParOldGen       total 303616K, used 303549K [0x0000000080000000, 0x0000000092880000, 0x00000000d5580000)
  object space 303616K, 99% used [0x0000000080000000,0x000000009286f5c0,0x0000000092880000)
 Metaspace       used 64396K, committed 65856K, reserved 1114112K
  class space    used 6647K, committed 7296K, reserved 1048576K
}
Event: 19.566 GC heap before
{Heap before GC invocations=400 (full 3):
 PSYoungGen      total 3072K, used 2944K [0x00000000d5580000, 0x00000000d5980000, 0x0000000100000000)
  eden space 2560K, 100% used [0x00000000d5580000,0x00000000d5800000,0x00000000d5800000)
  from space 512K, 75% used [0x00000000d5900000,0x00000000d5960000,0x00000000d5980000)
  to   space 512K, 0% used [0x00000000d5880000,0x00000000d5880000,0x00000000d5900000)
 ParOldGen       total 303616K, used 303564K [0x0000000080000000, 0x0000000092880000, 0x00000000d5580000)
  object space 303616K, 99% used [0x0000000080000000,0x0000000092873040,0x0000000092880000)
 Metaspace       used 64398K, committed 65856K, reserved 1114112K
  class space    used 6647K, committed 7296K, reserved 1048576K
}
Event: 19.567 GC heap after
{Heap after GC invocations=400 (full 3):
 PSYoungGen      total 3072K, used 448K [0x00000000d5580000, 0x00000000d5980000, 0x0000000100000000)
  eden space 2560K, 0% used [0x00000000d5580000,0x00000000d5580000,0x00000000d5800000)
  from space 512K, 87% used [0x00000000d5880000,0x00000000d58f0000,0x00000000d5900000)
  to   space 512K, 0% used [0x00000000d5900000,0x00000000d5900000,0x00000000d5980000)
 ParOldGen       total 304128K, used 303827K [0x0000000080000000, 0x0000000092900000, 0x00000000d5580000)
  object space 304128K, 99% used [0x0000000080000000,0x00000000928b4f90,0x0000000092900000)
 Metaspace       used 64398K, committed 65856K, reserved 1114112K
  class space    used 6647K, committed 7296K, reserved 1048576K
}
Event: 19.572 GC heap before
{Heap before GC invocations=401 (full 3):
 PSYoungGen      total 3072K, used 3008K [0x00000000d5580000, 0x00000000d5980000, 0x0000000100000000)
  eden space 2560K, 100% used [0x00000000d5580000,0x00000000d5800000,0x00000000d5800000)
  from space 512K, 87% used [0x00000000d5880000,0x00000000d58f0000,0x00000000d5900000)
  to   space 512K, 0% used [0x00000000d5900000,0x00000000d5900000,0x00000000d5980000)
 ParOldGen       total 304128K, used 303834K [0x0000000080000000, 0x0000000092900000, 0x00000000d5580000)
  object space 304128K, 99% used [0x0000000080000000,0x00000000928b69c0,0x0000000092900000)
 Metaspace       used 64406K, committed 65856K, reserved 1114112K
  class space    used 6647K, committed 7296K, reserved 1048576K
}
Event: 19.578 GC heap after
{Heap after GC invocations=401 (full 3):
 PSYoungGen      total 3072K, used 512K [0x00000000d5580000, 0x00000000d5a80000, 0x0000000100000000)
  eden space 2560K, 0% used [0x00000000d5580000,0x00000000d5580000,0x00000000d5800000)
  from space 512K, 100% used [0x00000000d5900000,0x00000000d5980000,0x00000000d5980000)
  to   space 1024K, 0% used [0x00000000d5800000,0x00000000d5800000,0x00000000d5900000)
 ParOldGen       total 304640K, used 304138K [0x0000000080000000, 0x0000000092980000, 0x00000000d5580000)
  object space 304640K, 99% used [0x0000000080000000,0x00000000929029c0,0x0000000092980000)
 Metaspace       used 64406K, committed 65856K, reserved 1114112K
  class space    used 6647K, committed 7296K, reserved 1048576K
}

Dll operation events (10 events):
Event: 0.013 Loaded shared library c:\Users\ACER\.vscode\extensions\redhat.java-1.54.0-win32-x64\jre\21.0.10-win32-x86_64\bin\java.dll
Event: 0.182 Loaded shared library c:\Users\ACER\.vscode\extensions\redhat.java-1.54.0-win32-x64\jre\21.0.10-win32-x86_64\bin\zip.dll
Event: 0.208 Loaded shared library C:\Users\ACER\.vscode\extensions\redhat.java-1.54.0-win32-x64\jre\21.0.10-win32-x86_64\bin\instrument.dll
Event: 0.216 Loaded shared library C:\Users\ACER\.vscode\extensions\redhat.java-1.54.0-win32-x64\jre\21.0.10-win32-x86_64\bin\net.dll
Event: 0.220 Loaded shared library C:\Users\ACER\.vscode\extensions\redhat.java-1.54.0-win32-x64\jre\21.0.10-win32-x86_64\bin\nio.dll
Event: 0.224 Loaded shared library C:\Users\ACER\.vscode\extensions\redhat.java-1.54.0-win32-x64\jre\21.0.10-win32-x86_64\bin\zip.dll
Event: 0.242 Loaded shared library C:\Users\ACER\.vscode\extensions\redhat.java-1.54.0-win32-x64\jre\21.0.10-win32-x86_64\bin\jimage.dll
Event: 0.333 Loaded shared library c:\Users\ACER\.vscode\extensions\redhat.java-1.54.0-win32-x64\jre\21.0.10-win32-x86_64\bin\verify.dll
Event: 1.582 Loaded shared library C:\Users\ACER\AppData\Roaming\Code\User\globalStorage\redhat.java\1.54.0\config_win\org.eclipse.equinox.launcher\org.eclipse.equinox.launcher.win32.win32.x86_64_1.3.0.v20260203-2149\eclipse_11919.dll
Event: 4.994 Loaded shared library C:\Users\ACER\AppData\Local\Temp\jna-2003023\jna16155445186322164311.dll

Deoptimization events (20 events):
Event: 19.127 Thread 0x000001c72985a040 Uncommon trap: trap_request=0xffffffde fr.pc=0x000001c6cddddcd8 relative=0x0000000000000458
Event: 19.127 Thread 0x000001c72985a040 Uncommon trap: reason=class_check action=maybe_recompile pc=0x000001c6cddddcd8 method=java.io.InputStream.read([B)I @ 5 c2
Event: 19.127 Thread 0x000001c72985a040 DEOPT PACKING pc=0x000001c6cddddcd8 sp=0x00000041028fe580
Event: 19.127 Thread 0x000001c72985a040 DEOPT UNPACKING pc=0x000001c6cd166da2 sp=0x00000041028fe578 mode 2
Event: 19.129 Thread 0x000001c721e80340 Uncommon trap: trap_request=0xffffff45 fr.pc=0x000001c6cde1f9f8 relative=0x00000000000008f8
Event: 19.129 Thread 0x000001c721e80340 Uncommon trap: reason=unstable_if action=reinterpret pc=0x000001c6cde1f9f8 method=lombok.core.configuration.FileSystemSourceCache.parseIfNeccesary(Llombok/core/configuration/ConfigurationFile;Llombok/core/configuration/ConfigurationParser;)Llombok/core/co
Event: 19.129 Thread 0x000001c721e80340 DEOPT PACKING pc=0x000001c6cde1f9f8 sp=0x000000417fefd980
Event: 19.129 Thread 0x000001c721e80340 DEOPT UNPACKING pc=0x000001c6cd166da2 sp=0x000000417fefd928 mode 2
Event: 19.449 Thread 0x000001c721e80340 Uncommon trap: trap_request=0xffffffcc fr.pc=0x000001c6cdeba9b4 relative=0x0000000000007e94
Event: 19.449 Thread 0x000001c721e80340 Uncommon trap: reason=intrinsic_or_type_checked_inlining action=make_not_entrant pc=0x000001c6cdeba9b4 method=java.util.ArrayList.toArray([Ljava/lang/Object;)[Ljava/lang/Object; @ 36 c2
Event: 19.449 Thread 0x000001c721e80340 DEOPT PACKING pc=0x000001c6cdeba9b4 sp=0x000000417fefd6c0
Event: 19.449 Thread 0x000001c721e80340 DEOPT UNPACKING pc=0x000001c6cd166da2 sp=0x000000417fefd610 mode 2
Event: 19.466 Thread 0x000001c721e80340 Uncommon trap: trap_request=0xffffffbe fr.pc=0x000001c6cde62bf4 relative=0x0000000000001334
Event: 19.466 Thread 0x000001c721e80340 Uncommon trap: reason=profile_predicate action=maybe_recompile pc=0x000001c6cde62bf4 method=java.util.TimSort.reverseRange([Ljava/lang/Object;II)V @ 5 c2
Event: 19.466 Thread 0x000001c721e80340 DEOPT PACKING pc=0x000001c6cde62bf4 sp=0x000000417fefdc40
Event: 19.466 Thread 0x000001c721e80340 DEOPT UNPACKING pc=0x000001c6cd166da2 sp=0x000000417fefdaf0 mode 2
Event: 19.471 Thread 0x000001c721e80340 Uncommon trap: trap_request=0xffffff45 fr.pc=0x000001c6cdc4bd38 relative=0x00000000000010d8
Event: 19.471 Thread 0x000001c721e80340 Uncommon trap: reason=unstable_if action=reinterpret pc=0x000001c6cdc4bd38 method=org.eclipse.jdt.internal.compiler.classfmt.FieldInfo.createField([B[IIJ)Lorg/eclipse/jdt/internal/compiler/classfmt/FieldInfo; @ 254 c2
Event: 19.471 Thread 0x000001c721e80340 DEOPT PACKING pc=0x000001c6cdc4bd38 sp=0x000000417fefc040
Event: 19.471 Thread 0x000001c721e80340 DEOPT UNPACKING pc=0x000001c6cd166da2 sp=0x000000417fefbfa8 mode 2

Classes loaded (20 events):
Event: 14.628 Loading class java/util/stream/DistinctOps$1
Event: 14.629 Loading class java/util/stream/DistinctOps$1 done
Event: 14.632 Loading class java/util/stream/DistinctOps$1$2
Event: 14.632 Loading class java/util/stream/DistinctOps$1$2 done
Event: 14.637 Loading class java/util/Collections$2
Event: 14.637 Loading class java/util/Collections$2 done
Event: 14.974 Loading class java/io/CharArrayWriter
Event: 14.974 Loading class java/io/CharArrayWriter done
Event: 15.442 Loading class jdk/internal/module/IllegalAccessLogger
Event: 15.442 Loading class jdk/internal/module/IllegalAccessLogger done
Event: 16.223 Loading class jdk/internal/module/IllegalAccessLogger
Event: 16.223 Loading class jdk/internal/module/IllegalAccessLogger done
Event: 18.173 Loading class java/util/concurrent/CompletableFuture$AltResult
Event: 18.173 Loading class java/util/concurrent/CompletableFuture$AltResult done
Event: 18.174 Loading class java/util/concurrent/CompletableFuture$Completion
Event: 18.174 Loading class java/util/concurrent/CompletableFuture$AsynchronousCompletionTask
Event: 18.174 Loading class java/util/concurrent/CompletableFuture$AsynchronousCompletionTask done
Event: 18.174 Loading class java/util/concurrent/CompletableFuture$Completion done
Event: 18.784 Loading class jdk/internal/math/FormattedFPDecimal
Event: 18.785 Loading class jdk/internal/math/FormattedFPDecimal done

Classes unloaded (7 events):
Event: 5.605 Thread 0x000001c71c010d70 Unloading class 0x000001c6db1acc00 'java/lang/invoke/LambdaForm$MH+0x000001c6db1acc00'
Event: 5.605 Thread 0x000001c71c010d70 Unloading class 0x000001c6db1ac800 'java/lang/invoke/LambdaForm$MH+0x000001c6db1ac800'
Event: 5.605 Thread 0x000001c71c010d70 Unloading class 0x000001c6db1ac400 'java/lang/invoke/LambdaForm$MH+0x000001c6db1ac400'
Event: 5.605 Thread 0x000001c71c010d70 Unloading class 0x000001c6db1ac000 'java/lang/invoke/LambdaForm$MH+0x000001c6db1ac000'
Event: 5.605 Thread 0x000001c71c010d70 Unloading class 0x000001c6db1abc00 'java/lang/invoke/LambdaForm$BMH+0x000001c6db1abc00'
Event: 5.605 Thread 0x000001c71c010d70 Unloading class 0x000001c6db1ab800 'java/lang/invoke/LambdaForm$DMH+0x000001c6db1ab800'
Event: 5.605 Thread 0x000001c71c010d70 Unloading class 0x000001c6db1aa400 'java/lang/invoke/LambdaForm$DMH+0x000001c6db1aa400'

Classes redefined (0 events):
No events

Internal exceptions (20 events):
Event: 18.153 Thread 0x000001c729ae45d0 Implicit null exception at 0x000001c6cdf77236 to 0x000001c6cdf7967c
Event: 18.382 Thread 0x000001c729ae38b0 Implicit null exception at 0x000001c6cdf77236 to 0x000001c6cdf7967c
Event: 18.781 Thread 0x000001c721e80340 Exception <a 'java/lang/NoSuchMethodError'{0x00000000d572e9b0}: 'int java.lang.invoke.DirectMethodHandle$Holder.invokeSpecialIFC(java.lang.Object, java.lang.Object, java.lang.Object, java.lang.Object)'> (0x00000000d572e9b0) 
thrown [s\src\hotspot\share\interpreter\linkResolver.cpp, line 773]
Event: 19.063 Thread 0x000001c721e80340 Exception <a 'sun/nio/fs/WindowsException'{0x00000000d573fbc8}> (0x00000000d573fbc8) 
thrown [s\src\hotspot\share\prims\jni.cpp, line 520]
Event: 19.064 Thread 0x000001c725ad1ec0 Exception <a 'sun/nio/fs/WindowsException'{0x00000000d576fc38}> (0x00000000d576fc38) 
thrown [s\src\hotspot\share\prims\jni.cpp, line 520]
Event: 19.064 Thread 0x000001c729860940 Exception <a 'sun/nio/fs/WindowsException'{0x00000000d577f760}> (0x00000000d577f760) 
thrown [s\src\hotspot\share\prims\jni.cpp, line 520]
Event: 19.065 Thread 0x000001c725ace3b0 Exception <a 'sun/nio/fs/WindowsException'{0x00000000d5785540}> (0x00000000d5785540) 
thrown [s\src\hotspot\share\prims\jni.cpp, line 520]
Event: 19.065 Thread 0x000001c725ad11a0 Exception <a 'sun/nio/fs/WindowsException'{0x00000000d5786fb8}> (0x00000000d5786fb8) 
thrown [s\src\hotspot\share\prims\jni.cpp, line 520]
Event: 19.065 Thread 0x000001c72985e870 Exception <a 'sun/nio/fs/WindowsException'{0x00000000d5788f30}> (0x00000000d5788f30) 
thrown [s\src\hotspot\share\prims\jni.cpp, line 520]
Event: 19.065 Thread 0x000001c725acb5c0 Exception <a 'sun/nio/fs/WindowsException'{0x00000000d578e700}> (0x00000000d578e700) 
thrown [s\src\hotspot\share\prims\jni.cpp, line 520]
Event: 19.065 Thread 0x000001c725acc970 Exception <a 'sun/nio/fs/WindowsException'{0x00000000d578d6f8}> (0x00000000d578d6f8) 
thrown [s\src\hotspot\share\prims\jni.cpp, line 520]
Event: 19.065 Thread 0x000001c725acf0d0 Exception <a 'sun/nio/fs/WindowsException'{0x00000000d5792d38}> (0x00000000d5792d38) 
thrown [s\src\hotspot\share\prims\jni.cpp, line 520]
Event: 19.065 Thread 0x000001c72985e870 Exception <a 'sun/nio/fs/WindowsException'{0x00000000d578a3b0}> (0x00000000d578a3b0) 
thrown [s\src\hotspot\share\prims\jni.cpp, line 520]
Event: 19.066 Thread 0x000001c725acd690 Exception <a 'sun/nio/fs/WindowsException'{0x00000000d57902e8}> (0x00000000d57902e8) 
thrown [s\src\hotspot\share\prims\jni.cpp, line 520]
Event: 19.066 Thread 0x000001c725acea40 Exception <a 'sun/nio/fs/WindowsException'{0x00000000d5791d88}> (0x00000000d5791d88) 
thrown [s\src\hotspot\share\prims\jni.cpp, line 520]
Event: 19.067 Thread 0x000001c725ad1830 Exception <a 'sun/nio/fs/WindowsException'{0x00000000d5787f50}> (0x00000000d5787f50) 
thrown [s\src\hotspot\share\prims\jni.cpp, line 520]
Event: 19.078 Thread 0x000001c729860940 Exception <a 'sun/nio/fs/WindowsException'{0x00000000d558fbc0}> (0x00000000d558fbc0) 
thrown [s\src\hotspot\share\prims\jni.cpp, line 520]
Event: 19.078 Thread 0x000001c725ad1830 Exception <a 'sun/nio/fs/WindowsException'{0x00000000d558f160}> (0x00000000d558f160) 
thrown [s\src\hotspot\share\prims\jni.cpp, line 520]
Event: 19.244 Thread 0x000001c721e80340 Exception <a 'java/lang/NoSuchMethodError'{0x00000000d57f7770}: 'java.lang.Object java.lang.invoke.DirectMethodHandle$Holder.invokeStatic(java.lang.Object, java.lang.Object, int, int)'> (0x00000000d57f7770) 
thrown [s\src\hotspot\share\interpreter\linkResolver.cpp, line 773]
Event: 19.245 Thread 0x000001c721e80340 Exception <a 'java/lang/NoSuchMethodError'{0x00000000d5865e08}: 'java.lang.Object java.lang.invoke.DirectMethodHandle$Holder.invokeSpecial(java.lang.Object, java.lang.Object, java.lang.Object, int, int)'> (0x00000000d5865e08) 
thrown [s\src\hotspot\share\interpreter\linkResolver.cpp, line 773]

ZGC Phase Switch (0 events):
No events

VM Operations (20 events):
Event: 19.489 Executing safepoint VM operation: ParallelGCFailedAllocation (Allocation Failure)
Event: 19.491 Executing safepoint VM operation: ParallelGCFailedAllocation (Allocation Failure) done
Event: 19.500 Executing safepoint VM operation: ParallelGCFailedAllocation (Allocation Failure)
Event: 19.502 Executing safepoint VM operation: ParallelGCFailedAllocation (Allocation Failure) done
Event: 19.512 Executing safepoint VM operation: ParallelGCFailedAllocation (Allocation Failure)
Event: 19.512 Executing safepoint VM operation: ParallelGCFailedAllocation (Allocation Failure) done
Event: 19.512 Executing safepoint VM operation: ParallelGCSystemGC (GCLocker Initiated GC)
Event: 19.515 Executing safepoint VM operation: ParallelGCSystemGC (GCLocker Initiated GC) done
Event: 19.525 Executing safepoint VM operation: ParallelGCFailedAllocation (Allocation Failure)
Event: 19.527 Executing safepoint VM operation: ParallelGCFailedAllocation (Allocation Failure) done
Event: 19.538 Executing safepoint VM operation: ParallelGCFailedAllocation (Allocation Failure)
Event: 19.540 Executing safepoint VM operation: ParallelGCFailedAllocation (Allocation Failure) done
Event: 19.554 Executing safepoint VM operation: ParallelGCFailedAllocation (Allocation Failure)
Event: 19.556 Executing safepoint VM operation: ParallelGCFailedAllocation (Allocation Failure) done
Event: 19.565 Executing safepoint VM operation: ParallelGCFailedAllocation (Allocation Failure)
Event: 19.565 Executing safepoint VM operation: ParallelGCFailedAllocation (Allocation Failure) done
Event: 19.566 Executing safepoint VM operation: ParallelGCSystemGC (GCLocker Initiated GC)
Event: 19.567 Executing safepoint VM operation: ParallelGCSystemGC (GCLocker Initiated GC) done
Event: 19.572 Executing safepoint VM operation: ParallelGCFailedAllocation (Allocation Failure)
Event: 19.578 Executing safepoint VM operation: ParallelGCFailedAllocation (Allocation Failure) done

Memory protections (0 events):
No events

Nmethod flushes (20 events):
Event: 12.900 Thread 0x000001c71c010d70 flushing  nmethod 0x000001c6c669cd10
Event: 12.900 Thread 0x000001c71c010d70 flushing  nmethod 0x000001c6c66ce210
Event: 12.900 Thread 0x000001c71c010d70 flushing  nmethod 0x000001c6c66ce590
Event: 12.900 Thread 0x000001c71c010d70 flushing  nmethod 0x000001c6c66ce910
Event: 12.900 Thread 0x000001c71c010d70 flushing  nmethod 0x000001c6c66d1f90
Event: 12.900 Thread 0x000001c71c010d70 flushing  nmethod 0x000001c6c66fe810
Event: 12.900 Thread 0x000001c71c010d70 flushing  nmethod 0x000001c6c66ff010
Event: 12.900 Thread 0x000001c71c010d70 flushing  nmethod 0x000001c6c66ff610
Event: 12.900 Thread 0x000001c71c010d70 flushing  nmethod 0x000001c6c6702e10
Event: 12.900 Thread 0x000001c71c010d70 flushing  nmethod 0x000001c6c6703210
Event: 12.900 Thread 0x000001c71c010d70 flushing  nmethod 0x000001c6c6705810
Event: 12.900 Thread 0x000001c71c010d70 flushing osr nmethod 0x000001c6c670ef90
Event: 12.900 Thread 0x000001c71c010d70 flushing  nmethod 0x000001c6c6711790
Event: 12.900 Thread 0x000001c71c010d70 flushing  nmethod 0x000001c6c6713590
Event: 12.900 Thread 0x000001c71c010d70 flushing  nmethod 0x000001c6c6736290
Event: 12.900 Thread 0x000001c71c010d70 flushing  nmethod 0x000001c6c6737d90
Event: 12.900 Thread 0x000001c71c010d70 flushing  nmethod 0x000001c6c6738a90
Event: 12.900 Thread 0x000001c71c010d70 flushing  nmethod 0x000001c6c673a210
Event: 12.900 Thread 0x000001c71c010d70 flushing  nmethod 0x000001c6c673a710
Event: 12.900 Thread 0x000001c71c010d70 flushing  nmethod 0x000001c6c673d810

Events (20 events):
Event: 14.838 Thread 0x000001c72985e870 Thread exited: 0x000001c72985e870
Event: 14.838 Thread 0x000001c72985fc20 Thread exited: 0x000001c72985fc20
Event: 15.077 Thread 0x000001c725acf0d0 Thread added: 0x000001c729860940
Event: 15.077 Thread 0x000001c725acc970 Thread added: 0x000001c72985e870
Event: 15.107 Thread 0x000001c721e80340 Thread added: 0x000001c72985ef00
Event: 15.108 Thread 0x000001c721e80340 Thread added: 0x000001c72985f590
Event: 15.108 Thread 0x000001c721e80340 Thread added: 0x000001c72985fc20
Event: 15.459 Thread 0x000001c721e80340 Thread added: 0x000001c7298602b0
Event: 15.464 Thread 0x000001c721e80340 Thread added: 0x000001c721e81060
Event: 15.464 Thread 0x000001c721e80340 Thread added: 0x000001c721e81d80
Event: 17.954 Thread 0x000001c721e80340 Thread added: 0x000001c729ae4c60
Event: 17.954 Thread 0x000001c721e80340 Thread added: 0x000001c729ae52f0
Event: 17.955 Thread 0x000001c721e80340 Thread added: 0x000001c729ae38b0
Event: 17.955 Thread 0x000001c721e80340 Thread added: 0x000001c729ae45d0
Event: 17.955 Thread 0x000001c721e80340 Thread added: 0x000001c729ae3f40
Event: 18.614 Thread 0x000001c729ae3f40 Thread exited: 0x000001c729ae3f40
Event: 18.614 Thread 0x000001c729ae38b0 Thread exited: 0x000001c729ae38b0
Event: 18.614 Thread 0x000001c729ae52f0 Thread exited: 0x000001c729ae52f0
Event: 18.614 Thread 0x000001c729ae45d0 Thread exited: 0x000001c729ae45d0
Event: 18.614 Thread 0x000001c729ae4c60 Thread exited: 0x000001c729ae4c60


Dynamic libraries:
0x00007ff7b7f20000 - 0x00007ff7b7f2e000 	c:\Users\ACER\.vscode\extensions\redhat.java-1.54.0-win32-x64\jre\21.0.10-win32-x86_64\bin\java.exe
0x00007ff9439a0000 - 0x00007ff943c07000 	C:\WINDOWS\SYSTEM32\ntdll.dll
0x00007ff942360000 - 0x00007ff942429000 	C:\WINDOWS\System32\KERNEL32.DLL
0x00007ff940f80000 - 0x00007ff941377000 	C:\WINDOWS\System32\KERNELBASE.dll
0x00007ff940e30000 - 0x00007ff940f7b000 	C:\WINDOWS\System32\ucrtbase.dll
0x00007ff9267b0000 - 0x00007ff9267c8000 	c:\Users\ACER\.vscode\extensions\redhat.java-1.54.0-win32-x64\jre\21.0.10-win32-x86_64\bin\jli.dll
0x00007ff942440000 - 0x00007ff942606000 	C:\WINDOWS\System32\USER32.dll
0x00007ff926740000 - 0x00007ff92675e000 	c:\Users\ACER\.vscode\extensions\redhat.java-1.54.0-win32-x64\jre\21.0.10-win32-x86_64\bin\VCRUNTIME140.dll
0x00007ff941590000 - 0x00007ff9415b7000 	C:\WINDOWS\System32\win32u.dll
0x00007ff941730000 - 0x00007ff94175b000 	C:\WINDOWS\System32\GDI32.dll
0x00007ff940d00000 - 0x00007ff940e2c000 	C:\WINDOWS\System32\gdi32full.dll
0x00007ff92a2c0000 - 0x00007ff92a552000 	C:\WINDOWS\WinSxS\amd64_microsoft.windows.common-controls_6595b64144ccf1df_6.0.26100.8328_none_3e08182ce334b678\COMCTL32.dll
0x00007ff9415c0000 - 0x00007ff941663000 	C:\WINDOWS\System32\msvcp_win.dll
0x00007ff943130000 - 0x00007ff9431d9000 	C:\WINDOWS\System32\msvcrt.dll
0x00007ff9429f0000 - 0x00007ff942a22000 	C:\WINDOWS\System32\IMM32.DLL
0x00007ff92ae80000 - 0x00007ff92ae8c000 	c:\Users\ACER\.vscode\extensions\redhat.java-1.54.0-win32-x64\jre\21.0.10-win32-x86_64\bin\vcruntime140_1.dll
0x00007ff923040000 - 0x00007ff9230cd000 	c:\Users\ACER\.vscode\extensions\redhat.java-1.54.0-win32-x64\jre\21.0.10-win32-x86_64\bin\msvcp140.dll
0x00007ff8a0ca0000 - 0x00007ff8a1a41000 	c:\Users\ACER\.vscode\extensions\redhat.java-1.54.0-win32-x64\jre\21.0.10-win32-x86_64\bin\server\jvm.dll
0x00007ff9421c0000 - 0x00007ff942276000 	C:\WINDOWS\System32\ADVAPI32.dll
0x00007ff9419b0000 - 0x00007ff941a57000 	C:\WINDOWS\System32\sechost.dll
0x00007ff941760000 - 0x00007ff941878000 	C:\WINDOWS\System32\RPCRT4.dll
0x00007ff9430a0000 - 0x00007ff943120000 	C:\WINDOWS\System32\WS2_32.dll
0x00007ff92d690000 - 0x00007ff92d6c6000 	C:\WINDOWS\SYSTEM32\WINMM.dll
0x00007ff935d20000 - 0x00007ff935d2b000 	C:\WINDOWS\SYSTEM32\VERSION.dll
0x00007ff93ef90000 - 0x00007ff93efee000 	C:\WINDOWS\SYSTEM32\POWRPROF.dll
0x00007ff93ef70000 - 0x00007ff93ef84000 	C:\WINDOWS\SYSTEM32\UMPDC.dll
0x00007ff93f250000 - 0x00007ff93f26b000 	C:\WINDOWS\SYSTEM32\kernel.appcore.dll
0x00007ff9232a0000 - 0x00007ff9232aa000 	c:\Users\ACER\.vscode\extensions\redhat.java-1.54.0-win32-x64\jre\21.0.10-win32-x86_64\bin\jimage.dll
0x00007ff93e330000 - 0x00007ff93e572000 	C:\WINDOWS\SYSTEM32\DBGHELP.DLL
0x00007ff941d00000 - 0x00007ff942083000 	C:\WINDOWS\System32\combase.dll
0x00007ff942280000 - 0x00007ff942359000 	C:\WINDOWS\System32\OLEAUT32.dll
0x00007ff9283a0000 - 0x00007ff9283db000 	C:\WINDOWS\SYSTEM32\dbgcore.DLL
0x00007ff941670000 - 0x00007ff941718000 	C:\WINDOWS\System32\bcryptPrimitives.dll
0x00007ff923030000 - 0x00007ff92303f000 	c:\Users\ACER\.vscode\extensions\redhat.java-1.54.0-win32-x64\jre\21.0.10-win32-x86_64\bin\instrument.dll
0x00007ff922b40000 - 0x00007ff922b60000 	c:\Users\ACER\.vscode\extensions\redhat.java-1.54.0-win32-x64\jre\21.0.10-win32-x86_64\bin\java.dll
0x00007ff9431e0000 - 0x00007ff94394e000 	C:\WINDOWS\System32\SHELL32.dll
0x00007ff9403d0000 - 0x00007ff940c3c000 	C:\WINDOWS\System32\windows.storage.dll
0x00007ff941c00000 - 0x00007ff941cf6000 	C:\WINDOWS\System32\SHCORE.dll
0x00007ff941880000 - 0x00007ff9418e6000 	C:\WINDOWS\System32\shlwapi.dll
0x00007ff9402f0000 - 0x00007ff940319000 	C:\WINDOWS\SYSTEM32\profapi.dll
0x00007ff9232f0000 - 0x00007ff923308000 	c:\Users\ACER\.vscode\extensions\redhat.java-1.54.0-win32-x64\jre\21.0.10-win32-x86_64\bin\zip.dll
0x00007ff9232e0000 - 0x00007ff9232f0000 	C:\Users\ACER\.vscode\extensions\redhat.java-1.54.0-win32-x64\jre\21.0.10-win32-x86_64\bin\net.dll
0x00007ff936b80000 - 0x00007ff936ca9000 	C:\WINDOWS\SYSTEM32\WINHTTP.dll
0x00007ff93f7f0000 - 0x00007ff93f85c000 	C:\WINDOWS\system32\mswsock.dll
0x00007ff9232c0000 - 0x00007ff9232d6000 	C:\Users\ACER\.vscode\extensions\redhat.java-1.54.0-win32-x64\jre\21.0.10-win32-x86_64\bin\nio.dll
0x00007ff9232b0000 - 0x00007ff9232c0000 	c:\Users\ACER\.vscode\extensions\redhat.java-1.54.0-win32-x64\jre\21.0.10-win32-x86_64\bin\verify.dll
0x00007ff922d10000 - 0x00007ff922d55000 	C:\Users\ACER\AppData\Roaming\Code\User\globalStorage\redhat.java\1.54.0\config_win\org.eclipse.equinox.launcher\org.eclipse.equinox.launcher.win32.win32.x86_64_1.3.0.v20260203-2149\eclipse_11919.dll
0x00007ff941a60000 - 0x00007ff941bf7000 	C:\WINDOWS\System32\ole32.dll
0x00007ff93fad0000 - 0x00007ff93faeb000 	C:\WINDOWS\SYSTEM32\CRYPTSP.dll
0x00007ff93f1b0000 - 0x00007ff93f1e9000 	C:\WINDOWS\system32\rsaenh.dll
0x00007ff93f8a0000 - 0x00007ff93f8d3000 	C:\WINDOWS\SYSTEM32\USERENV.dll
0x00007ff9402c0000 - 0x00007ff9402ea000 	C:\WINDOWS\SYSTEM32\bcrypt.dll
0x00007ff93faf0000 - 0x00007ff93fafc000 	C:\WINDOWS\SYSTEM32\CRYPTBASE.dll
0x00007ff93eba0000 - 0x00007ff93ebd2000 	C:\WINDOWS\SYSTEM32\IPHLPAPI.DLL
0x00007ff941720000 - 0x00007ff94172a000 	C:\WINDOWS\System32\NSI.dll
0x00007ff922c70000 - 0x00007ff922cb9000 	C:\Users\ACER\AppData\Local\Temp\jna-2003023\jna16155445186322164311.dll
0x00007ff942ec0000 - 0x00007ff942ec8000 	C:\WINDOWS\System32\PSAPI.DLL
0x00007ff936b60000 - 0x00007ff936b7d000 	C:\WINDOWS\SYSTEM32\dhcpcsvc6.DLL
0x00007ff936b30000 - 0x00007ff936b55000 	C:\WINDOWS\SYSTEM32\dhcpcsvc.DLL

JVMTI agents:
c:\Users\ACER\.vscode\extensions\redhat.java-1.54.0-win32-x64\lombok\lombok-1.18.39-4050.jar path:c:\Users\ACER\.vscode\extensions\redhat.java-1.54.0-win32-x64\jre\21.0.10-win32-x86_64\bin\instrument.dll, loaded, initialized, instrumentlib options:none

dbghelp: loaded successfully - version: 4.0.5 - missing functions: none
symbol engine: initialized successfully - sym options: 0x614 - pdb path: .;c:\Users\ACER\.vscode\extensions\redhat.java-1.54.0-win32-x64\jre\21.0.10-win32-x86_64\bin;C:\WINDOWS\SYSTEM32;C:\WINDOWS\WinSxS\amd64_microsoft.windows.common-controls_6595b64144ccf1df_6.0.26100.8328_none_3e08182ce334b678;c:\Users\ACER\.vscode\extensions\redhat.java-1.54.0-win32-x64\jre\21.0.10-win32-x86_64\bin\server;C:\Users\ACER\AppData\Roaming\Code\User\globalStorage\redhat.java\1.54.0\config_win\org.eclipse.equinox.launcher\org.eclipse.equinox.launcher.win32.win32.x86_64_1.3.0.v20260203-2149;C:\Users\ACER\AppData\Local\Temp\jna-2003023

VM Arguments:
jvm_args: --add-modules=ALL-SYSTEM --add-opens=java.base/java.util=ALL-UNNAMED --add-opens=java.base/java.lang=ALL-UNNAMED --add-opens=java.base/sun.nio.fs=ALL-UNNAMED -Declipse.application=org.eclipse.jdt.ls.core.id1 -Dosgi.bundles.defaultStartLevel=4 -Declipse.product=org.eclipse.jdt.ls.core.product -Djava.import.generatesMetadataFilesAtProjectRoot=false -DDetectVMInstallationsJob.disabled=true -Dfile.encoding=utf8 -XX:+UseParallelGC -XX:GCTimeRatio=4 -XX:AdaptiveSizePolicyWeight=90 -Dsun.zip.disableMemoryMapping=true -Xmx2G -Xms100m -Xlog:disable -javaagent:c:\Users\ACER\.vscode\extensions\redhat.java-1.54.0-win32-x64\lombok\lombok-1.18.39-4050.jar -XX:+HeapDumpOnOutOfMemoryError -XX:HeapDumpPath=c:\Users\ACER\AppData\Roaming\Code\User\workspaceStorage\64e83e8dcee0c24a6ba3334dafce804d\redhat.java -Daether.dependencyCollector.impl=bf 
java_command: c:\Users\ACER\.vscode\extensions\redhat.java-1.54.0-win32-x64\server\plugins\org.eclipse.equinox.launcher_1.7.100.v20251111-0406.jar -configuration c:\Users\ACER\AppData\Roaming\Code\User\globalStorage\redhat.java\1.54.0\config_win -data c:\Users\ACER\AppData\Roaming\Code\User\workspaceStorage\64e83e8dcee0c24a6ba3334dafce804d\redhat.java\jdt_ws --pipe=\\.\pipe\lsp-2945ac13dfc52440619ede3e1f0dbde1-sock
java_class_path (initial): c:\Users\ACER\.vscode\extensions\redhat.java-1.54.0-win32-x64\server\plugins\org.eclipse.equinox.launcher_1.7.100.v20251111-0406.jar
Launcher Type: SUN_STANDARD

[Global flags]
    uintx AdaptiveSizePolicyWeight                 = 90                                        {product} {command line}
     intx CICompilerCount                          = 4                                         {product} {ergonomic}
    uintx GCTimeRatio                              = 4                                         {product} {command line}
     bool HeapDumpOnOutOfMemoryError               = true                                   {manageable} {command line}
    ccstr HeapDumpPath                             = c:\Users\ACER\AppData\Roaming\Code\User\workspaceStorage\64e83e8dcee0c24a6ba3334dafce804d\redhat.java         {manageable} {command line}
   size_t InitialHeapSize                          = 104857600                                 {product} {command line}
   size_t MaxHeapSize                              = 2147483648                                {product} {command line}
   size_t MaxNewSize                               = 715653120                                 {product} {ergonomic}
   size_t MinHeapDeltaBytes                        = 524288                                    {product} {ergonomic}
   size_t MinHeapSize                              = 104857600                                 {product} {command line}
   size_t NewSize                                  = 34603008                                  {product} {ergonomic}
    uintx NonNMethodCodeHeapSize                   = 5839372                                {pd product} {ergonomic}
    uintx NonProfiledCodeHeapSize                  = 122909434                              {pd product} {ergonomic}
   size_t OldSize                                  = 70254592                                  {product} {ergonomic}
    uintx ProfiledCodeHeapSize                     = 122909434                              {pd product} {ergonomic}
    uintx ReservedCodeCacheSize                    = 251658240                              {pd product} {ergonomic}
     bool SegmentedCodeCache                       = true                                      {product} {ergonomic}
   size_t SoftMaxHeapSize                          = 2147483648                             {manageable} {ergonomic}
     bool UseCompressedOops                        = true                           {product lp64_product} {ergonomic}
     bool UseLargePagesIndividualAllocation        = false                                  {pd product} {ergonomic}
     bool UseParallelGC                            = true                                      {product} {command line}

Logging:
Log output configuration:
 #0: stdout all=off uptime,level,tags foldmultilines=false
 #1: stderr all=off uptime,level,tags foldmultilines=false

Release file:
JAVA_VERSION="21.0.10" 
MODULES="java.base java.compiler java.datatransfer java.xml java.prefs java.desktop java.instrument java.logging java.management java.security.sasl java.naming java.rmi java.management.rmi java.net.http java.scripting java.security.jgss java.transaction.xa java.sql java.sql.rowset java.xml.crypto java.se java.smartcardio jdk.accessibility jdk.internal.jvmstat jdk.attach jdk.charsets jdk.internal.opt jdk.zipfs jdk.compiler jdk.crypto.ec jdk.crypto.cryptoki jdk.crypto.mscapi jdk.dynalink jdk.internal.ed jdk.editpad jdk.hotspot.agent jdk.httpserver jdk.internal.le jdk.internal.vm.ci jdk.internal.vm.compiler jdk.internal.vm.compiler.management jdk.jartool jdk.javadoc jdk.jcmd jdk.management jdk.management.agent jdk.jconsole jdk.jdeps jdk.jdwp.agent jdk.jdi jdk.jfr jdk.jshell jdk.jsobject jdk.jstatd jdk.localedata jdk.management.jfr jdk.naming.dns jdk.naming.rmi jdk.net jdk.nio.mapmode jdk.random jdk.sctp jdk.security.auth jdk.security.jgss jdk.unsupported jdk.unsupported.desktop jdk.xml.dom" 

Environment Variables:
JAVA_HOME=C:\Program Files\Java\jdk-23
PATH=C:\Program Files\Common Files\Oracle\Java\javapath;C:\Windows\system32;C:\Windows;C:\Windows\System32\Wbem;C:\Windows\System32\WindowsPowerShell\v1.0\;C:\Windows\System32\OpenSSH\;C:\Program Files (x86)\Microsoft SQL Server\160\Tools\Binn\;C:\Program Files\Microsoft SQL Server\160\Tools\Binn\;C:\Program Files\Microsoft SQL Server\Client SDK\ODBC\170\Tools\Binn\;C:\Program Files\Microsoft SQL Server\160\DTS\Binn\;C:\Program Files\Java\jdk-23\bin;C:\WINDOWS\system32;C:\WINDOWS;C:\WINDOWS\System32\Wbem;C:\WINDOWS\System32\WindowsPowerShell\v1.0\;C:\WINDOWS\System32\OpenSSH\;C:\Program Files\Git\cmd;C:\Program Files\nodejs\;C:\gradle-8.12\bin;C:\apache-maven-3.9.9\bin;;C:\Program Files\Docker\Docker\resources\bin;C:\Users\ACER\AppData\Local\Microsoft\WindowsApps;C:\Users\ACER\AppData\Local\Programs\Microsoft VS Code\bin;C:\Users\ACER\AppData\Roaming\npm;C:\Program Files\JetBrains\IntelliJ IDEA 2024.3.5\bin;ANDROID_HOME;;C:\Users\ACER\AppData\Local\Programs\Antigravity\bin;C:\Users\ACER\AppData\Local\Android\Sdk\platform-tools;C:\Users\ACER\AppData\Local\Android\Sdk\emulator;C:\Users\ACER\AppData\Local\Android\Sdk\tools;C:\Users\ACER\AppData\Local\Android\Sdk\tools\bin;
USERNAME=ACER
OS=Windows_NT
PROCESSOR_IDENTIFIER=Intel64 Family 6 Model 141 Stepping 1, GenuineIntel
TMP=C:\Users\ACER\AppData\Local\Temp
TEMP=C:\Users\ACER\AppData\Local\Temp




Periodic native trim disabled

---------------  S Y S T E M  ---------------

OS:
 Windows 11 , 64 bit Build 26100 (10.0.26100.8328)
OS uptime: 0 days 0:38 hours
Hyper-V role detected

CPU: total 12 (initial active 12) (6 cores per cpu, 2 threads per core) family 6 model 141 stepping 1 microcode 0x3c, cx8, cmov, fxsr, ht, mmx, 3dnowpref, sse, sse2, sse3, ssse3, sse4.1, sse4.2, popcnt, lzcnt, tsc, tscinvbit, avx, avx2, aes, erms, clmul, bmi1, bmi2, adx, avx512f, avx512dq, avx512cd, avx512bw, avx512vl, sha, fma, vzeroupper, avx512_vpopcntdq, avx512_vpclmulqdq, avx512_vaes, avx512_vnni, clflush, clflushopt, clwb, avx512_vbmi2, avx512_vbmi, hv, rdtscp, rdpid, fsrm, gfni, avx512_bitalg, f16c, cet_ibt, cet_ss, avx512_ifma
Processor Information for the first 12 processors :
  Max Mhz: 2688, Current Mhz: 2688, Mhz Limit: 2688

Memory: 4k page, system-wide physical 16163M (1685M free)
TotalPageFile size 30629M (AvailPageFile size 5M)
current process WorkingSet (physical memory assigned to process): 581M, peak: 582M
current process commit charge ("private bytes"): 629M, peak: 630M

vm_info: OpenJDK 64-Bit Server VM (21.0.10+7-LTS) for windows-amd64 JRE (21.0.10+7-LTS), built on 2026-01-20T00:00:00Z by "admin" with MS VC++ 17.12 (VS2022)

END.
