#
# There is insufficient memory for the Java Runtime Environment to continue.
# Native memory allocation (malloc) failed to allocate 572304 bytes. Error detail: Chunk::new
# Possible reasons:
#   The system is out of physical RAM or swap space
#   This process is running with CompressedOops enabled, and the Java Heap may be blocking the growth of the native heap
# Possible solutions:
#   Reduce memory load on the system
#   Increase physical memory or swap space
#   Check if swap backing store is full
#   Decrease Java heap size (-Xmx/-Xms)
#   Decrease number of Java threads
#   Decrease Java thread stack sizes (-Xss)
#   Set larger code cache with -XX:ReservedCodeCacheSize=
#   JVM is running with Unscaled Compressed Oops mode in which the Java heap is
#     placed in the first 4GB address space. The Java Heap base address is the
#     maximum limit for the native heap growth. Please use -XX:HeapBaseMinAddress
#     to set the Java Heap base and to place the Java Heap above 4GB virtual address.
# This output file may be truncated or incomplete.
#
#  Out of Memory Error (arena.cpp:168), pid=24800, tid=15320
#
# JRE version: OpenJDK Runtime Environment Temurin-21.0.10+7 (21.0.10+7) (build 21.0.10+7-LTS)
# Java VM: OpenJDK 64-Bit Server VM Temurin-21.0.10+7 (21.0.10+7-LTS, mixed mode, sharing, tiered, compressed oops, compressed class ptrs, parallel gc, windows-amd64)
# No core dump will be written. Minidumps are not enabled by default on client versions of Windows
#

---------------  S U M M A R Y ------------

Command Line: --add-modules=ALL-SYSTEM --add-opens=java.base/java.util=ALL-UNNAMED --add-opens=java.base/java.lang=ALL-UNNAMED --add-opens=java.base/sun.nio.fs=ALL-UNNAMED -Declipse.application=org.eclipse.jdt.ls.core.id1 -Dosgi.bundles.defaultStartLevel=4 -Declipse.product=org.eclipse.jdt.ls.core.product -Djava.import.generatesMetadataFilesAtProjectRoot=false -DDetectVMInstallationsJob.disabled=true -Dfile.encoding=utf8 -XX:+UseParallelGC -XX:GCTimeRatio=4 -XX:AdaptiveSizePolicyWeight=90 -Dsun.zip.disableMemoryMapping=true -Xmx2G -Xms100m -Xlog:disable -javaagent:c:\Users\ACER\.vscode\extensions\redhat.java-1.54.0-win32-x64\lombok\lombok-1.18.39-4050.jar -XX:+HeapDumpOnOutOfMemoryError -XX:HeapDumpPath=c:\Users\ACER\AppData\Roaming\Code\User\workspaceStorage\f57e0ccb118f779a7ab3ed353620878b\redhat.java -Daether.dependencyCollector.impl=bf c:\Users\ACER\.vscode\extensions\redhat.java-1.54.0-win32-x64\server\plugins\org.eclipse.equinox.launcher_1.7.100.v20251111-0406.jar -configuration c:\Users\ACER\AppData\Roaming\Code\User\globalStorage\redhat.java\1.54.0\config_win -data c:\Users\ACER\AppData\Roaming\Code\User\workspaceStorage\f57e0ccb118f779a7ab3ed353620878b\redhat.java\jdt_ws --pipe=\\.\pipe\lsp-915a270a9d8c731680293fe748545341-sock

Host: 11th Gen Intel(R) Core(TM) i5-11400H @ 2.70GHz, 12 cores, 15G,  Windows 11 , 64 bit Build 26100 (10.0.26100.8328)
Time: Thu May  7 16:21:18 2026 SE Asia Standard Time elapsed time: 16.787381 seconds (0d 0h 0m 16s)

---------------  T H R E A D  ---------------

Current thread (0x000001aa0e260510):  JavaThread "C2 CompilerThread1" daemon [_thread_in_native, id=15320, stack(0x00000093b9800000,0x00000093b9900000) (1024K)]


Current CompileTask:
C2:16787 8266   !   4       org.eclipse.jdt.internal.core.search.indexing.BinaryIndexer::indexDocument (1172 bytes)

Stack: [0x00000093b9800000,0x00000093b9900000]
Native frames: (J=compiled Java code, j=interpreted, Vv=VM code, C=native code)
V  [jvm.dll+0x6d7a39]
V  [jvm.dll+0x8b4b26]
V  [jvm.dll+0x8b70de]
V  [jvm.dll+0x8b77c3]
V  [jvm.dll+0x284346]
V  [jvm.dll+0xc66ed]
V  [jvm.dll+0xc6c31]
V  [jvm.dll+0x14214f]
V  [jvm.dll+0x666573]
V  [jvm.dll+0x664a7b]
V  [jvm.dll+0x24c3db]
V  [jvm.dll+0x24bb40]
V  [jvm.dll+0x1cb34e]
V  [jvm.dll+0x25b85d]
V  [jvm.dll+0x259dea]
V  [jvm.dll+0x3f857e]
V  [jvm.dll+0x85f59d]
V  [jvm.dll+0x6d626d]
C  [ucrtbase.dll+0x37b0]
C  [KERNEL32.DLL+0x2e957]
C  [ntdll.dll+0x427c]


---------------  P R O C E S S  ---------------

Threads class SMR info:
_java_thread_list=0x000001aa1291bea0, length=45, elements={
0x000001a9b008e1f0, 0x000001a9b003d8b0, 0x000001a9b0131260, 0x000001a9b0132d70,
0x000001a9b01357e0, 0x000001a9b0136240, 0x000001a9b0136ca0, 0x000001a9b0137ae0,
0x000001a9b014ca40, 0x000001aa09031350, 0x000001aa091367a0, 0x000001aa0e933c70,
0x000001aa0e822910, 0x000001aa0e8763a0, 0x000001aa0e876de0, 0x000001aa0ea17d60,
0x000001aa0ec86750, 0x000001aa08f8ab80, 0x000001aa0ec40e00, 0x000001aa0ec42840,
0x000001aa0ec42ed0, 0x000001aa0e260510, 0x000001aa0ec43560, 0x000001aa0ec41b20,
0x000001aa0ec43bf0, 0x000001aa0ec41490, 0x000001aa11bc3040, 0x000001aa11bc1c90,
0x000001aa11bc36d0, 0x000001aa11bc29b0, 0x000001aa11a8def0, 0x000001aa11a8f2a0,
0x000001aa11a8ec10, 0x000001aa11a8e580, 0x000001aa108a4580, 0x000001aa118976c0,
0x000001aa11897030, 0x000001aa11897d50, 0x000001aa118969a0, 0x000001aa117cfa80,
0x000001aa117cf3f0, 0x000001aa119801b0, 0x000001aa1197f490, 0x000001aa1197ee00,
0x000001aa0ef579a0
}

Java Threads: ( => current thread )
  0x000001a9b008e1f0 JavaThread "main"                              [_thread_blocked, id=21844, stack(0x00000093b7700000,0x00000093b7800000) (1024K)]
  0x000001a9b003d8b0 JavaThread "Reference Handler"          daemon [_thread_blocked, id=24632, stack(0x00000093b7b00000,0x00000093b7c00000) (1024K)]
  0x000001a9b0131260 JavaThread "Finalizer"                  daemon [_thread_blocked, id=15300, stack(0x00000093b7c00000,0x00000093b7d00000) (1024K)]
  0x000001a9b0132d70 JavaThread "Signal Dispatcher"          daemon [_thread_blocked, id=15268, stack(0x00000093b7d00000,0x00000093b7e00000) (1024K)]
  0x000001a9b01357e0 JavaThread "Attach Listener"            daemon [_thread_blocked, id=23804, stack(0x00000093b7e00000,0x00000093b7f00000) (1024K)]
  0x000001a9b0136240 JavaThread "Service Thread"             daemon [_thread_blocked, id=21552, stack(0x00000093b7f00000,0x00000093b8000000) (1024K)]
  0x000001a9b0136ca0 JavaThread "Monitor Deflation Thread"   daemon [_thread_blocked, id=24664, stack(0x00000093b8000000,0x00000093b8100000) (1024K)]
  0x000001a9b0137ae0 JavaThread "C2 CompilerThread0"         daemon [_thread_blocked, id=25252, stack(0x00000093b8100000,0x00000093b8200000) (1024K)]
  0x000001a9b014ca40 JavaThread "C1 CompilerThread0"         daemon [_thread_blocked, id=5808, stack(0x00000093b8200000,0x00000093b8300000) (1024K)]
  0x000001aa09031350 JavaThread "Common-Cleaner"             daemon [_thread_blocked, id=10728, stack(0x00000093b8300000,0x00000093b8400000) (1024K)]
  0x000001aa091367a0 JavaThread "Notification Thread"        daemon [_thread_blocked, id=18336, stack(0x00000093b8500000,0x00000093b8600000) (1024K)]
  0x000001aa0e933c70 JavaThread "Active Thread: Equinox Container: 522f1a85-4e0d-4a28-89d0-452c1931ede1"        [_thread_blocked, id=18688, stack(0x00000093b8d00000,0x00000093b8e00000) (1024K)]
  0x000001aa0e822910 JavaThread "Refresh Thread: Equinox Container: 522f1a85-4e0d-4a28-89d0-452c1931ede1" daemon [_thread_blocked, id=25008, stack(0x00000093b8e00000,0x00000093b8f00000) (1024K)]
  0x000001aa0e8763a0 JavaThread "Framework Event Dispatcher: Equinox Container: 522f1a85-4e0d-4a28-89d0-452c1931ede1" daemon [_thread_blocked, id=8636, stack(0x00000093b8f00000,0x00000093b9000000) (1024K)]
  0x000001aa0e876de0 JavaThread "Start Level: Equinox Container: 522f1a85-4e0d-4a28-89d0-452c1931ede1" daemon [_thread_blocked, id=10520, stack(0x00000093b8400000,0x00000093b8500000) (1024K)]
  0x000001aa0ea17d60 JavaThread "Bundle File Closer"         daemon [_thread_blocked, id=25356, stack(0x00000093b9200000,0x00000093b9300000) (1024K)]
  0x000001aa0ec86750 JavaThread "SCR Component Actor"        daemon [_thread_blocked, id=24796, stack(0x00000093b9300000,0x00000093b9400000) (1024K)]
  0x000001aa08f8ab80 JavaThread "Worker-JM"                         [_thread_blocked, id=21776, stack(0x00000093b9400000,0x00000093b9500000) (1024K)]
  0x000001aa0ec40e00 JavaThread "JNA Cleaner"                daemon [_thread_blocked, id=4616, stack(0x00000093b9500000,0x00000093b9600000) (1024K)]
  0x000001aa0ec42840 JavaThread "Worker-0"                          [_thread_blocked, id=11204, stack(0x00000093b9600000,0x00000093b9700000) (1024K)]
  0x000001aa0ec42ed0 JavaThread "Worker-1"                          [_thread_blocked, id=2836, stack(0x00000093b9700000,0x00000093b9800000) (1024K)]
=>0x000001aa0e260510 JavaThread "C2 CompilerThread1"         daemon [_thread_in_native, id=15320, stack(0x00000093b9800000,0x00000093b9900000) (1024K)]
  0x000001aa0ec43560 JavaThread "Worker-2"                          [_thread_blocked, id=25340, stack(0x00000093b9a00000,0x00000093b9b00000) (1024K)]
  0x000001aa0ec41b20 JavaThread "Java indexing"              daemon [_thread_in_vm, id=8848, stack(0x00000093b9b00000,0x00000093b9c00000) (1024K)]
  0x000001aa0ec43bf0 JavaThread "Worker-3: Java indexing... "        [_thread_blocked, id=23648, stack(0x00000093b9c00000,0x00000093b9d00000) (1024K)]
  0x000001aa0ec41490 JavaThread "Worker-4"                          [_thread_blocked, id=3048, stack(0x00000093b9d00000,0x00000093b9e00000) (1024K)]
  0x000001aa11bc3040 JavaThread "Worker-5"                          [_thread_blocked, id=13236, stack(0x00000093ba000000,0x00000093ba100000) (1024K)]
  0x000001aa11bc1c90 JavaThread "Worker-6"                          [_thread_blocked, id=21544, stack(0x00000093ba100000,0x00000093ba200000) (1024K)]
  0x000001aa11bc36d0 JavaThread "Thread-1"                   daemon [_thread_in_native, id=10880, stack(0x00000093ba200000,0x00000093ba300000) (1024K)]
  0x000001aa11bc29b0 JavaThread "Thread-2"                   daemon [_thread_in_native, id=12224, stack(0x00000093ba300000,0x00000093ba400000) (1024K)]
  0x000001aa11a8def0 JavaThread "Thread-3"                   daemon [_thread_in_native, id=7768, stack(0x00000093ba400000,0x00000093ba500000) (1024K)]
  0x000001aa11a8f2a0 JavaThread "Thread-4"                   daemon [_thread_in_native, id=20756, stack(0x00000093ba500000,0x00000093ba600000) (1024K)]
  0x000001aa11a8ec10 JavaThread "Thread-5"                   daemon [_thread_in_native, id=22592, stack(0x00000093ba600000,0x00000093ba700000) (1024K)]
  0x000001aa11a8e580 JavaThread "Thread-6"                   daemon [_thread_in_native, id=23348, stack(0x00000093ba700000,0x00000093ba800000) (1024K)]
  0x000001aa108a4580 JavaThread "Thread-7"                   daemon [_thread_in_native, id=23172, stack(0x00000093ba800000,0x00000093ba900000) (1024K)]
  0x000001aa118976c0 JavaThread "Thread-8"                   daemon [_thread_in_native, id=22664, stack(0x00000093ba900000,0x00000093baa00000) (1024K)]
  0x000001aa11897030 JavaThread "Thread-9"                   daemon [_thread_in_native, id=21112, stack(0x00000093baa00000,0x00000093bab00000) (1024K)]
  0x000001aa11897d50 JavaThread "Thread-10"                  daemon [_thread_in_native, id=5768, stack(0x00000093bab00000,0x00000093bac00000) (1024K)]
  0x000001aa118969a0 JavaThread "Thread-11"                  daemon [_thread_in_native, id=18440, stack(0x00000093bac00000,0x00000093bad00000) (1024K)]
  0x000001aa117cfa80 JavaThread "Thread-12"                  daemon [_thread_in_native, id=25124, stack(0x00000093bad00000,0x00000093bae00000) (1024K)]
  0x000001aa117cf3f0 JavaThread "Thread-13"                  daemon [_thread_in_native, id=13588, stack(0x00000093bae00000,0x00000093baf00000) (1024K)]
  0x000001aa119801b0 JavaThread "pool-2-thread-1"                   [_thread_blocked, id=2156, stack(0x00000093baf00000,0x00000093bb000000) (1024K)]
  0x000001aa1197f490 JavaThread "WorkspaceEventsHandler"            [_thread_blocked, id=22692, stack(0x00000093bb000000,0x00000093bb100000) (1024K)]
  0x000001aa1197ee00 JavaThread "pool-1-thread-1"                   [_thread_blocked, id=25336, stack(0x00000093bb100000,0x00000093bb200000) (1024K)]
  0x000001aa0ef579a0 JavaThread "C2 CompilerThread2"         daemon [_thread_blocked, id=12600, stack(0x00000093bb200000,0x00000093bb300000) (1024K)]
Total: 45

Other Threads:
  0x000001a9b012ed20 VMThread "VM Thread"                           [id=8608, stack(0x00000093b7a00000,0x00000093b7b00000) (1024K)]
  0x000001a9b00fb000 WatcherThread "VM Periodic Task Thread"        [id=2480, stack(0x00000093b7900000,0x00000093b7a00000) (1024K)]
  0x000001a9b00ab900 WorkerThread "GC Thread#0"                     [id=21104, stack(0x00000093b7800000,0x00000093b7900000) (1024K)]
  0x000001aa0e71bb10 WorkerThread "GC Thread#1"                     [id=24216, stack(0x00000093b8700000,0x00000093b8800000) (1024K)]
  0x000001aa0e71bec0 WorkerThread "GC Thread#2"                     [id=25440, stack(0x00000093b8800000,0x00000093b8900000) (1024K)]
  0x000001aa0e6e5aa0 WorkerThread "GC Thread#3"                     [id=23872, stack(0x00000093b8900000,0x00000093b8a00000) (1024K)]
  0x000001aa0e6e5e50 WorkerThread "GC Thread#4"                     [id=9552, stack(0x00000093b8a00000,0x00000093b8b00000) (1024K)]
  0x000001aa0e18b8e0 WorkerThread "GC Thread#5"                     [id=21076, stack(0x00000093b8b00000,0x00000093b8c00000) (1024K)]
  0x000001aa0e18bc90 WorkerThread "GC Thread#6"                     [id=15040, stack(0x00000093b8c00000,0x00000093b8d00000) (1024K)]
  0x000001aa0e6c9740 WorkerThread "GC Thread#7"                     [id=21680, stack(0x00000093b8600000,0x00000093b8700000) (1024K)]
  0x000001aa0e561910 WorkerThread "GC Thread#8"                     [id=24980, stack(0x00000093b9000000,0x00000093b9100000) (1024K)]
  0x000001aa0ebfd9a0 WorkerThread "GC Thread#9"                     [id=13376, stack(0x00000093b9100000,0x00000093b9200000) (1024K)]
Total: 12

Threads with active compile tasks:
C2 CompilerThread1  16814 8266   !   4       org.eclipse.jdt.internal.core.search.indexing.BinaryIndexer::indexDocument (1172 bytes)
Total: 1

VM state: not at safepoint (normal execution)

VM Mutex/Monitor currently owned by a thread: None

Heap address: 0x0000000080000000, size: 2048 MB, Compressed Oops mode: 32-bit

CDS archive(s) mapped at: [0x000001a9c7000000-0x000001a9c7ba0000-0x000001a9c7ba0000), size 12189696, SharedBaseAddress: 0x000001a9c7000000, ArchiveRelocationMode: 1.
Compressed class space mapped at: 0x000001a9c8000000-0x000001aa08000000, reserved size: 1073741824
Narrow klass base: 0x000001a9c7000000, Narrow klass shift: 0, Narrow klass range: 0x100000000

GC Precious Log:
 CardTable entry size: 512
 CPUs: 12 total, 12 available
 Memory: 16163M
 Large Page Support: Disabled
 NUMA Support: Disabled
 Compressed Oops: Enabled (32-bit)
 Alignments: Space 512K, Generation 512K, Heap 2M
 Heap Min Capacity: 100M
 Heap Initial Capacity: 100M
 Heap Max Capacity: 2G
 Pre-touch: Disabled
 Parallel Workers: 10

Heap:
 PSYoungGen      total 17920K, used 9755K [0x00000000d5580000, 0x00000000d6c80000, 0x0000000100000000)
  eden space 15360K, 46% used [0x00000000d5580000,0x00000000d5c8a468,0x00000000d6480000)
  from space 2560K, 99% used [0x00000000d6480000,0x00000000d66fca20,0x00000000d6700000)
  to   space 4096K, 0% used [0x00000000d6880000,0x00000000d6880000,0x00000000d6c80000)
 ParOldGen       total 89088K, used 88754K [0x0000000080000000, 0x0000000085700000, 0x00000000d5580000)
  object space 89088K, 99% used [0x0000000080000000,0x00000000856ac920,0x0000000085700000)
 Metaspace       used 49220K, committed 50560K, reserved 1114112K
  class space    used 5305K, committed 5888K, reserved 1048576K

Card table byte_map: [0x000001a9afa30000,0x000001a9afe40000] _byte_map_base: 0x000001a9af630000

Marking Bits: (ParMarkBitMap*) 0x00007ff8a1963450
 Begin Bits: [0x000001a9c2540000, 0x000001a9c4540000)
 End Bits:   [0x000001a9c4540000, 0x000001a9c6540000)

Polling page: 0x000001a9adf20000

Metaspace:

Usage:
  Non-class:     42.89 MB used.
      Class:      5.18 MB used.
       Both:     48.07 MB used.

Virtual space:
  Non-class space:       64.00 MB reserved,      43.62 MB ( 68%) committed,  1 nodes.
      Class space:        1.00 GB reserved,       5.75 MB ( <1%) committed,  1 nodes.
             Both:        1.06 GB reserved,      49.38 MB (  5%) committed. 

Chunk freelists:
   Non-Class:  4.17 MB
       Class:  10.30 MB
        Both:  14.47 MB

MaxMetaspaceSize: unlimited
CompressedClassSpaceSize: 1.00 GB
Initial GC threshold: 21.00 MB
Current GC threshold: 58.38 MB
CDS: on
 - commit_granule_bytes: 65536.
 - commit_granule_words: 8192.
 - virtual_space_node_default_size: 8388608.
 - enlarge_chunks_in_place: 1.
 - use_allocation_guard: 0.


Internal statistics:

num_allocs_failed_limit: 6.
num_arena_births: 1034.
num_arena_deaths: 14.
num_vsnodes_births: 2.
num_vsnodes_deaths: 0.
num_space_committed: 790.
num_space_uncommitted: 0.
num_chunks_returned_to_freelist: 20.
num_chunks_taken_from_freelist: 3323.
num_chunk_merges: 6.
num_chunk_splits: 2013.
num_chunks_enlarged: 1113.
num_inconsistent_stats: 0.

CodeHeap 'non-profiled nmethods': size=120000Kb used=5364Kb max_used=5364Kb free=114635Kb
 bounds [0x000001a9bad60000, 0x000001a9bb2a0000, 0x000001a9c2290000]
CodeHeap 'profiled nmethods': size=120000Kb used=16305Kb max_used=16305Kb free=103694Kb
 bounds [0x000001a9b3290000, 0x000001a9b4280000, 0x000001a9ba7c0000]
CodeHeap 'non-nmethods': size=5760Kb used=1395Kb max_used=1465Kb free=4364Kb
 bounds [0x000001a9ba7c0000, 0x000001a9baa30000, 0x000001a9bad60000]
CodeCache: size=245760Kb, used=23064Kb, max_used=23134Kb, free=222693Kb
 total_blobs=8402, nmethods=7712, adapters=596, full_count=0
Compilation: enabled, stopped_count=0, restarted_count=0

Compilation events (20 events):
Event: 16.563 Thread 0x000001a9b0137ae0 nmethod 8271 0x000001a9bb299590 code [0x000001a9bb299760, 0x000001a9bb299ee0]
Event: 16.564 Thread 0x000001aa0ef579a0 nmethod 8276 0x000001a9bb29a590 code [0x000001a9bb29a740, 0x000001a9bb29a928]
Event: 16.599 Thread 0x000001a9b0137ae0 8281       4       org.eclipse.jdt.core.compiler.CharOperation::concatWith (127 bytes)
Event: 16.604 Thread 0x000001a9b0137ae0 nmethod 8281 0x000001a9bb29ab90 code [0x000001a9bb29ad40, 0x000001a9bb29b1f8]
Event: 16.611 Thread 0x000001a9b014ca40 8282       3       com.google.gson.stream.JsonWriter::newline (55 bytes)
Event: 16.612 Thread 0x000001a9b014ca40 nmethod 8282 0x000001a9b427a910 code [0x000001a9b427ab00, 0x000001a9b427af38]
Event: 16.635 Thread 0x000001a9b014ca40 8283       3       org.eclipse.core.internal.dtree.DataTreeNode::<init> (12 bytes)
Event: 16.635 Thread 0x000001a9b014ca40 nmethod 8283 0x000001a9b427b110 code [0x000001a9b427b2c0, 0x000001a9b427b578]
Event: 16.647 Thread 0x000001a9b014ca40 8284       3       org.eclipse.core.internal.resources.Resource::equals (69 bytes)
Event: 16.647 Thread 0x000001a9b014ca40 nmethod 8284 0x000001a9b427b690 code [0x000001a9b427b8a0, 0x000001a9b427c0a8]
Event: 16.662 Thread 0x000001a9b0137ae0 8285       4       org.eclipse.jdt.core.compiler.CharOperation::concatWith (127 bytes)
Event: 16.666 Thread 0x000001aa0ef579a0 8286       4       org.eclipse.jdt.internal.compiler.classfmt.ClassFileReader::isNestedType (11 bytes)
Event: 16.666 Thread 0x000001aa0ef579a0 nmethod 8286 0x000001a9bb29b490 code [0x000001a9bb29b620, 0x000001a9bb29b6b0]
Event: 16.668 Thread 0x000001a9b0137ae0 nmethod 8285 0x000001a9bb29b790 code [0x000001a9bb29b940, 0x000001a9bb29bdb8]
Event: 16.718 Thread 0x000001a9b014ca40 8287       3       java.lang.Character::isDigit (9 bytes)
Event: 16.718 Thread 0x000001a9b014ca40 nmethod 8287 0x000001a9b427c290 code [0x000001a9b427c440, 0x000001a9b427c638]
Event: 16.727 Thread 0x000001aa0ef579a0 8288       4       java.lang.AbstractStringBuilder::getChars (69 bytes)
Event: 16.729 Thread 0x000001aa0ef579a0 nmethod 8288 0x000001a9bb29c090 code [0x000001a9bb29c240, 0x000001a9bb29c640]
Event: 16.730 Thread 0x000001a9b0137ae0 8289       4       java.lang.StringBuilder::getChars (10 bytes)
Event: 16.733 Thread 0x000001a9b0137ae0 nmethod 8289 0x000001a9bb29c890 code [0x000001a9bb29ca40, 0x000001a9bb29ce40]

GC Heap History (20 events):
Event: 15.032 GC heap before
{Heap before GC invocations=36 (full 2):
 PSYoungGen      total 19968K, used 19628K [0x00000000d5580000, 0x00000000d6d80000, 0x0000000100000000)
  eden space 17408K, 100% used [0x00000000d5580000,0x00000000d6680000,0x00000000d6680000)
  from space 2560K, 86% used [0x00000000d6800000,0x00000000d6a2b2a8,0x00000000d6a80000)
  to   space 3072K, 0% used [0x00000000d6a80000,0x00000000d6a80000,0x00000000d6d80000)
 ParOldGen       total 68608K, used 64544K [0x0000000080000000, 0x0000000084300000, 0x00000000d5580000)
  object space 68608K, 94% used [0x0000000080000000,0x0000000083f08040,0x0000000084300000)
 Metaspace       used 48192K, committed 49472K, reserved 1114112K
  class space    used 5216K, committed 5760K, reserved 1048576K
}
Event: 15.037 GC heap after
{Heap after GC invocations=36 (full 2):
 PSYoungGen      total 19968K, used 2527K [0x00000000d5580000, 0x00000000d6d00000, 0x0000000100000000)
  eden space 17408K, 0% used [0x00000000d5580000,0x00000000d5580000,0x00000000d6680000)
  from space 2560K, 98% used [0x00000000d6a80000,0x00000000d6cf7ed8,0x00000000d6d00000)
  to   space 3072K, 0% used [0x00000000d6700000,0x00000000d6700000,0x00000000d6a00000)
 ParOldGen       total 68608K, used 66541K [0x0000000080000000, 0x0000000084300000, 0x00000000d5580000)
  object space 68608K, 96% used [0x0000000080000000,0x00000000840fb558,0x0000000084300000)
 Metaspace       used 48192K, committed 49472K, reserved 1114112K
  class space    used 5216K, committed 5760K, reserved 1048576K
}
Event: 15.224 GC heap before
{Heap before GC invocations=37 (full 2):
 PSYoungGen      total 19968K, used 19935K [0x00000000d5580000, 0x00000000d6d00000, 0x0000000100000000)
  eden space 17408K, 100% used [0x00000000d5580000,0x00000000d6680000,0x00000000d6680000)
  from space 2560K, 98% used [0x00000000d6a80000,0x00000000d6cf7ed8,0x00000000d6d00000)
  to   space 3072K, 0% used [0x00000000d6700000,0x00000000d6700000,0x00000000d6a00000)
 ParOldGen       total 68608K, used 66541K [0x0000000080000000, 0x0000000084300000, 0x00000000d5580000)
  object space 68608K, 96% used [0x0000000080000000,0x00000000840fb558,0x0000000084300000)
 Metaspace       used 48716K, committed 50048K, reserved 1114112K
  class space    used 5261K, committed 5824K, reserved 1048576K
}
Event: 15.227 GC heap after
{Heap after GC invocations=37 (full 2):
 PSYoungGen      total 19968K, used 2547K [0x00000000d5580000, 0x00000000d6c80000, 0x0000000100000000)
  eden space 17408K, 0% used [0x00000000d5580000,0x00000000d5580000,0x00000000d6680000)
  from space 2560K, 99% used [0x00000000d6700000,0x00000000d697cc60,0x00000000d6980000)
  to   space 3072K, 0% used [0x00000000d6980000,0x00000000d6980000,0x00000000d6c80000)
 ParOldGen       total 69120K, used 68931K [0x0000000080000000, 0x0000000084380000, 0x00000000d5580000)
  object space 69120K, 99% used [0x0000000080000000,0x0000000084350dc0,0x0000000084380000)
 Metaspace       used 48716K, committed 50048K, reserved 1114112K
  class space    used 5261K, committed 5824K, reserved 1048576K
}
Event: 15.395 GC heap before
{Heap before GC invocations=38 (full 2):
 PSYoungGen      total 19968K, used 19955K [0x00000000d5580000, 0x00000000d6c80000, 0x0000000100000000)
  eden space 17408K, 100% used [0x00000000d5580000,0x00000000d6680000,0x00000000d6680000)
  from space 2560K, 99% used [0x00000000d6700000,0x00000000d697cc60,0x00000000d6980000)
  to   space 3072K, 0% used [0x00000000d6980000,0x00000000d6980000,0x00000000d6c80000)
 ParOldGen       total 69120K, used 68931K [0x0000000080000000, 0x0000000084380000, 0x00000000d5580000)
  object space 69120K, 99% used [0x0000000080000000,0x0000000084350dc0,0x0000000084380000)
 Metaspace       used 48772K, committed 50112K, reserved 1114112K
  class space    used 5261K, committed 5824K, reserved 1048576K
}
Event: 15.397 GC heap after
{Heap after GC invocations=38 (full 2):
 PSYoungGen      total 20480K, used 2705K [0x00000000d5580000, 0x00000000d6c80000, 0x0000000100000000)
  eden space 17408K, 0% used [0x00000000d5580000,0x00000000d5580000,0x00000000d6680000)
  from space 3072K, 88% used [0x00000000d6980000,0x00000000d6c24520,0x00000000d6c80000)
  to   space 3072K, 0% used [0x00000000d6680000,0x00000000d6680000,0x00000000d6980000)
 ParOldGen       total 71680K, used 71255K [0x0000000080000000, 0x0000000084600000, 0x00000000d5580000)
  object space 71680K, 99% used [0x0000000080000000,0x0000000084595c80,0x0000000084600000)
 Metaspace       used 48772K, committed 50112K, reserved 1114112K
  class space    used 5261K, committed 5824K, reserved 1048576K
}
Event: 15.505 GC heap before
{Heap before GC invocations=39 (full 2):
 PSYoungGen      total 20480K, used 20113K [0x00000000d5580000, 0x00000000d6c80000, 0x0000000100000000)
  eden space 17408K, 100% used [0x00000000d5580000,0x00000000d6680000,0x00000000d6680000)
  from space 3072K, 88% used [0x00000000d6980000,0x00000000d6c24520,0x00000000d6c80000)
  to   space 3072K, 0% used [0x00000000d6680000,0x00000000d6680000,0x00000000d6980000)
 ParOldGen       total 71680K, used 71295K [0x0000000080000000, 0x0000000084600000, 0x00000000d5580000)
  object space 71680K, 99% used [0x0000000080000000,0x000000008459fc30,0x0000000084600000)
 Metaspace       used 48823K, committed 50176K, reserved 1114112K
  class space    used 5269K, committed 5824K, reserved 1048576K
}
Event: 15.508 GC heap after
{Heap after GC invocations=39 (full 2):
 PSYoungGen      total 20480K, used 2777K [0x00000000d5580000, 0x00000000d6c80000, 0x0000000100000000)
  eden space 17408K, 0% used [0x00000000d5580000,0x00000000d5580000,0x00000000d6680000)
  from space 3072K, 90% used [0x00000000d6680000,0x00000000d6936508,0x00000000d6980000)
  to   space 3072K, 0% used [0x00000000d6980000,0x00000000d6980000,0x00000000d6c80000)
 ParOldGen       total 74240K, used 73837K [0x0000000080000000, 0x0000000084880000, 0x00000000d5580000)
  object space 74240K, 99% used [0x0000000080000000,0x000000008481b4f0,0x0000000084880000)
 Metaspace       used 48823K, committed 50176K, reserved 1114112K
  class space    used 5269K, committed 5824K, reserved 1048576K
}
Event: 15.569 GC heap before
{Heap before GC invocations=40 (full 2):
 PSYoungGen      total 20480K, used 20185K [0x00000000d5580000, 0x00000000d6c80000, 0x0000000100000000)
  eden space 17408K, 100% used [0x00000000d5580000,0x00000000d6680000,0x00000000d6680000)
  from space 3072K, 90% used [0x00000000d6680000,0x00000000d6936508,0x00000000d6980000)
  to   space 3072K, 0% used [0x00000000d6980000,0x00000000d6980000,0x00000000d6c80000)
 ParOldGen       total 74240K, used 73846K [0x0000000080000000, 0x0000000084880000, 0x00000000d5580000)
  object space 74240K, 99% used [0x0000000080000000,0x000000008481d908,0x0000000084880000)
 Metaspace       used 48837K, committed 50176K, reserved 1114112K
  class space    used 5269K, committed 5824K, reserved 1048576K
}
Event: 15.575 GC heap after
{Heap after GC invocations=40 (full 2):
 PSYoungGen      total 19456K, used 1873K [0x00000000d5580000, 0x00000000d6b80000, 0x0000000100000000)
  eden space 17408K, 0% used [0x00000000d5580000,0x00000000d5580000,0x00000000d6680000)
  from space 2048K, 91% used [0x00000000d6980000,0x00000000d6b54750,0x00000000d6b80000)
  to   space 2560K, 0% used [0x00000000d6680000,0x00000000d6680000,0x00000000d6900000)
 ParOldGen       total 76800K, used 76394K [0x0000000080000000, 0x0000000084b00000, 0x00000000d5580000)
  object space 76800K, 99% used [0x0000000080000000,0x0000000084a9aa98,0x0000000084b00000)
 Metaspace       used 48837K, committed 50176K, reserved 1114112K
  class space    used 5269K, committed 5824K, reserved 1048576K
}
Event: 15.793 GC heap before
{Heap before GC invocations=41 (full 2):
 PSYoungGen      total 19456K, used 19281K [0x00000000d5580000, 0x00000000d6b80000, 0x0000000100000000)
  eden space 17408K, 100% used [0x00000000d5580000,0x00000000d6680000,0x00000000d6680000)
  from space 2048K, 91% used [0x00000000d6980000,0x00000000d6b54750,0x00000000d6b80000)
  to   space 2560K, 0% used [0x00000000d6680000,0x00000000d6680000,0x00000000d6900000)
 ParOldGen       total 76800K, used 76398K [0x0000000080000000, 0x0000000084b00000, 0x00000000d5580000)
  object space 76800K, 99% used [0x0000000080000000,0x0000000084a9ba50,0x0000000084b00000)
 Metaspace       used 48947K, committed 50240K, reserved 1114112K
  class space    used 5283K, committed 5824K, reserved 1048576K
}
Event: 15.797 GC heap after
{Heap after GC invocations=41 (full 2):
 PSYoungGen      total 19968K, used 2528K [0x00000000d5580000, 0x00000000d7080000, 0x0000000100000000)
  eden space 17408K, 0% used [0x00000000d5580000,0x00000000d5580000,0x00000000d6680000)
  from space 2560K, 98% used [0x00000000d6680000,0x00000000d68f8008,0x00000000d6900000)
  to   space 5120K, 0% used [0x00000000d6b80000,0x00000000d6b80000,0x00000000d7080000)
 ParOldGen       total 78336K, used 78219K [0x0000000080000000, 0x0000000084c80000, 0x00000000d5580000)
  object space 78336K, 99% used [0x0000000080000000,0x0000000084c62f80,0x0000000084c80000)
 Metaspace       used 48947K, committed 50240K, reserved 1114112K
  class space    used 5283K, committed 5824K, reserved 1048576K
}
Event: 16.022 GC heap before
{Heap before GC invocations=42 (full 2):
 PSYoungGen      total 19968K, used 19936K [0x00000000d5580000, 0x00000000d7080000, 0x0000000100000000)
  eden space 17408K, 100% used [0x00000000d5580000,0x00000000d6680000,0x00000000d6680000)
  from space 2560K, 98% used [0x00000000d6680000,0x00000000d68f8008,0x00000000d6900000)
  to   space 5120K, 0% used [0x00000000d6b80000,0x00000000d6b80000,0x00000000d7080000)
 ParOldGen       total 78336K, used 78219K [0x0000000080000000, 0x0000000084c80000, 0x00000000d5580000)
  object space 78336K, 99% used [0x0000000080000000,0x0000000084c62f80,0x0000000084c80000)
 Metaspace       used 49150K, committed 50432K, reserved 1114112K
  class space    used 5296K, committed 5824K, reserved 1048576K
}
Event: 16.026 GC heap after
{Heap after GC invocations=42 (full 2):
 PSYoungGen      total 20480K, used 2822K [0x00000000d5580000, 0x00000000d6e80000, 0x0000000100000000)
  eden space 17408K, 0% used [0x00000000d5580000,0x00000000d5580000,0x00000000d6680000)
  from space 3072K, 91% used [0x00000000d6b80000,0x00000000d6e41b70,0x00000000d6e80000)
  to   space 3584K, 0% used [0x00000000d6780000,0x00000000d6780000,0x00000000d6b00000)
 ParOldGen       total 80896K, used 80704K [0x0000000080000000, 0x0000000084f00000, 0x00000000d5580000)
  object space 80896K, 99% used [0x0000000080000000,0x0000000084ed01a8,0x0000000084f00000)
 Metaspace       used 49150K, committed 50432K, reserved 1114112K
  class space    used 5296K, committed 5824K, reserved 1048576K
}
Event: 16.263 GC heap before
{Heap before GC invocations=43 (full 2):
 PSYoungGen      total 20480K, used 20230K [0x00000000d5580000, 0x00000000d6e80000, 0x0000000100000000)
  eden space 17408K, 100% used [0x00000000d5580000,0x00000000d6680000,0x00000000d6680000)
  from space 3072K, 91% used [0x00000000d6b80000,0x00000000d6e41b70,0x00000000d6e80000)
  to   space 3584K, 0% used [0x00000000d6780000,0x00000000d6780000,0x00000000d6b00000)
 ParOldGen       total 80896K, used 80704K [0x0000000080000000, 0x0000000084f00000, 0x00000000d5580000)
  object space 80896K, 99% used [0x0000000080000000,0x0000000084ed01a8,0x0000000084f00000)
 Metaspace       used 49193K, committed 50432K, reserved 1114112K
  class space    used 5300K, committed 5824K, reserved 1048576K
}
Event: 16.266 GC heap after
{Heap after GC invocations=43 (full 2):
 PSYoungGen      total 20480K, used 2777K [0x00000000d5580000, 0x00000000d6c80000, 0x0000000100000000)
  eden space 17408K, 0% used [0x00000000d5580000,0x00000000d5580000,0x00000000d6680000)
  from space 3072K, 90% used [0x00000000d6780000,0x00000000d6a366f0,0x00000000d6a80000)
  to   space 2048K, 0% used [0x00000000d6a80000,0x00000000d6a80000,0x00000000d6c80000)
 ParOldGen       total 83456K, used 83358K [0x0000000080000000, 0x0000000085180000, 0x00000000d5580000)
  object space 83456K, 99% used [0x0000000080000000,0x0000000085167980,0x0000000085180000)
 Metaspace       used 49193K, committed 50432K, reserved 1114112K
  class space    used 5300K, committed 5824K, reserved 1048576K
}
Event: 16.483 GC heap before
{Heap before GC invocations=44 (full 2):
 PSYoungGen      total 20480K, used 20185K [0x00000000d5580000, 0x00000000d6c80000, 0x0000000100000000)
  eden space 17408K, 100% used [0x00000000d5580000,0x00000000d6680000,0x00000000d6680000)
  from space 3072K, 90% used [0x00000000d6780000,0x00000000d6a366f0,0x00000000d6a80000)
  to   space 2048K, 0% used [0x00000000d6a80000,0x00000000d6a80000,0x00000000d6c80000)
 ParOldGen       total 83456K, used 83358K [0x0000000080000000, 0x0000000085180000, 0x00000000d5580000)
  object space 83456K, 99% used [0x0000000080000000,0x0000000085167980,0x0000000085180000)
 Metaspace       used 49219K, committed 50560K, reserved 1114112K
  class space    used 5305K, committed 5888K, reserved 1048576K
}
Event: 16.487 GC heap after
{Heap after GC invocations=44 (full 2):
 PSYoungGen      total 17408K, used 2021K [0x00000000d5580000, 0x00000000d7280000, 0x0000000100000000)
  eden space 15360K, 0% used [0x00000000d5580000,0x00000000d5580000,0x00000000d6480000)
  from space 2048K, 98% used [0x00000000d6a80000,0x00000000d6c794f8,0x00000000d6c80000)
  to   space 6144K, 0% used [0x00000000d6480000,0x00000000d6480000,0x00000000d6a80000)
 ParOldGen       total 87040K, used 86784K [0x0000000080000000, 0x0000000085500000, 0x00000000d5580000)
  object space 87040K, 99% used [0x0000000080000000,0x00000000854c03f0,0x0000000085500000)
 Metaspace       used 49219K, committed 50560K, reserved 1114112K
  class space    used 5305K, committed 5888K, reserved 1048576K
}
Event: 16.697 GC heap before
{Heap before GC invocations=45 (full 2):
 PSYoungGen      total 17408K, used 17381K [0x00000000d5580000, 0x00000000d7280000, 0x0000000100000000)
  eden space 15360K, 100% used [0x00000000d5580000,0x00000000d6480000,0x00000000d6480000)
  from space 2048K, 98% used [0x00000000d6a80000,0x00000000d6c794f8,0x00000000d6c80000)
  to   space 6144K, 0% used [0x00000000d6480000,0x00000000d6480000,0x00000000d6a80000)
 ParOldGen       total 87040K, used 86784K [0x0000000080000000, 0x0000000085500000, 0x00000000d5580000)
  object space 87040K, 99% used [0x0000000080000000,0x00000000854c03f0,0x0000000085500000)
 Metaspace       used 49220K, committed 50560K, reserved 1114112K
  class space    used 5305K, committed 5888K, reserved 1048576K
}
Event: 16.713 GC heap after
{Heap after GC invocations=45 (full 2):
 PSYoungGen      total 17920K, used 2546K [0x00000000d5580000, 0x00000000d6c80000, 0x0000000100000000)
  eden space 15360K, 0% used [0x00000000d5580000,0x00000000d5580000,0x00000000d6480000)
  from space 2560K, 99% used [0x00000000d6480000,0x00000000d66fca20,0x00000000d6700000)
  to   space 4096K, 0% used [0x00000000d6880000,0x00000000d6880000,0x00000000d6c80000)
 ParOldGen       total 89088K, used 88754K [0x0000000080000000, 0x0000000085700000, 0x00000000d5580000)
  object space 89088K, 99% used [0x0000000080000000,0x00000000856ac920,0x0000000085700000)
 Metaspace       used 49220K, committed 50560K, reserved 1114112K
  class space    used 5305K, committed 5888K, reserved 1048576K
}

Dll operation events (10 events):
Event: 0.012 Loaded shared library c:\Users\ACER\.vscode\extensions\redhat.java-1.54.0-win32-x64\jre\21.0.10-win32-x86_64\bin\java.dll
Event: 0.161 Loaded shared library c:\Users\ACER\.vscode\extensions\redhat.java-1.54.0-win32-x64\jre\21.0.10-win32-x86_64\bin\zip.dll
Event: 0.189 Loaded shared library C:\Users\ACER\.vscode\extensions\redhat.java-1.54.0-win32-x64\jre\21.0.10-win32-x86_64\bin\instrument.dll
Event: 0.202 Loaded shared library C:\Users\ACER\.vscode\extensions\redhat.java-1.54.0-win32-x64\jre\21.0.10-win32-x86_64\bin\net.dll
Event: 0.207 Loaded shared library C:\Users\ACER\.vscode\extensions\redhat.java-1.54.0-win32-x64\jre\21.0.10-win32-x86_64\bin\nio.dll
Event: 0.215 Loaded shared library C:\Users\ACER\.vscode\extensions\redhat.java-1.54.0-win32-x64\jre\21.0.10-win32-x86_64\bin\zip.dll
Event: 0.246 Loaded shared library C:\Users\ACER\.vscode\extensions\redhat.java-1.54.0-win32-x64\jre\21.0.10-win32-x86_64\bin\jimage.dll
Event: 0.387 Loaded shared library c:\Users\ACER\.vscode\extensions\redhat.java-1.54.0-win32-x64\jre\21.0.10-win32-x86_64\bin\verify.dll
Event: 2.119 Loaded shared library C:\Users\ACER\AppData\Roaming\Code\User\globalStorage\redhat.java\1.54.0\config_win\org.eclipse.equinox.launcher\org.eclipse.equinox.launcher.win32.win32.x86_64_1.3.0.v20260203-2149\eclipse_11919.dll
Event: 7.132 Loaded shared library C:\Users\ACER\AppData\Local\Temp\jna-2003023\jna4919092721817143445.dll

Deoptimization events (20 events):
Event: 16.128 Thread 0x000001aa0ec41b20 DEOPT PACKING pc=0x000001a9b423d853 sp=0x00000093b9bfec70
Event: 16.128 Thread 0x000001aa0ec41b20 DEOPT UNPACKING pc=0x000001a9ba8178e2 sp=0x00000093b9bfe1d8 mode 0
Event: 16.153 Thread 0x000001aa0ec41b20 DEOPT PACKING pc=0x000001a9b423d7d3 sp=0x00000093b9bfec70
Event: 16.153 Thread 0x000001aa0ec41b20 DEOPT UNPACKING pc=0x000001a9ba8178e2 sp=0x00000093b9bfe1d8 mode 0
Event: 16.181 Thread 0x000001aa0ec41b20 DEOPT PACKING pc=0x000001a9b423d853 sp=0x00000093b9bfec70
Event: 16.181 Thread 0x000001aa0ec41b20 DEOPT UNPACKING pc=0x000001a9ba8178e2 sp=0x00000093b9bfe1d8 mode 0
Event: 16.196 Thread 0x000001aa0ec41b20 DEOPT PACKING pc=0x000001a9b423d853 sp=0x00000093b9bfec70
Event: 16.196 Thread 0x000001aa0ec41b20 DEOPT UNPACKING pc=0x000001a9ba8178e2 sp=0x00000093b9bfe1d8 mode 0
Event: 16.215 Thread 0x000001aa0ec41b20 DEOPT PACKING pc=0x000001a9b423d7d3 sp=0x00000093b9bfec70
Event: 16.215 Thread 0x000001aa0ec41b20 DEOPT UNPACKING pc=0x000001a9ba8178e2 sp=0x00000093b9bfe1d8 mode 0
Event: 16.242 Thread 0x000001aa0ec41b20 DEOPT PACKING pc=0x000001a9b423d853 sp=0x00000093b9bfec70
Event: 16.242 Thread 0x000001aa0ec41b20 DEOPT UNPACKING pc=0x000001a9ba8178e2 sp=0x00000093b9bfe1d8 mode 0
Event: 16.365 Thread 0x000001aa0ec41b20 Uncommon trap: trap_request=0xfffffff4 fr.pc=0x000001a9bb26f61c relative=0x0000000000007c3c
Event: 16.365 Thread 0x000001aa0ec41b20 Uncommon trap: reason=null_check action=make_not_entrant pc=0x000001a9bb26f61c method=org.eclipse.jdt.internal.core.search.indexing.BinaryIndexer.indexDocument()V @ 536 c2
Event: 16.365 Thread 0x000001aa0ec41b20 DEOPT PACKING pc=0x000001a9bb26f61c sp=0x00000093b9bfefa0
Event: 16.365 Thread 0x000001aa0ec41b20 DEOPT UNPACKING pc=0x000001a9ba816da2 sp=0x00000093b9bfef00 mode 2
Event: 16.609 Thread 0x000001aa0ec41b20 Uncommon trap: trap_request=0xffffff6e fr.pc=0x000001a9bb29b0d8 relative=0x0000000000000398
Event: 16.609 Thread 0x000001aa0ec41b20 Uncommon trap: reason=loop_limit_check action=maybe_recompile pc=0x000001a9bb29b0d8 method=org.eclipse.jdt.core.compiler.CharOperation.concatWith([[CC)[C @ 121 c2
Event: 16.609 Thread 0x000001aa0ec41b20 DEOPT PACKING pc=0x000001a9bb29b0d8 sp=0x00000093b9bfeb90
Event: 16.609 Thread 0x000001aa0ec41b20 DEOPT UNPACKING pc=0x000001a9ba816da2 sp=0x00000093b9bfeb40 mode 2

Classes loaded (20 events):
Event: 15.126 Loading class java/util/TreeMap$TreeMapSpliterator done
Event: 15.126 Loading class java/util/TreeMap$ValueSpliterator done
Event: 15.148 Loading class java/util/concurrent/Executors$DelegatedScheduledExecutorService
Event: 15.148 Loading class java/util/concurrent/Executors$DelegatedExecutorService
Event: 15.148 Loading class java/util/concurrent/Executors$DelegatedExecutorService done
Event: 15.148 Loading class java/util/concurrent/Executors$DelegatedScheduledExecutorService done
Event: 15.183 Loading class java/util/concurrent/CompletionException
Event: 15.183 Loading class java/util/concurrent/CompletionException done
Event: 15.197 Loading class java/nio/file/FileTreeWalker$1
Event: 15.198 Loading class java/nio/file/FileTreeWalker$1 done
Event: 15.199 Loading class sun/nio/fs/Globs
Event: 15.200 Loading class sun/nio/fs/Globs done
Event: 15.200 Loading class java/util/regex/Pattern$SliceU
Event: 15.203 Loading class java/util/regex/Pattern$SliceU done
Event: 15.203 Loading class sun/nio/fs/WindowsFileSystem$2
Event: 15.203 Loading class java/nio/file/PathMatcher
Event: 15.203 Loading class java/nio/file/PathMatcher done
Event: 15.203 Loading class sun/nio/fs/WindowsFileSystem$2 done
Event: 16.004 Loading class java/util/regex/PatternSyntaxException
Event: 16.004 Loading class java/util/regex/PatternSyntaxException done

Classes unloaded (7 events):
Event: 8.715 Thread 0x000001a9b012ed20 Unloading class 0x000001a9c81acc00 'java/lang/invoke/LambdaForm$MH+0x000001a9c81acc00'
Event: 8.715 Thread 0x000001a9b012ed20 Unloading class 0x000001a9c81ac800 'java/lang/invoke/LambdaForm$MH+0x000001a9c81ac800'
Event: 8.715 Thread 0x000001a9b012ed20 Unloading class 0x000001a9c81ac400 'java/lang/invoke/LambdaForm$MH+0x000001a9c81ac400'
Event: 8.715 Thread 0x000001a9b012ed20 Unloading class 0x000001a9c81ac000 'java/lang/invoke/LambdaForm$MH+0x000001a9c81ac000'
Event: 8.715 Thread 0x000001a9b012ed20 Unloading class 0x000001a9c81abc00 'java/lang/invoke/LambdaForm$BMH+0x000001a9c81abc00'
Event: 8.715 Thread 0x000001a9b012ed20 Unloading class 0x000001a9c81ab800 'java/lang/invoke/LambdaForm$DMH+0x000001a9c81ab800'
Event: 8.715 Thread 0x000001a9b012ed20 Unloading class 0x000001a9c81aa400 'java/lang/invoke/LambdaForm$DMH+0x000001a9c81aa400'

Classes redefined (0 events):
No events

Internal exceptions (20 events):
Event: 15.438 Thread 0x000001aa0ec41490 Exception <a 'sun/nio/fs/WindowsException'{0x00000000d5d7d298}> (0x00000000d5d7d298) 
thrown [s\src\hotspot\share\prims\jni.cpp, line 520]
Event: 15.438 Thread 0x000001aa0ec41490 Exception <a 'sun/nio/fs/WindowsException'{0x00000000d5d7d928}> (0x00000000d5d7d928) 
thrown [s\src\hotspot\share\prims\jni.cpp, line 520]
Event: 15.438 Thread 0x000001aa0ec41490 Exception <a 'sun/nio/fs/WindowsException'{0x00000000d5d7dfd8}> (0x00000000d5d7dfd8) 
thrown [s\src\hotspot\share\prims\jni.cpp, line 520]
Event: 15.439 Thread 0x000001aa0ec41490 Exception <a 'sun/nio/fs/WindowsException'{0x00000000d5d81ae0}> (0x00000000d5d81ae0) 
thrown [s\src\hotspot\share\prims\jni.cpp, line 520]
Event: 15.439 Thread 0x000001aa0ec41490 Exception <a 'sun/nio/fs/WindowsException'{0x00000000d5d82198}> (0x00000000d5d82198) 
thrown [s\src\hotspot\share\prims\jni.cpp, line 520]
Event: 15.439 Thread 0x000001aa0ec41490 Exception <a 'sun/nio/fs/WindowsException'{0x00000000d5d82858}> (0x00000000d5d82858) 
thrown [s\src\hotspot\share\prims\jni.cpp, line 520]
Event: 15.439 Thread 0x000001aa0ec41490 Exception <a 'sun/nio/fs/WindowsException'{0x00000000d5d82f28}> (0x00000000d5d82f28) 
thrown [s\src\hotspot\share\prims\jni.cpp, line 520]
Event: 15.439 Thread 0x000001aa0ec41490 Exception <a 'sun/nio/fs/WindowsException'{0x00000000d5d86bf0}> (0x00000000d5d86bf0) 
thrown [s\src\hotspot\share\prims\jni.cpp, line 520]
Event: 15.439 Thread 0x000001aa0ec41490 Exception <a 'sun/nio/fs/WindowsException'{0x00000000d5d87278}> (0x00000000d5d87278) 
thrown [s\src\hotspot\share\prims\jni.cpp, line 520]
Event: 15.439 Thread 0x000001aa0ec41490 Exception <a 'sun/nio/fs/WindowsException'{0x00000000d5d87908}> (0x00000000d5d87908) 
thrown [s\src\hotspot\share\prims\jni.cpp, line 520]
Event: 15.439 Thread 0x000001aa0ec41490 Exception <a 'sun/nio/fs/WindowsException'{0x00000000d5d87fa8}> (0x00000000d5d87fa8) 
thrown [s\src\hotspot\share\prims\jni.cpp, line 520]
Event: 15.440 Thread 0x000001aa0ec41490 Exception <a 'sun/nio/fs/WindowsException'{0x00000000d5de6020}> (0x00000000d5de6020) 
thrown [s\src\hotspot\share\prims\jni.cpp, line 520]
Event: 15.440 Thread 0x000001aa0ec41490 Exception <a 'sun/nio/fs/WindowsException'{0x00000000d5de66a0}> (0x00000000d5de66a0) 
thrown [s\src\hotspot\share\prims\jni.cpp, line 520]
Event: 15.440 Thread 0x000001aa0ec41490 Exception <a 'sun/nio/fs/WindowsException'{0x00000000d5de6d20}> (0x00000000d5de6d20) 
thrown [s\src\hotspot\share\prims\jni.cpp, line 520]
Event: 15.440 Thread 0x000001aa0ec41490 Exception <a 'sun/nio/fs/WindowsException'{0x00000000d5de73b8}> (0x00000000d5de73b8) 
thrown [s\src\hotspot\share\prims\jni.cpp, line 520]
Event: 15.440 Thread 0x000001aa0ec41490 Exception <a 'sun/nio/fs/WindowsException'{0x00000000d5deadb0}> (0x00000000d5deadb0) 
thrown [s\src\hotspot\share\prims\jni.cpp, line 520]
Event: 15.440 Thread 0x000001aa0ec41490 Exception <a 'sun/nio/fs/WindowsException'{0x00000000d5deb430}> (0x00000000d5deb430) 
thrown [s\src\hotspot\share\prims\jni.cpp, line 520]
Event: 15.440 Thread 0x000001aa0ec41490 Exception <a 'sun/nio/fs/WindowsException'{0x00000000d5debab0}> (0x00000000d5debab0) 
thrown [s\src\hotspot\share\prims\jni.cpp, line 520]
Event: 15.440 Thread 0x000001aa0ec41490 Exception <a 'sun/nio/fs/WindowsException'{0x00000000d5dec148}> (0x00000000d5dec148) 
thrown [s\src\hotspot\share\prims\jni.cpp, line 520]
Event: 16.365 Thread 0x000001aa0ec41b20 Implicit null exception at 0x000001a9bb26a608 to 0x000001a9bb26f5f4

ZGC Phase Switch (0 events):
No events

VM Operations (20 events):
Event: 15.505 Executing safepoint VM operation: ParallelGCSystemGC (GCLocker Initiated GC)
Event: 15.508 Executing safepoint VM operation: ParallelGCSystemGC (GCLocker Initiated GC) done
Event: 15.564 Executing safepoint VM operation: ParallelGCFailedAllocation (Allocation Failure)
Event: 15.564 Executing safepoint VM operation: ParallelGCFailedAllocation (Allocation Failure) done
Event: 15.569 Executing safepoint VM operation: ParallelGCSystemGC (GCLocker Initiated GC)
Event: 15.575 Executing safepoint VM operation: ParallelGCSystemGC (GCLocker Initiated GC) done
Event: 15.793 Executing safepoint VM operation: ParallelGCFailedAllocation (Allocation Failure)
Event: 15.797 Executing safepoint VM operation: ParallelGCFailedAllocation (Allocation Failure) done
Event: 15.988 Executing non-safepoint VM operation: HandshakeAllThreads (Deoptimize)
Event: 15.999 Executing non-safepoint VM operation: HandshakeAllThreads (Deoptimize) done
Event: 16.021 Executing safepoint VM operation: ParallelGCFailedAllocation (Allocation Failure)
Event: 16.027 Executing safepoint VM operation: ParallelGCFailedAllocation (Allocation Failure) done
Event: 16.134 Executing non-safepoint VM operation: HandshakeAllThreads (Deoptimize)
Event: 16.135 Executing non-safepoint VM operation: HandshakeAllThreads (Deoptimize) done
Event: 16.263 Executing safepoint VM operation: ParallelGCFailedAllocation (Allocation Failure)
Event: 16.266 Executing safepoint VM operation: ParallelGCFailedAllocation (Allocation Failure) done
Event: 16.483 Executing safepoint VM operation: ParallelGCFailedAllocation (Allocation Failure)
Event: 16.487 Executing safepoint VM operation: ParallelGCFailedAllocation (Allocation Failure) done
Event: 16.697 Executing safepoint VM operation: ParallelGCFailedAllocation (Allocation Failure)
Event: 16.713 Executing safepoint VM operation: ParallelGCFailedAllocation (Allocation Failure) done

Memory protections (0 events):
No events

Nmethod flushes (20 events):
Event: 10.752 Thread 0x000001a9b012ed20 flushing  nmethod 0x000001a9b3922e90
Event: 10.752 Thread 0x000001a9b012ed20 flushing  nmethod 0x000001a9b3923790
Event: 10.752 Thread 0x000001a9b012ed20 flushing  nmethod 0x000001a9b3924990
Event: 10.752 Thread 0x000001a9b012ed20 flushing  nmethod 0x000001a9b3925610
Event: 10.752 Thread 0x000001a9b012ed20 flushing  nmethod 0x000001a9b3926710
Event: 10.752 Thread 0x000001a9b012ed20 flushing  nmethod 0x000001a9b3926c10
Event: 10.752 Thread 0x000001a9b012ed20 flushing  nmethod 0x000001a9b3927510
Event: 10.752 Thread 0x000001a9b012ed20 flushing  nmethod 0x000001a9b3928990
Event: 10.752 Thread 0x000001a9b012ed20 flushing  nmethod 0x000001a9b392a410
Event: 10.752 Thread 0x000001a9b012ed20 flushing  nmethod 0x000001a9b3937810
Event: 10.752 Thread 0x000001a9b012ed20 flushing  nmethod 0x000001a9b3939c10
Event: 10.752 Thread 0x000001a9b012ed20 flushing  nmethod 0x000001a9b3975410
Event: 10.752 Thread 0x000001a9b012ed20 flushing  nmethod 0x000001a9b3976c90
Event: 10.752 Thread 0x000001a9b012ed20 flushing  nmethod 0x000001a9b39c3090
Event: 10.752 Thread 0x000001a9b012ed20 flushing  nmethod 0x000001a9b39c7f10
Event: 10.752 Thread 0x000001a9b012ed20 flushing  nmethod 0x000001a9b39e2410
Event: 10.752 Thread 0x000001a9b012ed20 flushing  nmethod 0x000001a9b39f3610
Event: 10.752 Thread 0x000001a9b012ed20 flushing  nmethod 0x000001a9b3a17f90
Event: 10.752 Thread 0x000001a9b012ed20 flushing  nmethod 0x000001a9b3a39d10
Event: 10.752 Thread 0x000001a9b012ed20 flushing  nmethod 0x000001a9b3a3a190

Events (20 events):
Event: 10.792 Thread 0x000001a9b008e1f0 Thread added: 0x000001aa11bc36d0
Event: 10.792 Thread 0x000001a9b008e1f0 Thread added: 0x000001aa11bc29b0
Event: 10.792 Thread 0x000001a9b008e1f0 Thread added: 0x000001aa11a8def0
Event: 10.792 Thread 0x000001a9b008e1f0 Thread added: 0x000001aa11a8f2a0
Event: 10.792 Thread 0x000001a9b008e1f0 Thread added: 0x000001aa11a8ec10
Event: 10.792 Thread 0x000001a9b008e1f0 Thread added: 0x000001aa11a8e580
Event: 10.792 Thread 0x000001a9b008e1f0 Thread added: 0x000001aa108a4580
Event: 10.793 Thread 0x000001a9b008e1f0 Thread added: 0x000001aa118976c0
Event: 10.793 Thread 0x000001a9b008e1f0 Thread added: 0x000001aa11897030
Event: 10.793 Thread 0x000001a9b008e1f0 Thread added: 0x000001aa11897d50
Event: 10.793 Thread 0x000001a9b008e1f0 Thread added: 0x000001aa118969a0
Event: 10.793 Thread 0x000001a9b008e1f0 Thread added: 0x000001aa117cfa80
Event: 10.793 Thread 0x000001a9b008e1f0 Thread added: 0x000001aa117cf3f0
Event: 10.831 Thread 0x000001a9b008e1f0 Thread added: 0x000001aa119801b0
Event: 11.020 Thread 0x000001a9b008e1f0 Thread added: 0x000001aa1197f490
Event: 11.020 Thread 0x000001a9b008e1f0 Thread added: 0x000001aa1197ee00
Event: 14.744 Thread 0x000001aa0e2612d0 Thread exited: 0x000001aa0e2612d0
Event: 15.149 Thread 0x000001aa0ec41490 Thread added: 0x000001aa123e8c90
Event: 15.512 Thread 0x000001a9b014ca40 Thread added: 0x000001aa0ef579a0
Event: 16.056 Thread 0x000001aa123e8c90 Thread exited: 0x000001aa123e8c90


Dynamic libraries:
0x00007ff7b7f20000 - 0x00007ff7b7f2e000 	c:\Users\ACER\.vscode\extensions\redhat.java-1.54.0-win32-x64\jre\21.0.10-win32-x86_64\bin\java.exe
0x00007ff9439a0000 - 0x00007ff943c07000 	C:\WINDOWS\SYSTEM32\ntdll.dll
0x00007ff942360000 - 0x00007ff942429000 	C:\WINDOWS\System32\KERNEL32.DLL
0x00007ff940f80000 - 0x00007ff941377000 	C:\WINDOWS\System32\KERNELBASE.dll
0x00007ff940e30000 - 0x00007ff940f7b000 	C:\WINDOWS\System32\ucrtbase.dll
0x00007ff9267b0000 - 0x00007ff9267c8000 	c:\Users\ACER\.vscode\extensions\redhat.java-1.54.0-win32-x64\jre\21.0.10-win32-x86_64\bin\jli.dll
0x00007ff942440000 - 0x00007ff942606000 	C:\WINDOWS\System32\USER32.dll
0x00007ff941590000 - 0x00007ff9415b7000 	C:\WINDOWS\System32\win32u.dll
0x00007ff941730000 - 0x00007ff94175b000 	C:\WINDOWS\System32\GDI32.dll
0x00007ff940d00000 - 0x00007ff940e2c000 	C:\WINDOWS\System32\gdi32full.dll
0x00007ff9415c0000 - 0x00007ff941663000 	C:\WINDOWS\System32\msvcp_win.dll
0x00007ff926740000 - 0x00007ff92675e000 	c:\Users\ACER\.vscode\extensions\redhat.java-1.54.0-win32-x64\jre\21.0.10-win32-x86_64\bin\VCRUNTIME140.dll
0x00007ff92a2c0000 - 0x00007ff92a552000 	C:\WINDOWS\WinSxS\amd64_microsoft.windows.common-controls_6595b64144ccf1df_6.0.26100.8328_none_3e08182ce334b678\COMCTL32.dll
0x00007ff943130000 - 0x00007ff9431d9000 	C:\WINDOWS\System32\msvcrt.dll
0x00007ff9429f0000 - 0x00007ff942a22000 	C:\WINDOWS\System32\IMM32.DLL
0x00007ff92ae80000 - 0x00007ff92ae8c000 	c:\Users\ACER\.vscode\extensions\redhat.java-1.54.0-win32-x64\jre\21.0.10-win32-x86_64\bin\vcruntime140_1.dll
0x00007ff923040000 - 0x00007ff9230cd000 	c:\Users\ACER\.vscode\extensions\redhat.java-1.54.0-win32-x64\jre\21.0.10-win32-x86_64\bin\msvcp140.dll
0x00007ff8a0ca0000 - 0x00007ff8a1a41000 	c:\Users\ACER\.vscode\extensions\redhat.java-1.54.0-win32-x64\jre\21.0.10-win32-x86_64\bin\server\jvm.dll
0x00007ff9421c0000 - 0x00007ff942276000 	C:\WINDOWS\System32\ADVAPI32.dll
0x00007ff9419b0000 - 0x00007ff941a57000 	C:\WINDOWS\System32\sechost.dll
0x00007ff941760000 - 0x00007ff941878000 	C:\WINDOWS\System32\RPCRT4.dll
0x00007ff9430a0000 - 0x00007ff943120000 	C:\WINDOWS\System32\WS2_32.dll
0x00007ff92d690000 - 0x00007ff92d6c6000 	C:\WINDOWS\SYSTEM32\WINMM.dll
0x00007ff935d20000 - 0x00007ff935d2b000 	C:\WINDOWS\SYSTEM32\VERSION.dll
0x00007ff93ef90000 - 0x00007ff93efee000 	C:\WINDOWS\SYSTEM32\POWRPROF.dll
0x00007ff93ef70000 - 0x00007ff93ef84000 	C:\WINDOWS\SYSTEM32\UMPDC.dll
0x00007ff93f250000 - 0x00007ff93f26b000 	C:\WINDOWS\SYSTEM32\kernel.appcore.dll
0x00007ff9232a0000 - 0x00007ff9232aa000 	c:\Users\ACER\.vscode\extensions\redhat.java-1.54.0-win32-x64\jre\21.0.10-win32-x86_64\bin\jimage.dll
0x00007ff93e330000 - 0x00007ff93e572000 	C:\WINDOWS\SYSTEM32\DBGHELP.DLL
0x00007ff941d00000 - 0x00007ff942083000 	C:\WINDOWS\System32\combase.dll
0x00007ff942280000 - 0x00007ff942359000 	C:\WINDOWS\System32\OLEAUT32.dll
0x00007ff9283a0000 - 0x00007ff9283db000 	C:\WINDOWS\SYSTEM32\dbgcore.DLL
0x00007ff941670000 - 0x00007ff941718000 	C:\WINDOWS\System32\bcryptPrimitives.dll
0x00007ff923030000 - 0x00007ff92303f000 	c:\Users\ACER\.vscode\extensions\redhat.java-1.54.0-win32-x64\jre\21.0.10-win32-x86_64\bin\instrument.dll
0x00007ff922b40000 - 0x00007ff922b60000 	c:\Users\ACER\.vscode\extensions\redhat.java-1.54.0-win32-x64\jre\21.0.10-win32-x86_64\bin\java.dll
0x00007ff9431e0000 - 0x00007ff94394e000 	C:\WINDOWS\System32\SHELL32.dll
0x00007ff9403d0000 - 0x00007ff940c3c000 	C:\WINDOWS\System32\windows.storage.dll
0x00007ff941c00000 - 0x00007ff941cf6000 	C:\WINDOWS\System32\SHCORE.dll
0x00007ff941880000 - 0x00007ff9418e6000 	C:\WINDOWS\System32\shlwapi.dll
0x00007ff9402f0000 - 0x00007ff940319000 	C:\WINDOWS\SYSTEM32\profapi.dll
0x00007ff9232f0000 - 0x00007ff923308000 	c:\Users\ACER\.vscode\extensions\redhat.java-1.54.0-win32-x64\jre\21.0.10-win32-x86_64\bin\zip.dll
0x00007ff9232e0000 - 0x00007ff9232f0000 	C:\Users\ACER\.vscode\extensions\redhat.java-1.54.0-win32-x64\jre\21.0.10-win32-x86_64\bin\net.dll
0x00007ff936b80000 - 0x00007ff936ca9000 	C:\WINDOWS\SYSTEM32\WINHTTP.dll
0x00007ff93f7f0000 - 0x00007ff93f85c000 	C:\WINDOWS\system32\mswsock.dll
0x00007ff9232c0000 - 0x00007ff9232d6000 	C:\Users\ACER\.vscode\extensions\redhat.java-1.54.0-win32-x64\jre\21.0.10-win32-x86_64\bin\nio.dll
0x00007ff9232b0000 - 0x00007ff9232c0000 	c:\Users\ACER\.vscode\extensions\redhat.java-1.54.0-win32-x64\jre\21.0.10-win32-x86_64\bin\verify.dll
0x00007ff922b70000 - 0x00007ff922bb5000 	C:\Users\ACER\AppData\Roaming\Code\User\globalStorage\redhat.java\1.54.0\config_win\org.eclipse.equinox.launcher\org.eclipse.equinox.launcher.win32.win32.x86_64_1.3.0.v20260203-2149\eclipse_11919.dll
0x00007ff941a60000 - 0x00007ff941bf7000 	C:\WINDOWS\System32\ole32.dll
0x00007ff93fad0000 - 0x00007ff93faeb000 	C:\WINDOWS\SYSTEM32\CRYPTSP.dll
0x00007ff93f1b0000 - 0x00007ff93f1e9000 	C:\WINDOWS\system32\rsaenh.dll
0x00007ff93f8a0000 - 0x00007ff93f8d3000 	C:\WINDOWS\SYSTEM32\USERENV.dll
0x00007ff9402c0000 - 0x00007ff9402ea000 	C:\WINDOWS\SYSTEM32\bcrypt.dll
0x00007ff93faf0000 - 0x00007ff93fafc000 	C:\WINDOWS\SYSTEM32\CRYPTBASE.dll
0x00007ff93eba0000 - 0x00007ff93ebd2000 	C:\WINDOWS\SYSTEM32\IPHLPAPI.DLL
0x00007ff941720000 - 0x00007ff94172a000 	C:\WINDOWS\System32\NSI.dll
0x00007ff919f60000 - 0x00007ff919fa9000 	C:\Users\ACER\AppData\Local\Temp\jna-2003023\jna4919092721817143445.dll
0x00007ff942ec0000 - 0x00007ff942ec8000 	C:\WINDOWS\System32\PSAPI.DLL
0x00007ff936b60000 - 0x00007ff936b7d000 	C:\WINDOWS\SYSTEM32\dhcpcsvc6.DLL
0x00007ff936b30000 - 0x00007ff936b55000 	C:\WINDOWS\SYSTEM32\dhcpcsvc.DLL

JVMTI agents:
c:\Users\ACER\.vscode\extensions\redhat.java-1.54.0-win32-x64\lombok\lombok-1.18.39-4050.jar path:c:\Users\ACER\.vscode\extensions\redhat.java-1.54.0-win32-x64\jre\21.0.10-win32-x86_64\bin\instrument.dll, loaded, initialized, instrumentlib options:none

dbghelp: loaded successfully - version: 4.0.5 - missing functions: none
symbol engine: initialized successfully - sym options: 0x614 - pdb path: .;c:\Users\ACER\.vscode\extensions\redhat.java-1.54.0-win32-x64\jre\21.0.10-win32-x86_64\bin;C:\WINDOWS\SYSTEM32;C:\WINDOWS\WinSxS\amd64_microsoft.windows.common-controls_6595b64144ccf1df_6.0.26100.8328_none_3e08182ce334b678;c:\Users\ACER\.vscode\extensions\redhat.java-1.54.0-win32-x64\jre\21.0.10-win32-x86_64\bin\server;C:\Users\ACER\AppData\Roaming\Code\User\globalStorage\redhat.java\1.54.0\config_win\org.eclipse.equinox.launcher\org.eclipse.equinox.launcher.win32.win32.x86_64_1.3.0.v20260203-2149;C:\Users\ACER\AppData\Local\Temp\jna-2003023

VM Arguments:
jvm_args: --add-modules=ALL-SYSTEM --add-opens=java.base/java.util=ALL-UNNAMED --add-opens=java.base/java.lang=ALL-UNNAMED --add-opens=java.base/sun.nio.fs=ALL-UNNAMED -Declipse.application=org.eclipse.jdt.ls.core.id1 -Dosgi.bundles.defaultStartLevel=4 -Declipse.product=org.eclipse.jdt.ls.core.product -Djava.import.generatesMetadataFilesAtProjectRoot=false -DDetectVMInstallationsJob.disabled=true -Dfile.encoding=utf8 -XX:+UseParallelGC -XX:GCTimeRatio=4 -XX:AdaptiveSizePolicyWeight=90 -Dsun.zip.disableMemoryMapping=true -Xmx2G -Xms100m -Xlog:disable -javaagent:c:\Users\ACER\.vscode\extensions\redhat.java-1.54.0-win32-x64\lombok\lombok-1.18.39-4050.jar -XX:+HeapDumpOnOutOfMemoryError -XX:HeapDumpPath=c:\Users\ACER\AppData\Roaming\Code\User\workspaceStorage\f57e0ccb118f779a7ab3ed353620878b\redhat.java -Daether.dependencyCollector.impl=bf 
java_command: c:\Users\ACER\.vscode\extensions\redhat.java-1.54.0-win32-x64\server\plugins\org.eclipse.equinox.launcher_1.7.100.v20251111-0406.jar -configuration c:\Users\ACER\AppData\Roaming\Code\User\globalStorage\redhat.java\1.54.0\config_win -data c:\Users\ACER\AppData\Roaming\Code\User\workspaceStorage\f57e0ccb118f779a7ab3ed353620878b\redhat.java\jdt_ws --pipe=\\.\pipe\lsp-915a270a9d8c731680293fe748545341-sock
java_class_path (initial): c:\Users\ACER\.vscode\extensions\redhat.java-1.54.0-win32-x64\server\plugins\org.eclipse.equinox.launcher_1.7.100.v20251111-0406.jar
Launcher Type: SUN_STANDARD

[Global flags]
    uintx AdaptiveSizePolicyWeight                 = 90                                        {product} {command line}
     intx CICompilerCount                          = 4                                         {product} {ergonomic}
    uintx GCTimeRatio                              = 4                                         {product} {command line}
     bool HeapDumpOnOutOfMemoryError               = true                                   {manageable} {command line}
    ccstr HeapDumpPath                             = c:\Users\ACER\AppData\Roaming\Code\User\workspaceStorage\f57e0ccb118f779a7ab3ed353620878b\redhat.java         {manageable} {command line}
   size_t InitialHeapSize                          = 104857600                                 {product} {command line}
   size_t MaxHeapSize                              = 2147483648                                {product} {command line}
   size_t MaxNewSize                               = 715653120                                 {product} {ergonomic}
   size_t MinHeapDeltaBytes                        = 524288                                    {product} {ergonomic}
   size_t MinHeapSize                              = 104857600                                 {product} {command line}
   size_t NewSize                                  = 34603008                                  {product} {ergonomic}
    uintx NonNMethodCodeHeapSize                   = 5839372                                {pd product} {ergonomic}
    uintx NonProfiledCodeHeapSize                  = 122909434                              {pd product} {ergonomic}
   size_t OldSize                                  = 70254592                                  {product} {ergonomic}
    uintx ProfiledCodeHeapSize                     = 122909434                              {pd product} {ergonomic}
    uintx ReservedCodeCacheSize                    = 251658240                              {pd product} {ergonomic}
     bool SegmentedCodeCache                       = true                                      {product} {ergonomic}
   size_t SoftMaxHeapSize                          = 2147483648                             {manageable} {ergonomic}
     bool UseCompressedOops                        = true                           {product lp64_product} {ergonomic}
     bool UseLargePagesIndividualAllocation        = false                                  {pd product} {ergonomic}
     bool UseParallelGC                            = true                                      {product} {command line}

Logging:
Log output configuration:
 #0: stdout all=off uptime,level,tags foldmultilines=false
 #1: stderr all=off uptime,level,tags foldmultilines=false

Release file:
JAVA_VERSION="21.0.10" 
MODULES="java.base java.compiler java.datatransfer java.xml java.prefs java.desktop java.instrument java.logging java.management java.security.sasl java.naming java.rmi java.management.rmi java.net.http java.scripting java.security.jgss java.transaction.xa java.sql java.sql.rowset java.xml.crypto java.se java.smartcardio jdk.accessibility jdk.internal.jvmstat jdk.attach jdk.charsets jdk.internal.opt jdk.zipfs jdk.compiler jdk.crypto.ec jdk.crypto.cryptoki jdk.crypto.mscapi jdk.dynalink jdk.internal.ed jdk.editpad jdk.hotspot.agent jdk.httpserver jdk.internal.le jdk.internal.vm.ci jdk.internal.vm.compiler jdk.internal.vm.compiler.management jdk.jartool jdk.javadoc jdk.jcmd jdk.management jdk.management.agent jdk.jconsole jdk.jdeps jdk.jdwp.agent jdk.jdi jdk.jfr jdk.jshell jdk.jsobject jdk.jstatd jdk.localedata jdk.management.jfr jdk.naming.dns jdk.naming.rmi jdk.net jdk.nio.mapmode jdk.random jdk.sctp jdk.security.auth jdk.security.jgss jdk.unsupported jdk.unsupported.desktop jdk.xml.dom" 

Environment Variables:
JAVA_HOME=C:\Program Files\Java\jdk-23
PATH=C:\Program Files\Common Files\Oracle\Java\javapath;C:\Windows\system32;C:\Windows;C:\Windows\System32\Wbem;C:\Windows\System32\WindowsPowerShell\v1.0\;C:\Windows\System32\OpenSSH\;C:\Program Files (x86)\Microsoft SQL Server\160\Tools\Binn\;C:\Program Files\Microsoft SQL Server\160\Tools\Binn\;C:\Program Files\Microsoft SQL Server\Client SDK\ODBC\170\Tools\Binn\;C:\Program Files\Microsoft SQL Server\160\DTS\Binn\;C:\Program Files\Java\jdk-23\bin;C:\WINDOWS\system32;C:\WINDOWS;C:\WINDOWS\System32\Wbem;C:\WINDOWS\System32\WindowsPowerShell\v1.0\;C:\WINDOWS\System32\OpenSSH\;C:\Program Files\Git\cmd;C:\Program Files\nodejs\;C:\gradle-8.12\bin;C:\apache-maven-3.9.9\bin;;C:\Program Files\Docker\Docker\resources\bin;C:\Users\ACER\AppData\Local\Microsoft\WindowsApps;C:\Users\ACER\AppData\Local\Programs\Microsoft VS Code\bin;C:\Users\ACER\AppData\Roaming\npm;C:\Program Files\JetBrains\IntelliJ IDEA 2024.3.5\bin;ANDROID_HOME;;C:\Users\ACER\AppData\Local\Programs\Antigravity\bin;C:\Users\ACER\AppData\Local\Android\Sdk\platform-tools;C:\Users\ACER\AppData\Local\Android\Sdk\emulator;C:\Users\ACER\AppData\Local\Android\Sdk\tools;C:\Users\ACER\AppData\Local\Android\Sdk\tools\bin;
USERNAME=ACER
OS=Windows_NT
PROCESSOR_IDENTIFIER=Intel64 Family 6 Model 141 Stepping 1, GenuineIntel
TMP=C:\Users\ACER\AppData\Local\Temp
TEMP=C:\Users\ACER\AppData\Local\Temp




Periodic native trim disabled

---------------  S Y S T E M  ---------------

OS:
 Windows 11 , 64 bit Build 26100 (10.0.26100.8328)
OS uptime: 0 days 0:35 hours
Hyper-V role detected

CPU: total 12 (initial active 12) (6 cores per cpu, 2 threads per core) family 6 model 141 stepping 1 microcode 0x3c, cx8, cmov, fxsr, ht, mmx, 3dnowpref, sse, sse2, sse3, ssse3, sse4.1, sse4.2, popcnt, lzcnt, tsc, tscinvbit, avx, avx2, aes, erms, clmul, bmi1, bmi2, adx, avx512f, avx512dq, avx512cd, avx512bw, avx512vl, sha, fma, vzeroupper, avx512_vpopcntdq, avx512_vpclmulqdq, avx512_vaes, avx512_vnni, clflush, clflushopt, clwb, avx512_vbmi2, avx512_vbmi, hv, rdtscp, rdpid, fsrm, gfni, avx512_bitalg, f16c, cet_ibt, cet_ss, avx512_ifma
Processor Information for the first 12 processors :
  Max Mhz: 2688, Current Mhz: 2688, Mhz Limit: 2688

Memory: 4k page, system-wide physical 16163M (731M free)
TotalPageFile size 30629M (AvailPageFile size 95M)
current process WorkingSet (physical memory assigned to process): 310M, peak: 317M
current process commit charge ("private bytes"): 379M, peak: 394M

vm_info: OpenJDK 64-Bit Server VM (21.0.10+7-LTS) for windows-amd64 JRE (21.0.10+7-LTS), built on 2026-01-20T00:00:00Z by "admin" with MS VC++ 17.12 (VS2022)

END.
