#
# There is insufficient memory for the Java Runtime Environment to continue.
# Native memory allocation (mmap) failed to map 102760448 bytes for G1 virtual space
# Possible reasons:
#   The system is out of physical RAM or swap space
#   The process is running with CompressedOops enabled, and the Java Heap may be blocking the growth of the native heap
# Possible solutions:
#   Reduce memory load on the system
#   Increase physical memory or swap space
#   Check if swap backing store is full
#   Decrease Java heap size (-Xmx/-Xms)
#   Decrease number of Java threads
#   Decrease Java thread stack sizes (-Xss)
#   Set larger code cache with -XX:ReservedCodeCacheSize=
#   JVM is running with Zero Based Compressed Oops mode in which the Java heap is
#     placed in the first 32GB address space. The Java Heap base address is the
#     maximum limit for the native heap growth. Please use -XX:HeapBaseMinAddress
#     to set the Java Heap base and to place the Java Heap above 32GB virtual address.
# This output file may be truncated or incomplete.
#
#  Out of Memory Error (os_windows.cpp:3603), pid=25852, tid=10464
#
# JRE version: Java(TM) SE Runtime Environment (21.0.7+8) (build 21.0.7+8-LTS-245)
# Java VM: Java HotSpot(TM) 64-Bit Server VM (21.0.7+8-LTS-245, mixed mode, emulated-client, sharing, tiered, compressed oops, compressed class ptrs, g1 gc, windows-amd64)
# No core dump will be written. Minidumps are not enabled by default on client versions of Windows
#

---------------  S U M M A R Y ------------

Command Line: -XX:TieredStopAtLevel=1 -Dspring.output.ansi.enabled=always -Dcom.sun.management.jmxremote -Dspring.jmx.enabled=true -Dspring.liveBeansView.mbeanDomain -Dspring.application.admin.enabled=true -Dmanagement.endpoints.jmx.exposure.include=* -javaagent:C:\Program Files\JetBrains\IntelliJ IDEA 2024.3.5\lib\idea_rt.jar=55977 -Dfile.encoding=UTF-8 -Dsun.stdout.encoding=UTF-8 -Dsun.stderr.encoding=UTF-8 iuh.fit.jobservice.JobServiceApplication

Host: 11th Gen Intel(R) Core(TM) i5-11400H @ 2.70GHz, 12 cores, 15G,  Windows 11 , 64 bit Build 26100 (10.0.26100.8328)
Time: Mon May 11 16:46:42 2026 SE Asia Standard Time elapsed time: 9.191643 seconds (0d 0h 0m 9s)

---------------  T H R E A D  ---------------

Current thread (0x0000022cc210e6b0):  VMThread "VM Thread"          [id=10464, stack(0x000000e97bb00000,0x000000e97bc00000) (1024K)]

Stack: [0x000000e97bb00000,0x000000e97bc00000]
Native frames: (J=compiled Java code, j=interpreted, Vv=VM code, C=native code)
V  [jvm.dll+0x6cae19]
V  [jvm.dll+0x855741]
V  [jvm.dll+0x857c6e]
V  [jvm.dll+0x858343]
V  [jvm.dll+0x27e0b6]
V  [jvm.dll+0x6c7595]
V  [jvm.dll+0x6bc0fa]
V  [jvm.dll+0x353eaa]
V  [jvm.dll+0x35bb26]
V  [jvm.dll+0x3ae52e]
V  [jvm.dll+0x3ae7d8]
V  [jvm.dll+0x3281bc]
V  [jvm.dll+0x328247]
V  [jvm.dll+0x36cbcc]
V  [jvm.dll+0x36b41e]
V  [jvm.dll+0x327981]
V  [jvm.dll+0x36ab3a]
V  [jvm.dll+0x85e110]
V  [jvm.dll+0x85f494]
V  [jvm.dll+0x85f9d0]
V  [jvm.dll+0x85fc73]
V  [jvm.dll+0x7ffa1b]
V  [jvm.dll+0x6c94fd]
C  [ucrtbase.dll+0x37b0]
C  [KERNEL32.DLL+0x2e957]
C  [ntdll.dll+0x427c]

VM_Operation (0x000000e97b3fb460): G1CollectForAllocation, mode: safepoint, requested by thread 0x0000022cacf63dd0


---------------  P R O C E S S  ---------------

Threads class SMR info:
_java_thread_list=0x0000022d0b109da0, length=22, elements={
0x0000022cacf63dd0, 0x0000022cc212e950, 0x0000022cc2691190, 0x0000022cc2694ca0,
0x0000022cc2697700, 0x0000022cc269b500, 0x0000022cc269c2b0, 0x0000022cc269d100,
0x0000022cc21000a0, 0x0000022d08354860, 0x0000022d08354ec0, 0x0000022d085d7e60,
0x0000022d08616620, 0x0000022d085ff700, 0x0000022d08602580, 0x0000022d08dffc30,
0x0000022cc21008b0, 0x0000022d08f68530, 0x0000022d090e5a60, 0x0000022d08dff5a0,
0x0000022d08e002c0, 0x0000022d0af325c0
}

Java Threads: ( => current thread )
  0x0000022cacf63dd0 JavaThread "main"                              [_thread_blocked, id=22424, stack(0x000000e97b300000,0x000000e97b400000) (1024K)]
  0x0000022cc212e950 JavaThread "Reference Handler"          daemon [_thread_blocked, id=26012, stack(0x000000e97bc00000,0x000000e97bd00000) (1024K)]
  0x0000022cc2691190 JavaThread "Finalizer"                  daemon [_thread_blocked, id=23980, stack(0x000000e97bd00000,0x000000e97be00000) (1024K)]
  0x0000022cc2694ca0 JavaThread "Signal Dispatcher"          daemon [_thread_blocked, id=23232, stack(0x000000e97be00000,0x000000e97bf00000) (1024K)]
  0x0000022cc2697700 JavaThread "Attach Listener"            daemon [_thread_blocked, id=15916, stack(0x000000e97bf00000,0x000000e97c000000) (1024K)]
  0x0000022cc269b500 JavaThread "Service Thread"             daemon [_thread_blocked, id=20804, stack(0x000000e97c000000,0x000000e97c100000) (1024K)]
  0x0000022cc269c2b0 JavaThread "Monitor Deflation Thread"   daemon [_thread_blocked, id=1384, stack(0x000000e97c100000,0x000000e97c200000) (1024K)]
  0x0000022cc269d100 JavaThread "C1 CompilerThread0"         daemon [_thread_blocked, id=30696, stack(0x000000e97c200000,0x000000e97c300000) (1024K)]
  0x0000022cc21000a0 JavaThread "Common-Cleaner"             daemon [_thread_blocked, id=6384, stack(0x000000e97c300000,0x000000e97c400000) (1024K)]
  0x0000022d08354860 JavaThread "Monitor Ctrl-Break"         daemon [_thread_in_native, id=31576, stack(0x000000e97c700000,0x000000e97c800000) (1024K)]
  0x0000022d08354ec0 JavaThread "Notification Thread"        daemon [_thread_blocked, id=27356, stack(0x000000e97c800000,0x000000e97c900000) (1024K)]
  0x0000022d085d7e60 JavaThread "RMI TCP Accept-0"           daemon [_thread_blocked, id=24436, stack(0x000000e97d100000,0x000000e97d200000) (1024K)]
  0x0000022d08616620 JavaThread "RMI TCP Connection(1)-172.24.224.1" daemon [_thread_blocked, id=12136, stack(0x000000e97d200000,0x000000e97d300000) (1024K)]
  0x0000022d085ff700 JavaThread "RMI Scheduler(0)"           daemon [_thread_blocked, id=32084, stack(0x000000e97d300000,0x000000e97d400000) (1024K)]
  0x0000022d08602580 JavaThread "JMX server connection timeout 34" daemon [_thread_blocked, id=27996, stack(0x000000e97d400000,0x000000e97d500000) (1024K)]
  0x0000022d08dffc30 JavaThread "RMI TCP Connection(2)-172.24.224.1" daemon [_thread_blocked, id=30576, stack(0x000000e97d700000,0x000000e97d800000) (1024K)]
  0x0000022cc21008b0 JavaThread "C1 CompilerThread1"         daemon [_thread_blocked, id=30148, stack(0x000000e97c400000,0x000000e97c500000) (1024K)]
  0x0000022d08f68530 JavaThread "C1 CompilerThread2"         daemon [_thread_blocked, id=32088, stack(0x000000e97c500000,0x000000e97c600000) (1024K)]
  0x0000022d090e5a60 JavaThread "C1 CompilerThread3"         daemon [_thread_blocked, id=12888, stack(0x000000e97d800000,0x000000e97d900000) (1024K)]
  0x0000022d08dff5a0 JavaThread "Catalina-utility-1"                [_thread_blocked, id=25816, stack(0x000000e97da00000,0x000000e97db00000) (1024K)]
  0x0000022d08e002c0 JavaThread "Catalina-utility-2"                [_thread_blocked, id=24160, stack(0x000000e97db00000,0x000000e97dc00000) (1024K)]
  0x0000022d0af325c0 JavaThread "container-0"                       [_thread_blocked, id=25592, stack(0x000000e97dc00000,0x000000e97dd00000) (1024K)]
Total: 22

Other Threads:
=>0x0000022cc210e6b0 VMThread "VM Thread"                           [id=10464, stack(0x000000e97bb00000,0x000000e97bc00000) (1024K)]
  0x0000022cc20feaf0 WatcherThread "VM Periodic Task Thread"        [id=12808, stack(0x000000e97ba00000,0x000000e97bb00000) (1024K)]
  0x0000022cad446ce0 WorkerThread "GC Thread#0"                     [id=32328, stack(0x000000e97b500000,0x000000e97b600000) (1024K)]
  0x0000022d08585c80 WorkerThread "GC Thread#1"                     [id=21840, stack(0x000000e97c900000,0x000000e97ca00000) (1024K)]
  0x0000022d08586020 WorkerThread "GC Thread#2"                     [id=32580, stack(0x000000e97ca00000,0x000000e97cb00000) (1024K)]
  0x0000022d085863c0 WorkerThread "GC Thread#3"                     [id=19680, stack(0x000000e97cb00000,0x000000e97cc00000) (1024K)]
  0x0000022d08586760 WorkerThread "GC Thread#4"                     [id=27136, stack(0x000000e97cc00000,0x000000e97cd00000) (1024K)]
  0x0000022d08587110 WorkerThread "GC Thread#5"                     [id=19104, stack(0x000000e97cd00000,0x000000e97ce00000) (1024K)]
  0x0000022d085ac130 WorkerThread "GC Thread#6"                     [id=25404, stack(0x000000e97ce00000,0x000000e97cf00000) (1024K)]
  0x0000022d085ac4d0 WorkerThread "GC Thread#7"                     [id=29680, stack(0x000000e97cf00000,0x000000e97d000000) (1024K)]
  0x0000022d085ac870 WorkerThread "GC Thread#8"                     [id=2796, stack(0x000000e97d000000,0x000000e97d100000) (1024K)]
  0x0000022d08db07f0 WorkerThread "GC Thread#9"                     [id=26856, stack(0x000000e97d500000,0x000000e97d600000) (1024K)]
  0x0000022cad457860 ConcurrentGCThread "G1 Main Marker"            [id=25896, stack(0x000000e97b600000,0x000000e97b700000) (1024K)]
  0x0000022cad458270 WorkerThread "G1 Conc#0"                       [id=6108, stack(0x000000e97b700000,0x000000e97b800000) (1024K)]
  0x0000022d08db12d0 WorkerThread "G1 Conc#1"                       [id=26264, stack(0x000000e97c600000,0x000000e97c700000) (1024K)]
  0x0000022d08db1670 WorkerThread "G1 Conc#2"                       [id=31440, stack(0x000000e97d900000,0x000000e97da00000) (1024K)]
  0x0000022cc1fd1cb0 ConcurrentGCThread "G1 Refine#0"               [id=10768, stack(0x000000e97b800000,0x000000e97b900000) (1024K)]
  0x0000022cc1fd4300 ConcurrentGCThread "G1 Service"                [id=29704, stack(0x000000e97b900000,0x000000e97ba00000) (1024K)]
Total: 18

Threads with active compile tasks:
Total: 0

VM state: at safepoint (normal execution)

VM Mutex/Monitor currently owned by a thread:  ([mutex/lock_event])
[0x00007ffa3b0bde50] Threads_lock - owner thread: 0x0000022cc210e6b0
[0x00007ffa3b0bdf50] Heap_lock - owner thread: 0x0000022cacf63dd0

Heap address: 0x0000000703600000, size: 4042 MB, Compressed Oops mode: Zero based, Oop shift amount: 3

CDS archive(s) mapped at: [0x0000022cc3000000-0x0000022cc3c90000-0x0000022cc3c90000), size 13172736, SharedBaseAddress: 0x0000022cc3000000, ArchiveRelocationMode: 1.
Compressed class space mapped at: 0x0000022cc4000000-0x0000022d04000000, reserved size: 1073741824
Narrow klass base: 0x0000022cc3000000, Narrow klass shift: 0, Narrow klass range: 0x100000000

GC Precious Log:
 CardTable entry size: 512
 Card Set container configuration: InlinePtr #cards 4 size 8 Array Of Cards #cards 16 size 48 Howl #buckets 8 coarsen threshold 3686 Howl Bitmap #cards 512 size 80 coarsen threshold 460 Card regions per heap region 1 cards per card region 4096
 CPUs: 12 total, 12 available
 Memory: 16163M
 Large Page Support: Disabled
 NUMA Support: Disabled
 Compressed Oops: Enabled (Zero based)
 Heap Region Size: 2M
 Heap Min Capacity: 8M
 Heap Initial Capacity: 254M
 Heap Max Capacity: 4042M
 Pre-touch: Disabled
 Parallel Workers: 10
 Concurrent Workers: 3
 Concurrent Refinement Workers: 10
 Periodic GC: Disabled

Heap:
 garbage-first heap   total 61440K, used 24357K [0x0000000703600000, 0x0000000800000000)
  region size 2048K, 2 young (4096K), 2 survivors (4096K)
 Metaspace       used 38748K, committed 39424K, reserved 1114112K
  class space    used 5424K, committed 5696K, reserved 1048576K

Heap Regions: E=young(eden), S=young(survivor), O=old, HS=humongous(starts), HC=humongous(continues), CS=collection set, F=free, TAMS=top-at-mark-start, PB=parsable bottom
|   0|0x0000000703600000, 0x0000000703800000, 0x0000000703800000|100%| O|  |TAMS 0x0000000703600000| PB 0x0000000703600000| Untracked 
|   1|0x0000000703800000, 0x0000000703a00000, 0x0000000703a00000|100%| O|  |TAMS 0x0000000703800000| PB 0x0000000703800000| Untracked 
|   2|0x0000000703a00000, 0x0000000703c00000, 0x0000000703c00000|100%| O|  |TAMS 0x0000000703a00000| PB 0x0000000703a00000| Untracked 
|   3|0x0000000703c00000, 0x0000000703e00000, 0x0000000703e00000|100%| O|  |TAMS 0x0000000703c00000| PB 0x0000000703c00000| Untracked 
|   4|0x0000000703e00000, 0x0000000704000000, 0x0000000704000000|100%| O|  |TAMS 0x0000000703e00000| PB 0x0000000703e00000| Untracked 
|   5|0x0000000704000000, 0x0000000704200000, 0x0000000704200000|100%| O|  |TAMS 0x0000000704000000| PB 0x0000000704000000| Untracked 
|   6|0x0000000704200000, 0x0000000704400000, 0x0000000704400000|100%| O|  |TAMS 0x0000000704200000| PB 0x0000000704200000| Untracked 
|   7|0x0000000704400000, 0x0000000704600000, 0x0000000704600000|100%| O|  |TAMS 0x0000000704400000| PB 0x0000000704400000| Untracked 
|   8|0x0000000704600000, 0x0000000704800000, 0x0000000704800000|100%| O|  |TAMS 0x0000000704600000| PB 0x0000000704600000| Untracked 
|   9|0x0000000704800000, 0x0000000704a00000, 0x0000000704a00000|100%| O|Cm|TAMS 0x0000000704800000| PB 0x0000000704800000| Complete 
|  10|0x0000000704a00000, 0x0000000704ac7200, 0x0000000704c00000| 38%| O|  |TAMS 0x0000000704a00000| PB 0x0000000704a00000| Untracked 
|  11|0x0000000704c00000, 0x0000000704c00000, 0x0000000704e00000|  0%| F|  |TAMS 0x0000000704c00000| PB 0x0000000704c00000| Untracked 
|  12|0x0000000704e00000, 0x0000000704e00000, 0x0000000705000000|  0%| F|  |TAMS 0x0000000704e00000| PB 0x0000000704e00000| Untracked 
|  13|0x0000000705000000, 0x0000000705000000, 0x0000000705200000|  0%| F|  |TAMS 0x0000000705000000| PB 0x0000000705000000| Untracked 
|  14|0x0000000705200000, 0x0000000705200000, 0x0000000705400000|  0%| F|  |TAMS 0x0000000705200000| PB 0x0000000705200000| Untracked 
|  15|0x0000000705400000, 0x0000000705502410, 0x0000000705600000| 50%| S|CS|TAMS 0x0000000705400000| PB 0x0000000705400000| Complete 
|  16|0x0000000705600000, 0x0000000705600000, 0x0000000705800000|  0%| F|  |TAMS 0x0000000705600000| PB 0x0000000705600000| Untracked 
|  17|0x0000000705800000, 0x0000000705a00000, 0x0000000705a00000|100%| S|CS|TAMS 0x0000000705800000| PB 0x0000000705800000| Complete 
|  18|0x0000000705a00000, 0x0000000705a00000, 0x0000000705c00000|  0%| F|  |TAMS 0x0000000705a00000| PB 0x0000000705a00000| Untracked 
|  19|0x0000000705c00000, 0x0000000705c00000, 0x0000000705e00000|  0%| F|  |TAMS 0x0000000705c00000| PB 0x0000000705c00000| Untracked 
|  20|0x0000000705e00000, 0x0000000705e00000, 0x0000000706000000|  0%| F|  |TAMS 0x0000000705e00000| PB 0x0000000705e00000| Untracked 
|  21|0x0000000706000000, 0x0000000706000000, 0x0000000706200000|  0%| F|  |TAMS 0x0000000706000000| PB 0x0000000706000000| Untracked 
|  22|0x0000000706200000, 0x0000000706200000, 0x0000000706400000|  0%| F|  |TAMS 0x0000000706200000| PB 0x0000000706200000| Untracked 
|  23|0x0000000706400000, 0x0000000706400000, 0x0000000706600000|  0%| F|  |TAMS 0x0000000706400000| PB 0x0000000706400000| Untracked 
|  24|0x0000000706600000, 0x0000000706600000, 0x0000000706800000|  0%| F|  |TAMS 0x0000000706600000| PB 0x0000000706600000| Untracked 
|  25|0x0000000706800000, 0x0000000706800000, 0x0000000706a00000|  0%| F|  |TAMS 0x0000000706800000| PB 0x0000000706800000| Untracked 
| 103|0x0000000710400000, 0x0000000710400000, 0x0000000710600000|  0%| F|  |TAMS 0x0000000710400000| PB 0x0000000710400000| Untracked 
| 104|0x0000000710600000, 0x0000000710600000, 0x0000000710800000|  0%| F|  |TAMS 0x0000000710600000| PB 0x0000000710600000| Untracked 
| 105|0x0000000710800000, 0x0000000710800000, 0x0000000710a00000|  0%| F|  |TAMS 0x0000000710800000| PB 0x0000000710800000| Untracked 
| 126|0x0000000713200000, 0x0000000713200000, 0x0000000713400000|  0%| F|  |TAMS 0x0000000713200000| PB 0x0000000713200000| Untracked 

Card table byte_map: [0x0000022cbb120000,0x0000022cbb910000] _byte_map_base: 0x0000022cb7905000

Marking Bits: (CMBitMap*) 0x0000022cad4472f0
 Bits: [0x0000022cbb910000, 0x0000022cbf838000)

Polling page: 0x0000022cad490000

Metaspace:

Usage:
  Non-class:     32.54 MB used.
      Class:      5.30 MB used.
       Both:     37.84 MB used.

Virtual space:
  Non-class space:       64.00 MB reserved,      32.94 MB ( 51%) committed,  1 nodes.
      Class space:        1.00 GB reserved,       5.56 MB ( <1%) committed,  1 nodes.
             Both:        1.06 GB reserved,      38.50 MB (  4%) committed. 

Chunk freelists:
   Non-Class:  14.42 MB
       Class:  10.44 MB
        Both:  24.86 MB

MaxMetaspaceSize: unlimited
CompressedClassSpaceSize: 1.00 GB
Initial GC threshold: 21.00 MB
Current GC threshold: 53.69 MB
CDS: on
 - commit_granule_bytes: 65536.
 - commit_granule_words: 8192.
 - virtual_space_node_default_size: 8388608.
 - enlarge_chunks_in_place: 1.
 - use_allocation_guard: 0.


Internal statistics:

num_allocs_failed_limit: 3.
num_arena_births: 860.
num_arena_deaths: 0.
num_vsnodes_births: 2.
num_vsnodes_deaths: 0.
num_space_committed: 616.
num_space_uncommitted: 0.
num_chunks_returned_to_freelist: 3.
num_chunks_taken_from_freelist: 2221.
num_chunk_merges: 3.
num_chunk_splits: 1552.
num_chunks_enlarged: 1110.
num_inconsistent_stats: 0.

CodeCache: size=49152Kb used=10167Kb max_used=10167Kb free=38984Kb
 bounds [0x0000022cb6e30000, 0x0000022cb7820000, 0x0000022cb9e30000]
 total_blobs=5004 nmethods=4443 adapters=481
 compilation: enabled
              stopped_count=0, restarted_count=0
 full_count=0

Compilation events (20 events):
Event: 6.189 Thread 0x0000022d090e5a60 4480       1       javax.management.ObjectName::getDomainLength (9 bytes)
Event: 6.189 Thread 0x0000022d090e5a60 nmethod 4480 0x0000022cb781b090 code [0x0000022cb781b220, 0x0000022cb781b2f0]
Event: 6.693 Thread 0x0000022cc269d100 4482       1       java.io.ObjectInputStream$FilterValues::serialClass (5 bytes)
Event: 6.693 Thread 0x0000022d090e5a60 4481       1       java.io.ObjectInputStream$FilterValues::depth (5 bytes)
Event: 6.694 Thread 0x0000022d090e5a60 nmethod 4481 0x0000022cb781b390 code [0x0000022cb781b520, 0x0000022cb781b5e8]
Event: 6.694 Thread 0x0000022cc269d100 nmethod 4482 0x0000022cb781b690 code [0x0000022cb781b820, 0x0000022cb781b8f0]
Event: 6.697 Thread 0x0000022cc269d100 4483       1       jdk.internal.util.ByteArray::getInt (9 bytes)
Event: 6.697 Thread 0x0000022d08f68530 4484       1       java.io.FilterOutputStream::<init> (21 bytes)
Event: 6.697 Thread 0x0000022d08f68530 nmethod 4484 0x0000022cb781b990 code [0x0000022cb781bb40, 0x0000022cb781bd08]
Event: 6.697 Thread 0x0000022cc269d100 nmethod 4483 0x0000022cb781bd90 code [0x0000022cb781bf40, 0x0000022cb781c068]
Event: 7.131 Thread 0x0000022d08f68530 4485       1       java.lang.invoke.LambdaFormEditor::addArgumentForm (121 bytes)
Event: 7.131 Thread 0x0000022d090e5a60 4486       1       java.lang.invoke.LambdaFormEditor$TransformKey::of (83 bytes)
Event: 7.131 Thread 0x0000022cc21008b0 4487       1       java.lang.invoke.LambdaFormEditor$TransformKey::packedBytes (83 bytes)
Event: 7.132 Thread 0x0000022cc21008b0 nmethod 4487 0x0000022cb781c210 code [0x0000022cb781c3c0, 0x0000022cb781c580]
Event: 7.132 Thread 0x0000022d090e5a60 nmethod 4486 0x0000022cb781c690 code [0x0000022cb781c860, 0x0000022cb781cba0]
Event: 7.132 Thread 0x0000022d08f68530 nmethod 4485 0x0000022cb781cd90 code [0x0000022cb781cfa0, 0x0000022cb781d330]
Event: 7.134 Thread 0x0000022d08f68530 4488       1       java.lang.StackTraceElement::getClassName (5 bytes)
Event: 7.134 Thread 0x0000022d08f68530 nmethod 4488 0x0000022cb781d590 code [0x0000022cb781d720, 0x0000022cb781d7f0]
Event: 7.134 Thread 0x0000022d08f68530 4489       1       java.lang.StackTraceElement::length (13 bytes)
Event: 7.134 Thread 0x0000022d08f68530 nmethod 4489 0x0000022cb781d890 code [0x0000022cb781da20, 0x0000022cb781db20]

GC Heap History (15 events):
Event: 0.716 GC heap before
{Heap before GC invocations=0 (full 0):
 garbage-first heap   total 260096K, used 20480K [0x0000000703600000, 0x0000000800000000)
  region size 2048K, 11 young (22528K), 0 survivors (0K)
 Metaspace       used 4457K, committed 4672K, reserved 1114112K
  class space    used 512K, committed 640K, reserved 1048576K
}
Event: 0.721 GC heap after
{Heap after GC invocations=1 (full 0):
 garbage-first heap   total 260096K, used 9017K [0x0000000703600000, 0x0000000800000000)
  region size 2048K, 2 young (4096K), 2 survivors (4096K)
 Metaspace       used 4457K, committed 4672K, reserved 1114112K
  class space    used 512K, committed 640K, reserved 1048576K
}
Event: 1.321 GC heap before
{Heap before GC invocations=1 (full 0):
 garbage-first heap   total 260096K, used 31545K [0x0000000703600000, 0x0000000800000000)
  region size 2048K, 13 young (26624K), 2 survivors (4096K)
 Metaspace       used 10630K, committed 11008K, reserved 1114112K
  class space    used 1395K, committed 1536K, reserved 1048576K
}
Event: 1.326 GC heap after
{Heap after GC invocations=2 (full 0):
 garbage-first heap   total 260096K, used 11298K [0x0000000703600000, 0x0000000800000000)
  region size 2048K, 1 young (2048K), 1 survivors (2048K)
 Metaspace       used 10630K, committed 11008K, reserved 1114112K
  class space    used 1395K, committed 1536K, reserved 1048576K
}
Event: 2.833 GC heap before
{Heap before GC invocations=2 (full 0):
 garbage-first heap   total 260096K, used 48162K [0x0000000703600000, 0x0000000800000000)
  region size 2048K, 21 young (43008K), 1 survivors (2048K)
 Metaspace       used 19217K, committed 19648K, reserved 1114112K
  class space    used 2529K, committed 2688K, reserved 1048576K
}
Event: 2.839 GC heap after
{Heap after GC invocations=3 (full 0):
 garbage-first heap   total 260096K, used 14631K [0x0000000703600000, 0x0000000800000000)
  region size 2048K, 3 young (6144K), 3 survivors (6144K)
 Metaspace       used 19217K, committed 19648K, reserved 1114112K
  class space    used 2529K, committed 2688K, reserved 1048576K
}
Event: 3.388 GC heap before
{Heap before GC invocations=4 (full 0):
 garbage-first heap   total 61440K, used 43303K [0x0000000703600000, 0x0000000800000000)
  region size 2048K, 18 young (36864K), 3 survivors (6144K)
 Metaspace       used 21515K, committed 21952K, reserved 1114112K
  class space    used 2811K, committed 3008K, reserved 1048576K
}
Event: 3.397 GC heap after
{Heap after GC invocations=5 (full 0):
 garbage-first heap   total 61440K, used 17178K [0x0000000703600000, 0x0000000800000000)
  region size 2048K, 2 young (4096K), 2 survivors (4096K)
 Metaspace       used 21515K, committed 21952K, reserved 1114112K
  class space    used 2811K, committed 3008K, reserved 1048576K
}
Event: 4.086 GC heap before
{Heap before GC invocations=5 (full 0):
 garbage-first heap   total 61440K, used 41754K [0x0000000703600000, 0x0000000800000000)
  region size 2048K, 14 young (28672K), 2 survivors (4096K)
 Metaspace       used 25182K, committed 25536K, reserved 1114112K
  class space    used 3437K, committed 3584K, reserved 1048576K
}
Event: 4.092 GC heap after
{Heap after GC invocations=6 (full 0):
 garbage-first heap   total 61440K, used 19070K [0x0000000703600000, 0x0000000800000000)
  region size 2048K, 1 young (2048K), 1 survivors (2048K)
 Metaspace       used 25182K, committed 25536K, reserved 1114112K
  class space    used 3437K, committed 3584K, reserved 1048576K
}
Event: 4.766 GC heap before
{Heap before GC invocations=6 (full 0):
 garbage-first heap   total 61440K, used 45694K [0x0000000703600000, 0x0000000800000000)
  region size 2048K, 14 young (28672K), 1 survivors (2048K)
 Metaspace       used 28834K, committed 29440K, reserved 1114112K
  class space    used 4003K, committed 4288K, reserved 1048576K
}
Event: 4.775 GC heap after
{Heap after GC invocations=7 (full 0):
 garbage-first heap   total 61440K, used 21235K [0x0000000703600000, 0x0000000800000000)
  region size 2048K, 2 young (4096K), 2 survivors (4096K)
 Metaspace       used 28834K, committed 29440K, reserved 1114112K
  class space    used 4003K, committed 4288K, reserved 1048576K
}
Event: 5.465 GC heap before
{Heap before GC invocations=7 (full 0):
 garbage-first heap   total 61440K, used 43763K [0x0000000703600000, 0x0000000800000000)
  region size 2048K, 15 young (30720K), 2 survivors (4096K)
 Metaspace       used 32188K, committed 32768K, reserved 1114112K
  class space    used 4438K, committed 4736K, reserved 1048576K
}
Event: 5.469 GC heap after
{Heap after GC invocations=8 (full 0):
 garbage-first heap   total 61440K, used 23409K [0x0000000703600000, 0x0000000800000000)
  region size 2048K, 2 young (4096K), 2 survivors (4096K)
 Metaspace       used 32188K, committed 32768K, reserved 1114112K
  class space    used 4438K, committed 4736K, reserved 1048576K
}
Event: 7.163 GC heap before
{Heap before GC invocations=9 (full 0):
 garbage-first heap   total 61440K, used 47985K [0x0000000703600000, 0x0000000800000000)
  region size 2048K, 14 young (28672K), 2 survivors (4096K)
 Metaspace       used 38748K, committed 39424K, reserved 1114112K
  class space    used 5424K, committed 5696K, reserved 1048576K
}

Dll operation events (12 events):
Event: 0.016 Loaded shared library C:\Program Files\Java\jdk-21.0.7\bin\java.dll
Event: 0.247 Loaded shared library C:\Program Files\Java\jdk-21.0.7\bin\zip.dll
Event: 0.252 Loaded shared library C:\Program Files\Java\jdk-21.0.7\bin\instrument.dll
Event: 0.259 Loaded shared library C:\Program Files\Java\jdk-21.0.7\bin\net.dll
Event: 0.262 Loaded shared library C:\Program Files\Java\jdk-21.0.7\bin\nio.dll
Event: 0.267 Loaded shared library C:\Program Files\Java\jdk-21.0.7\bin\zip.dll
Event: 0.427 Loaded shared library C:\Program Files\Java\jdk-21.0.7\bin\jimage.dll
Event: 0.502 Loaded shared library C:\Program Files\Java\jdk-21.0.7\bin\extnet.dll
Event: 0.509 Loaded shared library C:\Program Files\Java\jdk-21.0.7\bin\management.dll
Event: 0.519 Loaded shared library C:\Program Files\Java\jdk-21.0.7\bin\management_ext.dll
Event: 2.805 Loaded shared library C:\Program Files\Java\jdk-21.0.7\bin\sunmscapi.dll
Event: 5.822 Loaded shared library C:\Program Files\Java\jdk-21.0.7\bin\verify.dll

Deoptimization events (2 events):
Event: 4.513 Thread 0x0000022cacf63dd0 DEOPT PACKING pc=0x0000022cb7690514 sp=0x000000e97b3fcf90
Event: 4.513 Thread 0x0000022cacf63dd0 DEOPT UNPACKING pc=0x0000022cb6e888e2 sp=0x000000e97b3fc448 mode 0

Classes loaded (20 events):
Event: 6.064 Loading class java/util/concurrent/atomic/AtomicIntegerFieldUpdater$AtomicIntegerFieldUpdaterImpl$1
Event: 6.064 Loading class java/util/concurrent/atomic/AtomicIntegerFieldUpdater$AtomicIntegerFieldUpdaterImpl$1 done
Event: 6.084 Loading class java/net/ConnectException
Event: 6.084 Loading class java/net/ConnectException done
Event: 6.088 Loading class javax/net/ssl/SSLSocketFactory
Event: 6.089 Loading class javax/net/SocketFactory
Event: 6.089 Loading class javax/net/SocketFactory done
Event: 6.089 Loading class javax/net/ssl/SSLSocketFactory done
Event: 6.090 Loading class javax/net/DefaultSocketFactory
Event: 6.090 Loading class javax/net/DefaultSocketFactory done
Event: 6.104 Loading class java/text/ParsePosition
Event: 6.104 Loading class java/text/ParsePosition done
Event: 6.109 Loading class java/util/concurrent/atomic/AtomicReferenceFieldUpdater
Event: 6.109 Loading class java/util/concurrent/atomic/AtomicReferenceFieldUpdater done
Event: 6.110 Loading class java/util/concurrent/atomic/AtomicReferenceFieldUpdater$AtomicReferenceFieldUpdaterImpl
Event: 6.110 Loading class java/util/concurrent/atomic/AtomicReferenceFieldUpdater$AtomicReferenceFieldUpdaterImpl done
Event: 6.110 Loading class java/util/concurrent/atomic/AtomicReferenceFieldUpdater$AtomicReferenceFieldUpdaterImpl$1
Event: 6.110 Loading class java/util/concurrent/atomic/AtomicReferenceFieldUpdater$AtomicReferenceFieldUpdaterImpl$1 done
Event: 7.148 Loading class java/util/regex/Pattern$BnM
Event: 7.148 Loading class java/util/regex/Pattern$BnM done

Classes unloaded (0 events):
No events

Classes redefined (0 events):
No events

Internal exceptions (20 events):
Event: 4.696 Thread 0x0000022cacf63dd0 Exception <a 'java/lang/NoSuchMethodError'{0x0000000705bbe2f8}: 'java.lang.Object java.lang.invoke.DirectMethodHandle$Holder.invokeVirtual(java.lang.Object, java.lang.Object, java.lang.Object, java.lang.Object, java.lang.Object, java.lang.Object)'> (0x0000000705bbe2f8) 
thrown [s\open\src\hotspot\share\interpreter\linkResolver.cpp, line 773]
Event: 4.727 Thread 0x0000022cacf63dd0 Exception <a 'java/lang/NoSuchMethodError'{0x00000007056459e8}: 'void java.lang.invoke.DirectMethodHandle$Holder.invokeSpecial(java.lang.Object, java.lang.Object, java.lang.Object, java.lang.Object, java.lang.Object, java.lang.Object, java.lang.Object)'> (0x00000007056459e8) 
thrown [s\open\src\hotspot\share\interpreter\linkResolver.cpp, line 773]
Event: 4.749 Thread 0x0000022cacf63dd0 Exception <a 'java/lang/NoSuchMethodError'{0x00000007057000e0}: 'void java.lang.invoke.DirectMethodHandle$Holder.invokeInterface(java.lang.Object, java.lang.Object, int)'> (0x00000007057000e0) 
thrown [s\open\src\hotspot\share\interpreter\linkResolver.cpp, line 773]
Event: 4.753 Thread 0x0000022cacf63dd0 Exception <a 'java/lang/IncompatibleClassChangeError'{0x00000007057422c8}: Found class java.lang.Object, but interface was expected> (0x00000007057422c8) 
thrown [s\open\src\hotspot\share\interpreter\linkResolver.cpp, line 840]
Event: 4.754 Thread 0x0000022cacf63dd0 Exception <a 'java/lang/NoSuchMethodError'{0x00000007057503c0}: 'int java.lang.invoke.DirectMethodHandle$Holder.invokeSpecialIFC(java.lang.Object, java.lang.Object, java.lang.Object)'> (0x00000007057503c0) 
thrown [s\open\src\hotspot\share\interpreter\linkResolver.cpp, line 773]
Event: 4.755 Thread 0x0000022cacf63dd0 Exception <a 'java/lang/NoSuchMethodError'{0x000000070575ca48}: 'void java.lang.invoke.DirectMethodHandle$Holder.invokeStatic(java.lang.Object, int, java.lang.Object)'> (0x000000070575ca48) 
thrown [s\open\src\hotspot\share\interpreter\linkResolver.cpp, line 773]
Event: 4.759 Thread 0x0000022cacf63dd0 Exception <a 'java/lang/NoSuchMethodError'{0x0000000705792fd8}: 'void java.lang.invoke.DirectMethodHandle$Holder.invokeStatic(java.lang.Object, java.lang.Object, java.lang.Object, int, java.lang.Object)'> (0x0000000705792fd8) 
thrown [s\open\src\hotspot\share\interpreter\linkResolver.cpp, line 773]
Event: 4.759 Thread 0x0000022cacf63dd0 Exception <a 'java/lang/NoSuchMethodError'{0x00000007057997b0}: 'java.lang.Object java.lang.invoke.DirectMethodHandle$Holder.newInvokeSpecial(java.lang.Object, java.lang.Object, java.lang.Object, int)'> (0x00000007057997b0) 
thrown [s\open\src\hotspot\share\interpreter\linkResolver.cpp, line 773]
Event: 4.760 Thread 0x0000022cacf63dd0 Exception <a 'java/lang/NoSuchMethodError'{0x000000070579d5b0}: 'java.lang.Object java.lang.invoke.DirectMethodHandle$Holder.invokeSpecial(java.lang.Object, java.lang.Object, java.lang.Object, java.lang.Object, int)'> (0x000000070579d5b0) 
thrown [s\open\src\hotspot\share\interpreter\linkResolver.cpp, line 773]
Event: 4.760 Thread 0x0000022cacf63dd0 Exception <a 'java/lang/NoSuchMethodError'{0x00000007057a0a48}: 'java.lang.Object java.lang.invoke.Invokers$Holder.linkToTargetMethod(java.lang.Object, java.lang.Object, int, java.lang.Object)'> (0x00000007057a0a48) 
thrown [s\open\src\hotspot\share\interpreter\linkResolver.cpp, line 773]
Event: 4.976 Thread 0x0000022cacf63dd0 Exception <a 'java/lang/NoSuchMethodError'{0x000000071059bb10}: 'int java.lang.invoke.DirectMethodHandle$Holder.invokeVirtual(java.lang.Object, java.lang.Object, java.lang.Object, java.lang.Object)'> (0x000000071059bb10) 
thrown [s\open\src\hotspot\share\interpreter\linkResolver.cpp, line 773]
Event: 4.976 Thread 0x0000022cacf63dd0 Exception <a 'java/lang/NoSuchMethodError'{0x000000071059f3a0}: 'int java.lang.invoke.DelegatingMethodHandle$Holder.reinvoke_L(java.lang.Object, java.lang.Object, java.lang.Object, java.lang.Object)'> (0x000000071059f3a0) 
thrown [s\open\src\hotspot\share\interpreter\linkResolver.cpp, line 773]
Event: 5.097 Thread 0x0000022cacf63dd0 Exception <a 'java/io/FileNotFoundException'{0x00000007069ede88}> (0x00000007069ede88) 
thrown [s\open\src\hotspot\share\prims\jni.cpp, line 520]
Event: 5.097 Thread 0x0000022cacf63dd0 Exception <a 'java/io/FileNotFoundException'{0x00000007069ef118}> (0x00000007069ef118) 
thrown [s\open\src\hotspot\share\prims\jni.cpp, line 520]
Event: 5.195 Thread 0x0000022cacf63dd0 Exception <a 'java/lang/NoSuchMethodError'{0x00000007065b6a18}: 'int java.lang.invoke.DirectMethodHandle$Holder.invokeInterface(java.lang.Object, java.lang.Object, java.lang.Object, java.lang.Object)'> (0x00000007065b6a18) 
thrown [s\open\src\hotspot\share\interpreter\linkResolver.cpp, line 773]
Event: 5.370 Thread 0x0000022cacf63dd0 Exception <a 'java/lang/NoSuchMethodError'{0x0000000705d1bd10}: 'java.lang.Object java.lang.invoke.DirectMethodHandle$Holder.newInvokeSpecial(java.lang.Object, java.lang.Object, java.lang.Object, java.lang.Object, java.lang.Object, java.lang.Object, java.lang.Object, java.lang.Object, java.lang.Object, java.lang.Object, java.lang.Object)'> (0x0000000705d1bd10) 
thrown [s\open\src\hotspot\share\interpreter\linkResolver.cpp, line 773]
Event: 5.479 Thread 0x0000022cacf63dd0 Exception <a 'java/lang/NoSuchMethodError'{0x000000071323d418}: 'void java.lang.invoke.DelegatingMethodHandle$Holder.reinvoke_L(java.lang.Object, java.lang.Object, java.lang.Object, java.lang.Object, int, java.lang.Object, java.lang.Object, java.lang.Object)'> (0x000000071323d418) 
thrown [s\open\src\hotspot\share\interpreter\linkResolver.cpp, line 773]
Event: 6.066 Thread 0x0000022cacf63dd0 Exception <a 'java/lang/NoSuchMethodError'{0x0000000705d435e8}: method resolution failed> (0x0000000705d435e8) 
thrown [s\open\src\hotspot\share\prims\methodHandles.cpp, line 1144]
Event: 6.078 Thread 0x0000022cacf63dd0 Exception <a 'java/lang/NoSuchMethodError'{0x0000000705d97498}: 'int java.lang.invoke.DirectMethodHandle$Holder.invokeStaticInit(java.lang.Object, java.lang.Object, java.lang.Object, java.lang.Object)'> (0x0000000705d97498) 
thrown [s\open\src\hotspot\share\interpreter\linkResolver.cpp, line 773]
Event: 7.133 Thread 0x0000022cacf63dd0 Exception <a 'java/lang/NullPointerException'{0x0000000705ae1f60}> (0x0000000705ae1f60) 
thrown [s\open\src\hotspot\share\interpreter\linkResolver.cpp, line 1372]

ZGC Phase Switch (0 events):
No events

VM Operations (20 events):
Event: 5.048 Executing VM operation: HandshakeAllThreads (Deoptimize) done
Event: 5.073 Executing VM operation: HandshakeAllThreads (Deoptimize)
Event: 5.073 Executing VM operation: HandshakeAllThreads (Deoptimize) done
Event: 5.230 Executing VM operation: HandshakeAllThreads (Deoptimize)
Event: 5.230 Executing VM operation: HandshakeAllThreads (Deoptimize) done
Event: 5.232 Executing VM operation: HandshakeAllThreads (Deoptimize)
Event: 5.232 Executing VM operation: HandshakeAllThreads (Deoptimize) done
Event: 5.291 Executing VM operation: HandshakeAllThreads (Deoptimize)
Event: 5.291 Executing VM operation: HandshakeAllThreads (Deoptimize) done
Event: 5.465 Executing VM operation: CollectForMetadataAllocation (Metadata GC Threshold)
Event: 5.469 Executing VM operation: CollectForMetadataAllocation (Metadata GC Threshold) done
Event: 5.480 Executing VM operation: G1PauseRemark
Event: 5.482 Executing VM operation: G1PauseRemark done
Event: 5.486 Executing VM operation: G1PauseCleanup
Event: 5.486 Executing VM operation: G1PauseCleanup done
Event: 5.545 Executing VM operation: HandshakeAllThreads (Deoptimize)
Event: 5.545 Executing VM operation: HandshakeAllThreads (Deoptimize) done
Event: 6.549 Executing VM operation: Cleanup
Event: 6.549 Executing VM operation: Cleanup done
Event: 7.163 Executing VM operation: G1CollectForAllocation (G1 Evacuation Pause)

Events (20 events):
Event: 5.481 Thread 0x0000022cc210e6b0 flushing nmethod 0x0000022cb6f8c510
Event: 5.481 Thread 0x0000022cc210e6b0 flushing nmethod 0x0000022cb7069410
Event: 5.481 Thread 0x0000022cc210e6b0 flushing nmethod 0x0000022cb706f190
Event: 5.481 Thread 0x0000022cc210e6b0 flushing nmethod 0x0000022cb7192890
Event: 5.481 Thread 0x0000022cc210e6b0 flushing nmethod 0x0000022cb71a8890
Event: 5.481 Thread 0x0000022cc210e6b0 flushing nmethod 0x0000022cb71e7990
Event: 5.481 Thread 0x0000022cc210e6b0 flushing nmethod 0x0000022cb724a790
Event: 5.481 Thread 0x0000022cc210e6b0 flushing nmethod 0x0000022cb727f810
Event: 5.481 Thread 0x0000022cc210e6b0 flushing nmethod 0x0000022cb72dcc90
Event: 5.481 Thread 0x0000022cc210e6b0 flushing nmethod 0x0000022cb72dd790
Event: 5.481 Thread 0x0000022cc210e6b0 flushing nmethod 0x0000022cb73a8290
Event: 5.481 Thread 0x0000022cc210e6b0 flushing nmethod 0x0000022cb701d790
Event: 5.482 Thread 0x0000022cc210e6b0 flushing nmethod 0x0000022cb72a6d10
Event: 5.676 Thread 0x0000022d0af353b0 Thread added: 0x0000022d0af353b0
Event: 5.682 Thread 0x0000022d0af353b0 Thread exited: 0x0000022d0af353b0
Event: 5.918 Thread 0x0000022d08e01560 Thread exited: 0x0000022d08e01560
Event: 6.186 Thread 0x0000022d0af34000 Thread added: 0x0000022d0af34000
Event: 6.191 Thread 0x0000022d0af34000 Thread exited: 0x0000022d0af34000
Event: 6.692 Thread 0x0000022d0af353b0 Thread added: 0x0000022d0af353b0
Event: 6.697 Thread 0x0000022d0af353b0 Thread exited: 0x0000022d0af353b0


Dynamic libraries:
0x00007ff6dafa0000 - 0x00007ff6dafb0000 	C:\Program Files\Java\jdk-21.0.7\bin\java.exe
0x00007ffaf7960000 - 0x00007ffaf7bc7000 	C:\WINDOWS\SYSTEM32\ntdll.dll
0x00007ffaf7040000 - 0x00007ffaf7109000 	C:\WINDOWS\System32\KERNEL32.DLL
0x00007ffaf4ee0000 - 0x00007ffaf52d7000 	C:\WINDOWS\System32\KERNELBASE.dll
0x00007ffaf54e0000 - 0x00007ffaf562b000 	C:\WINDOWS\System32\ucrtbase.dll
0x00007ffacab30000 - 0x00007ffacab49000 	C:\Program Files\Java\jdk-21.0.7\bin\jli.dll
0x00007ffaf69b0000 - 0x00007ffaf6a66000 	C:\WINDOWS\System32\ADVAPI32.dll
0x00007ffaf5f10000 - 0x00007ffaf5fb9000 	C:\WINDOWS\System32\msvcrt.dll
0x00007ffaf6e90000 - 0x00007ffaf6f37000 	C:\WINDOWS\System32\sechost.dll
0x00007ffaf72f0000 - 0x00007ffaf7408000 	C:\WINDOWS\System32\RPCRT4.dll
0x00007ffaf5d30000 - 0x00007ffaf5ef6000 	C:\WINDOWS\System32\USER32.dll
0x00007ffaf4d80000 - 0x00007ffaf4da7000 	C:\WINDOWS\System32\win32u.dll
0x00007ffaf6bd0000 - 0x00007ffaf6bfb000 	C:\WINDOWS\System32\GDI32.dll
0x00007ffaf4db0000 - 0x00007ffaf4edc000 	C:\WINDOWS\System32\gdi32full.dll
0x00007ffaf5430000 - 0x00007ffaf54d3000 	C:\WINDOWS\System32\msvcp_win.dll
0x00007ffacab10000 - 0x00007ffacab2b000 	C:\Program Files\Java\jdk-21.0.7\bin\VCRUNTIME140.dll
0x00007ffadd160000 - 0x00007ffadd3f2000 	C:\WINDOWS\WinSxS\amd64_microsoft.windows.common-controls_6595b64144ccf1df_6.0.26100.8328_none_3e08182ce334b678\COMCTL32.dll
0x00007ffaea860000 - 0x00007ffaea86b000 	C:\WINDOWS\SYSTEM32\VERSION.dll
0x00007ffaf6120000 - 0x00007ffaf6152000 	C:\WINDOWS\System32\IMM32.DLL
0x00007ffae3aa0000 - 0x00007ffae3aac000 	C:\Program Files\Java\jdk-21.0.7\bin\vcruntime140_1.dll
0x00007ffac9880000 - 0x00007ffac990e000 	C:\Program Files\Java\jdk-21.0.7\bin\msvcp140.dll
0x00007ffa3a480000 - 0x00007ffa3b19a000 	C:\Program Files\Java\jdk-21.0.7\bin\server\jvm.dll
0x00007ffaf77a0000 - 0x00007ffaf7820000 	C:\WINDOWS\System32\WS2_32.dll
0x00007ffaf2f60000 - 0x00007ffaf2fbe000 	C:\WINDOWS\SYSTEM32\POWRPROF.dll
0x00007ffae1660000 - 0x00007ffae1696000 	C:\WINDOWS\SYSTEM32\WINMM.dll
0x00007ffaf2f40000 - 0x00007ffaf2f54000 	C:\WINDOWS\SYSTEM32\UMPDC.dll
0x00007ffaf3220000 - 0x00007ffaf323b000 	C:\WINDOWS\SYSTEM32\kernel.appcore.dll
0x00007ffad5910000 - 0x00007ffad591a000 	C:\Program Files\Java\jdk-21.0.7\bin\jimage.dll
0x00007ffaf2050000 - 0x00007ffaf2292000 	C:\WINDOWS\SYSTEM32\DBGHELP.DLL
0x00007ffaf7410000 - 0x00007ffaf7793000 	C:\WINDOWS\System32\combase.dll
0x00007ffaf6af0000 - 0x00007ffaf6bc9000 	C:\WINDOWS\System32\OLEAUT32.dll
0x00007ffad6910000 - 0x00007ffad694b000 	C:\WINDOWS\SYSTEM32\dbgcore.DLL
0x00007ffaf5630000 - 0x00007ffaf56d8000 	C:\WINDOWS\System32\bcryptPrimitives.dll
0x00007ffad5670000 - 0x00007ffad567f000 	C:\Program Files\Java\jdk-21.0.7\bin\instrument.dll
0x00007ffad5650000 - 0x00007ffad566f000 	C:\Program Files\Java\jdk-21.0.7\bin\java.dll
0x00007ffaf6210000 - 0x00007ffaf697e000 	C:\WINDOWS\System32\SHELL32.dll
0x00007ffaf4510000 - 0x00007ffaf4d7c000 	C:\WINDOWS\System32\windows.storage.dll
0x00007ffaf5ba0000 - 0x00007ffaf5c96000 	C:\WINDOWS\System32\SHCORE.dll
0x00007ffaf6e20000 - 0x00007ffaf6e86000 	C:\WINDOWS\System32\shlwapi.dll
0x00007ffaf42b0000 - 0x00007ffaf42d9000 	C:\WINDOWS\SYSTEM32\profapi.dll
0x00007ffacaaf0000 - 0x00007ffacab08000 	C:\Program Files\Java\jdk-21.0.7\bin\zip.dll
0x00007ffacb1f0000 - 0x00007ffacb200000 	C:\Program Files\Java\jdk-21.0.7\bin\net.dll
0x00007ffaeb200000 - 0x00007ffaeb329000 	C:\WINDOWS\SYSTEM32\WINHTTP.dll
0x00007ffaf37b0000 - 0x00007ffaf381c000 	C:\WINDOWS\system32\mswsock.dll
0x00007ffac9c20000 - 0x00007ffac9c36000 	C:\Program Files\Java\jdk-21.0.7\bin\nio.dll
0x00007ffaf2bf0000 - 0x00007ffaf2d22000 	C:\WINDOWS\SYSTEM32\DNSAPI.dll
0x00007ffaf2b60000 - 0x00007ffaf2b92000 	C:\WINDOWS\SYSTEM32\IPHLPAPI.DLL
0x00007ffaf6990000 - 0x00007ffaf699a000 	C:\WINDOWS\System32\NSI.dll
0x00007ffae96b0000 - 0x00007ffae96bb000 	C:\Windows\System32\rasadhlp.dll
0x00007ffaea930000 - 0x00007ffaea9b6000 	C:\WINDOWS\System32\fwpuclnt.dll
0x00007ffad54d0000 - 0x00007ffad54d9000 	C:\Program Files\Java\jdk-21.0.7\bin\extnet.dll
0x00007ffad54f0000 - 0x00007ffad54fa000 	C:\Program Files\Java\jdk-21.0.7\bin\management.dll
0x00007ffad54e0000 - 0x00007ffad54eb000 	C:\Program Files\Java\jdk-21.0.7\bin\management_ext.dll
0x00007ffaf7910000 - 0x00007ffaf7918000 	C:\WINDOWS\System32\PSAPI.DLL
0x00007ffaf3a90000 - 0x00007ffaf3aab000 	C:\WINDOWS\SYSTEM32\CRYPTSP.dll
0x00007ffaf3170000 - 0x00007ffaf31a9000 	C:\WINDOWS\system32\rsaenh.dll
0x00007ffaf3860000 - 0x00007ffaf3893000 	C:\WINDOWS\SYSTEM32\USERENV.dll
0x00007ffaf4280000 - 0x00007ffaf42aa000 	C:\WINDOWS\SYSTEM32\bcrypt.dll
0x00007ffaf3ab0000 - 0x00007ffaf3abc000 	C:\WINDOWS\SYSTEM32\CRYPTBASE.dll
0x00007ffad42f0000 - 0x00007ffad4308000 	C:\WINDOWS\system32\napinsp.dll
0x00007ffad4220000 - 0x00007ffad4233000 	C:\WINDOWS\System32\winrnr.dll
0x00007ffad41f0000 - 0x00007ffad4212000 	C:\WINDOWS\system32\nlansp_c.dll
0x00007ffad4060000 - 0x00007ffad4076000 	C:\WINDOWS\system32\wshbth.dll
0x00007ffad68b0000 - 0x00007ffad6906000 	C:\WINDOWS\SYSTEM32\pdh.dll
0x00007ffacd590000 - 0x00007ffacd5a2000 	C:\WINDOWS\System32\perfproc.dll
0x00007ffacd570000 - 0x00007ffacd581000 	C:\WINDOWS\System32\perfos.dll
0x00007ffaf1bb0000 - 0x00007ffaf1bc2000 	C:\WINDOWS\SYSTEM32\pfclient.dll
0x00007ffad54c0000 - 0x00007ffad54ce000 	C:\Program Files\Java\jdk-21.0.7\bin\sunmscapi.dll
0x00007ffaf4390000 - 0x00007ffaf4508000 	C:\WINDOWS\System32\CRYPT32.dll
0x00007ffaf3cb0000 - 0x00007ffaf3ce0000 	C:\WINDOWS\SYSTEM32\ncrypt.dll
0x00007ffaf3c60000 - 0x00007ffaf3c9f000 	C:\WINDOWS\SYSTEM32\NTASN1.dll
0x00007ffaca9a0000 - 0x00007ffaca9b0000 	C:\Program Files\Java\jdk-21.0.7\bin\verify.dll

dbghelp: loaded successfully - version: 4.0.5 - missing functions: none
symbol engine: initialized successfully - sym options: 0x614 - pdb path: .;C:\Program Files\Java\jdk-21.0.7\bin;C:\WINDOWS\SYSTEM32;C:\WINDOWS\WinSxS\amd64_microsoft.windows.common-controls_6595b64144ccf1df_6.0.26100.8328_none_3e08182ce334b678;C:\Program Files\Java\jdk-21.0.7\bin\server

VM Arguments:
jvm_args: -XX:TieredStopAtLevel=1 -Dspring.output.ansi.enabled=always -Dcom.sun.management.jmxremote -Dspring.jmx.enabled=true -Dspring.liveBeansView.mbeanDomain -Dspring.application.admin.enabled=true -Dmanagement.endpoints.jmx.exposure.include=* -javaagent:C:\Program Files\JetBrains\IntelliJ IDEA 2024.3.5\lib\idea_rt.jar=55977 -Dfile.encoding=UTF-8 -Dsun.stdout.encoding=UTF-8 -Dsun.stderr.encoding=UTF-8 
java_command: iuh.fit.jobservice.JobServiceApplication
java_class_path (initial): C:\Program Files\Java\jdk-21.0.7;D:\KTTKPM\BTL\BE\backend\services\job-service\target\classes;C:\Users\ACER\.m2\repository\org\springframework\boot\spring-boot-starter-data-jpa\3.2.5\spring-boot-starter-data-jpa-3.2.5.jar;C:\Users\ACER\.m2\repository\org\springframework\boot\spring-boot-starter-aop\3.2.5\spring-boot-starter-aop-3.2.5.jar;C:\Users\ACER\.m2\repository\org\springframework\spring-aop\6.1.6\spring-aop-6.1.6.jar;C:\Users\ACER\.m2\repository\org\aspectj\aspectjweaver\1.9.22\aspectjweaver-1.9.22.jar;C:\Users\ACER\.m2\repository\org\springframework\boot\spring-boot-starter-jdbc\3.2.5\spring-boot-starter-jdbc-3.2.5.jar;C:\Users\ACER\.m2\repository\com\zaxxer\HikariCP\5.0.1\HikariCP-5.0.1.jar;C:\Users\ACER\.m2\repository\org\springframework\spring-jdbc\6.1.6\spring-jdbc-6.1.6.jar;C:\Users\ACER\.m2\repository\org\hibernate\orm\hibernate-core\6.4.4.Final\hibernate-core-6.4.4.Final.jar;C:\Users\ACER\.m2\repository\jakarta\persistence\jakarta.persistence-api\3.1.0\jakarta.persistence-api-3.1.0.jar;C:\Users\ACER\.m2\repository\jakarta\transaction\jakarta.transaction-api\2.0.1\jakarta.transaction-api-2.0.1.jar;C:\Users\ACER\.m2\repository\org\jboss\logging\jboss-logging\3.5.3.Final\jboss-logging-3.5.3.Final.jar;C:\Users\ACER\.m2\repository\org\hibernate\common\hibernate-commons-annotations\6.0.6.Final\hibernate-commons-annotations-6.0.6.Final.jar;C:\Users\ACER\.m2\repository\io\smallrye\jandex\3.1.2\jandex-3.1.2.jar;C:\Users\ACER\.m2\repository\com\fasterxml\classmate\1.6.0\classmate-1.6.0.jar;C:\Users\ACER\.m2\repository\net\bytebuddy\byte-buddy\1.14.13\byte-buddy-1.14.13.jar;C:\Users\ACER\.m2\repository\org\glassfish\jaxb\jaxb-runtime\4.0.5\jaxb-runtime-4.0.5.jar;C:\Users\ACER\.m2\repository\org\glassfish\jaxb\jaxb-core\4.0.5\jaxb-core-4.0.5.jar;C:\Users\ACER\.m2\repository\org\eclipse\angus\angus-activation\2.0.2\angus-activation-2.0.2.jar;C:\Users\ACER\.m2\repository\org\glassfish\jaxb\txw2\4.0.5\txw2-4.0.5.jar;C:\Users\ACER\.m2\repository\com\sun\istack\istack-commons-runtime\4.1.2\istack-commons-runtime-4.1.2.jar;C:\Users\ACER\.m2\repository\jakarta\inject\jakarta.inject-api\2.0.1\jakarta.inject-api-2.0.1.jar;C:\Users\ACER\.m2\repository\org\antlr\antlr4-runtime\4.13.0\antlr4-runtime-4.13.0.jar;C:\Users\ACER\.m2\repository\org\springframework\data\spring-data-jpa\3.2.5\spring-data-jpa-3.2.5.jar;C:\Users\ACER\.m2\repository\org\springframework\data\spring-data-commons\3.2.5\spring-data-commons-3.2.5.jar;C:\Users\ACER\.m2\repository\org\springframework\spring-orm\6.1.6\spring-orm-6.1.6.jar;C:\Users\ACER\.m2\repository\org\springframework\spring-context\6.1.6\spring-context-6.1.6.jar;C:\Users\ACER\.m2\repository\org\springframework\spring-tx\6.1.6\spring-tx-6.1.6.jar;C:\Users\ACER\.m2\repository\org\springframework\spring-beans\6.1.6\spring-beans-6.1.6.jar;C:\Users\ACER\.m2\repository\jakarta\annotation\jakarta.annotation-api\2.1.1\jakarta.annotation-api-2.1.1.jar;C:\Users\ACER\.m2\repository\org\slf4j\slf4j-api\2.0.13\slf4j-api-2.0.13.jar;C:\Users\ACER\.m2\repository\org\springframework\spring-aspects\6.1.6\spring-aspects-6.1.6.jar;C:\Users\ACER\.m2\repository\org\springframework\boot\spring-boot-starter-web\3.2.5\spring-boot-starter-web-3.2.5.jar;C:\Users\ACER\.m2\repository\org\springframework\boot\spring-boot-starter\3.2.5\spring-boot-starter-3.2.5.jar;C:\Users\ACER\.m2\repository\org\springframework\boot\spring-boot\3.2.5\spring-boot-3.2.5.jar;C:\Users\ACER\.m2\repository\org\springframework\boot\spring-boot-autoconfigure\3.2.5\spring-boot-autoconfigure-3.2.5.jar;C:\Users\ACER\.m2\repository\org\springframework\boot\spring-boot-starter-logging\3.2.5\spring-boot-starter-logging-3.2.5.jar;C:\Users\ACER\.m2\repository\ch\qos\logback\logback-classic\1.4.14\logback-classic-1.4.14.jar;C:\Users\ACER\.m2\repository\ch\qos\logback\logback-core\1.4.14\logback-core-1.4.14.jar;C:\Users\ACER\.m2\repository\org\apache\logging\log4j\log4j-to-slf4j\2.21.1\log4j-to-slf4j-2.21.1.jar;C:\Users\ACER\.m2\repository\org\apache\logging\log4j\log4j-api\2.21.1\log4j-api-2.21.1.jar;C:\Users\ACER\.m2\repository\org\slf4j\jul-to-slf4j\2.0.13\jul-to-slf4j-2.0.13.jar;C:\Users\ACER\.m2\repository\org\yaml\snakeyaml\2.2\snakeyaml-2.2.jar;C:\Users\ACER\.m2\repository\org\springframework\boot\spring-boot-starter-json\3.2.5\spring-boot-starter-json-3.2.5.jar;C:\Users\ACER\.m2\repository\com\fasterxml\jackson\core\jackson-databind\2.15.4\jackson-databind-2.15.4.jar;C:\Users\ACER\.m2\repository\com\fasterxml\jackson\datatype\jackson-datatype-jdk8\2.15.4\jackson-datatype-jdk8-2.15.4.jar;C:\Users\ACER\.m2\repository\com\fasterxml\jackson\datatype\jackson-datatype-jsr310\2.15.4\jackson-datatype-jsr310-2.15.4.jar;C:\Users\ACER\.m2\repository\com\fasterxml\jackson\module\jackson-module-parameter-names\2.15.4\jackson-module-parameter-names-2.15.4.jar;C:\Users\ACER\.m2\repository\org\springframework\boot\spring-boot-starter-tomcat\3.2.5\spring-boot-starter-tomcat-3.2.5.jar;C:\Users\ACER\.m2\repository\org\apache\tomcat\embed\tomcat-embed-core\10.1.20\tomcat-embed-core-10.1.20.jar;C:\Users\ACER\.m2\repository\org\apache\tomcat\embed\tomcat-embed-el\10.1.20\tomcat-embed-el-10.1.20.jar;C:\Users\ACER\.m2\repository\org\apache\tomcat\embed\tomcat-embed-websocket\10.1.20\tomcat-embed-websocket-10.1.20.jar;C:\Users\ACER\.m2\repository\org\springframework\spring-web\6.1.6\spring-web-6.1.6.jar;C:\Users\ACER\.m2\repository\io\micrometer\micrometer-observation\1.12.5\micrometer-observation-1.12.5.jar;C:\Users\ACER\.m2\repository\io\micrometer\micrometer-commons\1.12.5\micrometer-commons-1.12.5.jar;C:\Users\ACER\.m2\repository\org\springframework\spring-webmvc\6.1.6\spring-webmvc-6.1.6.jar;C:\Users\ACER\.m2\repository\org\springframework\spring-expression\6.1.6\spring-expression-6.1.6.jar;C:\Users\ACER\.m2\repository\org\mariadb\jdbc\mariadb-java-client\3.3.3\mariadb-java-client-3.3.3.jar;C:\Users\ACER\.m2\repository\com\github\waffle\waffle-jna\3.3.0\waffle-jna-3.3.0.jar;C:\Users\ACER\.m2\repository\net\java\dev\jna\jna\5.13.0\jna-5.13.0.jar;C:\Users\ACER\.m2\repository\net\java\dev\jna\jna-platform\5.13.0\jna-platform-5.13.0.jar;C:\Users\ACER\.m2\repository\org\slf4j\jcl-over-slf4j\2.0.13\jcl-over-slf4j-2.0.13.jar;C:\Users\ACER\.m2\repository\com\github\ben-manes\caffeine\caffeine\3.1.8\caffeine-3.1.8.jar;C:\Users\ACER\.m2\repository\com\google\errorprone\error_prone_annotations\2.21.1\error_prone_annotations-2.21.1.jar;C:\Users\ACER\.m2\repository\org\projectlombok\lombok\1.18.44\lombok-1.18.44.jar;C:\Users\ACER\.m2\repository\jakarta\xml\bind\jakarta.xml.bind-api\4.0.2\jakarta.xml.bind-api-4.0.2.jar;C:\Users\ACER\.m2\repository\jakarta\activation\jakarta.activation-api\2.1.3\jakarta.activation-api-2.1.3.jar;C:\Users\ACER\.m2\repository\org\springframework\spring-core\6.1.6\spring-core-6.1.6.jar;C:\Users\ACER\.m2\repository\org\springframework\spring-jcl\6.1.6\spring-jcl-6.1.6.jar;C:\Users\ACER\.m2\repository\org\postgresql\postgresql\42.6.2\postgresql-42.6.2.jar;C:\Users\ACER\.m2\repository\org\checkerframework\checker-qual\3.31.0\checker-qual-3.31.0.jar;C:\Users\ACER\.m2\repository\org\springframework\cloud\spring-cloud-starter-netflix-eureka-client\4.1.1\spring-cloud-starter-netflix-eureka-client-4.1.1.jar;C:\Users\ACER\.m2\repository\org\springframework\cloud\spring-cloud-starter\4.1.2\spring-cloud-starter-4.1.2.jar;C:\Users\ACER\.m2\repository\org\springframework\cloud\spring-cloud-context\4.1.2\spring-cloud-context-4.1.2.jar;C:\Users\ACER\.m2\repository\org\springframework\security\spring-security-rsa\1.1.2\spring-security-rsa-1.1.2.jar;C:\Users\ACER\.m2\repository\org\bouncycastle\bcprov-jdk18on\1.77\bcprov-jdk18on-1.77.jar;C:\Users\ACER\.m2\repository\org\springframework\cloud\spring-cloud-netflix-eureka-client\4.1.1\spring-cloud-netflix-eureka-client-4.1.1.jar;C:\Users\ACER\.m2\repository\org\apache\httpcomponents\client5\httpclient5\5.2.3\httpclient5-5.2.3.jar;C:\Users\ACER\.m2\repository\org\apache\httpcomponents\core5\httpcore5\5.2.4\httpcore5-5.2.4.jar;C:\Users\ACER\.m2\repository\org\apache\httpcomponents\core5\httpcore5-h2\5.2.4\httpcore5-h2-5.2.4.jar;C:\Users\ACER\.m2\repository\com\netflix\eureka\eureka-client\2.0.2\eureka-client-2.0.2.jar;C:\Users\ACER\.m2\repository\com\netflix\netflix-commons\netflix-eventbus\0.3.0\netflix-eventbus-0.3.0.jar;C:\Users\ACER\.m2\repository\com\netflix\netflix-commons\netflix-infix\0.3.0\netflix-infix-0.3.0.jar;C:\Users\ACER\.m2\repository\commons-jxpath\commons-jxpath\1.3\commons-jxpath-1.3.jar;C:\Users\ACER\.m2\repository\joda-time\joda-time\2.3\joda-time-2.3.jar;C:\Users\ACER\.m2\repository\org\antlr\antlr-runtime\3.4\antlr-runtime-3.4.jar;C:\Users\ACER\.m2\repository\org\antlr\stringtemplate\3.2.1\stringtemplate-3.2.1.jar;C:\Users\ACER\.m2\repository\antlr\antlr\2.7.7\antlr-2.7.7.jar;C:\Users\ACER\.m2\repository\com\google\code\gson\gson\2.10.1\gson-2.10.1.jar;C:\Users\ACER\.m2\repository\org\apache\commons\commons-math\2.2\commons-math-2.2.jar;C:\Users\ACER\.m2\repository\com\thoughtworks\xstream\xstream\1.4.19\xstream-1.4.19.jar;C:\Users\ACER\.m2\repository\io\github\x-stream\mxparser\1.2.2\mxparser-1.2.2.jar;C:\Users\ACER\.m2\repository\xmlpull\xmlpull\1.1.3.1\xmlpull-1.1.3.1.jar;C:\Users\ACER\.m2\repository\jakarta\ws\rs\jakarta.ws.rs-api\3.1.0\jakarta.ws.rs-api-3.1.0.jar;C:\Users\ACER\.m2\repository\com\netflix\servo\servo-core\0.12.21\servo-core-0.12.21.jar;C:\Users\ACER\.m2\repository\com\google\guava\guava\19.0\guava-19.0.jar;C:\Users\ACER\.m2\repository\org\apache\httpcomponents\httpclient\4.5.3\httpclient-4.5.3.jar;C:\Users\ACER\.m2\repository\org\apache\httpcomponents\httpcore\4.4.16\httpcore-4.4.16.jar;C:\Users\ACER\.m2\repository\commons-codec\commons-codec\1.16.1\commons-codec-1.16.1.jar;C:\Users\ACER\.m2\repository\commons-configuration\commons-configuration\1.10\commons-configuration-1.10.jar;C:\Users\ACER\.m2\repository\commons-lang\commons-lang\2.6\commons-lang-2.6.jar;C:\Users\ACER\.m2\repository\com\fasterxml\jackson\core\jackson-annotations\2.15.4\jackson-annotations-2.15.4.jar;C:\Users\ACER\.m2\repository\com\fasterxml\jackson\core\jackson-core\2.15.4\jackson-core-2.15.4.jar;C:\Users\ACER\.m2\repository\org\codehaus\jettison\jettison\1.5.4\jettison-1.5.4.jar;C:\Users\ACER\.m2\repository\com\netflix\eureka\eureka-core\2.0.2\eureka-core-2.0.2.jar;C:\Users\ACER\.m2\repository\com\fasterxml\woodstox\woodstox-core\6.2.1\woodstox-core-6.2.1.jar;C:\Users\ACER\.m2\repository\org\codehaus\woodstox\stax2-api\4.2.1\stax2-api-4.2.1.jar;C:\Users\ACER\.m2\repository\org\springframework\cloud\spring-cloud-starter-loadbalancer\4.1.2\spring-cloud-starter-loadbalancer-4.1.2.jar;C:\Users\ACER\.m2\repository\org\springframework\cloud\spring-cloud-loadbalancer\4.1.2\spring-cloud-loadbalancer-4.1.2.jar;C:\Users\ACER\.m2\repository\io\projectreactor\reactor-core\3.6.5\reactor-core-3.6.5.jar;C:\Users\ACER\.m2\repository\org\reactivestreams\reactive-streams\1.0.4\reactive-streams-1.0.4.jar;C:\Users\ACER\.m2\repository\io\projectreactor\addons\reactor-extra\3.5.1\reactor-extra-3.5.1.jar;C:\Users\ACER\.m2\repository\org\springframework\boot\spring-boot-starter-cache\3.2.5\spring-boot-starter-cache-3.2.5.jar;C:\Users\ACER\.m2\repository\org\springframework\spring-context-support\6.1.6\spring-context-support-6.1.6.jar;C:\Users\ACER\.m2\repository\com\stoyanr\evictor\1.0.0\evictor-1.0.0.jar;C:\Users\ACER\.m2\repository\org\springframework\cloud\spring-cloud-starter-openfeign\4.1.1\spring-cloud-starter-openfeign-4.1.1.jar;C:\Users\ACER\.m2\repository\org\springframework\cloud\spring-cloud-openfeign-core\4.1.1\spring-cloud-openfeign-core-4.1.1.jar;C:\Users\ACER\.m2\repository\io\github\openfeign\form\feign-form-spring\3.8.0\feign-form-spring-3.8.0.jar;C:\Users\ACER\.m2\repository\io\github\openfeign\form\feign-form\3.8.0\feign-form-3.8.0.jar;C:\Users\ACER\.m2\repository\commons-fileupload\commons-fileupload\1.5\commons-fileupload-1.5.jar;C:\Users\ACER\.m2\repository\commons-io\commons-io\2.11.0\commons-io-2.11.0.jar;C:\Users\ACER\.m2\repository\org\springframework\cloud\spring-cloud-commons\4.1.2\spring-cloud-commons-4.1.2.jar;C:\Users\ACER\.m2\repository\org\springframework\security\spring-security-crypto\6.2.4\spring-security-crypto-6.2.4.jar;C:\Users\ACER\.m2\repository\io\github\openfeign\feign-core\13.2.1\feign-core-13.2.1.jar;C:\Users\ACER\.m2\repository\io\github\openfeign\feign-slf4j\13.2.1\feign-slf4j-13.2.1.jar
Launcher Type: SUN_STANDARD

[Global flags]
     intx CICompilerCount                          = 4                                         {product} {ergonomic}
     uint ConcGCThreads                            = 3                                         {product} {ergonomic}
     uint G1ConcRefinementThreads                  = 10                                        {product} {ergonomic}
   size_t G1HeapRegionSize                         = 2097152                                   {product} {ergonomic}
    uintx GCDrainStackTargetSize                   = 64                                        {product} {ergonomic}
   size_t InitialHeapSize                          = 266338304                                 {product} {ergonomic}
     bool ManagementServer                         = true                                      {product} {command line}
   size_t MarkStackSize                            = 4194304                                   {product} {ergonomic}
   size_t MaxHeapSize                              = 4238344192                                {product} {ergonomic}
   size_t MaxNewSize                               = 2541748224                                {product} {ergonomic}
   size_t MinHeapDeltaBytes                        = 2097152                                   {product} {ergonomic}
   size_t MinHeapSize                              = 8388608                                   {product} {ergonomic}
    uintx NonNMethodCodeHeapSize                   = 4096                                   {pd product} {ergonomic}
    uintx NonProfiledCodeHeapSize                  = 0                                      {pd product} {ergonomic}
     bool ProfileInterpreter                       = false                                  {pd product} {command line}
    uintx ProfiledCodeHeapSize                     = 0                                      {pd product} {ergonomic}
   size_t SoftMaxHeapSize                          = 4238344192                             {manageable} {ergonomic}
     intx TieredStopAtLevel                        = 1                                         {product} {command line}
     bool UseCompressedOops                        = true                           {product lp64_product} {ergonomic}
     bool UseG1GC                                  = true                                      {product} {ergonomic}
     bool UseLargePagesIndividualAllocation        = false                                  {pd product} {ergonomic}

Logging:
Log output configuration:
 #0: stdout all=warning uptime,level,tags foldmultilines=false
 #1: stderr all=off uptime,level,tags foldmultilines=false

Environment Variables:
JAVA_HOME=C:\Program Files\Java\jdk-23
PATH=C:\Program Files\Common Files\Oracle\Java\javapath;C:\Windows\system32;C:\Windows;C:\Windows\System32\Wbem;C:\Windows\System32\WindowsPowerShell\v1.0\;C:\Windows\System32\OpenSSH\;C:\Program Files (x86)\Microsoft SQL Server\160\Tools\Binn\;C:\Program Files\Microsoft SQL Server\160\Tools\Binn\;C:\Program Files\Microsoft SQL Server\Client SDK\ODBC\170\Tools\Binn\;C:\Program Files\Microsoft SQL Server\160\DTS\Binn\;C:\Program Files\Java\jdk-23\bin;C:\WINDOWS\system32;C:\WINDOWS;C:\WINDOWS\System32\Wbem;C:\WINDOWS\System32\WindowsPowerShell\v1.0\;C:\WINDOWS\System32\OpenSSH\;C:\Program Files\Git\cmd;C:\Program Files\nodejs\;C:\gradle-8.12\bin;C:\apache-maven-3.9.9\bin;;C:\Program Files\Docker\Docker\resources\bin;C:\Users\ACER\AppData\Local\Microsoft\WindowsApps;C:\Users\ACER\AppData\Local\Programs\Microsoft VS Code\bin;C:\Users\ACER\AppData\Roaming\npm;C:\Program Files\JetBrains\IntelliJ IDEA 2024.3.5\bin;ANDROID_HOME;;C:\Users\ACER\AppData\Local\Programs\Antigravity\bin;C:\Users\ACER\AppData\Local\Android\Sdk\platform-tools;C:\Users\ACER\AppData\Local\Android\Sdk\emulator;C:\Users\ACER\AppData\Local\Android\Sdk\tools;C:\Users\ACER\AppData\Local\Android\Sdk\tools\bin;C:\Users\ACER\AppData\Local\Python\bin
USERNAME=ACER
OS=Windows_NT
PROCESSOR_IDENTIFIER=Intel64 Family 6 Model 141 Stepping 1, GenuineIntel
TMP=C:\Users\ACER\AppData\Local\Temp
TEMP=C:\Users\ACER\AppData\Local\Temp




Periodic native trim disabled

---------------  S Y S T E M  ---------------

OS:
 Windows 11 , 64 bit Build 26100 (10.0.26100.8328)
OS uptime: 0 days 4:15 hours
Hyper-V role detected

CPU: total 12 (initial active 12) (6 cores per cpu, 2 threads per core) family 6 model 141 stepping 1 microcode 0x3c, cx8, cmov, fxsr, ht, mmx, 3dnowpref, sse, sse2, sse3, ssse3, sse4.1, sse4.2, popcnt, lzcnt, tsc, tscinvbit, avx, avx2, aes, erms, clmul, bmi1, bmi2, adx, avx512f, avx512dq, avx512cd, avx512bw, avx512vl, sha, fma, vzeroupper, avx512_vpopcntdq, avx512_vpclmulqdq, avx512_vaes, avx512_vnni, clflush, clflushopt, clwb, avx512_vbmi2, avx512_vbmi, hv, rdtscp, rdpid, fsrm, gfni, avx512_bitalg, f16c, cet_ibt, cet_ss, avx512_ifma
Processor Information for all 12 processors :
  Max Mhz: 2688, Current Mhz: 2688, Mhz Limit: 2688

Memory: 4k page, system-wide physical 16163M (627M free)
TotalPageFile size 41843M (AvailPageFile size 41M)
current process WorkingSet (physical memory assigned to process): 180M, peak: 180M
current process commit charge ("private bytes"): 237M, peak: 402M

vm_info: Java HotSpot(TM) 64-Bit Server VM (21.0.7+8-LTS-245) for windows-amd64 JRE (21.0.7+8-LTS-245), built on 2025-02-21T05:11:27Z by "mach5one" with MS VC++ 17.6 (VS2022)

END.
