[INFO] Scanning for projects...
[INFO] 
[INFO] -----------------------< iuh.fit:eureka-server >------------------------
[INFO] Building eureka-server 1.0-SNAPSHOT
[INFO] --------------------------------[ jar ]---------------------------------
[INFO] 
[INFO] >>> spring-boot-maven-plugin:3.2.5:run (default-cli) > test-compile @ eureka-server >>>
[INFO] 
[INFO] --- maven-resources-plugin:3.3.1:resources (default-resources) @ eureka-server ---
[INFO] Copying 1 resource from src\main\resources to target\classes
[INFO] Copying 0 resource from src\main\resources to target\classes
[INFO] 
[INFO] --- maven-compiler-plugin:3.11.0:compile (default-compile) @ eureka-server ---
[INFO] Nothing to compile - all classes are up to date
[INFO] 
[INFO] --- maven-resources-plugin:3.3.1:testResources (default-testResources) @ eureka-server ---
[INFO] skip non existing resourceDirectory D:\KTTKPM_BTL\career-connect-backend\backend\infrastructure\eureka-server\src\test\resources
[INFO] 
[INFO] --- maven-compiler-plugin:3.11.0:testCompile (default-testCompile) @ eureka-server ---
[INFO] No sources to compile
[INFO] 
[INFO] <<< spring-boot-maven-plugin:3.2.5:run (default-cli) < test-compile @ eureka-server <<<
[INFO] 
[INFO] 
[INFO] --- spring-boot-maven-plugin:3.2.5:run (default-cli) @ eureka-server ---
[INFO] Attaching agents: []

  .   ____          _            __ _ _
 /\\ / ___'_ __ _ _(_)_ __  __ _ \ \ \ \
( ( )\___ | '_ | '_| | '_ \/ _` | \ \ \ \
 \\/  ___)| |_)| | | | | || (_| |  ) ) ) )
  '  |____| .__|_| |_|_| |_\__, | / / / /
 =========|_|==============|___/=/_/_/_/
 :: Spring Boot ::                (v3.2.5)

2026-04-24T00:42:13.476+07:00  INFO 2772 --- [eureka-server] [           main] iuh.fit.eureka.EurekaApplication         : Starting EurekaApplication using Java 21.0.9 with PID 2772 (D:\KTTKPM_BTL\career-connect-backend\backend\infrastructure\eureka-server\target\classes started by Hoang in D:\KTTKPM_BTL\career-connect-backend\backend\infrastructure\eureka-server)
2026-04-24T00:42:13.503+07:00  INFO 2772 --- [eureka-server] [           main] iuh.fit.eureka.EurekaApplication         : No active profile set, falling back to 1 default profile: "default"
2026-04-24T00:42:22.411+07:00  INFO 2772 --- [eureka-server] [           main] o.s.cloud.context.scope.GenericScope     : BeanFactory id=9c3d6d8b-bd50-3340-82d4-b48fa10ad261
2026-04-24T00:42:22.992+07:00  WARN 2772 --- [eureka-server] [           main] trationDelegate$BeanPostProcessorChecker : Bean 'org.springframework.cloud.client.loadbalancer.LoadBalancerAutoConfiguration$DeferringLoadBalancerInterceptorConfig' of type [org.springframework.cloud.client.loadbalancer.LoadBalancerAutoConfiguration$DeferringLoadBalancerInterceptorConfig] is not eligible for getting processed by all BeanPostProcessors (for example: not eligible for auto-proxying). The currently created BeanPostProcessor [lbRestClientPostProcessor] is declared through a non-static factory method on that class; consider declaring it as static instead.
2026-04-24T00:42:23.027+07:00  WARN 2772 --- [eureka-server] [           main] trationDelegate$BeanPostProcessorChecker : Bean 'deferringLoadBalancerInterceptor' of type [org.springframework.cloud.client.loadbalancer.DeferringLoadBalancerInterceptor] is not eligible for getting processed by all BeanPostProcessors (for example: not eligible for auto-proxying). Is this bean getting eagerly injected into a currently created BeanPostProcessor [lbRestClientPostProcessor]? Check the corresponding BeanPostProcessor declaration and its dependencies.
2026-04-24T00:42:26.163+07:00  INFO 2772 --- [eureka-server] [           main] o.s.b.w.embedded.tomcat.TomcatWebServer  : Tomcat initialized with port 8761 (http)
2026-04-24T00:42:26.261+07:00  INFO 2772 --- [eureka-server] [           main] o.apache.catalina.core.StandardService   : Starting service [Tomcat]
2026-04-24T00:42:26.287+07:00  INFO 2772 --- [eureka-server] [           main] o.apache.catalina.core.StandardEngine    : Starting Servlet engine: [Apache Tomcat/10.1.20]
2026-04-24T00:42:26.948+07:00  INFO 2772 --- [eureka-server] [           main] o.a.c.c.C.[Tomcat].[localhost].[/]       : Initializing Spring embedded WebApplicationContext
2026-04-24T00:42:26.956+07:00  INFO 2772 --- [eureka-server] [           main] w.s.c.ServletWebServerApplicationContext : Root WebApplicationContext: initialization completed in 13177 ms
2026-04-24T00:42:35.786+07:00  INFO 2772 --- [eureka-server] [           main] c.n.d.provider.DiscoveryJerseyProvider   : Using JSON encoding codec LegacyJacksonJson
2026-04-24T00:42:35.805+07:00  INFO 2772 --- [eureka-server] [           main] c.n.d.provider.DiscoveryJerseyProvider   : Using JSON decoding codec LegacyJacksonJson
2026-04-24T00:42:36.994+07:00  INFO 2772 --- [eureka-server] [           main] c.n.d.provider.DiscoveryJerseyProvider   : Using XML encoding codec XStreamXml
2026-04-24T00:42:37.002+07:00  INFO 2772 --- [eureka-server] [           main] c.n.d.provider.DiscoveryJerseyProvider   : Using XML decoding codec XStreamXml
2026-04-24T00:42:43.947+07:00  WARN 2772 --- [eureka-server] [           main] iguration$LoadBalancerCaffeineWarnLogger : Spring Cloud LoadBalancer is currently working with the default cache. While this cache implementation is useful for development and tests, it's recommended to use Caffeine cache in production.You can switch to using Caffeine cache, by adding it and org.springframework.cache.caffeine.CaffeineCacheManager to the classpath.
2026-04-24T00:42:44.088+07:00  INFO 2772 --- [eureka-server] [           main] o.s.c.n.eureka.InstanceInfoFactory       : Setting initial instance status as: STARTING
2026-04-24T00:42:44.289+07:00  INFO 2772 --- [eureka-server] [           main] com.netflix.discovery.DiscoveryClient    : Initializing Eureka in region us-east-1
2026-04-24T00:42:44.291+07:00  INFO 2772 --- [eureka-server] [           main] com.netflix.discovery.DiscoveryClient    : Client configured to neither register nor query for data.
2026-04-24T00:42:44.307+07:00  INFO 2772 --- [eureka-server] [           main] com.netflix.discovery.DiscoveryClient    : Discovery Client initialized at timestamp 1776966164306 with initial instances count: 0
2026-04-24T00:42:44.438+07:00  INFO 2772 --- [eureka-server] [           main] c.n.eureka.DefaultEurekaServerContext    : Initializing ...
2026-04-24T00:42:44.443+07:00  INFO 2772 --- [eureka-server] [           main] c.n.eureka.cluster.PeerEurekaNodes       : Adding new peer nodes [http://localhost:8761/eureka/]
2026-04-24T00:42:44.981+07:00  INFO 2772 --- [eureka-server] [           main] c.n.d.provider.DiscoveryJerseyProvider   : Using JSON encoding codec LegacyJacksonJson
2026-04-24T00:42:44.983+07:00  INFO 2772 --- [eureka-server] [           main] c.n.d.provider.DiscoveryJerseyProvider   : Using JSON decoding codec LegacyJacksonJson
2026-04-24T00:42:45.056+07:00  INFO 2772 --- [eureka-server] [           main] c.n.d.provider.DiscoveryJerseyProvider   : Using XML encoding codec XStreamXml
2026-04-24T00:42:45.065+07:00  INFO 2772 --- [eureka-server] [           main] c.n.d.provider.DiscoveryJerseyProvider   : Using XML decoding codec XStreamXml
2026-04-24T00:42:45.661+07:00  INFO 2772 --- [eureka-server] [           main] c.n.eureka.cluster.PeerEurekaNodes       : Replica node URL:  http://localhost:8761/eureka/
2026-04-24T00:42:45.687+07:00  INFO 2772 --- [eureka-server] [           main] c.n.e.registry.AbstractInstanceRegistry  : Finished initializing remote region registries. All known remote regions: []
2026-04-24T00:42:45.689+07:00  INFO 2772 --- [eureka-server] [           main] c.n.eureka.DefaultEurekaServerContext    : Initialized
2026-04-24T00:42:45.734+07:00  INFO 2772 --- [eureka-server] [           main] o.s.b.a.e.web.EndpointLinksResolver      : Exposing 1 endpoint(s) beneath base path '/actuator'
2026-04-24T00:42:46.214+07:00  INFO 2772 --- [eureka-server] [           main] o.s.c.n.e.s.EurekaServiceRegistry        : Registering application EUREKA-SERVER with eureka with status UP
2026-04-24T00:42:46.313+07:00  INFO 2772 --- [eureka-server] [       Thread-9] o.s.c.n.e.server.EurekaServerBootstrap   : isAws returned false
2026-04-24T00:42:46.315+07:00  INFO 2772 --- [eureka-server] [       Thread-9] o.s.c.n.e.server.EurekaServerBootstrap   : Initialized server context
2026-04-24T00:42:46.316+07:00  INFO 2772 --- [eureka-server] [       Thread-9] c.n.e.r.PeerAwareInstanceRegistryImpl    : Got 1 instances from neighboring DS node
2026-04-24T00:42:46.317+07:00  INFO 2772 --- [eureka-server] [       Thread-9] c.n.e.r.PeerAwareInstanceRegistryImpl    : Renew threshold is: 1
2026-04-24T00:42:46.318+07:00  INFO 2772 --- [eureka-server] [       Thread-9] c.n.e.r.PeerAwareInstanceRegistryImpl    : Changing status to UP
2026-04-24T00:42:46.320+07:00  INFO 2772 --- [eureka-server] [           main] o.s.b.w.embedded.tomcat.TomcatWebServer  : Tomcat started on port 8761 (http) with context path ''
2026-04-24T00:42:46.323+07:00  INFO 2772 --- [eureka-server] [           main] .s.c.n.e.s.EurekaAutoServiceRegistration : Updating port to 8761
2026-04-24T00:42:46.330+07:00  INFO 2772 --- [eureka-server] [       Thread-9] e.s.EurekaServerInitializerConfiguration : Started Eureka Server
2026-04-24T00:42:46.418+07:00  INFO 2772 --- [eureka-server] [           main] iuh.fit.eureka.EurekaApplication         : Started EurekaApplication in 37.205 seconds (process running for 39.898)
2026-04-24T00:42:46.528+07:00  INFO 2772 --- [eureka-server] [nio-8761-exec-2] o.a.c.c.C.[Tomcat].[localhost].[/]       : Initializing Spring DispatcherServlet 'dispatcherServlet'
2026-04-24T00:42:46.538+07:00  INFO 2772 --- [eureka-server] [nio-8761-exec-2] o.s.web.servlet.DispatcherServlet        : Initializing Servlet 'dispatcherServlet'
2026-04-24T00:42:46.547+07:00  INFO 2772 --- [eureka-server] [nio-8761-exec-2] o.s.web.servlet.DispatcherServlet        : Completed initialization in 7 ms
2026-04-24T00:42:47.143+07:00  INFO 2772 --- [eureka-server] [nio-8761-exec-2] c.n.e.registry.AbstractInstanceRegistry  : Registered instance CV-SERVICE/host.docker.internal:cv-service:8087 with status UP (replication=false)
2026-04-24T00:42:49.100+07:00  INFO 2772 --- [eureka-server] [nio-8761-exec-3] c.n.e.registry.AbstractInstanceRegistry  : Registered instance CV-SERVICE/host.docker.internal:cv-service:8087 with status UP (replication=true)
2026-04-24T00:42:56.609+07:00  INFO 2772 --- [eureka-server] [nio-8761-exec-7] c.n.e.registry.AbstractInstanceRegistry  : Registered instance USER-SERVICE/user-service:d9037abd57f2d15fab232b0d754097f2 with status UP (replication=false)
2026-04-24T00:42:57.135+07:00  INFO 2772 --- [eureka-server] [io-8761-exec-10] c.n.e.registry.AbstractInstanceRegistry  : Registered instance USER-SERVICE/user-service:d9037abd57f2d15fab232b0d754097f2 with status UP (replication=true)
2026-04-24T00:43:00.568+07:00  WARN 2772 --- [eureka-server] [nio-8761-exec-1] c.n.e.registry.AbstractInstanceRegistry  : DS: Registry: lease doesn't exist, registering resource: API-GATEWAY - host.docker.internal:api-gateway:8080
2026-04-24T00:43:00.579+07:00  WARN 2772 --- [eureka-server] [nio-8761-exec-1] c.n.eureka.resources.InstanceResource    : Not Found (Renew): API-GATEWAY - host.docker.internal:api-gateway:8080
2026-04-24T00:43:01.149+07:00  INFO 2772 --- [eureka-server] [nio-8761-exec-5] c.n.e.registry.AbstractInstanceRegistry  : Registered instance API-GATEWAY/host.docker.internal:api-gateway:8080 with status UP (replication=false)
2026-04-24T00:43:01.517+07:00  INFO 2772 --- [eureka-server] [nio-8761-exec-8] c.n.e.registry.AbstractInstanceRegistry  : Registered instance API-GATEWAY/host.docker.internal:api-gateway:8080 with status UP (replication=false)
2026-04-24T00:43:02.034+07:00  INFO 2772 --- [eureka-server] [nio-8761-exec-9] c.n.e.registry.AbstractInstanceRegistry  : Registered instance API-GATEWAY/host.docker.internal:api-gateway:8080 with status UP (replication=true)
2026-04-24T00:43:46.328+07:00  INFO 2772 --- [eureka-server] [a-EvictionTimer] c.n.e.registry.AbstractInstanceRegistry  : Running the evict task with compensationTime 0ms
2026-04-24T00:44:46.330+07:00  INFO 2772 --- [eureka-server] [a-EvictionTimer] c.n.e.registry.AbstractInstanceRegistry  : Running the evict task with compensationTime 1ms
2026-04-24T00:45:46.347+07:00  INFO 2772 --- [eureka-server] [a-EvictionTimer] c.n.e.registry.AbstractInstanceRegistry  : Running the evict task with compensationTime 15ms
2026-04-24T00:46:46.361+07:00  INFO 2772 --- [eureka-server] [a-EvictionTimer] c.n.e.registry.AbstractInstanceRegistry  : Running the evict task with compensationTime 13ms
2026-04-24T00:47:46.370+07:00  INFO 2772 --- [eureka-server] [a-EvictionTimer] c.n.e.registry.AbstractInstanceRegistry  : Running the evict task with compensationTime 7ms
2026-04-24T00:48:46.384+07:00  INFO 2772 --- [eureka-server] [a-EvictionTimer] c.n.e.registry.AbstractInstanceRegistry  : Running the evict task with compensationTime 14ms
2026-04-24T00:48:57.374+07:00  INFO 2772 --- [eureka-server] [io-8761-exec-10] c.n.e.registry.AbstractInstanceRegistry  : Registered instance CV-SERVICE/host.docker.internal:cv-service:8087 with status UP (replication=false)
2026-04-24T00:48:57.892+07:00  INFO 2772 --- [eureka-server] [nio-8761-exec-4] c.n.e.registry.AbstractInstanceRegistry  : Registered instance CV-SERVICE/host.docker.internal:cv-service:8087 with status UP (replication=true)
2026-04-24T00:49:46.391+07:00  INFO 2772 --- [eureka-server] [a-EvictionTimer] c.n.e.registry.AbstractInstanceRegistry  : Running the evict task with compensationTime 5ms
2026-04-24T00:49:55.968+07:00  INFO 2772 --- [eureka-server] [nio-8761-exec-6] c.n.e.registry.AbstractInstanceRegistry  : Registered instance CV-SERVICE/host.docker.internal:cv-service:8087 with status UP (replication=false)
2026-04-24T00:49:56.494+07:00  INFO 2772 --- [eureka-server] [io-8761-exec-10] c.n.e.registry.AbstractInstanceRegistry  : Registered instance CV-SERVICE/host.docker.internal:cv-service:8087 with status UP (replication=true)
2026-04-24T00:50:46.407+07:00  INFO 2772 --- [eureka-server] [a-EvictionTimer] c.n.e.registry.AbstractInstanceRegistry  : Running the evict task with compensationTime 14ms
2026-04-24T00:51:34.825+07:00  INFO 2772 --- [eureka-server] [nio-8761-exec-2] c.n.e.registry.AbstractInstanceRegistry  : Registered instance CV-SERVICE/host.docker.internal:cv-service:8087 with status UP (replication=false)
2026-04-24T00:51:35.350+07:00  INFO 2772 --- [eureka-server] [io-8761-exec-10] c.n.e.registry.AbstractInstanceRegistry  : Registered instance CV-SERVICE/host.docker.internal:cv-service:8087 with status UP (replication=true)
2026-04-24T00:51:46.422+07:00  INFO 2772 --- [eureka-server] [a-EvictionTimer] c.n.e.registry.AbstractInstanceRegistry  : Running the evict task with compensationTime 14ms
