[INFO] Scanning for projects...
[INFO] 
[INFO] ------------------------< iuh.fit:user-service >------------------------
[INFO] Building user-service 1.0-SNAPSHOT
[INFO] --------------------------------[ jar ]---------------------------------
[INFO] 
[INFO] >>> spring-boot-maven-plugin:3.2.5:run (default-cli) > test-compile @ user-service >>>
[INFO] 
[INFO] --- maven-resources-plugin:3.3.1:resources (default-resources) @ user-service ---
[INFO] Copying 1 resource from src\main\resources to target\classes
[INFO] Copying 0 resource from src\main\resources to target\classes
[INFO] 
[INFO] --- maven-compiler-plugin:3.11.0:compile (default-compile) @ user-service ---
[INFO] Nothing to compile - all classes are up to date
[INFO] 
[INFO] --- maven-resources-plugin:3.3.1:testResources (default-testResources) @ user-service ---
[INFO] skip non existing resourceDirectory D:\KTTKPM_BTL\career-connect-backend\backend\services\user-service\src\test\resources
[INFO] 
[INFO] --- maven-compiler-plugin:3.11.0:testCompile (default-testCompile) @ user-service ---
[INFO] Nothing to compile - all classes are up to date
[INFO] 
[INFO] <<< spring-boot-maven-plugin:3.2.5:run (default-cli) < test-compile @ user-service <<<
[INFO] 
[INFO] 
[INFO] --- spring-boot-maven-plugin:3.2.5:run (default-cli) @ user-service ---
[INFO] Attaching agents: []

  .   ____          _            __ _ _
 /\\ / ___'_ __ _ _(_)_ __  __ _ \ \ \ \
( ( )\___ | '_ | '_| | '_ \/ _` | \ \ \ \
 \\/  ___)| |_)| | | | | || (_| |  ) ) ) )
  '  |____| .__|_| |_|_| |_\__, | / / / /
 =========|_|==============|___/=/_/_/_/
 :: Spring Boot ::                (v3.2.5)

2026-04-24T00:34:57.935+07:00  INFO 23508 --- [user-service] [           main] m.p.springdotenv.DotenvPropertySource    : Initializing Dotenv with DotenvConfig{directory=null, filename=null, ignoreIfMalformed=false, ignoreIfMissing=true, systemProperties=false, prefix=null}
2026-04-24T00:34:58.054+07:00  INFO 23508 --- [user-service] [           main] i.f.userservice.UserServiceApplication   : Starting UserServiceApplication using Java 21.0.9 with PID 23508 (D:\KTTKPM_BTL\career-connect-backend\backend\services\user-service\target\classes started by Hoang in D:\KTTKPM_BTL\career-connect-backend\backend\services\user-service)
2026-04-24T00:34:58.062+07:00  INFO 23508 --- [user-service] [           main] i.f.userservice.UserServiceApplication   : No active profile set, falling back to 1 default profile: "default"
2026-04-24T00:34:59.610+07:00  INFO 23508 --- [user-service] [           main] .s.d.r.c.RepositoryConfigurationDelegate : Bootstrapping Spring Data JPA repositories in DEFAULT mode.
2026-04-24T00:34:59.930+07:00  INFO 23508 --- [user-service] [           main] .s.d.r.c.RepositoryConfigurationDelegate : Finished Spring Data repository scanning in 302 ms. Found 4 JPA repository interfaces.
2026-04-24T00:35:00.685+07:00  INFO 23508 --- [user-service] [           main] o.s.cloud.context.scope.GenericScope     : BeanFactory id=74a7eb25-effc-3226-8f82-0cc6285eae0a
2026-04-24T00:35:00.964+07:00  WARN 23508 --- [user-service] [           main] trationDelegate$BeanPostProcessorChecker : Bean 'org.springframework.cloud.client.loadbalancer.LoadBalancerAutoConfiguration$DeferringLoadBalancerInterceptorConfig' of type [org.springframework.cloud.client.loadbalancer.LoadBalancerAutoConfiguration$DeferringLoadBalancerInterceptorConfig] is not eligible for getting processed by all BeanPostProcessors (for example: not eligible for auto-proxying). The currently created BeanPostProcessor [lbRestClientPostProcessor] is declared through a non-static factory method on that class; consider declaring it as static instead.
2026-04-24T00:35:00.984+07:00  WARN 23508 --- [user-service] [           main] trationDelegate$BeanPostProcessorChecker : Bean 'deferringLoadBalancerInterceptor' of type [org.springframework.cloud.client.loadbalancer.DeferringLoadBalancerInterceptor] is not eligible for getting processed by all BeanPostProcessors (for example: not eligible for auto-proxying). Is this bean getting eagerly injected into a currently created BeanPostProcessor [lbRestClientPostProcessor]? Check the corresponding BeanPostProcessor declaration and its dependencies.
2026-04-24T00:35:01.730+07:00  INFO 23508 --- [user-service] [           main] o.s.b.w.embedded.tomcat.TomcatWebServer  : Tomcat initialized with port 8083 (http)
2026-04-24T00:35:01.768+07:00  INFO 23508 --- [user-service] [           main] o.apache.catalina.core.StandardService   : Starting service [Tomcat]
2026-04-24T00:35:01.769+07:00  INFO 23508 --- [user-service] [           main] o.apache.catalina.core.StandardEngine    : Starting Servlet engine: [Apache Tomcat/10.1.20]
2026-04-24T00:35:01.910+07:00  INFO 23508 --- [user-service] [           main] o.a.c.c.C.[Tomcat].[localhost].[/]       : Initializing Spring embedded WebApplicationContext
2026-04-24T00:35:01.920+07:00  INFO 23508 --- [user-service] [           main] w.s.c.ServletWebServerApplicationContext : Root WebApplicationContext: initialization completed in 3740 ms
2026-04-24T00:35:02.297+07:00  INFO 23508 --- [user-service] [           main] o.hibernate.jpa.internal.util.LogHelper  : HHH000204: Processing PersistenceUnitInfo [name: default]
2026-04-24T00:35:02.408+07:00  INFO 23508 --- [user-service] [           main] org.hibernate.Version                    : HHH000412: Hibernate ORM core version 6.4.4.Final
2026-04-24T00:35:02.480+07:00  INFO 23508 --- [user-service] [           main] o.h.c.internal.RegionFactoryInitiator    : HHH000026: Second-level cache disabled
2026-04-24T00:35:02.877+07:00  INFO 23508 --- [user-service] [           main] o.s.o.j.p.SpringPersistenceUnitInfo      : No LoadTimeWeaver setup: ignoring JPA class transformer
2026-04-24T00:35:02.939+07:00  INFO 23508 --- [user-service] [           main] com.zaxxer.hikari.HikariDataSource       : HikariPool-1 - Starting...
2026-04-24T00:35:03.513+07:00  INFO 23508 --- [user-service] [           main] com.zaxxer.hikari.pool.HikariPool        : HikariPool-1 - Added connection org.postgresql.jdbc.PgConnection@65af05b2
2026-04-24T00:35:03.521+07:00  INFO 23508 --- [user-service] [           main] com.zaxxer.hikari.HikariDataSource       : HikariPool-1 - Start completed.
2026-04-24T00:35:03.820+07:00  WARN 23508 --- [user-service] [           main] org.hibernate.orm.deprecation            : HHH90000025: PostgreSQLDialect does not need to be specified explicitly using 'hibernate.dialect' (remove the property setting and it will be selected by default)
2026-04-24T00:35:06.222+07:00  INFO 23508 --- [user-service] [           main] o.h.e.t.j.p.i.JtaPlatformInitiator       : HHH000489: No JTA platform available (set 'hibernate.transaction.jta.platform' to enable JTA platform integration)
2026-04-24T00:35:06.383+07:00  INFO 23508 --- [user-service] [           main] j.LocalContainerEntityManagerFactoryBean : Initialized JPA EntityManagerFactory for persistence unit 'default'
2026-04-24T00:35:07.031+07:00  INFO 23508 --- [user-service] [           main] o.s.d.j.r.query.QueryEnhancerFactory     : Hibernate is in classpath; If applicable, HQL parser will be used.
2026-04-24T00:35:07.630+07:00  WARN 23508 --- [user-service] [           main] JpaBaseConfiguration$JpaWebConfiguration : spring.jpa.open-in-view is enabled by default. Therefore, database queries may be performed during view rendering. Explicitly configure spring.jpa.open-in-view to disable this warning
2026-04-24T00:35:07.772+07:00  WARN 23508 --- [user-service] [           main] .s.s.UserDetailsServiceAutoConfiguration : 

Using generated security password: 31a4996e-6653-4815-814b-7a7c75d9f056

This generated password is for development use only. Your security configuration must be updated before running your application in production.

2026-04-24T00:35:08.258+07:00  INFO 23508 --- [user-service] [           main] o.s.s.web.DefaultSecurityFilterChain     : Will secure any request with [org.springframework.security.web.session.DisableEncodeUrlFilter@7066c00a, org.springframework.security.web.context.request.async.WebAsyncManagerIntegrationFilter@2914f916, org.springframework.security.web.context.SecurityContextHolderFilter@47e02a89, org.springframework.security.web.header.HeaderWriterFilter@1737acc0, org.springframework.web.filter.CorsFilter@2140de63, org.springframework.security.web.authentication.logout.LogoutFilter@6e512d7f, org.springframework.security.web.savedrequest.RequestCacheAwareFilter@23b4f0a9, org.springframework.security.web.servletapi.SecurityContextHolderAwareRequestFilter@108a7fff, org.springframework.security.web.authentication.AnonymousAuthenticationFilter@2da273b3, org.springframework.security.web.access.ExceptionTranslationFilter@6bd5aa8b, org.springframework.security.web.access.intercept.AuthorizationFilter@22cf6c9c]
2026-04-24T00:35:08.911+07:00  INFO 23508 --- [user-service] [           main] DiscoveryClientOptionalArgsConfiguration : Eureka HTTP Client uses RestTemplate.
2026-04-24T00:35:09.103+07:00  INFO 23508 --- [user-service] [           main] o.s.c.n.eureka.InstanceInfoFactory       : Setting initial instance status as: STARTING
2026-04-24T00:35:09.276+07:00  INFO 23508 --- [user-service] [           main] com.netflix.discovery.DiscoveryClient    : Initializing Eureka in region us-east-1
2026-04-24T00:35:09.287+07:00  INFO 23508 --- [user-service] [           main] c.n.d.s.r.aws.ConfigClusterResolver      : Resolving eureka endpoints via configuration
2026-04-24T00:35:09.330+07:00  INFO 23508 --- [user-service] [           main] com.netflix.discovery.DiscoveryClient    : Disable delta property : false
2026-04-24T00:35:09.332+07:00  INFO 23508 --- [user-service] [           main] com.netflix.discovery.DiscoveryClient    : Single vip registry refresh property : null
2026-04-24T00:35:09.333+07:00  INFO 23508 --- [user-service] [           main] com.netflix.discovery.DiscoveryClient    : Force full registry fetch : false
2026-04-24T00:35:09.333+07:00  INFO 23508 --- [user-service] [           main] com.netflix.discovery.DiscoveryClient    : Application is null : false
2026-04-24T00:35:09.333+07:00  INFO 23508 --- [user-service] [           main] com.netflix.discovery.DiscoveryClient    : Registered Applications size is zero : true
2026-04-24T00:35:09.334+07:00  INFO 23508 --- [user-service] [           main] com.netflix.discovery.DiscoveryClient    : Application version is -1: true
2026-04-24T00:35:09.334+07:00  INFO 23508 --- [user-service] [           main] com.netflix.discovery.DiscoveryClient    : Getting all instance registry info from the eureka server
2026-04-24T00:35:09.929+07:00  INFO 23508 --- [user-service] [           main] com.netflix.discovery.DiscoveryClient    : The response status is 200
2026-04-24T00:35:09.941+07:00  INFO 23508 --- [user-service] [           main] com.netflix.discovery.DiscoveryClient    : Starting heartbeat executor: renew interval is: 30
2026-04-24T00:35:09.944+07:00  INFO 23508 --- [user-service] [           main] c.n.discovery.InstanceInfoReplicator     : InstanceInfoReplicator onDemand update allowed rate per min is 4
2026-04-24T00:35:09.950+07:00  INFO 23508 --- [user-service] [           main] com.netflix.discovery.DiscoveryClient    : Discovery Client initialized at timestamp 1776965709948 with initial instances count: 3
2026-04-24T00:35:09.952+07:00  INFO 23508 --- [user-service] [           main] o.s.c.n.e.s.EurekaServiceRegistry        : Registering application USER-SERVICE with eureka with status UP
2026-04-24T00:35:09.953+07:00  INFO 23508 --- [user-service] [           main] com.netflix.discovery.DiscoveryClient    : Saw local status change event StatusChangeEvent [timestamp=1776965709953, current=UP, previous=STARTING]
2026-04-24T00:35:09.956+07:00  INFO 23508 --- [user-service] [nfoReplicator-0] com.netflix.discovery.DiscoveryClient    : DiscoveryClient_USER-SERVICE/user-service:6ef1f6cba9bd9721f04630f148469b4d: registering service...
2026-04-24T00:35:10.006+07:00  INFO 23508 --- [user-service] [           main] o.s.b.w.embedded.tomcat.TomcatWebServer  : Tomcat started on port 8083 (http) with context path ''
2026-04-24T00:35:10.007+07:00  INFO 23508 --- [user-service] [           main] .s.c.n.e.s.EurekaAutoServiceRegistration : Updating port to 8083
2026-04-24T00:35:10.051+07:00  INFO 23508 --- [user-service] [           main] i.f.userservice.UserServiceApplication   : Started UserServiceApplication in 13.169 seconds (process running for 14.353)
2026-04-24T00:35:10.061+07:00  INFO 23508 --- [user-service] [nfoReplicator-0] com.netflix.discovery.DiscoveryClient    : DiscoveryClient_USER-SERVICE/user-service:6ef1f6cba9bd9721f04630f148469b4d - registration status: 204
Hibernate: delete from invalidated_tokens where expiry_time<=?
Hibernate: select c1_0.candidate_id,c1_0.address,c1_0.avatar,c1_0.created_at,c1_0.current_job_title,c1_0.date_of_birth,c1_0.email,c1_0.expected_salary,c1_0.experience_year,c1_0.full_name,c1_0.password,c1_0.phone,c1_0.status,c1_0.updated_at from candidates c1_0 where c1_0.email=?
2026-04-24T00:35:10.305+07:00  INFO 23508 --- [user-service] [           main] i.f.userservice.config.DataInitializer   : Test candidate account already exists: candidate@test.com
2026-04-24T00:39:16.980+07:00  INFO 23508 --- [user-service] [nio-8083-exec-1] o.a.c.c.C.[Tomcat].[localhost].[/]       : Initializing Spring DispatcherServlet 'dispatcherServlet'
2026-04-24T00:39:16.987+07:00  INFO 23508 --- [user-service] [nio-8083-exec-1] o.s.web.servlet.DispatcherServlet        : Initializing Servlet 'dispatcherServlet'
2026-04-24T00:39:17.002+07:00  INFO 23508 --- [user-service] [nio-8083-exec-1] o.s.web.servlet.DispatcherServlet        : Completed initialization in 10 ms
Hibernate: select c1_0.candidate_id,c1_0.address,c1_0.avatar,c1_0.created_at,c1_0.current_job_title,c1_0.date_of_birth,c1_0.email,c1_0.expected_salary,c1_0.experience_year,c1_0.full_name,c1_0.password,c1_0.phone,c1_0.status,c1_0.updated_at from candidates c1_0 where c1_0.email=?
Hibernate: select count(*) from invalidated_tokens it1_0 where it1_0.id=?
Hibernate: select c1_0.candidate_id,c1_0.address,c1_0.avatar,c1_0.created_at,c1_0.current_job_title,c1_0.date_of_birth,c1_0.email,c1_0.expected_salary,c1_0.experience_year,c1_0.full_name,c1_0.password,c1_0.phone,c1_0.status,c1_0.updated_at from candidates c1_0 where c1_0.candidate_id=?
2026-04-24T00:40:09.345+07:00  INFO 23508 --- [user-service] [trap-executor-0] c.n.d.s.r.aws.ConfigClusterResolver      : Resolving eureka endpoints via configuration
